Archive member included to satisfy reference by file (symbol)

./lib/hw.lib(entry.o)         (_entry)
./lib/hw.lib(start.o)         ./lib/hw.lib(entry.o) (start)
./lib/hw.lib(main.o)          ./lib/hw.lib(start.o) (system_main)
./lib/hw.lib(proc.o)          ./lib/hw.lib(main.o) (cpuid)
./lib/hw.lib(trap.o)          ./lib/hw.lib(main.o) (trapinit)
./lib/hw.lib(kernelvec.o)     ./lib/hw.lib(trap.o) (kernelvec)
./lib/hw.lib(plic.o)          ./lib/hw.lib(main.o) (plicinit)
./lib/hw.lib(support_cpp.o)   build/src/kernel/console_util.o (_Unwind_Resume)
./lib/hw.lib(hw.o)            build/src/kernel/riscv.o (CONSOLE_RX_DATA)
./lib/hw.lib(console.o)       ./lib/hw.lib(main.o) (consoleinit)
./lib/hw.lib(printf.o)        ./lib/hw.lib(main.o) (panic)
./lib/hw.lib(uart.o)          ./lib/hw.lib(console.o) (uartinit)
./lib/hw.lib(kalloc.o)        ./lib/hw.lib(main.o) (kinit)
./lib/hw.lib(spinlock.o)      ./lib/hw.lib(trap.o) (initlock)
./lib/hw.lib(string.o)        ./lib/hw.lib(kalloc.o) (__memset)

Discarded input sections

 .group         0x0000000000000000        0xc build/src/kernel/scb.o
 .group         0x0000000000000000        0xc build/src/kernel/tcb.o
 .data.rel.local.DW.ref.__gxx_personality_v0
                0x0000000000000000        0x8 build/src/kernel/tcb.o
 .group         0x0000000000000000        0xc build/src/kernel/console_util.o
 .data.rel.local.DW.ref.__gxx_personality_v0
                0x0000000000000000        0x8 build/src/kernel/console_util.o
 .group         0x0000000000000000        0xc build/src/kernel/riscv.o
 .data.rel.local.DW.ref.__gxx_personality_v0
                0x0000000000000000        0x8 build/src/kernel/riscv.o
 .group         0x0000000000000000        0xc build/src/user/tests/buffer_CPP_API.o
 .data.rel.local.DW.ref.__gxx_personality_v0
                0x0000000000000000        0x8 build/src/user/tests/buffer_CPP_API.o
 .group         0x0000000000000000        0xc build/src/user/tests/userMain.o
 .group         0x0000000000000000       0x14 build/src/user/tests/userMain.o
 .group         0x0000000000000000       0x14 build/src/user/tests/userMain.o
 .group         0x0000000000000000       0x14 build/src/user/tests/userMain.o
 .group         0x0000000000000000       0x14 build/src/user/tests/userMain.o
 .group         0x0000000000000000        0xc build/src/user/tests/userMain.o
 .group         0x0000000000000000        0xc build/src/user/tests/userMain.o
 .group         0x0000000000000000       0x14 build/src/user/tests/userMain.o
 .group         0x0000000000000000        0xc build/src/user/tests/userMain.o
 .group         0x0000000000000000        0xc build/src/user/tests/userMain.o
 .group         0x0000000000000000        0xc build/src/user/tests/userMain.o
 .group         0x0000000000000000        0xc build/src/user/tests/userMain.o
 .group         0x0000000000000000        0xc build/src/user/tests/userMain.o
 .data.rel.local.DW.ref.__gxx_personality_v0
                0x0000000000000000        0x8 build/src/user/tests/userMain.o
 .group         0x0000000000000000        0xc build/src/user/tests/buffer.o
 .data.rel.local.DW.ref.__gxx_personality_v0
                0x0000000000000000        0x8 build/src/user/tests/buffer.o
 .group         0x0000000000000000        0x8 build/src/user/syscall_cpp.o
 .group         0x0000000000000000        0x8 build/src/user/syscall_cpp.o
 .group         0x0000000000000000       0x14 build/src/user/syscall_cpp.o
 .group         0x0000000000000000        0xc build/src/user/syscall_cpp.o
 .group         0x0000000000000000        0xc build/src/user/syscall_cpp.o
 .group         0x0000000000000000        0xc build/src/user/syscall_cpp.o
 .group         0x0000000000000000        0xc build/src/user/syscall_cpp.o
 .data.rel.local.DW.ref.__gxx_personality_v0
                0x0000000000000000        0x8 build/src/user/syscall_cpp.o

Memory Configuration

Name             Origin             Length             Attributes
*default*        0x0000000000000000 0xffffffffffffffff

Linker script and memory map

                0x0000000080000000                . = 0x80000000

.text           0x0000000080000000     0x8000
 *(.entry_os)
 .entry_os      0x0000000080000000       0x24 ./lib/hw.lib(entry.o)
                0x0000000080000000                _entry
                0x0000000080001000                . = ALIGN (0x1000)
 *fill*         0x0000000080000024      0xfdc 
                [!provide]                        PROVIDE (kernelTextStart = .)
 EXCLUDE_FILE(build/src/user/*) *(.text .text.*)
 .text          0x0000000080001000      0x120 build/src/kernel/supervisorTrap.o
                0x0000000080001000                RiscV::supervisorTrap()
 .text          0x0000000080001120       0x14 build/src/kernel/contextSwitch.o
                0x0000000080001120                TCB::contextSwitch(TCB::Context*, TCB::Context*)
 .text          0x0000000080001134      0x4a8 build/src/kernel/system.o
                0x0000000080001134                memset(void const*, int, int)
                0x0000000080001164                construct(void*)
                0x0000000080001194                check(void*, unsigned long)
                0x00000000800011dc                work(void*)
                0x00000000800013cc                runs(void (*)(void*), data_s*, int)
                0x000000008000144c                test2()
                0x00000000800014c8                ctor(void*)
                0x00000000800014f8                System::System()
                0x00000000800014f8                System::System()
 .text          0x00000000800015dc      0x2d0 build/src/kernel/scb.o
                0x00000000800015dc                SCB::ctor(void*)
                0x00000000800015fc                SCB::dtor(void*)
                0x000000008000161c                SCB::initialize()
                0x0000000080001668                SCB::SCB(unsigned long)
                0x0000000080001668                SCB::SCB(unsigned long)
                0x0000000080001684                SCB::~SCB()
                0x0000000080001684                SCB::~SCB()
                0x00000000800016dc                SCB::block()
                0x0000000080001744                SCB::deblock()
                0x0000000080001790                SCB::wait()
                0x00000000800017e0                SCB::signal()
                0x000000008000181c                SCB::operator new(unsigned long)
                0x000000008000184c                SCB::operator delete(void*)
                0x0000000080001880                SCB::semaphore_free(void*)
 .text          0x00000000800018ac      0x5d4 build/src/kernel/buddy_allocator.o
                0x000000008000190c                Buddy::initialize(void*, unsigned long)
                0x0000000080001a14                Buddy::compress(unsigned long)
                0x0000000080001b1c                Buddy::insert(void*, unsigned long)
                0x0000000080001c04                Buddy::free(void*, unsigned long)
                0x0000000080001c34                Buddy::split(Buddy::Block*, int, int)
                0x0000000080001cdc                Buddy::alloc(unsigned long)
                0x0000000080001d90                Buddy::printList()
 .text          0x0000000080001e80       0x30 build/src/kernel/main.o
                0x0000000080001e80                main
 .text          0x0000000080001eb0      0x354 build/src/kernel/tcb.o
                0x0000000080001eb0                TCB::ctor(void*)
                0x0000000080001ed8                TCB::dtor(void*)
                0x0000000080001f00                TCB::wrapper(void*)
                0x0000000080001f44                TCB::TCB(void (*)(void*), void*, unsigned long*, unsigned long)
                0x0000000080001f44                TCB::TCB(void (*)(void*), void*, unsigned long*, unsigned long)
                0x0000000080001fac                TCB::free()
                0x0000000080001fd8                TCB::~TCB()
                0x0000000080001fd8                TCB::~TCB()
                0x0000000080002000                TCB::dispatch()
                0x0000000080002080                TCB::operator new(unsigned long)
                0x00000000800020b0                TCB::initialize()
                0x00000000800021a4                TCB::operator delete(void*)
                0x00000000800021d8                TCB::thread_free(void*)
 .text          0x0000000080002204      0x4ac build/src/kernel/memory_allocator.o
                0x0000000080002204                MemoryAllocator::initialize()
                0x0000000080002284                MemoryAllocator::kmalloc(unsigned long)
                0x00000000800023ec                MemoryAllocator::insertAndMerge(void*, MemoryAllocator::BlockHeader**)
                0x00000000800024bc                MemoryAllocator::kfree(void*)
                0x0000000080002570                MemoryAllocator::showMemory()
                0x0000000080002670                MemoryAllocator::memcpy(void*, void*, unsigned long)
 .text          0x00000000800026b0      0x490 build/src/kernel/console_util.o
                0x00000000800026b0                ConsoleUtil::initialize()
                0x0000000080002794                ConsoleUtil::putInput(char)
                0x0000000080002814                ConsoleUtil::getInput()
                0x0000000080002884                ConsoleUtil::putOutput(char)
                0x000000008000291c                ConsoleUtil::getOutput()
                0x000000008000298c                ConsoleUtil::printString(char const*)
                0x00000000800029d0                ConsoleUtil::printInt(int, int, int)
                0x0000000080002aac                ConsoleUtil::print(char const*, int, char const*, int)
                0x0000000080002b18                ConsoleUtil::putcUtilSyscall()
 .text          0x0000000080002b40     0x1538 build/src/kernel/riscv.o
                0x0000000080002b40                RiscV::popSppSpie()
                0x0000000080002b98                RiscV::executeThreadDispatchSyscall()
                0x0000000080002bd4                RiscV::executePutcSyscall()
                0x0000000080002c24                RiscV::jumpToDesignatedPrivilegeMode()
                0x0000000080002c68                RiscV::finalize()
                0x0000000080002d1c                RiscV::saveA0toSscratch()
                0x0000000080002d54                RiscV::executeMemAllocSyscall()
                0x0000000080002d8c                RiscV::executeMemFreeSyscall()
                0x0000000080002ddc                RiscV::executeThreadCreateSyscall()
                0x0000000080002eb0                RiscV::executeThreadAttachBodySyscall()
                0x0000000080002f78                RiscV::executeThreadStartSyscall()
                0x0000000080002fd0                RiscV::executeThreadExitSyscall()
                0x0000000080003028                RiscV::executeSemOpenSyscall()
                0x00000000800030c4                RiscV::executeSemCloseSyscall()
                0x0000000080003124                RiscV::executeSemWaitSyscall()
                0x0000000080003184                RiscV::executeSemSignalSyscall()
                0x00000000800031cc                RiscV::executeTimeSleepSyscall()
                0x0000000080003244                RiscV::executeGetcSyscall()
                0x00000000800032dc                RiscV::executePutcUtilSyscall()
                0x0000000080003310                RiscV::executeThreadFreeSyscall()
                0x0000000080003378                RiscV::executeSemaphoreFreeSyscall()
                0x00000000800033d4                RiscV::executeForkSyscall()
                0x0000000080003528                RiscV::getPC()
                0x0000000080003554                RiscV::handleSupervisorTrap()
                0x00000000800039b4                RiscV::threadCreateUtil(TCB**, void (*)(void*), void*)
                0x0000000080003a30                RiscV::threadExitUtil()
                0x0000000080003a50                RiscV::threadDispatchUtil()
                0x0000000080003a70                RiscV::putcWrapper(void*)
                0x0000000080003af8                RiscV::getPMT()
                0x0000000080003b44                RiscV::handlePageFault(void*, unsigned long, unsigned long)
                0x0000000080003c2c                RiscV::buildSection(void*, unsigned long, unsigned long, unsigned long)
                0x0000000080003ca0                RiscV::mapConsoleRegisters(void*)
                0x0000000080003d34                RiscV::buildKernelPMT()
                0x0000000080003e74                RiscV::buildUserPMT()
                0x0000000080003fb4                RiscV::initialize()
 .text          0x0000000080004078       0x8c build/src/kernel/utility.o
                0x0000000080004078                strcpy(char const*, char*)
                0x00000000800040b4                strcat(char*, char const*)
 .text          0x0000000080004104      0x214 build/src/kernel/scheduler.o
                0x0000000080004104                Scheduler::initialize()
                0x000000008000411c                Scheduler::put(TCB*)
                0x0000000080004164                Scheduler::get()
                0x0000000080004198                Scheduler::sleep(TCB*)
                0x00000000800041f0                Scheduler::awake()
                0x0000000080004258                Scheduler::showScheduler()
                0x00000000800042b8                Scheduler::showSleeping()
 .text          0x0000000080004318      0x170 build/src/kernel/slab.o
                0x0000000080004318                kmem_init(void*, int)
                0x0000000080004340                kmem_cache_create(char const*, unsigned long, void (*)(void*), void (*)(void*))
                0x0000000080004368                kmem_cache_alloc(Cache*)
                0x0000000080004390                kmem_cache_free(Cache*, void*)
                0x00000000800043b8                kmem_cache_destroy(Cache*)
                0x00000000800043e8                kmem_cache_info(Cache*)
                0x0000000080004410                kmem_cache_shrink(Cache*)
                0x0000000080004438                kmalloc(unsigned long)
                0x0000000080004460                kfree(void const*)
 .text          0x0000000080004488      0xe3c build/src/kernel/slab_allocator.o
                0x0000000080004488                SlabAllocator::shrinkCache(Cache*)
                0x00000000800044f0                SlabAllocator::printSlab(Slab*)
                0x000000008000464c                SlabAllocator::printCache(Cache*)
                0x000000008000482c                SlabAllocator::insertIntoList(Slab*&, Slab*)
                0x000000008000485c                SlabAllocator::allocateSlab(Cache*)
                0x0000000080004970                SlabAllocator::removeFromList(Slab*&, Slab*)
                0x00000000800049c4                SlabAllocator::move(Slab*&, Slab*&, Slab*)
                0x0000000080004a18                SlabAllocator::allocateSlot(Slab*)
                0x0000000080004b04                SlabAllocator::allocateObject(Cache*)
                0x0000000080004c94                SlabAllocator::allocateBuffer(unsigned long)
                0x0000000080004d34                SlabAllocator::createCache(char const*, unsigned long, void (*)(void*), void (*)(void*))
                0x0000000080004e40                SlabAllocator::initialize(void*, unsigned long)
                0x0000000080004f6c                SlabAllocator::freeSlot(Slab*, unsigned long)
                0x0000000080005088                SlabAllocator::freeObject(Cache*, void const*)
                0x000000008000517c                SlabAllocator::freeBuffer(void const*)
                0x00000000800051e8                SlabAllocator::deleteCache(Cache*&)
 .text          0x00000000800052c4        0x0 ./lib/hw.lib(entry.o)
 .text          0x00000000800052c4      0x18c ./lib/hw.lib(start.o)
                0x00000000800052c4                start
                0x00000000800053c4                timerinit
 .text          0x0000000080005450       0xd8 ./lib/hw.lib(main.o)
                0x0000000080005450                system_main
 .text          0x0000000080005528      0x100 ./lib/hw.lib(proc.o)
                0x0000000080005528                cpuid
                0x0000000080005548                mycpu
                0x0000000080005578                userinit
                0x0000000080005594                either_copyout
                0x00000000800055e0                either_copyin
 .text          0x0000000080005628      0x32c ./lib/hw.lib(trap.o)
                0x0000000080005628                trapinit
                0x0000000080005654                trapinithart
                0x0000000080005678                usertrap
                0x0000000080005690                usertrapret
                0x00000000800056a8                kerneltrap
                0x00000000800057f0                clockintr
                0x0000000080005848                devintr
 *fill*         0x0000000080005954        0xc 
 .text          0x0000000080005960      0x150 ./lib/hw.lib(kernelvec.o)
                0x0000000080005960                kernelvec
                0x0000000080005a70                timervec
 .text          0x0000000080005ab0       0xf0 ./lib/hw.lib(plic.o)
                0x0000000080005ab0                plicinit
                0x0000000080005ad8                plicinithart
                0x0000000080005b24                plic_claim
                0x0000000080005b5c                plic_complete
 .text          0x0000000080005ba0        0x0 ./lib/hw.lib(support_cpp.o)
 .text          0x0000000080005ba0        0x0 ./lib/hw.lib(hw.o)
 .text          0x0000000080005ba0      0x36c ./lib/hw.lib(console.o)
                0x0000000080005ba0                consolewrite
                0x0000000080005c44                consoleread
                0x0000000080005d84                consputc
                0x0000000080005dd4                consoleintr
                0x0000000080005e68                consoleinit
                0x0000000080005ecc                console_read
                0x0000000080005eec                console_write
 .text          0x0000000080005f0c      0x738 ./lib/hw.lib(printf.o)
                0x0000000080005f0c                panic
                0x0000000080005f68                __printf
                0x00000000800065fc                printfinit
 .text          0x0000000080006644      0x344 ./lib/hw.lib(uart.o)
                0x0000000080006644                uartinit
                0x0000000080006688                uartputc
                0x0000000080006780                uartputc_sync
                0x00000000800067c4                uartstart
                0x0000000080006838                uartgetc
                0x0000000080006870                uartintr
 .text          0x0000000080006988      0x290 ./lib/hw.lib(kalloc.o)
                0x0000000080006988                kinit
                0x0000000080006a60                freerange
                0x0000000080006b40                kfree
                0x0000000080006bc0                kalloc
 .text          0x0000000080006c18      0x3e0 ./lib/hw.lib(spinlock.o)
                0x0000000080006c18                initlock
                0x0000000080006c3c                acquire
                0x0000000080006d08                release
                0x0000000080006dd0                holding
                0x0000000080006e1c                push_off
                0x0000000080006e90                pop_off
                0x0000000080006f0c                push_on
                0x0000000080006f80                pop_on
 .text          0x0000000080006ff8      0x394 ./lib/hw.lib(string.o)
                0x0000000080006ff8                __memset
                0x0000000080007214                __memmove
                0x0000000080008000                . = ALIGN (0x1000)
 *fill*         0x000000008000738c      0xc74 
                0x0000000080008000                PROVIDE (kernelTextEnd = .)

.rodata         0x0000000080008000      0x787
                0x0000000080008000                . = ALIGN (0x10)
 EXCLUDE_FILE(build/src/user/*) *(.srodata .srodata.*)
 .srodata       0x0000000080008000       0x18 ./lib/hw.lib(hw.o)
                0x0000000080008000                CONSOLE_RX_DATA
                0x0000000080008008                CONSOLE_TX_DATA
                0x0000000080008010                CONSOLE_STATUS
                0x0000000080008020                . = ALIGN (0x10)
 *fill*         0x0000000080008018        0x8 
 EXCLUDE_FILE(build/src/user/*) *(.rodata .rodata.*)
 .rodata.str1.8
                0x0000000080008020       0x4d build/src/kernel/system.o
                                         0x5d (size before relaxing)
 *fill*         0x000000008000806d        0x3 
 .rodata.str1.8
                0x0000000080008070        0xa build/src/kernel/scb.o
 *fill*         0x000000008000807a        0x6 
 .rodata.str1.8
                0x0000000080008080        0x3 build/src/kernel/buddy_allocator.o
                                         0x12 (size before relaxing)
 *fill*         0x0000000080008083        0x5 
 .rodata.str1.8
                0x0000000080008088        0xa build/src/kernel/tcb.o
 *fill*         0x0000000080008092        0x6 
 .rodata.str1.8
                0x0000000080008098       0x82 build/src/kernel/memory_allocator.o
 *fill*         0x000000008000811a        0x6 
 .rodata.str1.8
                0x0000000080008120       0x11 build/src/kernel/console_util.o
 *fill*         0x0000000080008131        0x7 
 .rodata.str1.8
                0x0000000080008138       0x6b build/src/kernel/riscv.o
                                         0x73 (size before relaxing)
 *fill*         0x00000000800081a3        0x1 
 .rodata        0x00000000800081a4      0x188 build/src/kernel/riscv.o
 .rodata.str1.8
                0x000000008000832c        0x2 build/src/kernel/scheduler.o
 *fill*         0x000000008000832c        0x4 
 .rodata.str1.8
                0x0000000080008330      0x284 build/src/kernel/slab_allocator.o
                                        0x29c (size before relaxing)
 *fill*         0x00000000800085b4        0x4 
 .rodata.str1.8
                0x00000000800085b8       0x51 ./lib/hw.lib(main.o)
                                         0x59 (size before relaxing)
 *fill*         0x0000000080008609        0x7 
 .rodata.str1.8
                0x0000000080008610       0x4b ./lib/hw.lib(proc.o)
 *fill*         0x000000008000865b        0x5 
 .rodata.str1.8
                0x0000000080008660       0x7b ./lib/hw.lib(trap.o)
 *fill*         0x00000000800086db        0x5 
 .rodata.str1.8
                0x00000000800086e0        0x5 ./lib/hw.lib(console.o)
 *fill*         0x00000000800086e5        0x3 
 .rodata.str1.8
                0x00000000800086e8       0x23 ./lib/hw.lib(printf.o)
                                         0x2b (size before relaxing)
 *fill*         0x000000008000870b        0x5 
 .rodata        0x0000000080008710       0x11 ./lib/hw.lib(printf.o)
 *fill*         0x0000000080008721        0x7 
 .rodata.str1.8
                0x0000000080008728        0x6 ./lib/hw.lib(kalloc.o)
 *fill*         0x000000008000872e        0x2 
 .rodata.str1.8
                0x0000000080008730       0x57 ./lib/hw.lib(spinlock.o)

.eh_frame       0x0000000080008788     0x2388
 .eh_frame      0x0000000080008788      0x188 build/src/kernel/system.o
 .eh_frame      0x0000000080008910      0x200 build/src/kernel/scb.o
                                        0x210 (size before relaxing)
 .eh_frame      0x0000000080008b10      0x188 build/src/kernel/buddy_allocator.o
                                        0x198 (size before relaxing)
 .eh_frame      0x0000000080008c98       0x28 build/src/kernel/main.o
                                         0x40 (size before relaxing)
 .eh_frame      0x0000000080008cc0      0x1c0 build/src/kernel/tcb.o
                                        0x1f0 (size before relaxing)
 .eh_frame      0x0000000080008e80       0xf8 build/src/kernel/memory_allocator.o
                                        0x108 (size before relaxing)
 .eh_frame      0x0000000080008f78      0x198 build/src/kernel/console_util.o
                                        0x1c8 (size before relaxing)
 .eh_frame      0x0000000080009110      0x660 build/src/kernel/riscv.o
                                        0x690 (size before relaxing)
 .eh_frame      0x0000000080009770       0x50 build/src/kernel/utility.o
                                         0x68 (size before relaxing)
 .eh_frame      0x00000000800097c0      0x120 build/src/kernel/scheduler.o
                                        0x130 (size before relaxing)
 .eh_frame      0x00000000800098e0      0x168 build/src/kernel/slab.o
                                        0x180 (size before relaxing)
 .eh_frame      0x0000000080009a48      0x318 build/src/kernel/slab_allocator.o
                                        0x330 (size before relaxing)
 .eh_frame      0x0000000080009d60      0x270 build/src/user/syscall_c.o
                                        0x280 (size before relaxing)
 .eh_frame      0x0000000080009fd0       0x28 build/src/user/_semaphore.o
                                         0x40 (size before relaxing)
 .eh_frame      0x0000000080009ff8       0x28 build/src/user/_thread.o
                                         0x40 (size before relaxing)
 .eh_frame      0x000000008000a020      0x100 build/src/user/tests/buffer_CPP_API.o
                                        0x130 (size before relaxing)
 .eh_frame      0x000000008000a120      0x408 build/src/user/tests/userMain.o
                                        0x438 (size before relaxing)
 .eh_frame      0x000000008000a528       0xf8 build/src/user/tests/buffer.o
                                        0x128 (size before relaxing)
 .eh_frame      0x000000008000a620       0xc0 build/src/user/printing.o
                                         0xd0 (size before relaxing)
 .eh_frame      0x000000008000a6e0      0x3e0 build/src/user/syscall_cpp.o
                                        0x410 (size before relaxing)
 .eh_frame      0x000000008000aac0       0x50 build/src/user/user_wrappers.o
                                         0x68 (size before relaxing)

.gcc_except_table
                0x000000008000ab10      0x2d1
 .gcc_except_table
                0x000000008000ab10        0x4 build/src/kernel/scb.o
 .gcc_except_table
                0x000000008000ab14        0x4 build/src/kernel/tcb.o
 .gcc_except_table
                0x000000008000ab18       0x5f build/src/kernel/console_util.o
 .gcc_except_table
                0x000000008000ab77       0xc6 build/src/kernel/riscv.o
 .gcc_except_table
                0x000000008000ac3d       0xa5 build/src/user/tests/buffer_CPP_API.o
 .gcc_except_table
                0x000000008000ace2       0xf3 build/src/user/tests/userMain.o
 .gcc_except_table
                0x000000008000add5        0x4 build/src/user/tests/buffer.o
 .gcc_except_table
                0x000000008000add9        0x8 build/src/user/syscall_cpp.o

.gcc_except_table._ZN10ForkThread3runEv
                0x000000008000ade1       0x2b
 .gcc_except_table._ZN10ForkThread3runEv
                0x000000008000ade1       0x2b build/src/user/tests/userMain.o

.rela.dyn       0x000000008000ae10        0x0
 .rela.got      0x000000008000ae10        0x0 build/src/kernel/supervisorTrap.o
 .rela.text     0x000000008000ae10        0x0 build/src/kernel/supervisorTrap.o
 .rela.text._ZN19ConsumerProducerCPP8ConsumerD2Ev
                0x000000008000ae10        0x0 build/src/kernel/supervisorTrap.o
 .rela.text._ZN19ConsumerProducerCPP8ConsumerD0Ev
                0x000000008000ae10        0x0 build/src/kernel/supervisorTrap.o
 .rela.text._ZN19ConsumerProducerCPP16ProducerKeyboradD2Ev
                0x000000008000ae10        0x0 build/src/kernel/supervisorTrap.o
 .rela.text._ZN19ConsumerProducerCPP16ProducerKeyboradD0Ev
                0x000000008000ae10        0x0 build/src/kernel/supervisorTrap.o
 .rela.text._ZN19ConsumerProducerCPP8ProducerD2Ev
                0x000000008000ae10        0x0 build/src/kernel/supervisorTrap.o
 .rela.text._ZN19ConsumerProducerCPP8ProducerD0Ev
                0x000000008000ae10        0x0 build/src/kernel/supervisorTrap.o
 .rela.text._ZN10ForkThreadD2Ev
                0x000000008000ae10        0x0 build/src/kernel/supervisorTrap.o
 .rela.text._ZN10ForkThreadD0Ev
                0x000000008000ae10        0x0 build/src/kernel/supervisorTrap.o
 .rela.text._ZN10ForkThread3runEv
                0x000000008000ae10        0x0 build/src/kernel/supervisorTrap.o
 .rela.data.rel.ro.local._ZTVN19ConsumerProducerCPP16ProducerKeyboradE
                0x000000008000ae10        0x0 build/src/kernel/supervisorTrap.o
 .rela.data.rel.ro.local._ZTVN19ConsumerProducerCPP8ProducerE
                0x000000008000ae10        0x0 build/src/kernel/supervisorTrap.o
 .rela.data.rel.ro.local._ZTVN19ConsumerProducerCPP8ConsumerE
                0x000000008000ae10        0x0 build/src/kernel/supervisorTrap.o
 .rela.data.rel.ro.local._ZTV10ForkThread
                0x000000008000ae10        0x0 build/src/kernel/supervisorTrap.o
 .rela.text._ZN14PeriodicThreadD2Ev
                0x000000008000ae10        0x0 build/src/kernel/supervisorTrap.o
 .rela.text._ZN14PeriodicThreadD0Ev
                0x000000008000ae10        0x0 build/src/kernel/supervisorTrap.o
 .rela.data.rel.ro.local._ZTV14PeriodicThread
                0x000000008000ae10        0x0 build/src/kernel/supervisorTrap.o
 .rela.data.rel.ro.local._ZTV6Thread
                0x000000008000ae10        0x0 build/src/kernel/supervisorTrap.o
 .rela.sdata    0x000000008000ae10        0x0 build/src/kernel/supervisorTrap.o

.data           0x000000008000ae10       0xb8
                0x000000008000ae10                . = ALIGN (0x10)
 *fill*         0x000000008000ae10        0x0 
 EXCLUDE_FILE(build/src/user/*) *(.sdata .sdata.*)
 .sdata         0x000000008000ae10       0x10 ./lib/hw.lib(hw.o)
                0x000000008000ae10                HEAP_END_ADDR
                0x000000008000ae18                HEAP_START_ADDR
                0x000000008000ae20                . = ALIGN (0x10)
 EXCLUDE_FILE(build/src/user/*) *(.data .data.*)
 .data          0x000000008000ae20        0x0 build/src/kernel/supervisorTrap.o
 .data          0x000000008000ae20        0x0 build/src/kernel/contextSwitch.o
 .data          0x000000008000ae20        0x0 build/src/kernel/system.o
 .data.rel.ro.local
                0x000000008000ae20       0x28 build/src/kernel/system.o
 .data          0x000000008000ae48        0x0 build/src/kernel/scb.o
 .data.rel.local.DW.ref.__gxx_personality_v0
                0x000000008000ae48        0x8 build/src/kernel/scb.o
                0x000000008000ae48                DW.ref.__gxx_personality_v0
 .data          0x000000008000ae50        0x8 build/src/kernel/buddy_allocator.o
                0x000000008000ae50                Buddy::BLOCKS_AVAILABLE
 .data          0x000000008000ae58        0x0 build/src/kernel/main.o
 .data          0x000000008000ae58        0x0 build/src/kernel/tcb.o
 .data          0x000000008000ae58        0x0 build/src/kernel/memory_allocator.o
 .data          0x000000008000ae58        0x8 build/src/kernel/console_util.o
                0x000000008000ae58                ConsoleUtil::bufferSize
 .data          0x000000008000ae60        0x0 build/src/kernel/riscv.o
 .data          0x000000008000ae60        0x0 build/src/kernel/utility.o
 .data          0x000000008000ae60        0x0 build/src/kernel/scheduler.o
 .data          0x000000008000ae60        0x0 build/src/kernel/slab.o
 .data          0x000000008000ae60        0x0 build/src/kernel/slab_allocator.o
 .data.rel.local
                0x000000008000ae60       0x68 build/src/kernel/slab_allocator.o
                0x000000008000ae60                SlabAllocator::names
 .data          0x000000008000aec8        0x0 ./lib/hw.lib(entry.o)
 .data          0x000000008000aec8        0x0 ./lib/hw.lib(start.o)
 .data          0x000000008000aec8        0x0 ./lib/hw.lib(main.o)
 .data          0x000000008000aec8        0x0 ./lib/hw.lib(proc.o)
 .data          0x000000008000aec8        0x0 ./lib/hw.lib(trap.o)
 .data          0x000000008000aec8        0x0 ./lib/hw.lib(kernelvec.o)
 .data          0x000000008000aec8        0x0 ./lib/hw.lib(plic.o)
 .data          0x000000008000aec8        0x0 ./lib/hw.lib(support_cpp.o)
 .data          0x000000008000aec8        0x0 ./lib/hw.lib(hw.o)
 .data          0x000000008000aec8        0x0 ./lib/hw.lib(console.o)
 .data          0x000000008000aec8        0x0 ./lib/hw.lib(printf.o)
 .data          0x000000008000aec8        0x0 ./lib/hw.lib(uart.o)
 .data          0x000000008000aec8        0x0 ./lib/hw.lib(kalloc.o)
 .data          0x000000008000aec8        0x0 ./lib/hw.lib(spinlock.o)
 .data          0x000000008000aec8        0x0 ./lib/hw.lib(string.o)

.got            0x000000008000aec8       0xe8
 .got           0x000000008000aec8       0xe8 build/src/kernel/supervisorTrap.o
                0x000000008000aec8                _GLOBAL_OFFSET_TABLE_

.got.plt        0x000000008000afb0       0x10
 .got.plt       0x000000008000afb0       0x10 build/src/kernel/supervisorTrap.o

.init_array     0x000000008000afc0        0x8
 .init_array    0x000000008000afc0        0x8 build/src/kernel/buddy_allocator.o

.bss            0x000000008000afd0     0x14e0
                0x000000008000afd0                . = ALIGN (0x10)
 EXCLUDE_FILE(build/src/user/*) *(.sbss .sbss.*)
 .sbss          0x000000008000afd0        0x4 ./lib/hw.lib(main.o)
 .sbss          0x000000008000afd4        0x4 ./lib/hw.lib(trap.o)
                0x000000008000afd4                ticks
 .sbss          0x000000008000afd8        0x4 ./lib/hw.lib(printf.o)
                0x000000008000afd8                panicked
 *fill*         0x000000008000afdc        0x4 
 .sbss          0x000000008000afe0       0x10 ./lib/hw.lib(uart.o)
                0x000000008000afe0                uart_tx_r
                0x000000008000afe8                uart_tx_w
 .sbss          0x000000008000aff0        0x8 ./lib/hw.lib(kalloc.o)
                0x000000008000aff0                kmem
                0x000000008000b000                . = ALIGN (0x10)
 *fill*         0x000000008000aff8        0x8 
 EXCLUDE_FILE(build/src/user/*) *(.bss .bss.*)
 .bss           0x000000008000b000        0x0 build/src/kernel/supervisorTrap.o
 .bss           0x000000008000b000        0x0 build/src/kernel/contextSwitch.o
 .bss           0x000000008000b000        0x1 build/src/kernel/system.o
                0x000000008000b000                System::initialized
 *fill*         0x000000008000b001        0x7 
 .bss           0x000000008000b008        0x8 build/src/kernel/scb.o
                0x000000008000b008                SCB::scbCache
 .bss           0x000000008000b010       0xe0 build/src/kernel/buddy_allocator.o
                0x000000008000b010                Buddy::BUDDY_START_ADDR
                0x000000008000b018                Buddy::BUDDY_META_DATA_ADDR
                0x000000008000b020                Buddy::tail
                0x000000008000b088                Buddy::head
 .bss           0x000000008000b0f0        0x0 build/src/kernel/main.o
 .bss           0x000000008000b0f0       0x30 build/src/kernel/tcb.o
                0x000000008000b0f0                TCB::running
                0x000000008000b0f8                TCB::tcbCache
                0x000000008000b100                TCB::putcThread
                0x000000008000b108                TCB::timeSliceCounter
                0x000000008000b110                TCB::currentSP
                0x000000008000b118                TCB::currentPC
 .bss           0x000000008000b120       0x21 build/src/kernel/memory_allocator.o
                0x000000008000b120                MemoryAllocator::freeMemTail
                0x000000008000b128                MemoryAllocator::freeMemHead
                0x000000008000b130                MemoryAllocator::allocMemTail
                0x000000008000b138                MemoryAllocator::allocMemHead
                0x000000008000b140                MemoryAllocator::initialized
 *fill*         0x000000008000b141        0x7 
 .bss           0x000000008000b148       0x50 build/src/kernel/console_util.o
                0x000000008000b148                ConsoleUtil::inputSem
                0x000000008000b150                ConsoleUtil::outputSem
                0x000000008000b158                ConsoleUtil::inputBuffer
                0x000000008000b160                ConsoleUtil::outputBuffer
                0x000000008000b168                ConsoleUtil::inputTail
                0x000000008000b170                ConsoleUtil::inputHead
                0x000000008000b178                ConsoleUtil::pendingPutc
                0x000000008000b180                ConsoleUtil::outputTail
                0x000000008000b188                ConsoleUtil::outputHead
                0x000000008000b190                ConsoleUtil::pendingGetc
 .bss           0x000000008000b198       0x21 build/src/kernel/riscv.o
                0x000000008000b198                RiscV::userMainFinished
                0x000000008000b1a0                RiscV::globalTime
                0x000000008000b1a8                RiscV::kPMT
                0x000000008000b1b0                RiscV::uPMT
                0x000000008000b1b8                RiscV::initialized
 .bss           0x000000008000b1b9        0x0 build/src/kernel/utility.o
 *fill*         0x000000008000b1b9        0x7 
 .bss           0x000000008000b1c0       0x18 build/src/kernel/scheduler.o
                0x000000008000b1c0                Scheduler::readyHead
                0x000000008000b1c8                Scheduler::readyTail
                0x000000008000b1d0                Scheduler::sleepingHead
 .bss           0x000000008000b1d8        0x0 build/src/kernel/slab.o
 .bss           0x000000008000b1d8       0x78 build/src/kernel/slab_allocator.o
                0x000000008000b1d8                SlabAllocator::largeSlabCache
                0x000000008000b1e0                SlabAllocator::sizeN
                0x000000008000b248                SlabAllocator::cache
 .bss           0x000000008000b250        0x0 ./lib/hw.lib(entry.o)
 .bss           0x000000008000b250     0x1030 ./lib/hw.lib(start.o)
                0x000000008000b250                timer_scratch
                0x000000008000b280                stack0
 .bss           0x000000008000c280        0x0 ./lib/hw.lib(main.o)
 .bss           0x000000008000c280       0x80 ./lib/hw.lib(proc.o)
                0x000000008000c280                cpus
 .bss           0x000000008000c300       0x18 ./lib/hw.lib(trap.o)
                0x000000008000c300                tickslock
 .bss           0x000000008000c318        0x0 ./lib/hw.lib(kernelvec.o)
 .bss           0x000000008000c318        0x0 ./lib/hw.lib(plic.o)
 .bss           0x000000008000c318       0x10 ./lib/hw.lib(support_cpp.o)
                0x000000008000c318                _Unwind_Resume
                0x000000008000c320                __gxx_personality_v0
 .bss           0x000000008000c328        0x0 ./lib/hw.lib(hw.o)
 .bss           0x000000008000c328      0x148 ./lib/hw.lib(console.o)
                0x000000008000c328                cons
                0x000000008000c3d0                devsw
 .bss           0x000000008000c470       0x20 ./lib/hw.lib(printf.o)
 .bss           0x000000008000c490       0x20 ./lib/hw.lib(uart.o)
                0x000000008000c490                uart_tx_buf
 .bss           0x000000008000c4b0        0x0 ./lib/hw.lib(kalloc.o)
 .bss           0x000000008000c4b0        0x0 ./lib/hw.lib(spinlock.o)
 .bss           0x000000008000c4b0        0x0 ./lib/hw.lib(string.o)

.user           0x000000008000c4b0     0x4b50
                0x000000008000d000                . = ALIGN (0x1000)
 *fill*         0x000000008000c4b0      0xb50 
                0x000000008000d000                PROVIDE (userTextStart = .)
 *(.text .text.*)
 .text          0x000000008000d000       0x20 build/src/user/lock.o
                0x000000008000d000                copy_and_swap
 .text          0x000000008000d020      0x37c build/src/user/syscall_c.o
                0x000000008000d020                mem_alloc(unsigned long)
                0x000000008000d050                mem_free(void*)
                0x000000008000d07c                thread_create(_thread**, void (*)(void*), void*)
                0x000000008000d108                thread_exit()
                0x000000008000d130                thread_dispatch()
                0x000000008000d150                thread_attach_body(_thread**, void (*)(void*), void*)
                0x000000008000d1e4                thread_start(_thread*)
                0x000000008000d21c                sem_open(_semaphore**, unsigned int)
                0x000000008000d254                sem_close(_semaphore*)
                0x000000008000d280                sem_wait(_semaphore*)
                0x000000008000d2ac                sem_signal(_semaphore*)
                0x000000008000d2d8                time_sleep(unsigned long)
                0x000000008000d304                getc()
                0x000000008000d32c                putc(char)
                0x000000008000d350                fork()
                0x000000008000d378                tcb_free(void*)
 .text          0x000000008000d39c       0x28 build/src/user/_semaphore.o
                0x000000008000d39c                _semaphore::operator delete(void*)
 .text          0x000000008000d3c4       0x28 build/src/user/_thread.o
                0x000000008000d3c4                _thread::operator delete(void*)
 .text          0x000000008000d3ec      0x408 build/src/user/tests/buffer_CPP_API.o
                0x000000008000d3ec                BufferCPP::BufferCPP(int)
                0x000000008000d3ec                BufferCPP::BufferCPP(int)
                0x000000008000d550                BufferCPP::put(int)
                0x000000008000d5e0                BufferCPP::get()
                0x000000008000d66c                BufferCPP::getCnt()
                0x000000008000d6f4                BufferCPP::~BufferCPP()
                0x000000008000d6f4                BufferCPP::~BufferCPP()
 .text          0x000000008000d7f4      0xb50 build/src/user/tests/userMain.o
                0x000000008000d7f4                workerBodyA(void*)
                0x000000008000d8c0                workerBodyB(void*)
                0x000000008000d994                fibonacci(unsigned long)
                0x000000008000da08                workerBodyC(void*)
                0x000000008000db88                workerBodyD(void*)
                0x000000008000dcd0                Threads_C_API_test()
                0x000000008000ddfc                ConsumerProducerCPP::testConsumerProducer()
                0x000000008000e254                testUser()
                0x000000008000e314                userMain()
 .text._ZN19ConsumerProducerCPP8Consumer3runEv
                0x000000008000e344       0xd0 build/src/user/tests/userMain.o
                0x000000008000e344                ConsumerProducerCPP::Consumer::run()
 .text._ZN19ConsumerProducerCPP8ConsumerD2Ev
                0x000000008000e414       0x34 build/src/user/tests/userMain.o
                0x000000008000e414                ConsumerProducerCPP::Consumer::~Consumer()
                0x000000008000e414                ConsumerProducerCPP::Consumer::~Consumer()
 .text._ZN19ConsumerProducerCPP8ConsumerD0Ev
                0x000000008000e448       0x4c build/src/user/tests/userMain.o
                0x000000008000e448                ConsumerProducerCPP::Consumer::~Consumer()
 .text._ZN19ConsumerProducerCPP16ProducerKeyboradD2Ev
                0x000000008000e494       0x34 build/src/user/tests/userMain.o
                0x000000008000e494                ConsumerProducerCPP::ProducerKeyborad::~ProducerKeyborad()
                0x000000008000e494                ConsumerProducerCPP::ProducerKeyborad::~ProducerKeyborad()
 .text._ZN19ConsumerProducerCPP16ProducerKeyboradD0Ev
                0x000000008000e4c8       0x4c build/src/user/tests/userMain.o
                0x000000008000e4c8                ConsumerProducerCPP::ProducerKeyborad::~ProducerKeyborad()
 .text._ZN19ConsumerProducerCPP8ProducerD2Ev
                0x000000008000e514       0x34 build/src/user/tests/userMain.o
                0x000000008000e514                ConsumerProducerCPP::Producer::~Producer()
                0x000000008000e514                ConsumerProducerCPP::Producer::~Producer()
 .text._ZN19ConsumerProducerCPP8ProducerD0Ev
                0x000000008000e548       0x4c build/src/user/tests/userMain.o
                0x000000008000e548                ConsumerProducerCPP::Producer::~Producer()
 .text._ZN10ForkThreadD2Ev
                0x000000008000e594       0x34 build/src/user/tests/userMain.o
                0x000000008000e594                ForkThread::~ForkThread()
                0x000000008000e594                ForkThread::~ForkThread()
 .text._ZN10ForkThreadD0Ev
                0x000000008000e5c8       0x4c build/src/user/tests/userMain.o
                0x000000008000e5c8                ForkThread::~ForkThread()
 .text._ZN19ConsumerProducerCPP16ProducerKeyborad3runEv
                0x000000008000e614       0x84 build/src/user/tests/userMain.o
                0x000000008000e614                ConsumerProducerCPP::ProducerKeyborad::run()
 .text._ZN19ConsumerProducerCPP8Producer3runEv
                0x000000008000e698       0x94 build/src/user/tests/userMain.o
                0x000000008000e698                ConsumerProducerCPP::Producer::run()
 .text._ZN10ForkThread3runEv
                0x000000008000e72c      0x220 build/src/user/tests/userMain.o
                0x000000008000e72c                ForkThread::run()
 .text          0x000000008000e94c      0x320 build/src/user/tests/buffer.o
                0x000000008000e94c                Buffer::Buffer(int)
                0x000000008000e94c                Buffer::Buffer(int)
                0x000000008000e9e8                Buffer::put(int)
                0x000000008000ea78                Buffer::get()
                0x000000008000eb04                Buffer::getCnt()
                0x000000008000eb8c                Buffer::~Buffer()
                0x000000008000eb8c                Buffer::~Buffer()
 .text          0x000000008000ec6c      0x2ac build/src/user/printing.o
                0x000000008000ec6c                printString(char const*)
                0x000000008000ece8                getString(char*, int)
                0x000000008000edb4                stringToInt(char const*)
                0x000000008000ee04                printInt(int, int, int)
 .text          0x000000008000ef18      0x460 build/src/user/syscall_cpp.o
                0x000000008000ef18                Thread::wrapper(void*)
                0x000000008000ef44                Semaphore::~Semaphore()
                0x000000008000ef44                Semaphore::~Semaphore()
                0x000000008000ef7c                Thread::~Thread()
                0x000000008000ef7c                Thread::~Thread()
                0x000000008000efbc                operator new(unsigned long)
                0x000000008000efe4                operator new[](unsigned long)
                0x000000008000f00c                operator delete(void*)
                0x000000008000f034                Semaphore::~Semaphore()
                0x000000008000f074                Thread::~Thread()
                0x000000008000f0b4                Semaphore::Semaphore(unsigned int)
                0x000000008000f0b4                Semaphore::Semaphore(unsigned int)
                0x000000008000f0ec                Semaphore::wait()
                0x000000008000f118                Semaphore::signal()
                0x000000008000f144                Thread::Thread(void (*)(void*), void*)
                0x000000008000f144                Thread::Thread(void (*)(void*), void*)
                0x000000008000f198                Thread::Thread()
                0x000000008000f198                Thread::Thread()
                0x000000008000f1f8                Thread::sleep(unsigned long)
                0x000000008000f220                PeriodicThread::wrapper(void*)
                0x000000008000f260                Thread::dispatch()
                0x000000008000f288                Thread::start()
                0x000000008000f2b4                PeriodicThread::PeriodicThread(unsigned long)
                0x000000008000f2b4                PeriodicThread::PeriodicThread(unsigned long)
                0x000000008000f328                Console::getc()
                0x000000008000f350                Console::putc(char)
 .text._ZN6Thread3runEv
                0x000000008000f378       0x18 build/src/user/syscall_cpp.o
                0x000000008000f378                Thread::run()
 .text._ZN14PeriodicThread18periodicActivationEv
                0x000000008000f390       0x18 build/src/user/syscall_cpp.o
                0x000000008000f390                PeriodicThread::periodicActivation()
 .text._ZN14PeriodicThreadD2Ev
                0x000000008000f3a8       0x34 build/src/user/syscall_cpp.o
                0x000000008000f3a8                PeriodicThread::~PeriodicThread()
                0x000000008000f3a8                PeriodicThread::~PeriodicThread()
 .text._ZN14PeriodicThreadD0Ev
                0x000000008000f3dc       0x4c build/src/user/syscall_cpp.o
                0x000000008000f3dc                PeriodicThread::~PeriodicThread()
 .text          0x000000008000f428       0x5c build/src/user/user_wrappers.o
                0x000000008000f428                bodyWrapper(void (*)(void*), void*)
                0x000000008000f45c                userMainWrapper(void*)
                0x0000000080010000                . = ALIGN (0x1000)
 *fill*         0x000000008000f484      0xb7c 
                0x0000000080010000                PROVIDE (userDataStart = .)
 *(.srodata .srodata.*)
 *(.rodata .rodata.*)
 .rodata.str1.8
                0x0000000080010000       0x11 build/src/user/tests/buffer_CPP_API.o
 *fill*         0x0000000080010011        0x7 
 .rodata.str1.8
                0x0000000080010018      0x1f4 build/src/user/tests/userMain.o
                                        0x1fc (size before relaxing)
 *fill*         0x000000008001020c        0x4 
 .rodata._ZN10ForkThread3runEv.str1.8
                0x0000000080010210       0x2d build/src/user/tests/userMain.o
 .rodata.str1.8
                0x000000008001023d       0x11 build/src/user/tests/buffer.o
 *(.sdata .sdata.*)
 *(.data .data.*)
 .data          0x000000008001023d        0x0 build/src/user/lock.o
 .data          0x000000008001023d        0x0 build/src/user/syscall_c.o
 .data          0x000000008001023d        0x0 build/src/user/_semaphore.o
 .data          0x000000008001023d        0x0 build/src/user/_thread.o
 .data          0x000000008001023d        0x0 build/src/user/tests/buffer_CPP_API.o
 .data          0x000000008001023d        0x0 build/src/user/tests/userMain.o
 *fill*         0x000000008001023d        0x3 
 .data.rel.ro.local._ZTVN19ConsumerProducerCPP16ProducerKeyboradE
                0x0000000080010240       0x28 build/src/user/tests/userMain.o
                0x0000000080010240                vtable for ConsumerProducerCPP::ProducerKeyborad
 .data.rel.ro.local._ZTVN19ConsumerProducerCPP8ProducerE
                0x0000000080010268       0x28 build/src/user/tests/userMain.o
                0x0000000080010268                vtable for ConsumerProducerCPP::Producer
 .data.rel.ro.local._ZTVN19ConsumerProducerCPP8ConsumerE
                0x0000000080010290       0x28 build/src/user/tests/userMain.o
                0x0000000080010290                vtable for ConsumerProducerCPP::Consumer
 .data.rel.ro.local._ZTV10ForkThread
                0x00000000800102b8       0x28 build/src/user/tests/userMain.o
                0x00000000800102b8                vtable for ForkThread
 .data          0x00000000800102e0        0x0 build/src/user/tests/buffer.o
 .data          0x00000000800102e0       0x11 build/src/user/printing.o
                0x00000000800102e0                digits
 .data          0x00000000800102f1        0x0 build/src/user/syscall_cpp.o
 *fill*         0x00000000800102f1        0x7 
 .data.rel.ro.local._ZTV14PeriodicThread
                0x00000000800102f8       0x30 build/src/user/syscall_cpp.o
                0x00000000800102f8                vtable for PeriodicThread
 .data.rel.ro.local._ZTV9Semaphore
                0x0000000080010328       0x20 build/src/user/syscall_cpp.o
                0x0000000080010328                vtable for Semaphore
 .data.rel.ro.local._ZTV6Thread
                0x0000000080010348       0x28 build/src/user/syscall_cpp.o
                0x0000000080010348                vtable for Thread
 .data          0x0000000080010370        0x0 build/src/user/user_wrappers.o
 *(.sbss .sbss.*)
 *(.bss .bss.*)
 .bss           0x0000000080010370        0x0 build/src/user/lock.o
 .bss           0x0000000080010370        0x0 build/src/user/syscall_c.o
 .bss           0x0000000080010370        0x0 build/src/user/_semaphore.o
 .bss           0x0000000080010370        0x0 build/src/user/_thread.o
 .bss           0x0000000080010370        0x0 build/src/user/tests/buffer_CPP_API.o
 .bss           0x0000000080010370       0x18 build/src/user/tests/userMain.o
                0x0000000080010370                finishedA
                0x0000000080010371                finishedB
                0x0000000080010374                ConsumerProducerCPP::threadEnd
                0x0000000080010378                finishedC
                0x0000000080010379                finishedD
                0x0000000080010380                ConsumerProducerCPP::waitForAll
 .bss           0x0000000080010388        0x0 build/src/user/tests/buffer.o
 .bss           0x0000000080010388        0x8 build/src/user/printing.o
                0x0000000080010388                lockPrint
 .bss           0x0000000080010390        0x0 build/src/user/syscall_cpp.o
 .bss           0x0000000080010390        0x0 build/src/user/user_wrappers.o
                0x0000000080011000                . = ALIGN (0x1000)
 *fill*         0x0000000080010390      0xc70 
                0x0000000080011000                PROVIDE (userDataEnd = .)
                0x0000000080011000                PROVIDE (end = .)
LOAD build/src/kernel/supervisorTrap.o
LOAD build/src/kernel/contextSwitch.o
LOAD build/src/user/lock.o
LOAD build/src/kernel/system.o
LOAD build/src/kernel/scb.o
LOAD build/src/kernel/buddy_allocator.o
LOAD build/src/kernel/main.o
LOAD build/src/kernel/tcb.o
LOAD build/src/kernel/memory_allocator.o
LOAD build/src/kernel/console_util.o
LOAD build/src/kernel/riscv.o
LOAD build/src/kernel/utility.o
LOAD build/src/kernel/scheduler.o
LOAD build/src/kernel/slab.o
LOAD build/src/kernel/slab_allocator.o
LOAD build/src/user/syscall_c.o
LOAD build/src/user/_semaphore.o
LOAD build/src/user/_thread.o
LOAD build/src/user/tests/buffer_CPP_API.o
LOAD build/src/user/tests/userMain.o
LOAD build/src/user/tests/buffer.o
LOAD build/src/user/printing.o
LOAD build/src/user/syscall_cpp.o
LOAD build/src/user/user_wrappers.o
LOAD ./lib/hw.lib
LOAD ./lib/hw.lib
OUTPUT(kernel elf64-littleriscv)

.debug_line     0x0000000000000000     0xa0ce
 .debug_line    0x0000000000000000       0x74 build/src/kernel/supervisorTrap.o
 .debug_line    0x0000000000000074       0x65 build/src/kernel/contextSwitch.o
 .debug_line    0x00000000000000d9       0x6c build/src/user/lock.o
 .debug_line    0x0000000000000145      0x724 build/src/kernel/system.o
 .debug_line    0x0000000000000869      0x4c3 build/src/kernel/scb.o
 .debug_line    0x0000000000000d2c      0x8e9 build/src/kernel/buddy_allocator.o
 .debug_line    0x0000000000001615       0xb4 build/src/kernel/main.o
 .debug_line    0x00000000000016c9      0x4fb build/src/kernel/tcb.o
 .debug_line    0x0000000000001bc4      0xa2a build/src/kernel/memory_allocator.o
 .debug_line    0x00000000000025ee      0x63f build/src/kernel/console_util.o
 .debug_line    0x0000000000002c2d     0x223a build/src/kernel/riscv.o
 .debug_line    0x0000000000004e67      0x185 build/src/kernel/utility.o
 .debug_line    0x0000000000004fec      0x42e build/src/kernel/scheduler.o
 .debug_line    0x000000000000541a      0x1f9 build/src/kernel/slab.o
 .debug_line    0x0000000000005613     0x184e build/src/kernel/slab_allocator.o
 .debug_line    0x0000000000006e61      0x843 build/src/user/syscall_c.o
 .debug_line    0x00000000000076a4       0xc6 build/src/user/_semaphore.o
 .debug_line    0x000000000000776a       0xe9 build/src/user/_thread.o
 .debug_line    0x0000000000007853      0x5ab build/src/user/tests/buffer_CPP_API.o
 .debug_line    0x0000000000007dfe     0x1480 build/src/user/tests/userMain.o
 .debug_line    0x000000000000927e      0x4b8 build/src/user/tests/buffer.o
 .debug_line    0x0000000000009736      0x3b4 build/src/user/printing.o
 .debug_line    0x0000000000009aea      0x4dc build/src/user/syscall_cpp.o
 .debug_line    0x0000000000009fc6      0x108 build/src/user/user_wrappers.o

.debug_info     0x0000000000000000     0xfc87
 .debug_info    0x0000000000000000       0x2e build/src/kernel/supervisorTrap.o
 .debug_info    0x000000000000002e       0x2e build/src/kernel/contextSwitch.o
 .debug_info    0x000000000000005c       0x2e build/src/user/lock.o
 .debug_info    0x000000000000008a     0x1600 build/src/kernel/system.o
 .debug_info    0x000000000000168a      0xbcb build/src/kernel/scb.o
 .debug_info    0x0000000000002255      0x9ec build/src/kernel/buddy_allocator.o
 .debug_info    0x0000000000002c41      0x1a3 build/src/kernel/main.o
 .debug_info    0x0000000000002de4      0xf5c build/src/kernel/tcb.o
 .debug_info    0x0000000000003d40      0x693 build/src/kernel/memory_allocator.o
 .debug_info    0x00000000000043d3      0xd64 build/src/kernel/console_util.o
 .debug_info    0x0000000000005137     0x2cf2 build/src/kernel/riscv.o
 .debug_info    0x0000000000007e29      0x209 build/src/kernel/utility.o
 .debug_info    0x0000000000008032      0xa0e build/src/kernel/scheduler.o
 .debug_info    0x0000000000008a40      0x887 build/src/kernel/slab.o
 .debug_info    0x00000000000092c7     0x1a0b build/src/kernel/slab_allocator.o
 .debug_info    0x000000000000acd2      0x79e build/src/user/syscall_c.o
 .debug_info    0x000000000000b470      0x1c2 build/src/user/_semaphore.o
 .debug_info    0x000000000000b632      0x228 build/src/user/_thread.o
 .debug_info    0x000000000000b85a      0x751 build/src/user/tests/buffer_CPP_API.o
 .debug_info    0x000000000000bfab     0x2157 build/src/user/tests/userMain.o
 .debug_info    0x000000000000e102      0x6ae build/src/user/tests/buffer.o
 .debug_info    0x000000000000e7b0      0x432 build/src/user/printing.o
 .debug_info    0x000000000000ebe2      0xed3 build/src/user/syscall_cpp.o
 .debug_info    0x000000000000fab5      0x1d2 build/src/user/user_wrappers.o

.debug_abbrev   0x0000000000000000     0x39fb
 .debug_abbrev  0x0000000000000000       0x14 build/src/kernel/supervisorTrap.o
 .debug_abbrev  0x0000000000000014       0x14 build/src/kernel/contextSwitch.o
 .debug_abbrev  0x0000000000000028       0x14 build/src/user/lock.o
 .debug_abbrev  0x000000000000003c      0x42e build/src/kernel/system.o
 .debug_abbrev  0x000000000000046a      0x3ac build/src/kernel/scb.o
 .debug_abbrev  0x0000000000000816      0x324 build/src/kernel/buddy_allocator.o
 .debug_abbrev  0x0000000000000b3a       0xc6 build/src/kernel/main.o
 .debug_abbrev  0x0000000000000c00      0x3ac build/src/kernel/tcb.o
 .debug_abbrev  0x0000000000000fac      0x265 build/src/kernel/memory_allocator.o
 .debug_abbrev  0x0000000000001211      0x311 build/src/kernel/console_util.o
 .debug_abbrev  0x0000000000001522      0x576 build/src/kernel/riscv.o
 .debug_abbrev  0x0000000000001a98       0xf1 build/src/kernel/utility.o
 .debug_abbrev  0x0000000000001b89      0x30f build/src/kernel/scheduler.o
 .debug_abbrev  0x0000000000001e98      0x1fb build/src/kernel/slab.o
 .debug_abbrev  0x0000000000002093      0x43b build/src/kernel/slab_allocator.o
 .debug_abbrev  0x00000000000024ce      0x205 build/src/user/syscall_c.o
 .debug_abbrev  0x00000000000026d3      0x128 build/src/user/_semaphore.o
 .debug_abbrev  0x00000000000027fb      0x145 build/src/user/_thread.o
 .debug_abbrev  0x0000000000002940      0x2a2 build/src/user/tests/buffer_CPP_API.o
 .debug_abbrev  0x0000000000002be2      0x49e build/src/user/tests/userMain.o
 .debug_abbrev  0x0000000000003080      0x279 build/src/user/tests/buffer.o
 .debug_abbrev  0x00000000000032f9      0x168 build/src/user/printing.o
 .debug_abbrev  0x0000000000003461      0x4a8 build/src/user/syscall_cpp.o
 .debug_abbrev  0x0000000000003909       0xf2 build/src/user/user_wrappers.o

.debug_aranges  0x0000000000000000      0x580
 .debug_aranges
                0x0000000000000000       0x30 build/src/kernel/supervisorTrap.o
 .debug_aranges
                0x0000000000000030       0x30 build/src/kernel/contextSwitch.o
 .debug_aranges
                0x0000000000000060       0x30 build/src/user/lock.o
 .debug_aranges
                0x0000000000000090       0x30 build/src/kernel/system.o
 .debug_aranges
                0x00000000000000c0       0x30 build/src/kernel/scb.o
 .debug_aranges
                0x00000000000000f0       0x30 build/src/kernel/buddy_allocator.o
 .debug_aranges
                0x0000000000000120       0x30 build/src/kernel/main.o
 .debug_aranges
                0x0000000000000150       0x30 build/src/kernel/tcb.o
 .debug_aranges
                0x0000000000000180       0x30 build/src/kernel/memory_allocator.o
 .debug_aranges
                0x00000000000001b0       0x30 build/src/kernel/console_util.o
 .debug_aranges
                0x00000000000001e0       0x30 build/src/kernel/riscv.o
 .debug_aranges
                0x0000000000000210       0x30 build/src/kernel/utility.o
 .debug_aranges
                0x0000000000000240       0x30 build/src/kernel/scheduler.o
 .debug_aranges
                0x0000000000000270       0x30 build/src/kernel/slab.o
 .debug_aranges
                0x00000000000002a0       0x30 build/src/kernel/slab_allocator.o
 .debug_aranges
                0x00000000000002d0       0x30 build/src/user/syscall_c.o
 .debug_aranges
                0x0000000000000300       0x30 build/src/user/_semaphore.o
 .debug_aranges
                0x0000000000000330       0x30 build/src/user/_thread.o
 .debug_aranges
                0x0000000000000360       0x30 build/src/user/tests/buffer_CPP_API.o
 .debug_aranges
                0x0000000000000390       0xf0 build/src/user/tests/userMain.o
 .debug_aranges
                0x0000000000000480       0x30 build/src/user/tests/buffer.o
 .debug_aranges
                0x00000000000004b0       0x30 build/src/user/printing.o
 .debug_aranges
                0x00000000000004e0       0x70 build/src/user/syscall_cpp.o
 .debug_aranges
                0x0000000000000550       0x30 build/src/user/user_wrappers.o

.debug_str      0x0000000000000000     0x36ff
 .debug_str     0x0000000000000000       0x59 build/src/kernel/supervisorTrap.o
 .debug_str     0x0000000000000059       0x1b build/src/kernel/contextSwitch.o
                                         0x58 (size before relaxing)
 .debug_str     0x0000000000000074       0x10 build/src/user/lock.o
                                         0x4d (size before relaxing)
 .debug_str     0x0000000000000084     0x18d5 build/src/kernel/system.o
                                       0x196c (size before relaxing)
 .debug_str     0x0000000000001959      0x249 build/src/kernel/scb.o
                                        0x86f (size before relaxing)
 .debug_str     0x0000000000001ba2      0x299 build/src/kernel/buddy_allocator.o
                                        0x734 (size before relaxing)
 .debug_str     0x0000000000001e3b       0x19 build/src/kernel/main.o
                                        0x26a (size before relaxing)
 .debug_str     0x0000000000001e54       0xb9 build/src/kernel/tcb.o
                                       0x12f1 (size before relaxing)
 .debug_str     0x0000000000001f0d      0x28e build/src/kernel/memory_allocator.o
                                        0x537 (size before relaxing)
 .debug_str     0x000000000000219b      0x1a1 build/src/kernel/console_util.o
                                        0xa14 (size before relaxing)
 .debug_str     0x000000000000233c      0x1ca build/src/kernel/riscv.o
                                       0x1953 (size before relaxing)
 .debug_str     0x0000000000002506       0x48 build/src/kernel/utility.o
                                        0x294 (size before relaxing)
 .debug_str     0x000000000000254e       0x68 build/src/kernel/scheduler.o
                                        0x8e2 (size before relaxing)
 .debug_str     0x00000000000025b6       0x55 build/src/kernel/slab.o
                                        0x938 (size before relaxing)
 .debug_str     0x000000000000260b       0xe3 build/src/kernel/slab_allocator.o
                                        0xc0b (size before relaxing)
 .debug_str     0x00000000000026ee      0x24a build/src/user/syscall_c.o
                                        0x523 (size before relaxing)
 .debug_str     0x0000000000002938       0x18 build/src/user/_semaphore.o
                                        0x2aa (size before relaxing)
 .debug_str     0x0000000000002950       0x15 build/src/user/_thread.o
                                        0x2cd (size before relaxing)
 .debug_str     0x0000000000002965      0x15f build/src/user/tests/buffer_CPP_API.o
                                        0x442 (size before relaxing)
 .debug_str     0x0000000000002ac4      0x838 build/src/user/tests/userMain.o
                                        0xd42 (size before relaxing)
 .debug_str     0x00000000000032fc       0x94 build/src/user/tests/buffer.o
                                        0x453 (size before relaxing)
 .debug_str     0x0000000000003390       0x2e build/src/user/printing.o
                                        0x2e0 (size before relaxing)
 .debug_str     0x00000000000033be      0x2dc build/src/user/syscall_cpp.o
                                        0x833 (size before relaxing)
 .debug_str     0x000000000000369a       0x65 build/src/user/user_wrappers.o
                                        0x2ab (size before relaxing)

.debug_loc      0x0000000000000000     0x7922
 .debug_loc     0x0000000000000000      0x45e build/src/kernel/system.o
 .debug_loc     0x000000000000045e      0x325 build/src/kernel/scb.o
 .debug_loc     0x0000000000000783      0x8b1 build/src/kernel/buddy_allocator.o
 .debug_loc     0x0000000000001034      0x293 build/src/kernel/tcb.o
 .debug_loc     0x00000000000012c7      0x600 build/src/kernel/memory_allocator.o
 .debug_loc     0x00000000000018c7      0x456 build/src/kernel/console_util.o
 .debug_loc     0x0000000000001d1d     0x16e5 build/src/kernel/riscv.o
 .debug_loc     0x0000000000003402      0x15f build/src/kernel/utility.o
 .debug_loc     0x0000000000003561      0x15c build/src/kernel/scheduler.o
 .debug_loc     0x00000000000036bd      0x31c build/src/kernel/slab.o
 .debug_loc     0x00000000000039d9     0x1171 build/src/kernel/slab_allocator.o
 .debug_loc     0x0000000000004b4a      0xbda build/src/user/syscall_c.o
 .debug_loc     0x0000000000005724       0x39 build/src/user/_semaphore.o
 .debug_loc     0x000000000000575d       0x39 build/src/user/_thread.o
 .debug_loc     0x0000000000005796      0x322 build/src/user/tests/buffer_CPP_API.o
 .debug_loc     0x0000000000005ab8     0x10c4 build/src/user/tests/userMain.o
 .debug_loc     0x0000000000006b7c      0x27e build/src/user/tests/buffer.o
 .debug_loc     0x0000000000006dfa      0x37a build/src/user/printing.o
 .debug_loc     0x0000000000007174      0x6f0 build/src/user/syscall_cpp.o
 .debug_loc     0x0000000000007864       0xbe build/src/user/user_wrappers.o

.debug_ranges   0x0000000000000000      0x750
 .debug_ranges  0x0000000000000000       0x60 build/src/kernel/system.o
 .debug_ranges  0x0000000000000060       0xd0 build/src/kernel/buddy_allocator.o
 .debug_ranges  0x0000000000000130       0x60 build/src/kernel/memory_allocator.o
 .debug_ranges  0x0000000000000190      0x110 build/src/kernel/riscv.o
 .debug_ranges  0x00000000000002a0      0x190 build/src/kernel/slab_allocator.o
 .debug_ranges  0x0000000000000430      0x260 build/src/user/tests/userMain.o
 .debug_ranges  0x0000000000000690       0xc0 build/src/user/syscall_cpp.o

.comment        0x0000000000000000       0x53
 .comment       0x0000000000000000       0x29 build/src/kernel/system.o
                                         0x2a (size before relaxing)
 .comment       0x0000000000000029       0x2a build/src/kernel/scb.o
 .comment       0x0000000000000029       0x2a build/src/kernel/buddy_allocator.o
 .comment       0x0000000000000029       0x2a build/src/kernel/main.o
 .comment       0x0000000000000029       0x2a build/src/kernel/tcb.o
 .comment       0x0000000000000029       0x2a build/src/kernel/memory_allocator.o
 .comment       0x0000000000000029       0x2a build/src/kernel/console_util.o
 .comment       0x0000000000000029       0x2a build/src/kernel/riscv.o
 .comment       0x0000000000000029       0x2a build/src/kernel/utility.o
 .comment       0x0000000000000029       0x2a build/src/kernel/scheduler.o
 .comment       0x0000000000000029       0x2a build/src/kernel/slab.o
 .comment       0x0000000000000029       0x2a build/src/kernel/slab_allocator.o
 .comment       0x0000000000000029       0x2a build/src/user/syscall_c.o
 .comment       0x0000000000000029       0x2a build/src/user/_semaphore.o
 .comment       0x0000000000000029       0x2a build/src/user/_thread.o
 .comment       0x0000000000000029       0x2a build/src/user/tests/buffer_CPP_API.o
 .comment       0x0000000000000029       0x2a build/src/user/tests/userMain.o
 .comment       0x0000000000000029       0x2a build/src/user/tests/buffer.o
 .comment       0x0000000000000029       0x2a build/src/user/printing.o
 .comment       0x0000000000000029       0x2a build/src/user/syscall_cpp.o
 .comment       0x0000000000000029       0x2a build/src/user/user_wrappers.o
 .comment       0x0000000000000029       0x2a ./lib/hw.lib(start.o)
                                         0x2b (size before relaxing)
 .comment       0x0000000000000053       0x2b ./lib/hw.lib(main.o)
 .comment       0x0000000000000053       0x2b ./lib/hw.lib(proc.o)
 .comment       0x0000000000000053       0x2b ./lib/hw.lib(trap.o)
 .comment       0x0000000000000053       0x2b ./lib/hw.lib(plic.o)
 .comment       0x0000000000000053       0x2b ./lib/hw.lib(support_cpp.o)
 .comment       0x0000000000000053       0x2b ./lib/hw.lib(hw.o)
 .comment       0x0000000000000053       0x2b ./lib/hw.lib(console.o)
 .comment       0x0000000000000053       0x2b ./lib/hw.lib(printf.o)
 .comment       0x0000000000000053       0x2b ./lib/hw.lib(uart.o)
 .comment       0x0000000000000053       0x2b ./lib/hw.lib(kalloc.o)
 .comment       0x0000000000000053       0x2b ./lib/hw.lib(spinlock.o)
 .comment       0x0000000000000053       0x2b ./lib/hw.lib(string.o)

.note.GNU-stack
                0x0000000000000000        0x0
 .note.GNU-stack
                0x0000000000000000        0x0 build/src/kernel/system.o
 .note.GNU-stack
                0x0000000000000000        0x0 build/src/kernel/scb.o
 .note.GNU-stack
                0x0000000000000000        0x0 build/src/kernel/buddy_allocator.o
 .note.GNU-stack
                0x0000000000000000        0x0 build/src/kernel/main.o
 .note.GNU-stack
                0x0000000000000000        0x0 build/src/kernel/tcb.o
 .note.GNU-stack
                0x0000000000000000        0x0 build/src/kernel/memory_allocator.o
 .note.GNU-stack
                0x0000000000000000        0x0 build/src/kernel/console_util.o
 .note.GNU-stack
                0x0000000000000000        0x0 build/src/kernel/riscv.o
 .note.GNU-stack
                0x0000000000000000        0x0 build/src/kernel/utility.o
 .note.GNU-stack
                0x0000000000000000        0x0 build/src/kernel/scheduler.o
 .note.GNU-stack
                0x0000000000000000        0x0 build/src/kernel/slab.o
 .note.GNU-stack
                0x0000000000000000        0x0 build/src/kernel/slab_allocator.o
 .note.GNU-stack
                0x0000000000000000        0x0 build/src/user/syscall_c.o
 .note.GNU-stack
                0x0000000000000000        0x0 build/src/user/_semaphore.o
 .note.GNU-stack
                0x0000000000000000        0x0 build/src/user/_thread.o
 .note.GNU-stack
                0x0000000000000000        0x0 build/src/user/tests/buffer_CPP_API.o
 .note.GNU-stack
                0x0000000000000000        0x0 build/src/user/tests/userMain.o
 .note.GNU-stack
                0x0000000000000000        0x0 build/src/user/tests/buffer.o
 .note.GNU-stack
                0x0000000000000000        0x0 build/src/user/printing.o
 .note.GNU-stack
                0x0000000000000000        0x0 build/src/user/syscall_cpp.o
 .note.GNU-stack
                0x0000000000000000        0x0 build/src/user/user_wrappers.o
 .note.GNU-stack
                0x0000000000000000        0x0 ./lib/hw.lib(start.o)
 .note.GNU-stack
                0x0000000000000000        0x0 ./lib/hw.lib(main.o)
 .note.GNU-stack
                0x0000000000000000        0x0 ./lib/hw.lib(proc.o)
 .note.GNU-stack
                0x0000000000000000        0x0 ./lib/hw.lib(trap.o)
 .note.GNU-stack
                0x0000000000000000        0x0 ./lib/hw.lib(plic.o)
 .note.GNU-stack
                0x0000000000000000        0x0 ./lib/hw.lib(support_cpp.o)
 .note.GNU-stack
                0x0000000000000000        0x0 ./lib/hw.lib(hw.o)
 .note.GNU-stack
                0x0000000000000000        0x0 ./lib/hw.lib(console.o)
 .note.GNU-stack
                0x0000000000000000        0x0 ./lib/hw.lib(printf.o)
 .note.GNU-stack
                0x0000000000000000        0x0 ./lib/hw.lib(uart.o)
 .note.GNU-stack
                0x0000000000000000        0x0 ./lib/hw.lib(kalloc.o)
 .note.GNU-stack
                0x0000000000000000        0x0 ./lib/hw.lib(spinlock.o)
 .note.GNU-stack
                0x0000000000000000        0x0 ./lib/hw.lib(string.o)
