Archive member included to satisfy reference by file (symbol)

./lib/hw.lib(entry.o)         (_entry)
./lib/hw.lib(start.o)         ./lib/hw.lib(entry.o) (start)
./lib/hw.lib(main.o)          ./lib/hw.lib(start.o) (system_main)
./lib/hw.lib(proc.o)          ./lib/hw.lib(main.o) (cpuid)
./lib/hw.lib(trap.o)          ./lib/hw.lib(main.o) (trapinit)
./lib/hw.lib(kernelvec.o)     ./lib/hw.lib(trap.o) (kernelvec)
./lib/hw.lib(plic.o)          ./lib/hw.lib(main.o) (plicinit)
./lib/hw.lib(support_cpp.o)   build/src/kernel/riscv.o (_Unwind_Resume)
./lib/hw.lib(hw.o)            build/src/kernel/riscv.o (CONSOLE_RX_DATA)
./lib/hw.lib(console.o)       ./lib/hw.lib(main.o) (consoleinit)
./lib/hw.lib(printf.o)        ./lib/hw.lib(main.o) (panic)
./lib/hw.lib(uart.o)          ./lib/hw.lib(console.o) (uartinit)
./lib/hw.lib(kalloc.o)        ./lib/hw.lib(main.o) (kinit)
./lib/hw.lib(spinlock.o)      ./lib/hw.lib(trap.o) (initlock)
./lib/hw.lib(string.o)        ./lib/hw.lib(kalloc.o) (__memset)

Discarded input sections

 .group         0x0000000000000000        0xc build/src/kernel/scb.o
 .group         0x0000000000000000        0xc build/src/kernel/tcb.o
 .data.rel.local.DW.ref.__gxx_personality_v0
                0x0000000000000000        0x8 build/src/kernel/tcb.o
 .group         0x0000000000000000        0xc build/src/kernel/riscv.o
 .data.rel.local.DW.ref.__gxx_personality_v0
                0x0000000000000000        0x8 build/src/kernel/riscv.o
 .group         0x0000000000000000        0xc build/src/kernel/consoleUtil.o
 .data.rel.local.DW.ref.__gxx_personality_v0
                0x0000000000000000        0x8 build/src/kernel/consoleUtil.o
 .group         0x0000000000000000        0xc build/src/user/tests/buffer_CPP_API.o
 .data.rel.local.DW.ref.__gxx_personality_v0
                0x0000000000000000        0x8 build/src/user/tests/buffer_CPP_API.o
 .group         0x0000000000000000        0xc build/src/user/tests/userMain.o
 .group         0x0000000000000000       0x14 build/src/user/tests/userMain.o
 .group         0x0000000000000000       0x14 build/src/user/tests/userMain.o
 .group         0x0000000000000000       0x14 build/src/user/tests/userMain.o
 .group         0x0000000000000000        0xc build/src/user/tests/userMain.o
 .group         0x0000000000000000        0xc build/src/user/tests/userMain.o
 .group         0x0000000000000000        0xc build/src/user/tests/userMain.o
 .group         0x0000000000000000        0xc build/src/user/tests/userMain.o
 .group         0x0000000000000000        0xc build/src/user/tests/userMain.o
 .group         0x0000000000000000        0xc build/src/user/tests/userMain.o
 .data.rel.local.DW.ref.__gxx_personality_v0
                0x0000000000000000        0x8 build/src/user/tests/userMain.o
 .group         0x0000000000000000        0xc build/src/user/tests/buffer.o
 .data.rel.local.DW.ref.__gxx_personality_v0
                0x0000000000000000        0x8 build/src/user/tests/buffer.o
 .group         0x0000000000000000       0x14 build/src/user/userWrappers.o
 .group         0x0000000000000000       0x14 build/src/user/userWrappers.o
 .group         0x0000000000000000        0xc build/src/user/userWrappers.o
 .group         0x0000000000000000        0xc build/src/user/userWrappers.o
 .data.rel.local.DW.ref.__gxx_personality_v0
                0x0000000000000000        0x8 build/src/user/userWrappers.o
 .group         0x0000000000000000        0x8 build/src/user/syscall_cpp.o
 .group         0x0000000000000000        0x8 build/src/user/syscall_cpp.o
 .group         0x0000000000000000       0x14 build/src/user/syscall_cpp.o
 .group         0x0000000000000000        0xc build/src/user/syscall_cpp.o
 .group         0x0000000000000000        0xc build/src/user/syscall_cpp.o
 .group         0x0000000000000000        0xc build/src/user/syscall_cpp.o
 .group         0x0000000000000000        0xc build/src/user/syscall_cpp.o
 .data.rel.local.DW.ref.__gxx_personality_v0
                0x0000000000000000        0x8 build/src/user/syscall_cpp.o

Memory Configuration

Name             Origin             Length             Attributes
*default*        0x0000000000000000 0xffffffffffffffff

Linker script and memory map

                0x0000000080000000                . = 0x80000000

.text           0x0000000080000000     0x7000
 *(.entry_os)
 .entry_os      0x0000000080000000       0x24 ./lib/hw.lib(entry.o)
                0x0000000080000000                _entry
                0x0000000080001000                . = ALIGN (0x1000)
 *fill*         0x0000000080000024      0xfdc 
                [!provide]                        PROVIDE (kernelTextStart = .)
 EXCLUDE_FILE(build/src/user/*) *(.text .text.*)
 .text          0x0000000080001000      0x120 build/src/kernel/supervisorTrap.o
                0x0000000080001000                RiscV::supervisorTrap()
 .text          0x0000000080001120       0x14 build/src/kernel/contextSwitch.o
                0x0000000080001120                TCB::contextSwitch(TCB::Context*, TCB::Context*)
 .text          0x0000000080001134      0xc98 build/src/kernel/slabAllocator.o
                0x0000000080001134                SlabAllocator::shrinkCache(Cache*)
                0x000000008000119c                SlabAllocator::printSlab(Slab*)
                0x00000000800012fc                SlabAllocator::printCache(Cache*)
                0x0000000080001504                SlabAllocator::insertIntoList(Slab*&, Slab*)
                0x0000000080001534                SlabAllocator::allocateSlab(Cache*)
                0x0000000080001640                SlabAllocator::removeFromList(Slab*&, Slab*)
                0x0000000080001694                SlabAllocator::move(Slab*&, Slab*&, Slab*)
                0x00000000800016e8                SlabAllocator::allocateSlot(Slab*)
                0x00000000800017d8                SlabAllocator::allocateObject(Cache*)
                0x0000000080001874                SlabAllocator::allocateBuffer(unsigned long)
                0x0000000080001914                SlabAllocator::createCache(char const*, unsigned long, void (*)(void*), void (*)(void*))
                0x00000000800019b8                SlabAllocator::initialize(void*, unsigned long)
                0x0000000080001aa8                SlabAllocator::freeSlot(Slab*, unsigned long)
                0x0000000080001b90                SlabAllocator::freeObject(Cache*, void const*)
                0x0000000080001c84                SlabAllocator::freeBuffer(void const*)
                0x0000000080001cf0                SlabAllocator::deleteCache(Cache*&)
 .text          0x0000000080001dcc       0xb0 build/src/kernel/system.o
                0x0000000080001dcc                ctor(void*)
                0x0000000080001dfc                System::System()
                0x0000000080001dfc                System::System()
 .text          0x0000000080001e7c      0x5d4 build/src/kernel/buddyAllocator.o
                0x0000000080001edc                Buddy::initialize(void*, unsigned long)
                0x0000000080001fe4                Buddy::compress(unsigned long)
                0x00000000800020ec                Buddy::insert(void*, unsigned long)
                0x00000000800021d4                Buddy::free(void*, unsigned long)
                0x0000000080002204                Buddy::split(Buddy::Block*, int, int)
                0x00000000800022ac                Buddy::alloc(unsigned long)
                0x0000000080002360                Buddy::printList()
 .text          0x0000000080002450      0x2d0 build/src/kernel/scb.o
                0x0000000080002450                SCB::ctor(void*)
                0x0000000080002470                SCB::dtor(void*)
                0x0000000080002490                SCB::initialize()
                0x00000000800024dc                SCB::SCB(unsigned long)
                0x00000000800024dc                SCB::SCB(unsigned long)
                0x00000000800024f8                SCB::~SCB()
                0x00000000800024f8                SCB::~SCB()
                0x0000000080002550                SCB::block()
                0x00000000800025b8                SCB::deblock()
                0x0000000080002604                SCB::wait()
                0x0000000080002654                SCB::signal()
                0x0000000080002690                SCB::operator new(unsigned long)
                0x00000000800026c0                SCB::operator delete(void*)
                0x00000000800026f4                SCB::semaphore_free(void*)
 .text          0x0000000080002720       0x30 build/src/kernel/main.o
                0x0000000080002720                main
 .text          0x0000000080002750      0x354 build/src/kernel/tcb.o
                0x0000000080002750                TCB::ctor(void*)
                0x0000000080002778                TCB::dtor(void*)
                0x00000000800027a0                TCB::wrapper(void*)
                0x00000000800027e4                TCB::TCB(void (*)(void*), void*, unsigned long*, unsigned long)
                0x00000000800027e4                TCB::TCB(void (*)(void*), void*, unsigned long*, unsigned long)
                0x000000008000284c                TCB::free()
                0x0000000080002878                TCB::~TCB()
                0x0000000080002878                TCB::~TCB()
                0x00000000800028a0                TCB::dispatch()
                0x0000000080002920                TCB::operator new(unsigned long)
                0x0000000080002950                TCB::initialize()
                0x0000000080002a44                TCB::operator delete(void*)
                0x0000000080002a78                TCB::thread_free(void*)
 .text          0x0000000080002aa4      0x4ac build/src/kernel/memoryAllocator.o
                0x0000000080002aa4                MemoryAllocator::initialize()
                0x0000000080002b24                MemoryAllocator::kmalloc(unsigned long)
                0x0000000080002c8c                MemoryAllocator::insertAndMerge(void*, MemoryAllocator::BlockHeader**)
                0x0000000080002d5c                MemoryAllocator::kfree(void*)
                0x0000000080002e10                MemoryAllocator::showMemory()
                0x0000000080002f10                MemoryAllocator::memcpy(void*, void*, unsigned long)
 .text          0x0000000080002f50     0x13a8 build/src/kernel/riscv.o
                0x0000000080002f50                RiscV::popSppSpie()
                0x0000000080002fa8                RiscV::executeThreadDispatchSyscall()
                0x0000000080002fe4                RiscV::executePutcSyscall()
                0x0000000080003034                RiscV::jumpToDesignatedPrivilegeMode()
                0x0000000080003078                RiscV::finalize()
                0x000000008000312c                RiscV::saveA0toSscratch()
                0x0000000080003164                RiscV::executeMemAllocSyscall()
                0x000000008000319c                RiscV::executeMemFreeSyscall()
                0x00000000800031ec                RiscV::executeThreadCreateSyscall()
                0x00000000800032c0                RiscV::executeThreadAttachBodySyscall()
                0x0000000080003388                RiscV::executeThreadStartSyscall()
                0x00000000800033e0                RiscV::executeThreadExitSyscall()
                0x0000000080003438                RiscV::executeSemOpenSyscall()
                0x00000000800034d4                RiscV::executeSemCloseSyscall()
                0x0000000080003534                RiscV::executeSemWaitSyscall()
                0x0000000080003594                RiscV::executeSemSignalSyscall()
                0x00000000800035dc                RiscV::executeTimeSleepSyscall()
                0x0000000080003654                RiscV::executeGetcSyscall()
                0x00000000800036ec                RiscV::executePutcUtilSyscall()
                0x0000000080003720                RiscV::executeThreadFreeSyscall()
                0x0000000080003788                RiscV::executeSemaphoreFreeSyscall()
                0x00000000800037e4                RiscV::executeForkSyscall()
                0x0000000080003938                RiscV::getPC()
                0x0000000080003964                RiscV::handleSupervisorTrap()
                0x0000000080003dc4                RiscV::threadCreateUtil(TCB**, void (*)(void*), void*)
                0x0000000080003e40                RiscV::threadExitUtil()
                0x0000000080003e60                RiscV::threadDispatchUtil()
                0x0000000080003e80                RiscV::putcWrapper(void*)
                0x0000000080003f08                RiscV::getPMT()
                0x0000000080003f54                RiscV::handlePageFault(void*, unsigned long, unsigned long)
                0x000000008000403c                RiscV::buildSection(void*, unsigned long, unsigned long, unsigned long)
                0x00000000800040a8                RiscV::buildKernelPMT()
                0x0000000080004248                RiscV::initialize()
 .text          0x00000000800042f8       0x8c build/src/kernel/utility.o
                0x00000000800042f8                strcpy(char const*, char*)
                0x0000000080004334                strcat(char*, char const*)
 .text          0x0000000080004384      0x214 build/src/kernel/scheduler.o
                0x0000000080004384                Scheduler::initialize()
                0x000000008000439c                Scheduler::put(TCB*)
                0x00000000800043e4                Scheduler::get()
                0x0000000080004418                Scheduler::sleep(TCB*)
                0x0000000080004470                Scheduler::awake()
                0x00000000800044d8                Scheduler::showScheduler()
                0x0000000080004538                Scheduler::showSleeping()
 .text          0x0000000080004598      0x44c build/src/kernel/consoleUtil.o
                0x0000000080004598                ConsoleUtil::initialize()
                0x0000000080004650                ConsoleUtil::putInput(char)
                0x00000000800046c0                ConsoleUtil::getInput()
                0x0000000080004738                ConsoleUtil::putOutput(char)
                0x00000000800047b8                ConsoleUtil::getOutput()
                0x0000000080004830                ConsoleUtil::printString(char const*)
                0x0000000080004874                ConsoleUtil::printInt(int, int, int)
                0x0000000080004950                ConsoleUtil::print(char const*, int, char const*, int)
                0x00000000800049bc                ConsoleUtil::putcUtilSyscall()
 .text          0x00000000800049e4      0x170 build/src/kernel/slab.o
                0x00000000800049e4                kmem_init(void*, int)
                0x0000000080004a0c                kmem_cache_create(char const*, unsigned long, void (*)(void*), void (*)(void*))
                0x0000000080004a34                kmem_cache_alloc(Cache*)
                0x0000000080004a5c                kmem_cache_free(Cache*, void*)
                0x0000000080004a84                kmem_cache_destroy(Cache*)
                0x0000000080004ab4                kmem_cache_info(Cache*)
                0x0000000080004adc                kmem_cache_shrink(Cache*)
                0x0000000080004b04                kmalloc(unsigned long)
                0x0000000080004b2c                kfree(void const*)
 .text          0x0000000080004b54        0x0 ./lib/hw.lib(entry.o)
 .text          0x0000000080004b54      0x18c ./lib/hw.lib(start.o)
                0x0000000080004b54                start
                0x0000000080004c54                timerinit
 .text          0x0000000080004ce0       0xd8 ./lib/hw.lib(main.o)
                0x0000000080004ce0                system_main
 .text          0x0000000080004db8      0x100 ./lib/hw.lib(proc.o)
                0x0000000080004db8                cpuid
                0x0000000080004dd8                mycpu
                0x0000000080004e08                userinit
                0x0000000080004e24                either_copyout
                0x0000000080004e70                either_copyin
 .text          0x0000000080004eb8      0x32c ./lib/hw.lib(trap.o)
                0x0000000080004eb8                trapinit
                0x0000000080004ee4                trapinithart
                0x0000000080004f08                usertrap
                0x0000000080004f20                usertrapret
                0x0000000080004f38                kerneltrap
                0x0000000080005080                clockintr
                0x00000000800050d8                devintr
 *fill*         0x00000000800051e4        0xc 
 .text          0x00000000800051f0      0x150 ./lib/hw.lib(kernelvec.o)
                0x00000000800051f0                kernelvec
                0x0000000080005300                timervec
 .text          0x0000000080005340       0xf0 ./lib/hw.lib(plic.o)
                0x0000000080005340                plicinit
                0x0000000080005368                plicinithart
                0x00000000800053b4                plic_claim
                0x00000000800053ec                plic_complete
 .text          0x0000000080005430        0x0 ./lib/hw.lib(support_cpp.o)
 .text          0x0000000080005430        0x0 ./lib/hw.lib(hw.o)
 .text          0x0000000080005430      0x36c ./lib/hw.lib(console.o)
                0x0000000080005430                consolewrite
                0x00000000800054d4                consoleread
                0x0000000080005614                consputc
                0x0000000080005664                consoleintr
                0x00000000800056f8                consoleinit
                0x000000008000575c                console_read
                0x000000008000577c                console_write
 .text          0x000000008000579c      0x738 ./lib/hw.lib(printf.o)
                0x000000008000579c                panic
                0x00000000800057f8                __printf
                0x0000000080005e8c                printfinit
 .text          0x0000000080005ed4      0x344 ./lib/hw.lib(uart.o)
                0x0000000080005ed4                uartinit
                0x0000000080005f18                uartputc
                0x0000000080006010                uartputc_sync
                0x0000000080006054                uartstart
                0x00000000800060c8                uartgetc
                0x0000000080006100                uartintr
 .text          0x0000000080006218      0x290 ./lib/hw.lib(kalloc.o)
                0x0000000080006218                kinit
                0x00000000800062f0                freerange
                0x00000000800063d0                kfree
                0x0000000080006450                kalloc
 .text          0x00000000800064a8      0x3e0 ./lib/hw.lib(spinlock.o)
                0x00000000800064a8                initlock
                0x00000000800064cc                acquire
                0x0000000080006598                release
                0x0000000080006660                holding
                0x00000000800066ac                push_off
                0x0000000080006720                pop_off
                0x000000008000679c                push_on
                0x0000000080006810                pop_on
 .text          0x0000000080006888      0x394 ./lib/hw.lib(string.o)
                0x0000000080006888                __memset
                0x0000000080006aa4                __memmove
                0x0000000080007000                . = ALIGN (0x1000)
 *fill*         0x0000000080006c1c      0x3e4 
                0x0000000080007000                PROVIDE (kernelTextEnd = .)

.rodata         0x0000000080007000      0x737
                0x0000000080007000                . = ALIGN (0x10)
 EXCLUDE_FILE(build/src/user/*) *(.srodata .srodata.*)
 .srodata       0x0000000080007000       0x18 ./lib/hw.lib(hw.o)
                0x0000000080007000                CONSOLE_RX_DATA
                0x0000000080007008                CONSOLE_TX_DATA
                0x0000000080007010                CONSOLE_STATUS
                0x0000000080007020                . = ALIGN (0x10)
 *fill*         0x0000000080007018        0x8 
 EXCLUDE_FILE(build/src/user/*) *(.rodata .rodata.*)
 .rodata.str1.8
                0x0000000080007020      0x284 build/src/kernel/slabAllocator.o
                                        0x29c (size before relaxing)
 *fill*         0x00000000800072a4        0x4 
 .rodata.str1.8
                0x00000000800072a8        0x3 build/src/kernel/buddyAllocator.o
                                         0x12 (size before relaxing)
 *fill*         0x00000000800072ab        0x5 
 .rodata.str1.8
                0x00000000800072b0        0xa build/src/kernel/scb.o
 *fill*         0x00000000800072ba        0x6 
 .rodata.str1.8
                0x00000000800072c0        0xa build/src/kernel/tcb.o
 *fill*         0x00000000800072ca        0x6 
 .rodata.str1.8
                0x00000000800072d0       0x82 build/src/kernel/memoryAllocator.o
 *fill*         0x0000000080007352        0x6 
 .rodata.str1.8
                0x0000000080007358       0x6b build/src/kernel/riscv.o
                                         0x73 (size before relaxing)
 *fill*         0x00000000800073c3        0x1 
 .rodata        0x00000000800073c4      0x188 build/src/kernel/riscv.o
 .rodata.str1.8
                0x000000008000754c        0x2 build/src/kernel/scheduler.o
 *fill*         0x000000008000754c        0x4 
 .rodata.str1.8
                0x0000000080007550       0x11 build/src/kernel/consoleUtil.o
 *fill*         0x0000000080007561        0x7 
 .rodata.str1.8
                0x0000000080007568       0x51 ./lib/hw.lib(main.o)
                                         0x59 (size before relaxing)
 *fill*         0x00000000800075b9        0x7 
 .rodata.str1.8
                0x00000000800075c0       0x4b ./lib/hw.lib(proc.o)
 *fill*         0x000000008000760b        0x5 
 .rodata.str1.8
                0x0000000080007610       0x7b ./lib/hw.lib(trap.o)
 *fill*         0x000000008000768b        0x5 
 .rodata.str1.8
                0x0000000080007690        0x5 ./lib/hw.lib(console.o)
 *fill*         0x0000000080007695        0x3 
 .rodata.str1.8
                0x0000000080007698       0x23 ./lib/hw.lib(printf.o)
                                         0x2b (size before relaxing)
 *fill*         0x00000000800076bb        0x5 
 .rodata        0x00000000800076c0       0x11 ./lib/hw.lib(printf.o)
 *fill*         0x00000000800076d1        0x7 
 .rodata.str1.8
                0x00000000800076d8        0x6 ./lib/hw.lib(kalloc.o)
 *fill*         0x00000000800076de        0x2 
 .rodata.str1.8
                0x00000000800076e0       0x57 ./lib/hw.lib(spinlock.o)

.gcc_except_table
                0x0000000080007737      0x2c4
 .gcc_except_table
                0x0000000080007737        0x4 build/src/kernel/scb.o
 .gcc_except_table
                0x000000008000773b        0x4 build/src/kernel/tcb.o
 .gcc_except_table
                0x000000008000773f       0xc6 build/src/kernel/riscv.o
 .gcc_except_table
                0x0000000080007805       0x52 build/src/kernel/consoleUtil.o
 .gcc_except_table
                0x0000000080007857       0xa5 build/src/user/tests/buffer_CPP_API.o
 .gcc_except_table
                0x00000000800078fc       0xd5 build/src/user/tests/userMain.o
 .gcc_except_table
                0x00000000800079d1        0x4 build/src/user/tests/buffer.o
 .gcc_except_table
                0x00000000800079d5       0x1e build/src/user/userWrappers.o
 .gcc_except_table
                0x00000000800079f3        0x8 build/src/user/syscall_cpp.o

.gcc_except_table._ZN10ForkThread3runEv
                0x00000000800079fb       0x2b
 .gcc_except_table._ZN10ForkThread3runEv
                0x00000000800079fb       0x2b build/src/user/userWrappers.o

.data           0x0000000080007a28       0x98
                0x0000000080007a30                . = ALIGN (0x10)
 *fill*         0x0000000080007a28        0x8 
 EXCLUDE_FILE(build/src/user/*) *(.sdata .sdata.*)
 .sdata         0x0000000080007a30       0x10 ./lib/hw.lib(hw.o)
                0x0000000080007a30                HEAP_END_ADDR
                0x0000000080007a38                HEAP_START_ADDR
                0x0000000080007a40                . = ALIGN (0x10)
 EXCLUDE_FILE(build/src/user/*) *(.data .data.*)
 .data          0x0000000080007a40        0x0 build/src/kernel/supervisorTrap.o
 .data          0x0000000080007a40        0x0 build/src/kernel/contextSwitch.o
 .data          0x0000000080007a40        0x0 build/src/kernel/slabAllocator.o
 .data.rel.local
                0x0000000080007a40       0x68 build/src/kernel/slabAllocator.o
                0x0000000080007a40                SlabAllocator::names
 .data          0x0000000080007aa8        0x0 build/src/kernel/system.o
 .data          0x0000000080007aa8        0x8 build/src/kernel/buddyAllocator.o
                0x0000000080007aa8                Buddy::BLOCKS_AVAILABLE
 .data          0x0000000080007ab0        0x0 build/src/kernel/scb.o
 .data.rel.local.DW.ref.__gxx_personality_v0
                0x0000000080007ab0        0x8 build/src/kernel/scb.o
                0x0000000080007ab0                DW.ref.__gxx_personality_v0
 .data          0x0000000080007ab8        0x0 build/src/kernel/main.o
 .data          0x0000000080007ab8        0x0 build/src/kernel/tcb.o
 .data          0x0000000080007ab8        0x0 build/src/kernel/memoryAllocator.o
 .data          0x0000000080007ab8        0x0 build/src/kernel/riscv.o
 .data          0x0000000080007ab8        0x0 build/src/kernel/utility.o
 .data          0x0000000080007ab8        0x0 build/src/kernel/scheduler.o
 .data          0x0000000080007ab8        0x8 build/src/kernel/consoleUtil.o
                0x0000000080007ab8                ConsoleUtil::bufferSize
 .data          0x0000000080007ac0        0x0 build/src/kernel/slab.o
 .data          0x0000000080007ac0        0x0 ./lib/hw.lib(entry.o)
 .data          0x0000000080007ac0        0x0 ./lib/hw.lib(start.o)
 .data          0x0000000080007ac0        0x0 ./lib/hw.lib(main.o)
 .data          0x0000000080007ac0        0x0 ./lib/hw.lib(proc.o)
 .data          0x0000000080007ac0        0x0 ./lib/hw.lib(trap.o)
 .data          0x0000000080007ac0        0x0 ./lib/hw.lib(kernelvec.o)
 .data          0x0000000080007ac0        0x0 ./lib/hw.lib(plic.o)
 .data          0x0000000080007ac0        0x0 ./lib/hw.lib(support_cpp.o)
 .data          0x0000000080007ac0        0x0 ./lib/hw.lib(hw.o)
 .data          0x0000000080007ac0        0x0 ./lib/hw.lib(console.o)
 .data          0x0000000080007ac0        0x0 ./lib/hw.lib(printf.o)
 .data          0x0000000080007ac0        0x0 ./lib/hw.lib(uart.o)
 .data          0x0000000080007ac0        0x0 ./lib/hw.lib(kalloc.o)
 .data          0x0000000080007ac0        0x0 ./lib/hw.lib(spinlock.o)
 .data          0x0000000080007ac0        0x0 ./lib/hw.lib(string.o)

.got            0x0000000080007ac0       0xe8
 .got           0x0000000080007ac0       0xe8 build/src/kernel/supervisorTrap.o
                0x0000000080007ac0                _GLOBAL_OFFSET_TABLE_

.got.plt        0x0000000080007ba8       0x10
 .got.plt       0x0000000080007ba8       0x10 build/src/kernel/supervisorTrap.o

.init_array     0x0000000080007bb8        0x8
 .init_array    0x0000000080007bb8        0x8 build/src/kernel/buddyAllocator.o

.bss            0x0000000080007bc0     0x54d0
                0x0000000080007bc0                . = ALIGN (0x10)
 EXCLUDE_FILE(build/src/user/*) *(.sbss .sbss.*)
 .sbss          0x0000000080007bc0        0x4 ./lib/hw.lib(main.o)
 .sbss          0x0000000080007bc4        0x4 ./lib/hw.lib(trap.o)
                0x0000000080007bc4                ticks
 .sbss          0x0000000080007bc8        0x4 ./lib/hw.lib(printf.o)
                0x0000000080007bc8                panicked
 *fill*         0x0000000080007bcc        0x4 
 .sbss          0x0000000080007bd0       0x10 ./lib/hw.lib(uart.o)
                0x0000000080007bd0                uart_tx_r
                0x0000000080007bd8                uart_tx_w
 .sbss          0x0000000080007be0        0x8 ./lib/hw.lib(kalloc.o)
                0x0000000080007be0                kmem
                0x0000000080007bf0                . = ALIGN (0x10)
 *fill*         0x0000000080007be8        0x8 
 EXCLUDE_FILE(build/src/user/*) *(.bss .bss.*)
 .bss           0x0000000080007bf0        0x0 build/src/kernel/supervisorTrap.o
 .bss           0x0000000080007bf0        0x0 build/src/kernel/contextSwitch.o
 .bss           0x0000000080007bf0       0x80 build/src/kernel/slabAllocator.o
                0x0000000080007bf0                SlabAllocator::sizeN
                0x0000000080007c58                SlabAllocator::cache
                0x0000000080007c60                SlabAllocator::startAddr
                0x0000000080007c68                SlabAllocator::blocksResponsibleFor
 .bss           0x0000000080007c70        0x1 build/src/kernel/system.o
                0x0000000080007c70                System::initialized
 *fill*         0x0000000080007c71        0x7 
 .bss           0x0000000080007c78       0xe0 build/src/kernel/buddyAllocator.o
                0x0000000080007c78                Buddy::BUDDY_START_ADDR
                0x0000000080007c80                Buddy::BUDDY_META_DATA_ADDR
                0x0000000080007c88                Buddy::tail
                0x0000000080007cf0                Buddy::head
 .bss           0x0000000080007d58        0x8 build/src/kernel/scb.o
                0x0000000080007d58                SCB::scbCache
 .bss           0x0000000080007d60        0x0 build/src/kernel/main.o
 .bss           0x0000000080007d60       0x30 build/src/kernel/tcb.o
                0x0000000080007d60                TCB::running
                0x0000000080007d68                TCB::tcbCache
                0x0000000080007d70                TCB::putcThread
                0x0000000080007d78                TCB::timeSliceCounter
                0x0000000080007d80                TCB::currentSP
                0x0000000080007d88                TCB::currentPC
 .bss           0x0000000080007d90       0x21 build/src/kernel/memoryAllocator.o
                0x0000000080007d90                MemoryAllocator::freeMemTail
                0x0000000080007d98                MemoryAllocator::freeMemHead
                0x0000000080007da0                MemoryAllocator::allocMemTail
                0x0000000080007da8                MemoryAllocator::allocMemHead
                0x0000000080007db0                MemoryAllocator::initialized
 *fill*         0x0000000080007db1        0x7 
 .bss           0x0000000080007db8       0x20 build/src/kernel/riscv.o
                0x0000000080007db8                RiscV::userMainFinished
                0x0000000080007dc0                RiscV::globalTime
                0x0000000080007dc8                RiscV::kPMT
                0x0000000080007dd0                RiscV::uPMT
 .bss           0x0000000080007dd8        0x0 build/src/kernel/utility.o
 .bss           0x0000000080007dd8       0x18 build/src/kernel/scheduler.o
                0x0000000080007dd8                Scheduler::readyHead
                0x0000000080007de0                Scheduler::readyTail
                0x0000000080007de8                Scheduler::sleepingHead
 .bss           0x0000000080007df0     0x4040 build/src/kernel/consoleUtil.o
                0x0000000080007df0                ConsoleUtil::inputSem
                0x0000000080007df8                ConsoleUtil::outputSem
                0x0000000080007e00                ConsoleUtil::inputTail
                0x0000000080007e08                ConsoleUtil::inputHead
                0x0000000080007e10                ConsoleUtil::pendingPutc
                0x0000000080007e18                ConsoleUtil::outputTail
                0x0000000080007e20                ConsoleUtil::outputHead
                0x0000000080007e28                ConsoleUtil::outputBuffer
                0x0000000080009e28                ConsoleUtil::inputBuffer
                0x000000008000be28                ConsoleUtil::pendingGetc
 .bss           0x000000008000be30        0x0 build/src/kernel/slab.o
 .bss           0x000000008000be30        0x0 ./lib/hw.lib(entry.o)
 .bss           0x000000008000be30     0x1030 ./lib/hw.lib(start.o)
                0x000000008000be30                timer_scratch
                0x000000008000be60                stack0
 .bss           0x000000008000ce60        0x0 ./lib/hw.lib(main.o)
 .bss           0x000000008000ce60       0x80 ./lib/hw.lib(proc.o)
                0x000000008000ce60                cpus
 .bss           0x000000008000cee0       0x18 ./lib/hw.lib(trap.o)
                0x000000008000cee0                tickslock
 .bss           0x000000008000cef8        0x0 ./lib/hw.lib(kernelvec.o)
 .bss           0x000000008000cef8        0x0 ./lib/hw.lib(plic.o)
 .bss           0x000000008000cef8       0x10 ./lib/hw.lib(support_cpp.o)
                0x000000008000cef8                _Unwind_Resume
                0x000000008000cf00                __gxx_personality_v0
 .bss           0x000000008000cf08        0x0 ./lib/hw.lib(hw.o)
 .bss           0x000000008000cf08      0x148 ./lib/hw.lib(console.o)
                0x000000008000cf08                cons
                0x000000008000cfb0                devsw
 .bss           0x000000008000d050       0x20 ./lib/hw.lib(printf.o)
 .bss           0x000000008000d070       0x20 ./lib/hw.lib(uart.o)
                0x000000008000d070                uart_tx_buf
 .bss           0x000000008000d090        0x0 ./lib/hw.lib(kalloc.o)
 .bss           0x000000008000d090        0x0 ./lib/hw.lib(spinlock.o)
 .bss           0x000000008000d090        0x0 ./lib/hw.lib(string.o)

.eh_frame       0x000000008000d090     0x1438
 EXCLUDE_FILE(build/src/user/*) *(.eh_frame .eh_frame.*)
 .eh_frame      0x000000008000d090      0x320 build/src/kernel/slabAllocator.o
 .eh_frame      0x000000008000d3b0       0x50 build/src/kernel/system.o
                                         0x60 (size before relaxing)
 .eh_frame      0x000000008000d400      0x188 build/src/kernel/buddyAllocator.o
                                        0x198 (size before relaxing)
 .eh_frame      0x000000008000d588      0x200 build/src/kernel/scb.o
                                        0x210 (size before relaxing)
 .eh_frame      0x000000008000d788       0x28 build/src/kernel/main.o
                                         0x40 (size before relaxing)
 .eh_frame      0x000000008000d7b0      0x1c0 build/src/kernel/tcb.o
                                        0x1f0 (size before relaxing)
 .eh_frame      0x000000008000d970       0xf8 build/src/kernel/memoryAllocator.o
                                        0x108 (size before relaxing)
 .eh_frame      0x000000008000da68      0x5f0 build/src/kernel/riscv.o
                                        0x620 (size before relaxing)
 .eh_frame      0x000000008000e058       0x50 build/src/kernel/utility.o
                                         0x68 (size before relaxing)
 .eh_frame      0x000000008000e0a8      0x120 build/src/kernel/scheduler.o
                                        0x130 (size before relaxing)
 .eh_frame      0x000000008000e1c8      0x198 build/src/kernel/consoleUtil.o
                                        0x1c8 (size before relaxing)
 .eh_frame      0x000000008000e360      0x168 build/src/kernel/slab.o
                                        0x180 (size before relaxing)

.rela.dyn       0x000000008000e4c8        0x0
 .rela.got      0x000000008000e4c8        0x0 build/src/kernel/supervisorTrap.o
 .rela.text     0x000000008000e4c8        0x0 build/src/kernel/supervisorTrap.o
 .rela.text._ZN19ConsumerProducerCPP8ConsumerD2Ev
                0x000000008000e4c8        0x0 build/src/kernel/supervisorTrap.o
 .rela.text._ZN19ConsumerProducerCPP8ConsumerD0Ev
                0x000000008000e4c8        0x0 build/src/kernel/supervisorTrap.o
 .rela.text._ZN19ConsumerProducerCPP16ProducerKeyboradD2Ev
                0x000000008000e4c8        0x0 build/src/kernel/supervisorTrap.o
 .rela.text._ZN19ConsumerProducerCPP16ProducerKeyboradD0Ev
                0x000000008000e4c8        0x0 build/src/kernel/supervisorTrap.o
 .rela.text._ZN19ConsumerProducerCPP8ProducerD2Ev
                0x000000008000e4c8        0x0 build/src/kernel/supervisorTrap.o
 .rela.text._ZN19ConsumerProducerCPP8ProducerD0Ev
                0x000000008000e4c8        0x0 build/src/kernel/supervisorTrap.o
 .rela.data.rel.ro.local._ZTVN19ConsumerProducerCPP16ProducerKeyboradE
                0x000000008000e4c8        0x0 build/src/kernel/supervisorTrap.o
 .rela.data.rel.ro.local._ZTVN19ConsumerProducerCPP8ProducerE
                0x000000008000e4c8        0x0 build/src/kernel/supervisorTrap.o
 .rela.data.rel.ro.local._ZTVN19ConsumerProducerCPP8ConsumerE
                0x000000008000e4c8        0x0 build/src/kernel/supervisorTrap.o
 .rela.text._ZN10ForkThread3runEv
                0x000000008000e4c8        0x0 build/src/kernel/supervisorTrap.o
 .rela.text._ZN10ForkThreadD2Ev
                0x000000008000e4c8        0x0 build/src/kernel/supervisorTrap.o
 .rela.text._ZN10ForkThreadD0Ev
                0x000000008000e4c8        0x0 build/src/kernel/supervisorTrap.o
 .rela.data.rel.ro.local._ZTV10ForkThread
                0x000000008000e4c8        0x0 build/src/kernel/supervisorTrap.o
 .rela.text._ZN14PeriodicThreadD2Ev
                0x000000008000e4c8        0x0 build/src/kernel/supervisorTrap.o
 .rela.text._ZN14PeriodicThreadD0Ev
                0x000000008000e4c8        0x0 build/src/kernel/supervisorTrap.o
 .rela.data.rel.ro.local._ZTV14PeriodicThread
                0x000000008000e4c8        0x0 build/src/kernel/supervisorTrap.o
 .rela.data.rel.ro.local._ZTV6Thread
                0x000000008000e4c8        0x0 build/src/kernel/supervisorTrap.o
 .rela.sdata    0x000000008000e4c8        0x0 build/src/kernel/supervisorTrap.o

.user           0x000000008000e4c8     0x5b38
                0x000000008000f000                . = ALIGN (0x1000)
 *fill*         0x000000008000e4c8      0xb38 
                0x000000008000f000                PROVIDE (userTextStart = .)
 *(.text .text.*)
 .text          0x000000008000f000       0x20 build/src/user/lock.o
                0x000000008000f000                copy_and_swap
 .text          0x000000008000f020      0x37c build/src/user/syscall_c.o
                0x000000008000f020                mem_alloc(unsigned long)
                0x000000008000f050                mem_free(void*)
                0x000000008000f07c                thread_create(_thread**, void (*)(void*), void*)
                0x000000008000f108                thread_exit()
                0x000000008000f130                thread_dispatch()
                0x000000008000f150                thread_attach_body(_thread**, void (*)(void*), void*)
                0x000000008000f1e4                thread_start(_thread*)
                0x000000008000f21c                sem_open(_semaphore**, unsigned int)
                0x000000008000f254                sem_close(_semaphore*)
                0x000000008000f280                sem_wait(_semaphore*)
                0x000000008000f2ac                sem_signal(_semaphore*)
                0x000000008000f2d8                time_sleep(unsigned long)
                0x000000008000f304                getc()
                0x000000008000f32c                putc(char)
                0x000000008000f350                fork()
                0x000000008000f378                tcb_free(void*)
 .text          0x000000008000f39c       0x28 build/src/user/_semaphore.o
                0x000000008000f39c                _semaphore::operator delete(void*)
 .text          0x000000008000f3c4       0x28 build/src/user/_thread.o
                0x000000008000f3c4                _thread::operator delete(void*)
 .text          0x000000008000f3ec      0x408 build/src/user/tests/buffer_CPP_API.o
                0x000000008000f3ec                BufferCPP::BufferCPP(int)
                0x000000008000f3ec                BufferCPP::BufferCPP(int)
                0x000000008000f550                BufferCPP::put(int)
                0x000000008000f5e0                BufferCPP::get()
                0x000000008000f66c                BufferCPP::getCnt()
                0x000000008000f6f4                BufferCPP::~BufferCPP()
                0x000000008000f6f4                BufferCPP::~BufferCPP()
 .text          0x000000008000f7f4      0xa88 build/src/user/tests/userMain.o
                0x000000008000f7f4                workerBodyA(void*)
                0x000000008000f8c0                workerBodyB(void*)
                0x000000008000f994                fibonacci(unsigned long)
                0x000000008000fa08                workerBodyC(void*)
                0x000000008000fb88                workerBodyD(void*)
                0x000000008000fcd0                Threads_C_API_test()
                0x000000008000fdfc                ConsumerProducerCPP::testConsumerProducer()
                0x0000000080010254                userMain()
 .text._ZN19ConsumerProducerCPP8Consumer3runEv
                0x000000008001027c       0xd0 build/src/user/tests/userMain.o
                0x000000008001027c                ConsumerProducerCPP::Consumer::run()
 .text._ZN19ConsumerProducerCPP8ConsumerD2Ev
                0x000000008001034c       0x34 build/src/user/tests/userMain.o
                0x000000008001034c                ConsumerProducerCPP::Consumer::~Consumer()
                0x000000008001034c                ConsumerProducerCPP::Consumer::~Consumer()
 .text._ZN19ConsumerProducerCPP8ConsumerD0Ev
                0x0000000080010380       0x4c build/src/user/tests/userMain.o
                0x0000000080010380                ConsumerProducerCPP::Consumer::~Consumer()
 .text._ZN19ConsumerProducerCPP16ProducerKeyboradD2Ev
                0x00000000800103cc       0x34 build/src/user/tests/userMain.o
                0x00000000800103cc                ConsumerProducerCPP::ProducerKeyborad::~ProducerKeyborad()
                0x00000000800103cc                ConsumerProducerCPP::ProducerKeyborad::~ProducerKeyborad()
 .text._ZN19ConsumerProducerCPP16ProducerKeyboradD0Ev
                0x0000000080010400       0x4c build/src/user/tests/userMain.o
                0x0000000080010400                ConsumerProducerCPP::ProducerKeyborad::~ProducerKeyborad()
 .text._ZN19ConsumerProducerCPP8ProducerD2Ev
                0x000000008001044c       0x34 build/src/user/tests/userMain.o
                0x000000008001044c                ConsumerProducerCPP::Producer::~Producer()
                0x000000008001044c                ConsumerProducerCPP::Producer::~Producer()
 .text._ZN19ConsumerProducerCPP8ProducerD0Ev
                0x0000000080010480       0x4c build/src/user/tests/userMain.o
                0x0000000080010480                ConsumerProducerCPP::Producer::~Producer()
 .text._ZN19ConsumerProducerCPP16ProducerKeyborad3runEv
                0x00000000800104cc       0x84 build/src/user/tests/userMain.o
                0x00000000800104cc                ConsumerProducerCPP::ProducerKeyborad::run()
 .text._ZN19ConsumerProducerCPP8Producer3runEv
                0x0000000080010550       0x94 build/src/user/tests/userMain.o
                0x0000000080010550                ConsumerProducerCPP::Producer::run()
 .text          0x00000000800105e4      0x320 build/src/user/tests/buffer.o
                0x00000000800105e4                Buffer::Buffer(int)
                0x00000000800105e4                Buffer::Buffer(int)
                0x0000000080010680                Buffer::put(int)
                0x0000000080010710                Buffer::get()
                0x000000008001079c                Buffer::getCnt()
                0x0000000080010824                Buffer::~Buffer()
                0x0000000080010824                Buffer::~Buffer()
 .text          0x0000000080010904      0x2ac build/src/user/printing.o
                0x0000000080010904                printString(char const*)
                0x0000000080010980                getString(char*, int)
                0x0000000080010a4c                stringToInt(char const*)
                0x0000000080010a9c                printInt(int, int, int)
 .text          0x0000000080010bb0      0x11c build/src/user/userWrappers.o
                0x0000000080010bb0                testUser()
                0x0000000080010c70                bodyWrapper(void (*)(void*), void*)
                0x0000000080010ca4                userMainWrapper(void*)
 .text._ZN10ForkThread3runEv
                0x0000000080010ccc      0x220 build/src/user/userWrappers.o
                0x0000000080010ccc                ForkThread::run()
 .text._ZN10ForkThreadD2Ev
                0x0000000080010eec       0x34 build/src/user/userWrappers.o
                0x0000000080010eec                ForkThread::~ForkThread()
                0x0000000080010eec                ForkThread::~ForkThread()
 .text._ZN10ForkThreadD0Ev
                0x0000000080010f20       0x4c build/src/user/userWrappers.o
                0x0000000080010f20                ForkThread::~ForkThread()
 .text          0x0000000080010f6c      0x460 build/src/user/syscall_cpp.o
                0x0000000080010f6c                Thread::wrapper(void*)
                0x0000000080010f98                Semaphore::~Semaphore()
                0x0000000080010f98                Semaphore::~Semaphore()
                0x0000000080010fd0                Thread::~Thread()
                0x0000000080010fd0                Thread::~Thread()
                0x0000000080011010                operator new(unsigned long)
                0x0000000080011038                operator new[](unsigned long)
                0x0000000080011060                operator delete(void*)
                0x0000000080011088                Semaphore::~Semaphore()
                0x00000000800110c8                Thread::~Thread()
                0x0000000080011108                Semaphore::Semaphore(unsigned int)
                0x0000000080011108                Semaphore::Semaphore(unsigned int)
                0x0000000080011140                Semaphore::wait()
                0x000000008001116c                Semaphore::signal()
                0x0000000080011198                Thread::Thread(void (*)(void*), void*)
                0x0000000080011198                Thread::Thread(void (*)(void*), void*)
                0x00000000800111ec                Thread::Thread()
                0x00000000800111ec                Thread::Thread()
                0x000000008001124c                Thread::sleep(unsigned long)
                0x0000000080011274                PeriodicThread::wrapper(void*)
                0x00000000800112b4                Thread::dispatch()
                0x00000000800112dc                Thread::start()
                0x0000000080011308                PeriodicThread::PeriodicThread(unsigned long)
                0x0000000080011308                PeriodicThread::PeriodicThread(unsigned long)
                0x000000008001137c                Console::getc()
                0x00000000800113a4                Console::putc(char)
 .text._ZN6Thread3runEv
                0x00000000800113cc       0x18 build/src/user/syscall_cpp.o
                0x00000000800113cc                Thread::run()
 .text._ZN14PeriodicThread18periodicActivationEv
                0x00000000800113e4       0x18 build/src/user/syscall_cpp.o
                0x00000000800113e4                PeriodicThread::periodicActivation()
 .text._ZN14PeriodicThreadD2Ev
                0x00000000800113fc       0x34 build/src/user/syscall_cpp.o
                0x00000000800113fc                PeriodicThread::~PeriodicThread()
                0x00000000800113fc                PeriodicThread::~PeriodicThread()
 .text._ZN14PeriodicThreadD0Ev
                0x0000000080011430       0x4c build/src/user/syscall_cpp.o
                0x0000000080011430                PeriodicThread::~PeriodicThread()
                0x0000000080012000                . = ALIGN (0x1000)
 *fill*         0x000000008001147c      0xb84 
                0x0000000080012000                PROVIDE (userDataStart = .)
 *(.srodata .srodata.*)
 *(.rodata .rodata.*)
 .rodata.str1.8
                0x0000000080012000       0x11 build/src/user/tests/buffer_CPP_API.o
 *fill*         0x0000000080012011        0x7 
 .rodata.str1.8
                0x0000000080012018      0x1db build/src/user/tests/userMain.o
                                        0x1e3 (size before relaxing)
 .rodata.str1.8
                0x00000000800121f3       0x11 build/src/user/tests/buffer.o
 *fill*         0x00000000800121f3        0x5 
 .rodata._ZN10ForkThread3runEv.str1.8
                0x00000000800121f8       0x2d build/src/user/userWrappers.o
                                         0x35 (size before relaxing)
 *fill*         0x0000000080012225        0x3 
 .rodata.str1.8
                0x0000000080012228       0x14 build/src/user/userWrappers.o
 *(.sdata .sdata.*)
 *(.data .data.*)
 .data          0x000000008001223c        0x0 build/src/user/lock.o
 .data          0x000000008001223c        0x0 build/src/user/syscall_c.o
 .data          0x000000008001223c        0x0 build/src/user/_semaphore.o
 .data          0x000000008001223c        0x0 build/src/user/_thread.o
 .data          0x000000008001223c        0x0 build/src/user/tests/buffer_CPP_API.o
 .data          0x000000008001223c        0x0 build/src/user/tests/userMain.o
 *fill*         0x000000008001223c        0x4 
 .data.rel.ro.local._ZTVN19ConsumerProducerCPP16ProducerKeyboradE
                0x0000000080012240       0x28 build/src/user/tests/userMain.o
                0x0000000080012240                vtable for ConsumerProducerCPP::ProducerKeyborad
 .data.rel.ro.local._ZTVN19ConsumerProducerCPP8ProducerE
                0x0000000080012268       0x28 build/src/user/tests/userMain.o
                0x0000000080012268                vtable for ConsumerProducerCPP::Producer
 .data.rel.ro.local._ZTVN19ConsumerProducerCPP8ConsumerE
                0x0000000080012290       0x28 build/src/user/tests/userMain.o
                0x0000000080012290                vtable for ConsumerProducerCPP::Consumer
 .data          0x00000000800122b8        0x0 build/src/user/tests/buffer.o
 .data          0x00000000800122b8       0x11 build/src/user/printing.o
                0x00000000800122b8                digits
 .data          0x00000000800122c9        0x0 build/src/user/userWrappers.o
 *fill*         0x00000000800122c9        0x7 
 .data.rel.ro.local._ZTV10ForkThread
                0x00000000800122d0       0x28 build/src/user/userWrappers.o
                0x00000000800122d0                vtable for ForkThread
 .data          0x00000000800122f8        0x0 build/src/user/syscall_cpp.o
 .data.rel.ro.local._ZTV14PeriodicThread
                0x00000000800122f8       0x30 build/src/user/syscall_cpp.o
                0x00000000800122f8                vtable for PeriodicThread
 .data.rel.ro.local._ZTV9Semaphore
                0x0000000080012328       0x20 build/src/user/syscall_cpp.o
                0x0000000080012328                vtable for Semaphore
 .data.rel.ro.local._ZTV6Thread
                0x0000000080012348       0x28 build/src/user/syscall_cpp.o
                0x0000000080012348                vtable for Thread
 *(.sbss .sbss.*)
 *(.bss .bss.*)
 .bss           0x0000000080012370        0x0 build/src/user/lock.o
 .bss           0x0000000080012370        0x0 build/src/user/syscall_c.o
 .bss           0x0000000080012370        0x0 build/src/user/_semaphore.o
 .bss           0x0000000080012370        0x0 build/src/user/_thread.o
 .bss           0x0000000080012370        0x0 build/src/user/tests/buffer_CPP_API.o
 .bss           0x0000000080012370       0x18 build/src/user/tests/userMain.o
                0x0000000080012370                finishedA
                0x0000000080012371                finishedB
                0x0000000080012374                ConsumerProducerCPP::threadEnd
                0x0000000080012378                finishedC
                0x0000000080012379                finishedD
                0x0000000080012380                ConsumerProducerCPP::waitForAll
 .bss           0x0000000080012388        0x0 build/src/user/tests/buffer.o
 .bss           0x0000000080012388        0x8 build/src/user/printing.o
                0x0000000080012388                lockPrint
 .bss           0x0000000080012390        0x0 build/src/user/userWrappers.o
 .bss           0x0000000080012390        0x0 build/src/user/syscall_cpp.o
 *(.eh_frame .eh_frame.*)
 .eh_frame      0x0000000080012390      0x280 build/src/user/syscall_c.o
 .eh_frame      0x0000000080012610       0x40 build/src/user/_semaphore.o
 .eh_frame      0x0000000080012650       0x40 build/src/user/_thread.o
 .eh_frame      0x0000000080012690      0x130 build/src/user/tests/buffer_CPP_API.o
 .eh_frame      0x00000000800127c0      0x368 build/src/user/tests/userMain.o
 .eh_frame      0x0000000080012b28      0x128 build/src/user/tests/buffer.o
 .eh_frame      0x0000000080012c50       0xd0 build/src/user/printing.o
 .eh_frame      0x0000000080012d20      0x150 build/src/user/userWrappers.o
 .eh_frame      0x0000000080012e70      0x410 build/src/user/syscall_cpp.o
                0x0000000080014000                . = ALIGN (0x1000)
 *fill*         0x0000000080013280      0xd80 
                0x0000000080014000                PROVIDE (userDataEnd = .)
                0x0000000080014000                PROVIDE (end = .)
LOAD build/src/kernel/supervisorTrap.o
LOAD build/src/kernel/contextSwitch.o
LOAD build/src/user/lock.o
LOAD build/src/kernel/slabAllocator.o
LOAD build/src/kernel/system.o
LOAD build/src/kernel/buddyAllocator.o
LOAD build/src/kernel/scb.o
LOAD build/src/kernel/main.o
LOAD build/src/kernel/tcb.o
LOAD build/src/kernel/memoryAllocator.o
LOAD build/src/kernel/riscv.o
LOAD build/src/kernel/utility.o
LOAD build/src/kernel/scheduler.o
LOAD build/src/kernel/consoleUtil.o
LOAD build/src/kernel/slab.o
LOAD build/src/user/syscall_c.o
LOAD build/src/user/_semaphore.o
LOAD build/src/user/_thread.o
LOAD build/src/user/tests/buffer_CPP_API.o
LOAD build/src/user/tests/userMain.o
LOAD build/src/user/tests/buffer.o
LOAD build/src/user/printing.o
LOAD build/src/user/userWrappers.o
LOAD build/src/user/syscall_cpp.o
LOAD ./lib/hw.lib
LOAD ./lib/hw.lib
OUTPUT(kernel elf64-littleriscv)

.debug_line     0x0000000000000000     0x9839
 .debug_line    0x0000000000000000       0x74 build/src/kernel/supervisorTrap.o
 .debug_line    0x0000000000000074       0x65 build/src/kernel/contextSwitch.o
 .debug_line    0x00000000000000d9       0x6c build/src/user/lock.o
 .debug_line    0x0000000000000145     0x1495 build/src/kernel/slabAllocator.o
 .debug_line    0x00000000000015da      0x23a build/src/kernel/system.o
 .debug_line    0x0000000000001814      0x8ed build/src/kernel/buddyAllocator.o
 .debug_line    0x0000000000002101      0x513 build/src/kernel/scb.o
 .debug_line    0x0000000000002614       0xa8 build/src/kernel/main.o
 .debug_line    0x00000000000026bc      0x54b build/src/kernel/tcb.o
 .debug_line    0x0000000000002c07      0xa17 build/src/kernel/memoryAllocator.o
 .debug_line    0x000000000000361e     0x214b build/src/kernel/riscv.o
 .debug_line    0x0000000000005769      0x174 build/src/kernel/utility.o
 .debug_line    0x00000000000058dd      0x474 build/src/kernel/scheduler.o
 .debug_line    0x0000000000005d51      0x5dd build/src/kernel/consoleUtil.o
 .debug_line    0x000000000000632e      0x235 build/src/kernel/slab.o
 .debug_line    0x0000000000006563      0x83b build/src/user/syscall_c.o
 .debug_line    0x0000000000006d9e       0xb9 build/src/user/_semaphore.o
 .debug_line    0x0000000000006e57       0xe2 build/src/user/_thread.o
 .debug_line    0x0000000000006f39      0x5bd build/src/user/tests/buffer_CPP_API.o
 .debug_line    0x00000000000074f6     0x10d0 build/src/user/tests/userMain.o
 .debug_line    0x00000000000085c6      0x4ca build/src/user/tests/buffer.o
 .debug_line    0x0000000000008a90      0x3a7 build/src/user/printing.o
 .debug_line    0x0000000000008e37      0x502 build/src/user/userWrappers.o
 .debug_line    0x0000000000009339      0x500 build/src/user/syscall_cpp.o

.debug_info     0x0000000000000000     0xeedc
 .debug_info    0x0000000000000000       0x2e build/src/kernel/supervisorTrap.o
 .debug_info    0x000000000000002e       0x2e build/src/kernel/contextSwitch.o
 .debug_info    0x000000000000005c       0x2e build/src/user/lock.o
 .debug_info    0x000000000000008a     0x18e1 build/src/kernel/slabAllocator.o
 .debug_info    0x000000000000196b      0xb7d build/src/kernel/system.o
 .debug_info    0x00000000000024e8      0x9fd build/src/kernel/buddyAllocator.o
 .debug_info    0x0000000000002ee5      0xbbb build/src/kernel/scb.o
 .debug_info    0x0000000000003aa0      0x1a3 build/src/kernel/main.o
 .debug_info    0x0000000000003c43      0xf18 build/src/kernel/tcb.o
 .debug_info    0x0000000000004b5b      0x693 build/src/kernel/memoryAllocator.o
 .debug_info    0x00000000000051ee     0x2afa build/src/kernel/riscv.o
 .debug_info    0x0000000000007ce8      0x209 build/src/kernel/utility.o
 .debug_info    0x0000000000007ef1      0xa0f build/src/kernel/scheduler.o
 .debug_info    0x0000000000008900      0xd3f build/src/kernel/consoleUtil.o
 .debug_info    0x000000000000963f      0x884 build/src/kernel/slab.o
 .debug_info    0x0000000000009ec3      0x79e build/src/user/syscall_c.o
 .debug_info    0x000000000000a661      0x1c2 build/src/user/_semaphore.o
 .debug_info    0x000000000000a823      0x228 build/src/user/_thread.o
 .debug_info    0x000000000000aa4b      0x751 build/src/user/tests/buffer_CPP_API.o
 .debug_info    0x000000000000b19c     0x1ad6 build/src/user/tests/userMain.o
 .debug_info    0x000000000000cc72      0x6ae build/src/user/tests/buffer.o
 .debug_info    0x000000000000d320      0x432 build/src/user/printing.o
 .debug_info    0x000000000000d752      0x8b7 build/src/user/userWrappers.o
 .debug_info    0x000000000000e009      0xed3 build/src/user/syscall_cpp.o

.debug_abbrev   0x0000000000000000     0x3a42
 .debug_abbrev  0x0000000000000000       0x14 build/src/kernel/supervisorTrap.o
 .debug_abbrev  0x0000000000000014       0x14 build/src/kernel/contextSwitch.o
 .debug_abbrev  0x0000000000000028       0x14 build/src/user/lock.o
 .debug_abbrev  0x000000000000003c      0x401 build/src/kernel/slabAllocator.o
 .debug_abbrev  0x000000000000043d      0x2fc build/src/kernel/system.o
 .debug_abbrev  0x0000000000000739      0x32d build/src/kernel/buddyAllocator.o
 .debug_abbrev  0x0000000000000a66      0x3ac build/src/kernel/scb.o
 .debug_abbrev  0x0000000000000e12       0xc6 build/src/kernel/main.o
 .debug_abbrev  0x0000000000000ed8      0x399 build/src/kernel/tcb.o
 .debug_abbrev  0x0000000000001271      0x265 build/src/kernel/memoryAllocator.o
 .debug_abbrev  0x00000000000014d6      0x552 build/src/kernel/riscv.o
 .debug_abbrev  0x0000000000001a28       0xf1 build/src/kernel/utility.o
 .debug_abbrev  0x0000000000001b19      0x318 build/src/kernel/scheduler.o
 .debug_abbrev  0x0000000000001e31      0x307 build/src/kernel/consoleUtil.o
 .debug_abbrev  0x0000000000002138      0x1fb build/src/kernel/slab.o
 .debug_abbrev  0x0000000000002333      0x205 build/src/user/syscall_c.o
 .debug_abbrev  0x0000000000002538      0x128 build/src/user/_semaphore.o
 .debug_abbrev  0x0000000000002660      0x145 build/src/user/_thread.o
 .debug_abbrev  0x00000000000027a5      0x2a2 build/src/user/tests/buffer_CPP_API.o
 .debug_abbrev  0x0000000000002a47      0x46f build/src/user/tests/userMain.o
 .debug_abbrev  0x0000000000002eb6      0x279 build/src/user/tests/buffer.o
 .debug_abbrev  0x000000000000312f      0x168 build/src/user/printing.o
 .debug_abbrev  0x0000000000003297      0x303 build/src/user/userWrappers.o
 .debug_abbrev  0x000000000000359a      0x4a8 build/src/user/syscall_cpp.o

.debug_aranges  0x0000000000000000      0x580
 .debug_aranges
                0x0000000000000000       0x30 build/src/kernel/supervisorTrap.o
 .debug_aranges
                0x0000000000000030       0x30 build/src/kernel/contextSwitch.o
 .debug_aranges
                0x0000000000000060       0x30 build/src/user/lock.o
 .debug_aranges
                0x0000000000000090       0x30 build/src/kernel/slabAllocator.o
 .debug_aranges
                0x00000000000000c0       0x30 build/src/kernel/system.o
 .debug_aranges
                0x00000000000000f0       0x30 build/src/kernel/buddyAllocator.o
 .debug_aranges
                0x0000000000000120       0x30 build/src/kernel/scb.o
 .debug_aranges
                0x0000000000000150       0x30 build/src/kernel/main.o
 .debug_aranges
                0x0000000000000180       0x30 build/src/kernel/tcb.o
 .debug_aranges
                0x00000000000001b0       0x30 build/src/kernel/memoryAllocator.o
 .debug_aranges
                0x00000000000001e0       0x30 build/src/kernel/riscv.o
 .debug_aranges
                0x0000000000000210       0x30 build/src/kernel/utility.o
 .debug_aranges
                0x0000000000000240       0x30 build/src/kernel/scheduler.o
 .debug_aranges
                0x0000000000000270       0x30 build/src/kernel/consoleUtil.o
 .debug_aranges
                0x00000000000002a0       0x30 build/src/kernel/slab.o
 .debug_aranges
                0x00000000000002d0       0x30 build/src/user/syscall_c.o
 .debug_aranges
                0x0000000000000300       0x30 build/src/user/_semaphore.o
 .debug_aranges
                0x0000000000000330       0x30 build/src/user/_thread.o
 .debug_aranges
                0x0000000000000360       0x30 build/src/user/tests/buffer_CPP_API.o
 .debug_aranges
                0x0000000000000390       0xc0 build/src/user/tests/userMain.o
 .debug_aranges
                0x0000000000000450       0x30 build/src/user/tests/buffer.o
 .debug_aranges
                0x0000000000000480       0x30 build/src/user/printing.o
 .debug_aranges
                0x00000000000004b0       0x60 build/src/user/userWrappers.o
 .debug_aranges
                0x0000000000000510       0x70 build/src/user/syscall_cpp.o

.debug_str      0x0000000000000000     0x35dd
 .debug_str     0x0000000000000000       0x59 build/src/kernel/supervisorTrap.o
 .debug_str     0x0000000000000059       0x1b build/src/kernel/contextSwitch.o
                                         0x58 (size before relaxing)
 .debug_str     0x0000000000000074       0x10 build/src/user/lock.o
                                         0x4d (size before relaxing)
 .debug_str     0x0000000000000084      0xbc8 build/src/kernel/slabAllocator.o
                                        0xc33 (size before relaxing)
 .debug_str     0x0000000000000c4c      0xd53 build/src/kernel/system.o
                                       0x10bb (size before relaxing)
 .debug_str     0x000000000000199f      0x13f build/src/kernel/buddyAllocator.o
                                        0x733 (size before relaxing)
 .debug_str     0x0000000000001ade      0x2d3 build/src/kernel/scb.o
                                        0x86f (size before relaxing)
 .debug_str     0x0000000000001db1       0x19 build/src/kernel/main.o
                                        0x26a (size before relaxing)
 .debug_str     0x0000000000001dca       0xdf build/src/kernel/tcb.o
                                       0x1287 (size before relaxing)
 .debug_str     0x0000000000001ea9      0x28d build/src/kernel/memoryAllocator.o
                                        0x536 (size before relaxing)
 .debug_str     0x0000000000002136      0x1d9 build/src/kernel/riscv.o
                                       0x18e9 (size before relaxing)
 .debug_str     0x000000000000230f       0x32 build/src/kernel/utility.o
                                        0x294 (size before relaxing)
 .debug_str     0x0000000000002341       0x68 build/src/kernel/scheduler.o
                                        0x8e2 (size before relaxing)
 .debug_str     0x00000000000023a9      0x179 build/src/kernel/consoleUtil.o
                                        0x9ff (size before relaxing)
 .debug_str     0x0000000000002522       0xab build/src/kernel/slab.o
                                        0x948 (size before relaxing)
 .debug_str     0x00000000000025cd      0x24a build/src/user/syscall_c.o
                                        0x523 (size before relaxing)
 .debug_str     0x0000000000002817       0x18 build/src/user/_semaphore.o
                                        0x2aa (size before relaxing)
 .debug_str     0x000000000000282f       0x15 build/src/user/_thread.o
                                        0x2cd (size before relaxing)
 .debug_str     0x0000000000002844      0x15f build/src/user/tests/buffer_CPP_API.o
                                        0x442 (size before relaxing)
 .debug_str     0x00000000000029a3      0x733 build/src/user/tests/userMain.o
                                        0xc03 (size before relaxing)
 .debug_str     0x00000000000030d6       0x94 build/src/user/tests/buffer.o
                                        0x453 (size before relaxing)
 .debug_str     0x000000000000316a       0x2e build/src/user/printing.o
                                        0x2e0 (size before relaxing)
 .debug_str     0x0000000000003198      0x169 build/src/user/userWrappers.o
                                        0x4de (size before relaxing)
 .debug_str     0x0000000000003301      0x2dc build/src/user/syscall_cpp.o
                                        0x833 (size before relaxing)

.debug_loc      0x0000000000000000     0x72c5
 .debug_loc     0x0000000000000000      0xff7 build/src/kernel/slabAllocator.o
 .debug_loc     0x0000000000000ff7       0x39 build/src/kernel/system.o
 .debug_loc     0x0000000000001030      0x8b1 build/src/kernel/buddyAllocator.o
 .debug_loc     0x00000000000018e1      0x325 build/src/kernel/scb.o
 .debug_loc     0x0000000000001c06      0x293 build/src/kernel/tcb.o
 .debug_loc     0x0000000000001e99      0x600 build/src/kernel/memoryAllocator.o
 .debug_loc     0x0000000000002499     0x15ff build/src/kernel/riscv.o
 .debug_loc     0x0000000000003a98      0x15f build/src/kernel/utility.o
 .debug_loc     0x0000000000003bf7      0x15c build/src/kernel/scheduler.o
 .debug_loc     0x0000000000003d53      0x47e build/src/kernel/consoleUtil.o
 .debug_loc     0x00000000000041d1      0x31c build/src/kernel/slab.o
 .debug_loc     0x00000000000044ed      0xbda build/src/user/syscall_c.o
 .debug_loc     0x00000000000050c7       0x39 build/src/user/_semaphore.o
 .debug_loc     0x0000000000005100       0x39 build/src/user/_thread.o
 .debug_loc     0x0000000000005139      0x322 build/src/user/tests/buffer_CPP_API.o
 .debug_loc     0x000000000000545b      0xd1a build/src/user/tests/userMain.o
 .debug_loc     0x0000000000006175      0x27e build/src/user/tests/buffer.o
 .debug_loc     0x00000000000063f3      0x37a build/src/user/printing.o
 .debug_loc     0x000000000000676d      0x468 build/src/user/userWrappers.o
 .debug_loc     0x0000000000006bd5      0x6f0 build/src/user/syscall_cpp.o

.debug_ranges   0x0000000000000000      0x710
 .debug_ranges  0x0000000000000000      0x190 build/src/kernel/slabAllocator.o
 .debug_ranges  0x0000000000000190       0xd0 build/src/kernel/buddyAllocator.o
 .debug_ranges  0x0000000000000260       0x60 build/src/kernel/memoryAllocator.o
 .debug_ranges  0x00000000000002c0      0x110 build/src/kernel/riscv.o
 .debug_ranges  0x00000000000003d0      0x1d0 build/src/user/tests/userMain.o
 .debug_ranges  0x00000000000005a0       0xb0 build/src/user/userWrappers.o
 .debug_ranges  0x0000000000000650       0xc0 build/src/user/syscall_cpp.o

.comment        0x0000000000000000       0x53
 .comment       0x0000000000000000       0x29 build/src/kernel/slabAllocator.o
                                         0x2a (size before relaxing)
 .comment       0x0000000000000029       0x2a build/src/kernel/system.o
 .comment       0x0000000000000029       0x2a build/src/kernel/buddyAllocator.o
 .comment       0x0000000000000029       0x2a build/src/kernel/scb.o
 .comment       0x0000000000000029       0x2a build/src/kernel/main.o
 .comment       0x0000000000000029       0x2a build/src/kernel/tcb.o
 .comment       0x0000000000000029       0x2a build/src/kernel/memoryAllocator.o
 .comment       0x0000000000000029       0x2a build/src/kernel/riscv.o
 .comment       0x0000000000000029       0x2a build/src/kernel/utility.o
 .comment       0x0000000000000029       0x2a build/src/kernel/scheduler.o
 .comment       0x0000000000000029       0x2a build/src/kernel/consoleUtil.o
 .comment       0x0000000000000029       0x2a build/src/kernel/slab.o
 .comment       0x0000000000000029       0x2a build/src/user/syscall_c.o
 .comment       0x0000000000000029       0x2a build/src/user/_semaphore.o
 .comment       0x0000000000000029       0x2a build/src/user/_thread.o
 .comment       0x0000000000000029       0x2a build/src/user/tests/buffer_CPP_API.o
 .comment       0x0000000000000029       0x2a build/src/user/tests/userMain.o
 .comment       0x0000000000000029       0x2a build/src/user/tests/buffer.o
 .comment       0x0000000000000029       0x2a build/src/user/printing.o
 .comment       0x0000000000000029       0x2a build/src/user/userWrappers.o
 .comment       0x0000000000000029       0x2a build/src/user/syscall_cpp.o
 .comment       0x0000000000000029       0x2a ./lib/hw.lib(start.o)
                                         0x2b (size before relaxing)
 .comment       0x0000000000000053       0x2b ./lib/hw.lib(main.o)
 .comment       0x0000000000000053       0x2b ./lib/hw.lib(proc.o)
 .comment       0x0000000000000053       0x2b ./lib/hw.lib(trap.o)
 .comment       0x0000000000000053       0x2b ./lib/hw.lib(plic.o)
 .comment       0x0000000000000053       0x2b ./lib/hw.lib(support_cpp.o)
 .comment       0x0000000000000053       0x2b ./lib/hw.lib(hw.o)
 .comment       0x0000000000000053       0x2b ./lib/hw.lib(console.o)
 .comment       0x0000000000000053       0x2b ./lib/hw.lib(printf.o)
 .comment       0x0000000000000053       0x2b ./lib/hw.lib(uart.o)
 .comment       0x0000000000000053       0x2b ./lib/hw.lib(kalloc.o)
 .comment       0x0000000000000053       0x2b ./lib/hw.lib(spinlock.o)
 .comment       0x0000000000000053       0x2b ./lib/hw.lib(string.o)

.note.GNU-stack
                0x0000000000000000        0x0
 .note.GNU-stack
                0x0000000000000000        0x0 build/src/kernel/slabAllocator.o
 .note.GNU-stack
                0x0000000000000000        0x0 build/src/kernel/system.o
 .note.GNU-stack
                0x0000000000000000        0x0 build/src/kernel/buddyAllocator.o
 .note.GNU-stack
                0x0000000000000000        0x0 build/src/kernel/scb.o
 .note.GNU-stack
                0x0000000000000000        0x0 build/src/kernel/main.o
 .note.GNU-stack
                0x0000000000000000        0x0 build/src/kernel/tcb.o
 .note.GNU-stack
                0x0000000000000000        0x0 build/src/kernel/memoryAllocator.o
 .note.GNU-stack
                0x0000000000000000        0x0 build/src/kernel/riscv.o
 .note.GNU-stack
                0x0000000000000000        0x0 build/src/kernel/utility.o
 .note.GNU-stack
                0x0000000000000000        0x0 build/src/kernel/scheduler.o
 .note.GNU-stack
                0x0000000000000000        0x0 build/src/kernel/consoleUtil.o
 .note.GNU-stack
                0x0000000000000000        0x0 build/src/kernel/slab.o
 .note.GNU-stack
                0x0000000000000000        0x0 build/src/user/syscall_c.o
 .note.GNU-stack
                0x0000000000000000        0x0 build/src/user/_semaphore.o
 .note.GNU-stack
                0x0000000000000000        0x0 build/src/user/_thread.o
 .note.GNU-stack
                0x0000000000000000        0x0 build/src/user/tests/buffer_CPP_API.o
 .note.GNU-stack
                0x0000000000000000        0x0 build/src/user/tests/userMain.o
 .note.GNU-stack
                0x0000000000000000        0x0 build/src/user/tests/buffer.o
 .note.GNU-stack
                0x0000000000000000        0x0 build/src/user/printing.o
 .note.GNU-stack
                0x0000000000000000        0x0 build/src/user/userWrappers.o
 .note.GNU-stack
                0x0000000000000000        0x0 build/src/user/syscall_cpp.o
 .note.GNU-stack
                0x0000000000000000        0x0 ./lib/hw.lib(start.o)
 .note.GNU-stack
                0x0000000000000000        0x0 ./lib/hw.lib(main.o)
 .note.GNU-stack
                0x0000000000000000        0x0 ./lib/hw.lib(proc.o)
 .note.GNU-stack
                0x0000000000000000        0x0 ./lib/hw.lib(trap.o)
 .note.GNU-stack
                0x0000000000000000        0x0 ./lib/hw.lib(plic.o)
 .note.GNU-stack
                0x0000000000000000        0x0 ./lib/hw.lib(support_cpp.o)
 .note.GNU-stack
                0x0000000000000000        0x0 ./lib/hw.lib(hw.o)
 .note.GNU-stack
                0x0000000000000000        0x0 ./lib/hw.lib(console.o)
 .note.GNU-stack
                0x0000000000000000        0x0 ./lib/hw.lib(printf.o)
 .note.GNU-stack
                0x0000000000000000        0x0 ./lib/hw.lib(uart.o)
 .note.GNU-stack
                0x0000000000000000        0x0 ./lib/hw.lib(kalloc.o)
 .note.GNU-stack
                0x0000000000000000        0x0 ./lib/hw.lib(spinlock.o)
 .note.GNU-stack
                0x0000000000000000        0x0 ./lib/hw.lib(string.o)
