Archive member included to satisfy reference by file (symbol)

./lib/hw.lib(entry.o)         (_entry)
./lib/hw.lib(start.o)         ./lib/hw.lib(entry.o) (start)
./lib/hw.lib(main.o)          ./lib/hw.lib(start.o) (system_main)
./lib/hw.lib(proc.o)          ./lib/hw.lib(main.o) (cpuid)
./lib/hw.lib(trap.o)          ./lib/hw.lib(main.o) (trapinit)
./lib/hw.lib(kernelvec.o)     ./lib/hw.lib(trap.o) (kernelvec)
./lib/hw.lib(plic.o)          ./lib/hw.lib(main.o) (plicinit)
./lib/hw.lib(support_cpp.o)   build/src/riscv.o (_Unwind_Resume)
./lib/hw.lib(hw.o)            build/src/riscv.o (CONSOLE_RX_DATA)
./lib/hw.lib(console.o)       ./lib/hw.lib(main.o) (consoleinit)
./lib/hw.lib(printf.o)        ./lib/hw.lib(main.o) (panic)
./lib/hw.lib(uart.o)          ./lib/hw.lib(console.o) (uartinit)
./lib/hw.lib(kalloc.o)        ./lib/hw.lib(main.o) (kinit)
./lib/hw.lib(spinlock.o)      ./lib/hw.lib(trap.o) (initlock)
./lib/hw.lib(string.o)        ./lib/hw.lib(kalloc.o) (__memset)

Discarded input sections

 .group         0x0000000000000000        0xc build/src/scb.o
 .group         0x0000000000000000        0xc build/src/tcb.o
 .data.rel.local.DW.ref.__gxx_personality_v0
                0x0000000000000000        0x8 build/src/tcb.o
 .group         0x0000000000000000        0x8 build/src/syscall_cpp.o
 .group         0x0000000000000000        0x8 build/src/syscall_cpp.o
 .group         0x0000000000000000       0x14 build/src/syscall_cpp.o
 .group         0x0000000000000000        0xc build/src/syscall_cpp.o
 .group         0x0000000000000000        0xc build/src/syscall_cpp.o
 .group         0x0000000000000000        0xc build/src/syscall_cpp.o
 .group         0x0000000000000000        0xc build/src/syscall_cpp.o
 .data.rel.local.DW.ref.__gxx_personality_v0
                0x0000000000000000        0x8 build/src/syscall_cpp.o
 .group         0x0000000000000000        0xc build/src/riscv.o
 .data.rel.local.DW.ref.__gxx_personality_v0
                0x0000000000000000        0x8 build/src/riscv.o
 .group         0x0000000000000000        0xc build/src/consoleUtil.o
 .data.rel.local.DW.ref.__gxx_personality_v0
                0x0000000000000000        0x8 build/src/consoleUtil.o
 .group         0x0000000000000000        0xc build/tests/buffer_CPP_API.o
 .data.rel.local.DW.ref.__gxx_personality_v0
                0x0000000000000000        0x8 build/tests/buffer_CPP_API.o
 .group         0x0000000000000000        0xc build/tests/userMain.o
 .group         0x0000000000000000       0x14 build/tests/userMain.o
 .group         0x0000000000000000       0x14 build/tests/userMain.o
 .group         0x0000000000000000       0x14 build/tests/userMain.o
 .group         0x0000000000000000        0xc build/tests/userMain.o
 .group         0x0000000000000000        0xc build/tests/userMain.o
 .group         0x0000000000000000        0xc build/tests/userMain.o
 .group         0x0000000000000000        0xc build/tests/userMain.o
 .group         0x0000000000000000        0xc build/tests/userMain.o
 .group         0x0000000000000000        0xc build/tests/userMain.o
 .data.rel.local.DW.ref.__gxx_personality_v0
                0x0000000000000000        0x8 build/tests/userMain.o
 .group         0x0000000000000000        0xc build/tests/buffer.o
 .data.rel.local.DW.ref.__gxx_personality_v0
                0x0000000000000000        0x8 build/tests/buffer.o

Memory Configuration

Name             Origin             Length             Attributes
*default*        0x0000000000000000 0xffffffffffffffff

Linker script and memory map

                0x0000000080000000                . = 0x80000000

.text           0x0000000080000000     0x9000
 *(.entry_os)
 .entry_os      0x0000000080000000       0x24 ./lib/hw.lib(entry.o)
                0x0000000080000000                _entry
                0x0000000080001000                . = ALIGN (0x1000)
 *fill*         0x0000000080000024      0xfdc 
 *(.text .text.*)
 .text          0x0000000080001000       0x20 build/src/lock.o
                0x0000000080001000                copy_and_swap
 .text          0x0000000080001020      0x120 build/src/supervisorTrap.o
                0x0000000080001020                RiscV::supervisorTrap()
 .text          0x0000000080001140       0x14 build/src/contextSwitch.o
                0x0000000080001140                TCB::contextSwitch(TCB::Context*, TCB::Context*)
 .text          0x0000000080001154      0xc98 build/src/slabAllocator.o
                0x0000000080001154                SlabAllocator::shrinkCache(Cache*)
                0x00000000800011bc                SlabAllocator::printSlab(Slab*)
                0x000000008000131c                SlabAllocator::printCache(Cache*)
                0x0000000080001524                SlabAllocator::insertIntoList(Slab*&, Slab*)
                0x0000000080001554                SlabAllocator::allocateSlab(Cache*)
                0x0000000080001660                SlabAllocator::removeFromList(Slab*&, Slab*)
                0x00000000800016b4                SlabAllocator::move(Slab*&, Slab*&, Slab*)
                0x0000000080001708                SlabAllocator::allocateSlot(Slab*)
                0x00000000800017f8                SlabAllocator::allocateObject(Cache*)
                0x0000000080001894                SlabAllocator::allocateBuffer(unsigned long)
                0x0000000080001934                SlabAllocator::createCache(char const*, unsigned long, void (*)(void*), void (*)(void*))
                0x00000000800019d8                SlabAllocator::initialize(void*, unsigned long)
                0x0000000080001ac8                SlabAllocator::freeSlot(Slab*, unsigned long)
                0x0000000080001bb0                SlabAllocator::freeObject(Cache*, void const*)
                0x0000000080001ca4                SlabAllocator::freeBuffer(void const*)
                0x0000000080001d10                SlabAllocator::deleteCache(Cache*&)
 .text          0x0000000080001dec      0x358 build/src/syscall_c.o
                0x0000000080001dec                mem_alloc(unsigned long)
                0x0000000080001e1c                mem_free(void*)
                0x0000000080001e48                thread_create(_thread**, void (*)(void*), void*)
                0x0000000080001ed4                thread_exit()
                0x0000000080001efc                thread_dispatch()
                0x0000000080001f1c                thread_attach_body(_thread**, void (*)(void*), void*)
                0x0000000080001fb0                thread_start(_thread*)
                0x0000000080001fe8                sem_open(_semaphore**, unsigned int)
                0x0000000080002020                sem_close(_semaphore*)
                0x000000008000204c                sem_wait(_semaphore*)
                0x0000000080002078                sem_signal(_semaphore*)
                0x00000000800020a4                time_sleep(unsigned long)
                0x00000000800020d0                getc()
                0x00000000800020f8                putc(char)
                0x000000008000211c                fork()
 .text          0x0000000080002144       0x28 build/src/_semaphore.o
                0x0000000080002144                _semaphore::operator delete(void*)
 .text          0x000000008000216c       0x28 build/src/_thread.o
                0x000000008000216c                _thread::operator delete(void*)
 .text          0x0000000080002194       0xc8 build/src/system.o
                0x0000000080002194                System::userMainWrapper(void*)
                0x00000000800021ac                ctor(void*)
                0x00000000800021dc                System::System()
                0x00000000800021dc                System::System()
 .text          0x000000008000225c      0x5d4 build/src/buddyAllocator.o
                0x00000000800022bc                Buddy::initialize(void*, unsigned long)
                0x00000000800023c4                Buddy::compress(unsigned long)
                0x00000000800024cc                Buddy::insert(void*, unsigned long)
                0x00000000800025b4                Buddy::free(void*, unsigned long)
                0x00000000800025e4                Buddy::split(Buddy::Block*, int, int)
                0x000000008000268c                Buddy::alloc(unsigned long)
                0x0000000080002740                Buddy::printList()
 .text          0x0000000080002830      0x2ac build/src/printing.o
                0x0000000080002830                printString(char const*)
                0x00000000800028ac                getString(char*, int)
                0x0000000080002978                stringToInt(char const*)
                0x00000000800029c8                printInt(int, int, int)
 .text          0x0000000080002adc      0x2d0 build/src/scb.o
                0x0000000080002adc                SCB::ctor(void*)
                0x0000000080002afc                SCB::dtor(void*)
                0x0000000080002b1c                SCB::initialize()
                0x0000000080002b68                SCB::SCB(unsigned long)
                0x0000000080002b68                SCB::SCB(unsigned long)
                0x0000000080002b84                SCB::~SCB()
                0x0000000080002b84                SCB::~SCB()
                0x0000000080002bdc                SCB::block()
                0x0000000080002c44                SCB::deblock()
                0x0000000080002c90                SCB::wait()
                0x0000000080002ce0                SCB::signal()
                0x0000000080002d1c                SCB::operator new(unsigned long)
                0x0000000080002d4c                SCB::operator delete(void*)
                0x0000000080002d80                SCB::semaphore_free(void*)
 .text          0x0000000080002dac       0x30 build/src/main.o
                0x0000000080002dac                main
 .text          0x0000000080002ddc      0x354 build/src/tcb.o
                0x0000000080002ddc                TCB::ctor(void*)
                0x0000000080002e04                TCB::dtor(void*)
                0x0000000080002e2c                TCB::wrapper(void*)
                0x0000000080002e70                TCB::TCB(void (*)(void*), void*, unsigned long*, unsigned long)
                0x0000000080002e70                TCB::TCB(void (*)(void*), void*, unsigned long*, unsigned long)
                0x0000000080002ed8                TCB::free()
                0x0000000080002f04                TCB::~TCB()
                0x0000000080002f04                TCB::~TCB()
                0x0000000080002f2c                TCB::dispatch()
                0x0000000080002fac                TCB::operator new(unsigned long)
                0x0000000080002fdc                TCB::initialize()
                0x00000000800030d0                TCB::operator delete(void*)
                0x0000000080003104                TCB::thread_free(void*)
 .text          0x0000000080003130      0x4ac build/src/memoryAllocator.o
                0x0000000080003130                MemoryAllocator::initialize()
                0x00000000800031b0                MemoryAllocator::kmalloc(unsigned long)
                0x0000000080003318                MemoryAllocator::insertAndMerge(void*, MemoryAllocator::BlockHeader**)
                0x00000000800033e8                MemoryAllocator::kfree(void*)
                0x000000008000349c                MemoryAllocator::showMemory()
                0x000000008000359c                MemoryAllocator::memcpy(void*, void*, unsigned long)
 .text          0x00000000800035dc      0x460 build/src/syscall_cpp.o
                0x00000000800035dc                Thread::wrapper(void*)
                0x0000000080003608                Semaphore::~Semaphore()
                0x0000000080003608                Semaphore::~Semaphore()
                0x0000000080003640                Thread::~Thread()
                0x0000000080003640                Thread::~Thread()
                0x0000000080003680                operator new(unsigned long)
                0x00000000800036a8                operator new[](unsigned long)
                0x00000000800036d0                operator delete(void*)
                0x00000000800036f8                Semaphore::~Semaphore()
                0x0000000080003738                Thread::~Thread()
                0x0000000080003778                Semaphore::Semaphore(unsigned int)
                0x0000000080003778                Semaphore::Semaphore(unsigned int)
                0x00000000800037b0                Semaphore::wait()
                0x00000000800037dc                Semaphore::signal()
                0x0000000080003808                Thread::Thread(void (*)(void*), void*)
                0x0000000080003808                Thread::Thread(void (*)(void*), void*)
                0x000000008000385c                Thread::Thread()
                0x000000008000385c                Thread::Thread()
                0x00000000800038bc                Thread::sleep(unsigned long)
                0x00000000800038e4                PeriodicThread::wrapper(void*)
                0x0000000080003924                Thread::dispatch()
                0x000000008000394c                Thread::start()
                0x0000000080003978                PeriodicThread::PeriodicThread(unsigned long)
                0x0000000080003978                PeriodicThread::PeriodicThread(unsigned long)
                0x00000000800039ec                Console::getc()
                0x0000000080003a14                Console::putc(char)
 .text._ZN6Thread3runEv
                0x0000000080003a3c       0x18 build/src/syscall_cpp.o
                0x0000000080003a3c                Thread::run()
 .text._ZN14PeriodicThread18periodicActivationEv
                0x0000000080003a54       0x18 build/src/syscall_cpp.o
                0x0000000080003a54                PeriodicThread::periodicActivation()
 .text._ZN14PeriodicThreadD2Ev
                0x0000000080003a6c       0x34 build/src/syscall_cpp.o
                0x0000000080003a6c                PeriodicThread::~PeriodicThread()
                0x0000000080003a6c                PeriodicThread::~PeriodicThread()
 .text._ZN14PeriodicThreadD0Ev
                0x0000000080003aa0       0x4c build/src/syscall_cpp.o
                0x0000000080003aa0                PeriodicThread::~PeriodicThread()
 .text          0x0000000080003aec     0x1214 build/src/riscv.o
                0x0000000080003aec                RiscV::getPMT()
                0x0000000080003b38                RiscV::handlePageFault(void*, unsigned long, unsigned long)
                0x0000000080003c20                RiscV::initialize()
                0x0000000080003e30                RiscV::popSppSpie()
                0x0000000080003e50                RiscV::executeThreadDispatchSyscall()
                0x0000000080003e8c                RiscV::executePutcSyscall()
                0x0000000080003edc                RiscV::putcWrapper(void*)
                0x0000000080003f64                RiscV::jumpToDesignatedPrivilegeMode()
                0x0000000080003fe0                RiscV::finalize()
                0x0000000080004094                RiscV::saveA0toSscratch()
                0x00000000800040cc                RiscV::executeMemAllocSyscall()
                0x0000000080004104                RiscV::executeMemFreeSyscall()
                0x0000000080004154                RiscV::executeThreadCreateSyscall()
                0x0000000080004228                RiscV::executeThreadAttachBodySyscall()
                0x00000000800042f0                RiscV::executeThreadStartSyscall()
                0x0000000080004348                RiscV::executeThreadExitSyscall()
                0x00000000800043a0                RiscV::executeSemOpenSyscall()
                0x000000008000443c                RiscV::executeSemCloseSyscall()
                0x000000008000449c                RiscV::executeSemWaitSyscall()
                0x00000000800044fc                RiscV::executeSemSignalSyscall()
                0x0000000080004544                RiscV::executeTimeSleepSyscall()
                0x00000000800045bc                RiscV::executeGetcSyscall()
                0x0000000080004654                RiscV::executePutcUtilSyscall()
                0x0000000080004688                RiscV::executeThreadFreeSyscall()
                0x00000000800046f0                RiscV::executeSemaphoreFreeSyscall()
                0x000000008000474c                RiscV::executeForkSyscall()
                0x00000000800048a0                RiscV::getPC()
                0x00000000800048cc                RiscV::handleSupervisorTrap()
 .text          0x0000000080004d00       0x8c build/src/utility.o
                0x0000000080004d00                strcpy(char const*, char*)
                0x0000000080004d3c                strcat(char*, char const*)
 .text          0x0000000080004d8c      0x214 build/src/scheduler.o
                0x0000000080004d8c                Scheduler::initialize()
                0x0000000080004da4                Scheduler::put(TCB*)
                0x0000000080004dec                Scheduler::get()
                0x0000000080004e20                Scheduler::sleep(TCB*)
                0x0000000080004e78                Scheduler::awake()
                0x0000000080004ee0                Scheduler::showScheduler()
                0x0000000080004f40                Scheduler::showSleeping()
 .text          0x0000000080004fa0      0x490 build/src/consoleUtil.o
                0x0000000080004fa0                ConsoleUtil::initialize()
                0x0000000080005084                ConsoleUtil::putInput(char)
                0x0000000080005104                ConsoleUtil::getInput()
                0x0000000080005174                ConsoleUtil::putOutput(char)
                0x000000008000520c                ConsoleUtil::getOutput()
                0x000000008000527c                ConsoleUtil::printString(char const*)
                0x00000000800052c0                ConsoleUtil::printInt(int, int, int)
                0x000000008000539c                ConsoleUtil::print(char const*, int, char const*, int)
                0x0000000080005408                ConsoleUtil::putcUtilSyscall()
 .text          0x0000000080005430      0x170 build/src/slab.o
                0x0000000080005430                kmem_init(void*, int)
                0x0000000080005458                kmem_cache_create(char const*, unsigned long, void (*)(void*), void (*)(void*))
                0x0000000080005480                kmem_cache_alloc(Cache*)
                0x00000000800054a8                kmem_cache_free(Cache*, void*)
                0x00000000800054d0                kmem_cache_destroy(Cache*)
                0x0000000080005500                kmem_cache_info(Cache*)
                0x0000000080005528                kmem_cache_shrink(Cache*)
                0x0000000080005550                kmalloc(unsigned long)
                0x0000000080005578                kfree(void const*)
 .text          0x00000000800055a0      0x408 build/tests/buffer_CPP_API.o
                0x00000000800055a0                BufferCPP::BufferCPP(int)
                0x00000000800055a0                BufferCPP::BufferCPP(int)
                0x0000000080005704                BufferCPP::put(int)
                0x0000000080005794                BufferCPP::get()
                0x0000000080005820                BufferCPP::getCnt()
                0x00000000800058a8                BufferCPP::~BufferCPP()
                0x00000000800058a8                BufferCPP::~BufferCPP()
 .text          0x00000000800059a8      0xbb4 build/tests/userMain.o
                0x00000000800059a8                workerBodyA(void*)
                0x0000000080005a74                workerBodyB(void*)
                0x0000000080005b48                sleepyRun(void*)
                0x0000000080005bec                fibonacci(unsigned long)
                0x0000000080005c60                workerBodyC(void*)
                0x0000000080005de0                workerBodyD(void*)
                0x0000000080005f28                Threads_C_API_test()
                0x0000000080006054                testSleeping()
                0x00000000800060dc                ConsumerProducerCPP::testConsumerProducer()
                0x0000000080006534                userMain()
 .text._ZN19ConsumerProducerCPP8Consumer3runEv
                0x000000008000655c       0xd0 build/tests/userMain.o
                0x000000008000655c                ConsumerProducerCPP::Consumer::run()
 .text._ZN19ConsumerProducerCPP8ConsumerD2Ev
                0x000000008000662c       0x34 build/tests/userMain.o
                0x000000008000662c                ConsumerProducerCPP::Consumer::~Consumer()
                0x000000008000662c                ConsumerProducerCPP::Consumer::~Consumer()
 .text._ZN19ConsumerProducerCPP8ConsumerD0Ev
                0x0000000080006660       0x4c build/tests/userMain.o
                0x0000000080006660                ConsumerProducerCPP::Consumer::~Consumer()
 .text._ZN19ConsumerProducerCPP16ProducerKeyboradD2Ev
                0x00000000800066ac       0x34 build/tests/userMain.o
                0x00000000800066ac                ConsumerProducerCPP::ProducerKeyborad::~ProducerKeyborad()
                0x00000000800066ac                ConsumerProducerCPP::ProducerKeyborad::~ProducerKeyborad()
 .text._ZN19ConsumerProducerCPP16ProducerKeyboradD0Ev
                0x00000000800066e0       0x4c build/tests/userMain.o
                0x00000000800066e0                ConsumerProducerCPP::ProducerKeyborad::~ProducerKeyborad()
 .text._ZN19ConsumerProducerCPP8ProducerD2Ev
                0x000000008000672c       0x34 build/tests/userMain.o
                0x000000008000672c                ConsumerProducerCPP::Producer::~Producer()
                0x000000008000672c                ConsumerProducerCPP::Producer::~Producer()
 .text._ZN19ConsumerProducerCPP8ProducerD0Ev
                0x0000000080006760       0x4c build/tests/userMain.o
                0x0000000080006760                ConsumerProducerCPP::Producer::~Producer()
 .text._ZN19ConsumerProducerCPP16ProducerKeyborad3runEv
                0x00000000800067ac       0x84 build/tests/userMain.o
                0x00000000800067ac                ConsumerProducerCPP::ProducerKeyborad::run()
 .text._ZN19ConsumerProducerCPP8Producer3runEv
                0x0000000080006830       0x94 build/tests/userMain.o
                0x0000000080006830                ConsumerProducerCPP::Producer::run()
 .text          0x00000000800068c4      0x320 build/tests/buffer.o
                0x00000000800068c4                Buffer::Buffer(int)
                0x00000000800068c4                Buffer::Buffer(int)
                0x0000000080006960                Buffer::put(int)
                0x00000000800069f0                Buffer::get()
                0x0000000080006a7c                Buffer::getCnt()
                0x0000000080006b04                Buffer::~Buffer()
                0x0000000080006b04                Buffer::~Buffer()
 .text          0x0000000080006be4        0x0 ./lib/hw.lib(entry.o)
 .text          0x0000000080006be4      0x18c ./lib/hw.lib(start.o)
                0x0000000080006be4                start
                0x0000000080006ce4                timerinit
 .text          0x0000000080006d70       0xd8 ./lib/hw.lib(main.o)
                0x0000000080006d70                system_main
 .text          0x0000000080006e48      0x100 ./lib/hw.lib(proc.o)
                0x0000000080006e48                cpuid
                0x0000000080006e68                mycpu
                0x0000000080006e98                userinit
                0x0000000080006eb4                either_copyout
                0x0000000080006f00                either_copyin
 .text          0x0000000080006f48      0x32c ./lib/hw.lib(trap.o)
                0x0000000080006f48                trapinit
                0x0000000080006f74                trapinithart
                0x0000000080006f98                usertrap
                0x0000000080006fb0                usertrapret
                0x0000000080006fc8                kerneltrap
                0x0000000080007110                clockintr
                0x0000000080007168                devintr
 *fill*         0x0000000080007274        0xc 
 .text          0x0000000080007280      0x150 ./lib/hw.lib(kernelvec.o)
                0x0000000080007280                kernelvec
                0x0000000080007390                timervec
 .text          0x00000000800073d0       0xf0 ./lib/hw.lib(plic.o)
                0x00000000800073d0                plicinit
                0x00000000800073f8                plicinithart
                0x0000000080007444                plic_claim
                0x000000008000747c                plic_complete
 .text          0x00000000800074c0        0x0 ./lib/hw.lib(support_cpp.o)
 .text          0x00000000800074c0        0x0 ./lib/hw.lib(hw.o)
 .text          0x00000000800074c0      0x36c ./lib/hw.lib(console.o)
                0x00000000800074c0                consolewrite
                0x0000000080007564                consoleread
                0x00000000800076a4                consputc
                0x00000000800076f4                consoleintr
                0x0000000080007788                consoleinit
                0x00000000800077ec                console_read
                0x000000008000780c                console_write
 .text          0x000000008000782c      0x738 ./lib/hw.lib(printf.o)
                0x000000008000782c                panic
                0x0000000080007888                __printf
                0x0000000080007f1c                printfinit
 .text          0x0000000080007f64      0x344 ./lib/hw.lib(uart.o)
                0x0000000080007f64                uartinit
                0x0000000080007fa8                uartputc
                0x00000000800080a0                uartputc_sync
                0x00000000800080e4                uartstart
                0x0000000080008158                uartgetc
                0x0000000080008190                uartintr
 .text          0x00000000800082a8      0x290 ./lib/hw.lib(kalloc.o)
                0x00000000800082a8                kinit
                0x0000000080008380                freerange
                0x0000000080008460                kfree
                0x00000000800084e0                kalloc
 .text          0x0000000080008538      0x3e0 ./lib/hw.lib(spinlock.o)
                0x0000000080008538                initlock
                0x000000008000855c                acquire
                0x0000000080008628                release
                0x00000000800086f0                holding
                0x000000008000873c                push_off
                0x00000000800087b0                pop_off
                0x000000008000882c                push_on
                0x00000000800088a0                pop_on
 .text          0x0000000080008918      0x394 ./lib/hw.lib(string.o)
                0x0000000080008918                __memset
                0x0000000080008b34                __memmove
                0x0000000080009000                . = ALIGN (0x1000)
 *fill*         0x0000000080008cac      0x354 
                [!provide]                        PROVIDE (etext = .)

.rodata         0x0000000080009000      0x92f
                0x0000000080009000                . = ALIGN (0x10)
 *(.srodata .srodata.*)
 .srodata       0x0000000080009000       0x18 ./lib/hw.lib(hw.o)
                0x0000000080009000                CONSOLE_RX_DATA
                0x0000000080009008                CONSOLE_TX_DATA
                0x0000000080009010                CONSOLE_STATUS
                0x0000000080009020                . = ALIGN (0x10)
 *fill*         0x0000000080009018        0x8 
 *(.rodata .rodata.*)
 .rodata.str1.8
                0x0000000080009020      0x284 build/src/slabAllocator.o
                                        0x29c (size before relaxing)
 *fill*         0x00000000800092a4        0x4 
 .rodata.str1.8
                0x00000000800092a8        0x3 build/src/buddyAllocator.o
                                         0x12 (size before relaxing)
 *fill*         0x00000000800092ab        0x5 
 .rodata.str1.8
                0x00000000800092b0        0xa build/src/scb.o
 *fill*         0x00000000800092ba        0x6 
 .rodata.str1.8
                0x00000000800092c0        0xa build/src/tcb.o
 *fill*         0x00000000800092ca        0x6 
 .rodata.str1.8
                0x00000000800092d0       0x82 build/src/memoryAllocator.o
 *fill*         0x0000000080009352        0x6 
 .rodata.str1.8
                0x0000000080009358       0x63 build/src/riscv.o
                                         0x6b (size before relaxing)
 *fill*         0x00000000800093bb        0x1 
 .rodata        0x00000000800093bc      0x188 build/src/riscv.o
 .rodata.str1.8
                0x0000000080009544        0x2 build/src/scheduler.o
 *fill*         0x0000000080009544        0x4 
 .rodata.str1.8
                0x0000000080009548       0x11 build/src/consoleUtil.o
 *fill*         0x0000000080009559        0x7 
 .rodata.str1.8
                0x0000000080009560       0x11 build/tests/buffer_CPP_API.o
 *fill*         0x0000000080009571        0x7 
 .rodata.str1.8
                0x0000000080009578      0x1e3 build/tests/userMain.o
                                        0x1f3 (size before relaxing)
 .rodata.str1.8
                0x000000008000975b       0x11 build/tests/buffer.o
 *fill*         0x000000008000975b        0x5 
 .rodata.str1.8
                0x0000000080009760       0x51 ./lib/hw.lib(main.o)
                                         0x59 (size before relaxing)
 *fill*         0x00000000800097b1        0x7 
 .rodata.str1.8
                0x00000000800097b8       0x4b ./lib/hw.lib(proc.o)
 *fill*         0x0000000080009803        0x5 
 .rodata.str1.8
                0x0000000080009808       0x7b ./lib/hw.lib(trap.o)
 *fill*         0x0000000080009883        0x5 
 .rodata.str1.8
                0x0000000080009888        0x5 ./lib/hw.lib(console.o)
 *fill*         0x000000008000988d        0x3 
 .rodata.str1.8
                0x0000000080009890       0x23 ./lib/hw.lib(printf.o)
                                         0x2b (size before relaxing)
 *fill*         0x00000000800098b3        0x5 
 .rodata        0x00000000800098b8       0x11 ./lib/hw.lib(printf.o)
 *fill*         0x00000000800098c9        0x7 
 .rodata.str1.8
                0x00000000800098d0        0x6 ./lib/hw.lib(kalloc.o)
 *fill*         0x00000000800098d6        0x2 
 .rodata.str1.8
                0x00000000800098d8       0x57 ./lib/hw.lib(spinlock.o)

.eh_frame       0x0000000080009930     0x2044
 .eh_frame      0x0000000080009930      0x320 build/src/slabAllocator.o
 .eh_frame      0x0000000080009c50      0x248 build/src/syscall_c.o
                                        0x260 (size before relaxing)
 .eh_frame      0x0000000080009e98       0x28 build/src/_semaphore.o
                                         0x40 (size before relaxing)
 .eh_frame      0x0000000080009ec0       0x28 build/src/_thread.o
                                         0x40 (size before relaxing)
 .eh_frame      0x0000000080009ee8       0x70 build/src/system.o
                                         0x88 (size before relaxing)
 .eh_frame      0x0000000080009f58      0x188 build/src/buddyAllocator.o
                                        0x198 (size before relaxing)
 .eh_frame      0x000000008000a0e0       0xc0 build/src/printing.o
                                         0xd0 (size before relaxing)
 .eh_frame      0x000000008000a1a0      0x200 build/src/scb.o
                                        0x210 (size before relaxing)
 .eh_frame      0x000000008000a3a0       0x28 build/src/main.o
                                         0x40 (size before relaxing)
 .eh_frame      0x000000008000a3c8      0x1c0 build/src/tcb.o
                                        0x1f0 (size before relaxing)
 .eh_frame      0x000000008000a588       0xf8 build/src/memoryAllocator.o
                                        0x108 (size before relaxing)
 .eh_frame      0x000000008000a680      0x3e0 build/src/syscall_cpp.o
                                        0x410 (size before relaxing)
 .eh_frame      0x000000008000aa60      0x518 build/src/riscv.o
                                        0x548 (size before relaxing)
 .eh_frame      0x000000008000af78       0x50 build/src/utility.o
                                         0x68 (size before relaxing)
 .eh_frame      0x000000008000afc8      0x120 build/src/scheduler.o
                                        0x130 (size before relaxing)
 .eh_frame      0x000000008000b0e8      0x198 build/src/consoleUtil.o
                                        0x1c8 (size before relaxing)
 .eh_frame      0x000000008000b280      0x168 build/src/slab.o
                                        0x180 (size before relaxing)
 .eh_frame      0x000000008000b3e8      0x100 build/tests/buffer_CPP_API.o
                                        0x130 (size before relaxing)
 .eh_frame      0x000000008000b4e8      0x398 build/tests/userMain.o
                                        0x3c8 (size before relaxing)
 .eh_frame      0x000000008000b880       0xf4 build/tests/buffer.o
                                        0x128 (size before relaxing)

.gcc_except_table
                0x000000008000b974      0x2b3
 .gcc_except_table
                0x000000008000b974        0x4 build/src/scb.o
 .gcc_except_table
                0x000000008000b978        0x4 build/src/tcb.o
 .gcc_except_table
                0x000000008000b97c        0x8 build/src/syscall_cpp.o
 .gcc_except_table
                0x000000008000b984       0xc6 build/src/riscv.o
 .gcc_except_table
                0x000000008000ba4a       0x5f build/src/consoleUtil.o
 .gcc_except_table
                0x000000008000baa9       0xa5 build/tests/buffer_CPP_API.o
 .gcc_except_table
                0x000000008000bb4e       0xd5 build/tests/userMain.o
 .gcc_except_table
                0x000000008000bc23        0x4 build/tests/buffer.o

.rela.dyn       0x000000008000bc28        0x0
 .rela.got      0x000000008000bc28        0x0 build/src/lock.o
 .rela.text     0x000000008000bc28        0x0 build/src/lock.o
 .rela.text._ZN14PeriodicThreadD2Ev
                0x000000008000bc28        0x0 build/src/lock.o
 .rela.text._ZN14PeriodicThreadD0Ev
                0x000000008000bc28        0x0 build/src/lock.o
 .rela.data.rel.ro.local._ZTV14PeriodicThread
                0x000000008000bc28        0x0 build/src/lock.o
 .rela.data.rel.ro.local._ZTV6Thread
                0x000000008000bc28        0x0 build/src/lock.o
 .rela.text._ZN19ConsumerProducerCPP8ConsumerD2Ev
                0x000000008000bc28        0x0 build/src/lock.o
 .rela.text._ZN19ConsumerProducerCPP8ConsumerD0Ev
                0x000000008000bc28        0x0 build/src/lock.o
 .rela.text._ZN19ConsumerProducerCPP16ProducerKeyboradD2Ev
                0x000000008000bc28        0x0 build/src/lock.o
 .rela.text._ZN19ConsumerProducerCPP16ProducerKeyboradD0Ev
                0x000000008000bc28        0x0 build/src/lock.o
 .rela.text._ZN19ConsumerProducerCPP8ProducerD2Ev
                0x000000008000bc28        0x0 build/src/lock.o
 .rela.text._ZN19ConsumerProducerCPP8ProducerD0Ev
                0x000000008000bc28        0x0 build/src/lock.o
 .rela.data.rel.ro.local._ZTVN19ConsumerProducerCPP16ProducerKeyboradE
                0x000000008000bc28        0x0 build/src/lock.o
 .rela.data.rel.ro.local._ZTVN19ConsumerProducerCPP8ProducerE
                0x000000008000bc28        0x0 build/src/lock.o
 .rela.data.rel.ro.local._ZTVN19ConsumerProducerCPP8ConsumerE
                0x000000008000bc28        0x0 build/src/lock.o
 .rela.sdata    0x000000008000bc28        0x0 build/src/lock.o

.data           0x000000008000bc28      0x1a0
                0x000000008000bc30                . = ALIGN (0x10)
 *fill*         0x000000008000bc28        0x8 
 *(.sdata .sdata.*)
 .sdata         0x000000008000bc30       0x10 ./lib/hw.lib(hw.o)
                0x000000008000bc30                HEAP_END_ADDR
                0x000000008000bc38                HEAP_START_ADDR
                0x000000008000bc40                . = ALIGN (0x10)
 *(.data .data.*)
 .data          0x000000008000bc40        0x0 build/src/lock.o
 .data          0x000000008000bc40        0x0 build/src/supervisorTrap.o
 .data          0x000000008000bc40        0x0 build/src/contextSwitch.o
 .data          0x000000008000bc40        0x0 build/src/slabAllocator.o
 .data.rel.local
                0x000000008000bc40       0x68 build/src/slabAllocator.o
                0x000000008000bc40                SlabAllocator::names
 .data          0x000000008000bca8        0x0 build/src/syscall_c.o
 .data          0x000000008000bca8        0x0 build/src/_semaphore.o
 .data          0x000000008000bca8        0x0 build/src/_thread.o
 .data          0x000000008000bca8        0x0 build/src/system.o
 .data          0x000000008000bca8        0x8 build/src/buddyAllocator.o
                0x000000008000bca8                Buddy::BLOCKS_AVAILABLE
 .data          0x000000008000bcb0       0x11 build/src/printing.o
                0x000000008000bcb0                digits
 .data          0x000000008000bcc1        0x0 build/src/scb.o
 *fill*         0x000000008000bcc1        0x7 
 .data.rel.local.DW.ref.__gxx_personality_v0
                0x000000008000bcc8        0x8 build/src/scb.o
                0x000000008000bcc8                DW.ref.__gxx_personality_v0
 .data          0x000000008000bcd0        0x0 build/src/main.o
 .data          0x000000008000bcd0        0x0 build/src/tcb.o
 .data          0x000000008000bcd0        0x0 build/src/memoryAllocator.o
 .data          0x000000008000bcd0        0x0 build/src/syscall_cpp.o
 .data.rel.ro.local._ZTV14PeriodicThread
                0x000000008000bcd0       0x30 build/src/syscall_cpp.o
                0x000000008000bcd0                vtable for PeriodicThread
 .data.rel.ro.local._ZTV9Semaphore
                0x000000008000bd00       0x20 build/src/syscall_cpp.o
                0x000000008000bd00                vtable for Semaphore
 .data.rel.ro.local._ZTV6Thread
                0x000000008000bd20       0x28 build/src/syscall_cpp.o
                0x000000008000bd20                vtable for Thread
 .data          0x000000008000bd48        0x0 build/src/riscv.o
 .data          0x000000008000bd48        0x0 build/src/utility.o
 .data          0x000000008000bd48        0x0 build/src/scheduler.o
 .data          0x000000008000bd48        0x8 build/src/consoleUtil.o
                0x000000008000bd48                ConsoleUtil::bufferSize
 .data          0x000000008000bd50        0x0 build/src/slab.o
 .data          0x000000008000bd50        0x0 build/tests/buffer_CPP_API.o
 .data          0x000000008000bd50        0x0 build/tests/userMain.o
 .data.rel.ro.local._ZTVN19ConsumerProducerCPP16ProducerKeyboradE
                0x000000008000bd50       0x28 build/tests/userMain.o
                0x000000008000bd50                vtable for ConsumerProducerCPP::ProducerKeyborad
 .data.rel.ro.local._ZTVN19ConsumerProducerCPP8ProducerE
                0x000000008000bd78       0x28 build/tests/userMain.o
                0x000000008000bd78                vtable for ConsumerProducerCPP::Producer
 .data.rel.ro.local._ZTVN19ConsumerProducerCPP8ConsumerE
                0x000000008000bda0       0x28 build/tests/userMain.o
                0x000000008000bda0                vtable for ConsumerProducerCPP::Consumer
 .data          0x000000008000bdc8        0x0 build/tests/buffer.o
 .data          0x000000008000bdc8        0x0 ./lib/hw.lib(entry.o)
 .data          0x000000008000bdc8        0x0 ./lib/hw.lib(start.o)
 .data          0x000000008000bdc8        0x0 ./lib/hw.lib(main.o)
 .data          0x000000008000bdc8        0x0 ./lib/hw.lib(proc.o)
 .data          0x000000008000bdc8        0x0 ./lib/hw.lib(trap.o)
 .data          0x000000008000bdc8        0x0 ./lib/hw.lib(kernelvec.o)
 .data          0x000000008000bdc8        0x0 ./lib/hw.lib(plic.o)
 .data          0x000000008000bdc8        0x0 ./lib/hw.lib(support_cpp.o)
 .data          0x000000008000bdc8        0x0 ./lib/hw.lib(hw.o)
 .data          0x000000008000bdc8        0x0 ./lib/hw.lib(console.o)
 .data          0x000000008000bdc8        0x0 ./lib/hw.lib(printf.o)
 .data          0x000000008000bdc8        0x0 ./lib/hw.lib(uart.o)
 .data          0x000000008000bdc8        0x0 ./lib/hw.lib(kalloc.o)
 .data          0x000000008000bdc8        0x0 ./lib/hw.lib(spinlock.o)
 .data          0x000000008000bdc8        0x0 ./lib/hw.lib(string.o)

.got            0x000000008000bdc8       0xa8
 .got           0x000000008000bdc8       0xa8 build/src/lock.o
                0x000000008000bdc8                _GLOBAL_OFFSET_TABLE_

.got.plt        0x000000008000be70       0x10
 .got.plt       0x000000008000be70       0x10 build/src/lock.o

.init_array     0x000000008000be80        0x8
 .init_array    0x000000008000be80        0x8 build/src/buddyAllocator.o

.bss            0x000000008000be90     0x1510
                0x000000008000be90                . = ALIGN (0x10)
 *(.sbss .sbss.*)
 .sbss          0x000000008000be90        0x4 ./lib/hw.lib(main.o)
 .sbss          0x000000008000be94        0x4 ./lib/hw.lib(trap.o)
                0x000000008000be94                ticks
 .sbss          0x000000008000be98        0x4 ./lib/hw.lib(printf.o)
                0x000000008000be98                panicked
 *fill*         0x000000008000be9c        0x4 
 .sbss          0x000000008000bea0       0x10 ./lib/hw.lib(uart.o)
                0x000000008000bea0                uart_tx_r
                0x000000008000bea8                uart_tx_w
 .sbss          0x000000008000beb0        0x8 ./lib/hw.lib(kalloc.o)
                0x000000008000beb0                kmem
                0x000000008000bec0                . = ALIGN (0x10)
 *fill*         0x000000008000beb8        0x8 
 *(.bss .bss.*)
 .bss           0x000000008000bec0        0x0 build/src/lock.o
 .bss           0x000000008000bec0        0x0 build/src/supervisorTrap.o
 .bss           0x000000008000bec0        0x0 build/src/contextSwitch.o
 .bss           0x000000008000bec0       0x80 build/src/slabAllocator.o
                0x000000008000bec0                SlabAllocator::sizeN
                0x000000008000bf28                SlabAllocator::cache
                0x000000008000bf30                SlabAllocator::startAddr
                0x000000008000bf38                SlabAllocator::blocksResponsibleFor
 .bss           0x000000008000bf40        0x0 build/src/syscall_c.o
 .bss           0x000000008000bf40        0x0 build/src/_semaphore.o
 .bss           0x000000008000bf40        0x0 build/src/_thread.o
 .bss           0x000000008000bf40        0x1 build/src/system.o
                0x000000008000bf40                System::initialized
 *fill*         0x000000008000bf41        0x7 
 .bss           0x000000008000bf48       0xe0 build/src/buddyAllocator.o
                0x000000008000bf48                Buddy::BUDDY_START_ADDR
                0x000000008000bf50                Buddy::BUDDY_META_DATA_ADDR
                0x000000008000bf58                Buddy::tail
                0x000000008000bfc0                Buddy::head
 .bss           0x000000008000c028        0x8 build/src/printing.o
                0x000000008000c028                lockPrint
 .bss           0x000000008000c030        0x8 build/src/scb.o
                0x000000008000c030                SCB::scbCache
 .bss           0x000000008000c038        0x0 build/src/main.o
 .bss           0x000000008000c038       0x30 build/src/tcb.o
                0x000000008000c038                TCB::running
                0x000000008000c040                TCB::tcbCache
                0x000000008000c048                TCB::putcThread
                0x000000008000c050                TCB::timeSliceCounter
                0x000000008000c058                TCB::currentSP
                0x000000008000c060                TCB::currentPC
 .bss           0x000000008000c068       0x21 build/src/memoryAllocator.o
                0x000000008000c068                MemoryAllocator::freeMemTail
                0x000000008000c070                MemoryAllocator::freeMemHead
                0x000000008000c078                MemoryAllocator::allocMemTail
                0x000000008000c080                MemoryAllocator::allocMemHead
                0x000000008000c088                MemoryAllocator::initialized
 .bss           0x000000008000c089        0x0 build/src/syscall_cpp.o
 *fill*         0x000000008000c089        0x7 
 .bss           0x000000008000c090       0x20 build/src/riscv.o
                0x000000008000c090                RiscV::kPMT
                0x000000008000c098                RiscV::uPMT
                0x000000008000c0a0                RiscV::userMainFinished
                0x000000008000c0a8                RiscV::globalTime
 .bss           0x000000008000c0b0        0x0 build/src/utility.o
 .bss           0x000000008000c0b0       0x18 build/src/scheduler.o
                0x000000008000c0b0                Scheduler::readyHead
                0x000000008000c0b8                Scheduler::readyTail
                0x000000008000c0c0                Scheduler::sleepingHead
 .bss           0x000000008000c0c8       0x50 build/src/consoleUtil.o
                0x000000008000c0c8                ConsoleUtil::inputSem
                0x000000008000c0d0                ConsoleUtil::outputSem
                0x000000008000c0d8                ConsoleUtil::inputBuffer
                0x000000008000c0e0                ConsoleUtil::outputBuffer
                0x000000008000c0e8                ConsoleUtil::inputTail
                0x000000008000c0f0                ConsoleUtil::inputHead
                0x000000008000c0f8                ConsoleUtil::pendingPutc
                0x000000008000c100                ConsoleUtil::outputTail
                0x000000008000c108                ConsoleUtil::outputHead
                0x000000008000c110                ConsoleUtil::pendingGetc
 .bss           0x000000008000c118        0x0 build/src/slab.o
 .bss           0x000000008000c118        0x0 build/tests/buffer_CPP_API.o
 .bss           0x000000008000c118       0x20 build/tests/userMain.o
                0x000000008000c118                finishedA
                0x000000008000c119                finishedB
                0x000000008000c120                finished
                0x000000008000c124                ConsumerProducerCPP::threadEnd
                0x000000008000c128                finishedC
                0x000000008000c129                finishedD
                0x000000008000c130                ConsumerProducerCPP::waitForAll
 .bss           0x000000008000c138        0x0 build/tests/buffer.o
 .bss           0x000000008000c138        0x0 ./lib/hw.lib(entry.o)
 *fill*         0x000000008000c138        0x8 
 .bss           0x000000008000c140     0x1030 ./lib/hw.lib(start.o)
                0x000000008000c140                timer_scratch
                0x000000008000c170                stack0
 .bss           0x000000008000d170        0x0 ./lib/hw.lib(main.o)
 .bss           0x000000008000d170       0x80 ./lib/hw.lib(proc.o)
                0x000000008000d170                cpus
 .bss           0x000000008000d1f0       0x18 ./lib/hw.lib(trap.o)
                0x000000008000d1f0                tickslock
 .bss           0x000000008000d208        0x0 ./lib/hw.lib(kernelvec.o)
 .bss           0x000000008000d208        0x0 ./lib/hw.lib(plic.o)
 .bss           0x000000008000d208       0x10 ./lib/hw.lib(support_cpp.o)
                0x000000008000d208                _Unwind_Resume
                0x000000008000d210                __gxx_personality_v0
 .bss           0x000000008000d218        0x0 ./lib/hw.lib(hw.o)
 .bss           0x000000008000d218      0x148 ./lib/hw.lib(console.o)
                0x000000008000d218                cons
                0x000000008000d2c0                devsw
 .bss           0x000000008000d360       0x20 ./lib/hw.lib(printf.o)
 .bss           0x000000008000d380       0x20 ./lib/hw.lib(uart.o)
                0x000000008000d380                uart_tx_buf
 .bss           0x000000008000d3a0        0x0 ./lib/hw.lib(kalloc.o)
 .bss           0x000000008000d3a0        0x0 ./lib/hw.lib(spinlock.o)
 .bss           0x000000008000d3a0        0x0 ./lib/hw.lib(string.o)
                0x000000008000d3a0                PROVIDE (end = .)
LOAD build/src/lock.o
LOAD build/src/supervisorTrap.o
LOAD build/src/contextSwitch.o
LOAD build/src/slabAllocator.o
LOAD build/src/syscall_c.o
LOAD build/src/_semaphore.o
LOAD build/src/_thread.o
LOAD build/src/system.o
LOAD build/src/buddyAllocator.o
LOAD build/src/printing.o
LOAD build/src/scb.o
LOAD build/src/main.o
LOAD build/src/tcb.o
LOAD build/src/memoryAllocator.o
LOAD build/src/syscall_cpp.o
LOAD build/src/riscv.o
LOAD build/src/utility.o
LOAD build/src/scheduler.o
LOAD build/src/consoleUtil.o
LOAD build/src/slab.o
LOAD build/tests/buffer_CPP_API.o
LOAD build/tests/userMain.o
LOAD build/tests/buffer.o
LOAD ./lib/hw.lib
LOAD ./lib/hw.lib
OUTPUT(kernel elf64-littleriscv)

.debug_line     0x0000000000000000     0x8faa
 .debug_line    0x0000000000000000       0x67 build/src/lock.o
 .debug_line    0x0000000000000067       0x6d build/src/supervisorTrap.o
 .debug_line    0x00000000000000d4       0x5e build/src/contextSwitch.o
 .debug_line    0x0000000000000132     0x1466 build/src/slabAllocator.o
 .debug_line    0x0000000000001598      0x7ca build/src/syscall_c.o
 .debug_line    0x0000000000001d62       0xa4 build/src/_semaphore.o
 .debug_line    0x0000000000001e06       0xf9 build/src/_thread.o
 .debug_line    0x0000000000001eff      0x1c5 build/src/system.o
 .debug_line    0x00000000000020c4      0x8c8 build/src/buddyAllocator.o
 .debug_line    0x000000000000298c      0x392 build/src/printing.o
 .debug_line    0x0000000000002d1e      0x4da build/src/scb.o
 .debug_line    0x00000000000031f8       0x8d build/src/main.o
 .debug_line    0x0000000000003285      0x521 build/src/tcb.o
 .debug_line    0x00000000000037a6      0x9f2 build/src/memoryAllocator.o
 .debug_line    0x0000000000004198      0x4db build/src/syscall_cpp.o
 .debug_line    0x0000000000004673     0x1f13 build/src/riscv.o
 .debug_line    0x0000000000006586      0x159 build/src/utility.o
 .debug_line    0x00000000000066df      0x43b build/src/scheduler.o
 .debug_line    0x0000000000006b1a      0x654 build/src/consoleUtil.o
 .debug_line    0x000000000000716e      0x206 build/src/slab.o
 .debug_line    0x0000000000007374      0x587 build/tests/buffer_CPP_API.o
 .debug_line    0x00000000000078fb     0x121b build/tests/userMain.o
 .debug_line    0x0000000000008b16      0x494 build/tests/buffer.o

.debug_info     0x0000000000000000     0xe177
 .debug_info    0x0000000000000000       0x2e build/src/lock.o
 .debug_info    0x000000000000002e       0x2e build/src/supervisorTrap.o
 .debug_info    0x000000000000005c       0x2e build/src/contextSwitch.o
 .debug_info    0x000000000000008a     0x18a0 build/src/slabAllocator.o
 .debug_info    0x000000000000192a      0x752 build/src/syscall_c.o
 .debug_info    0x000000000000207c      0x1c2 build/src/_semaphore.o
 .debug_info    0x000000000000223e      0x638 build/src/_thread.o
 .debug_info    0x0000000000002876      0x6d0 build/src/system.o
 .debug_info    0x0000000000002f46      0x9bc build/src/buddyAllocator.o
 .debug_info    0x0000000000003902      0x432 build/src/printing.o
 .debug_info    0x0000000000003d34      0xb8b build/src/scb.o
 .debug_info    0x00000000000048bf      0x16d build/src/main.o
 .debug_info    0x0000000000004a2c      0xe61 build/src/tcb.o
 .debug_info    0x000000000000588d      0x663 build/src/memoryAllocator.o
 .debug_info    0x0000000000005ef0      0xed3 build/src/syscall_cpp.o
 .debug_info    0x0000000000006dc3     0x27fb build/src/riscv.o
 .debug_info    0x00000000000095be      0x1d9 build/src/utility.o
 .debug_info    0x0000000000009797      0x9ce build/src/scheduler.o
 .debug_info    0x000000000000a165      0xd24 build/src/consoleUtil.o
 .debug_info    0x000000000000ae89      0x854 build/src/slab.o
 .debug_info    0x000000000000b6dd      0x751 build/tests/buffer_CPP_API.o
 .debug_info    0x000000000000be2e     0x1c9b build/tests/userMain.o
 .debug_info    0x000000000000dac9      0x6ae build/tests/buffer.o

.debug_abbrev   0x0000000000000000     0x3798
 .debug_abbrev  0x0000000000000000       0x14 build/src/lock.o
 .debug_abbrev  0x0000000000000014       0x14 build/src/supervisorTrap.o
 .debug_abbrev  0x0000000000000028       0x14 build/src/contextSwitch.o
 .debug_abbrev  0x000000000000003c      0x3f8 build/src/slabAllocator.o
 .debug_abbrev  0x0000000000000434      0x1e5 build/src/syscall_c.o
 .debug_abbrev  0x0000000000000619      0x128 build/src/_semaphore.o
 .debug_abbrev  0x0000000000000741      0x239 build/src/_thread.o
 .debug_abbrev  0x000000000000097a      0x27d build/src/system.o
 .debug_abbrev  0x0000000000000bf7      0x324 build/src/buddyAllocator.o
 .debug_abbrev  0x0000000000000f1b      0x168 build/src/printing.o
 .debug_abbrev  0x0000000000001083      0x3ac build/src/scb.o
 .debug_abbrev  0x000000000000142f       0xc6 build/src/main.o
 .debug_abbrev  0x00000000000014f5      0x399 build/src/tcb.o
 .debug_abbrev  0x000000000000188e      0x265 build/src/memoryAllocator.o
 .debug_abbrev  0x0000000000001af3      0x4a8 build/src/syscall_cpp.o
 .debug_abbrev  0x0000000000001f9b      0x55e build/src/riscv.o
 .debug_abbrev  0x00000000000024f9       0xf1 build/src/utility.o
 .debug_abbrev  0x00000000000025ea      0x30f build/src/scheduler.o
 .debug_abbrev  0x00000000000028f9      0x311 build/src/consoleUtil.o
 .debug_abbrev  0x0000000000002c0a      0x1fb build/src/slab.o
 .debug_abbrev  0x0000000000002e05      0x2a2 build/tests/buffer_CPP_API.o
 .debug_abbrev  0x00000000000030a7      0x478 build/tests/userMain.o
 .debug_abbrev  0x000000000000351f      0x279 build/tests/buffer.o

.debug_aranges  0x0000000000000000      0x520
 .debug_aranges
                0x0000000000000000       0x30 build/src/lock.o
 .debug_aranges
                0x0000000000000030       0x30 build/src/supervisorTrap.o
 .debug_aranges
                0x0000000000000060       0x30 build/src/contextSwitch.o
 .debug_aranges
                0x0000000000000090       0x30 build/src/slabAllocator.o
 .debug_aranges
                0x00000000000000c0       0x30 build/src/syscall_c.o
 .debug_aranges
                0x00000000000000f0       0x30 build/src/_semaphore.o
 .debug_aranges
                0x0000000000000120       0x30 build/src/_thread.o
 .debug_aranges
                0x0000000000000150       0x30 build/src/system.o
 .debug_aranges
                0x0000000000000180       0x30 build/src/buddyAllocator.o
 .debug_aranges
                0x00000000000001b0       0x30 build/src/printing.o
 .debug_aranges
                0x00000000000001e0       0x30 build/src/scb.o
 .debug_aranges
                0x0000000000000210       0x30 build/src/main.o
 .debug_aranges
                0x0000000000000240       0x30 build/src/tcb.o
 .debug_aranges
                0x0000000000000270       0x30 build/src/memoryAllocator.o
 .debug_aranges
                0x00000000000002a0       0x70 build/src/syscall_cpp.o
 .debug_aranges
                0x0000000000000310       0x30 build/src/riscv.o
 .debug_aranges
                0x0000000000000340       0x30 build/src/utility.o
 .debug_aranges
                0x0000000000000370       0x30 build/src/scheduler.o
 .debug_aranges
                0x00000000000003a0       0x30 build/src/consoleUtil.o
 .debug_aranges
                0x00000000000003d0       0x30 build/src/slab.o
 .debug_aranges
                0x0000000000000400       0x30 build/tests/buffer_CPP_API.o
 .debug_aranges
                0x0000000000000430       0xc0 build/tests/userMain.o
 .debug_aranges
                0x00000000000004f0       0x30 build/tests/buffer.o

.debug_str      0x0000000000000000     0x32af
 .debug_str     0x0000000000000000       0x48 build/src/lock.o
 .debug_str     0x0000000000000048       0x15 build/src/supervisorTrap.o
                                         0x52 (size before relaxing)
 .debug_str     0x000000000000005d       0x14 build/src/contextSwitch.o
                                         0x51 (size before relaxing)
 .debug_str     0x0000000000000071      0xb8b build/src/slabAllocator.o
                                        0xbf6 (size before relaxing)
 .debug_str     0x0000000000000bfc      0x2c4 build/src/syscall_c.o
                                        0x507 (size before relaxing)
 .debug_str     0x0000000000000ec0       0x13 build/src/_semaphore.o
                                        0x2a5 (size before relaxing)
 .debug_str     0x0000000000000ed3      0x206 build/src/_thread.o
                                        0x57b (size before relaxing)
 .debug_str     0x00000000000010d9      0x9bf build/src/system.o
                                        0xc9b (size before relaxing)
 .debug_str     0x0000000000001a98      0x138 build/src/buddyAllocator.o
                                        0x6f6 (size before relaxing)
 .debug_str     0x0000000000001bd0       0x9c build/src/printing.o
                                        0x2db (size before relaxing)
 .debug_str     0x0000000000001c6c      0x2c7 build/src/scb.o
                                        0x832 (size before relaxing)
 .debug_str     0x0000000000001f33       0x12 build/src/main.o
                                        0x22d (size before relaxing)
 .debug_str     0x0000000000001f45       0xd8 build/src/tcb.o
                                       0x10ed (size before relaxing)
 .debug_str     0x000000000000201d      0x256 build/src/memoryAllocator.o
                                        0x4f9 (size before relaxing)
 .debug_str     0x0000000000002273      0x37a build/src/syscall_cpp.o
                                        0x82e (size before relaxing)
 .debug_str     0x00000000000025ed      0x190 build/src/riscv.o
                                       0x172c (size before relaxing)
 .debug_str     0x000000000000277d       0x2b build/src/utility.o
                                        0x257 (size before relaxing)
 .debug_str     0x00000000000027a8       0x61 build/src/scheduler.o
                                        0x8a5 (size before relaxing)
 .debug_str     0x0000000000002809      0x15a build/src/consoleUtil.o
                                        0x9d6 (size before relaxing)
 .debug_str     0x0000000000002963       0xa4 build/src/slab.o
                                        0x90b (size before relaxing)
 .debug_str     0x0000000000002a07       0xef build/tests/buffer_CPP_API.o
                                        0x439 (size before relaxing)
 .debug_str     0x0000000000002af6      0x72e build/tests/userMain.o
                                        0xc95 (size before relaxing)
 .debug_str     0x0000000000003224       0x8b build/tests/buffer.o
                                        0x44a (size before relaxing)

.debug_loc      0x0000000000000000     0x6b6d
 .debug_loc     0x0000000000000000      0xff7 build/src/slabAllocator.o
 .debug_loc     0x0000000000000ff7      0xbda build/src/syscall_c.o
 .debug_loc     0x0000000000001bd1       0x39 build/src/_semaphore.o
 .debug_loc     0x0000000000001c0a       0x39 build/src/_thread.o
 .debug_loc     0x0000000000001c43       0x39 build/src/system.o
 .debug_loc     0x0000000000001c7c      0x8b1 build/src/buddyAllocator.o
 .debug_loc     0x000000000000252d      0x37a build/src/printing.o
 .debug_loc     0x00000000000028a7      0x325 build/src/scb.o
 .debug_loc     0x0000000000002bcc      0x293 build/src/tcb.o
 .debug_loc     0x0000000000002e5f      0x600 build/src/memoryAllocator.o
 .debug_loc     0x000000000000345f      0x6f0 build/src/syscall_cpp.o
 .debug_loc     0x0000000000003b4f     0x126d build/src/riscv.o
 .debug_loc     0x0000000000004dbc      0x15f build/src/utility.o
 .debug_loc     0x0000000000004f1b      0x15c build/src/scheduler.o
 .debug_loc     0x0000000000005077      0x456 build/src/consoleUtil.o
 .debug_loc     0x00000000000054cd      0x31c build/src/slab.o
 .debug_loc     0x00000000000057e9      0x322 build/tests/buffer_CPP_API.o
 .debug_loc     0x0000000000005b0b      0xde4 build/tests/userMain.o
 .debug_loc     0x00000000000068ef      0x27e build/tests/buffer.o

.debug_ranges   0x0000000000000000      0x660
 .debug_ranges  0x0000000000000000      0x190 build/src/slabAllocator.o
 .debug_ranges  0x0000000000000190       0xd0 build/src/buddyAllocator.o
 .debug_ranges  0x0000000000000260       0x60 build/src/memoryAllocator.o
 .debug_ranges  0x00000000000002c0       0xc0 build/src/syscall_cpp.o
 .debug_ranges  0x0000000000000380      0x110 build/src/riscv.o
 .debug_ranges  0x0000000000000490      0x1d0 build/tests/userMain.o

.comment        0x0000000000000000       0x53
 .comment       0x0000000000000000       0x29 build/src/slabAllocator.o
                                         0x2a (size before relaxing)
 .comment       0x0000000000000029       0x2a build/src/syscall_c.o
 .comment       0x0000000000000029       0x2a build/src/_semaphore.o
 .comment       0x0000000000000029       0x2a build/src/_thread.o
 .comment       0x0000000000000029       0x2a build/src/system.o
 .comment       0x0000000000000029       0x2a build/src/buddyAllocator.o
 .comment       0x0000000000000029       0x2a build/src/printing.o
 .comment       0x0000000000000029       0x2a build/src/scb.o
 .comment       0x0000000000000029       0x2a build/src/main.o
 .comment       0x0000000000000029       0x2a build/src/tcb.o
 .comment       0x0000000000000029       0x2a build/src/memoryAllocator.o
 .comment       0x0000000000000029       0x2a build/src/syscall_cpp.o
 .comment       0x0000000000000029       0x2a build/src/riscv.o
 .comment       0x0000000000000029       0x2a build/src/utility.o
 .comment       0x0000000000000029       0x2a build/src/scheduler.o
 .comment       0x0000000000000029       0x2a build/src/consoleUtil.o
 .comment       0x0000000000000029       0x2a build/src/slab.o
 .comment       0x0000000000000029       0x2a build/tests/buffer_CPP_API.o
 .comment       0x0000000000000029       0x2a build/tests/userMain.o
 .comment       0x0000000000000029       0x2a build/tests/buffer.o
 .comment       0x0000000000000029       0x2a ./lib/hw.lib(start.o)
                                         0x2b (size before relaxing)
 .comment       0x0000000000000053       0x2b ./lib/hw.lib(main.o)
 .comment       0x0000000000000053       0x2b ./lib/hw.lib(proc.o)
 .comment       0x0000000000000053       0x2b ./lib/hw.lib(trap.o)
 .comment       0x0000000000000053       0x2b ./lib/hw.lib(plic.o)
 .comment       0x0000000000000053       0x2b ./lib/hw.lib(support_cpp.o)
 .comment       0x0000000000000053       0x2b ./lib/hw.lib(hw.o)
 .comment       0x0000000000000053       0x2b ./lib/hw.lib(console.o)
 .comment       0x0000000000000053       0x2b ./lib/hw.lib(printf.o)
 .comment       0x0000000000000053       0x2b ./lib/hw.lib(uart.o)
 .comment       0x0000000000000053       0x2b ./lib/hw.lib(kalloc.o)
 .comment       0x0000000000000053       0x2b ./lib/hw.lib(spinlock.o)
 .comment       0x0000000000000053       0x2b ./lib/hw.lib(string.o)

.note.GNU-stack
                0x0000000000000000        0x0
 .note.GNU-stack
                0x0000000000000000        0x0 build/src/slabAllocator.o
 .note.GNU-stack
                0x0000000000000000        0x0 build/src/syscall_c.o
 .note.GNU-stack
                0x0000000000000000        0x0 build/src/_semaphore.o
 .note.GNU-stack
                0x0000000000000000        0x0 build/src/_thread.o
 .note.GNU-stack
                0x0000000000000000        0x0 build/src/system.o
 .note.GNU-stack
                0x0000000000000000        0x0 build/src/buddyAllocator.o
 .note.GNU-stack
                0x0000000000000000        0x0 build/src/printing.o
 .note.GNU-stack
                0x0000000000000000        0x0 build/src/scb.o
 .note.GNU-stack
                0x0000000000000000        0x0 build/src/main.o
 .note.GNU-stack
                0x0000000000000000        0x0 build/src/tcb.o
 .note.GNU-stack
                0x0000000000000000        0x0 build/src/memoryAllocator.o
 .note.GNU-stack
                0x0000000000000000        0x0 build/src/syscall_cpp.o
 .note.GNU-stack
                0x0000000000000000        0x0 build/src/riscv.o
 .note.GNU-stack
                0x0000000000000000        0x0 build/src/utility.o
 .note.GNU-stack
                0x0000000000000000        0x0 build/src/scheduler.o
 .note.GNU-stack
                0x0000000000000000        0x0 build/src/consoleUtil.o
 .note.GNU-stack
                0x0000000000000000        0x0 build/src/slab.o
 .note.GNU-stack
                0x0000000000000000        0x0 build/tests/buffer_CPP_API.o
 .note.GNU-stack
                0x0000000000000000        0x0 build/tests/userMain.o
 .note.GNU-stack
                0x0000000000000000        0x0 build/tests/buffer.o
 .note.GNU-stack
                0x0000000000000000        0x0 ./lib/hw.lib(start.o)
 .note.GNU-stack
                0x0000000000000000        0x0 ./lib/hw.lib(main.o)
 .note.GNU-stack
                0x0000000000000000        0x0 ./lib/hw.lib(proc.o)
 .note.GNU-stack
                0x0000000000000000        0x0 ./lib/hw.lib(trap.o)
 .note.GNU-stack
                0x0000000000000000        0x0 ./lib/hw.lib(plic.o)
 .note.GNU-stack
                0x0000000000000000        0x0 ./lib/hw.lib(support_cpp.o)
 .note.GNU-stack
                0x0000000000000000        0x0 ./lib/hw.lib(hw.o)
 .note.GNU-stack
                0x0000000000000000        0x0 ./lib/hw.lib(console.o)
 .note.GNU-stack
                0x0000000000000000        0x0 ./lib/hw.lib(printf.o)
 .note.GNU-stack
                0x0000000000000000        0x0 ./lib/hw.lib(uart.o)
 .note.GNU-stack
                0x0000000000000000        0x0 ./lib/hw.lib(kalloc.o)
 .note.GNU-stack
                0x0000000000000000        0x0 ./lib/hw.lib(spinlock.o)
 .note.GNU-stack
                0x0000000000000000        0x0 ./lib/hw.lib(string.o)
