Archive member included to satisfy reference by file (symbol)

./lib/hw.lib(entry.o)         (_entry)
./lib/hw.lib(start.o)         ./lib/hw.lib(entry.o) (start)
./lib/hw.lib(main.o)          ./lib/hw.lib(start.o) (system_main)
./lib/hw.lib(proc.o)          ./lib/hw.lib(main.o) (cpuid)
./lib/hw.lib(trap.o)          ./lib/hw.lib(main.o) (trapinit)
./lib/hw.lib(kernelvec.o)     ./lib/hw.lib(trap.o) (kernelvec)
./lib/hw.lib(plic.o)          ./lib/hw.lib(main.o) (plicinit)
./lib/hw.lib(support_cpp.o)   build/src/kernel/riscv.o (_Unwind_Resume)
./lib/hw.lib(hw.o)            build/src/kernel/riscv.o (CONSOLE_RX_DATA)
./lib/hw.lib(console.o)       ./lib/hw.lib(main.o) (consoleinit)
./lib/hw.lib(printf.o)        ./lib/hw.lib(main.o) (panic)
./lib/hw.lib(uart.o)          ./lib/hw.lib(console.o) (uartinit)
./lib/hw.lib(kalloc.o)        ./lib/hw.lib(main.o) (kinit)
./lib/hw.lib(spinlock.o)      ./lib/hw.lib(trap.o) (initlock)
./lib/hw.lib(string.o)        ./lib/hw.lib(kalloc.o) (__memset)

Discarded input sections

 .group         0x0000000000000000        0xc build/src/kernel/scb.o
 .group         0x0000000000000000        0xc build/src/kernel/tcb.o
 .data.rel.local.DW.ref.__gxx_personality_v0
                0x0000000000000000        0x8 build/src/kernel/tcb.o
 .group         0x0000000000000000        0xc build/src/kernel/riscv.o
 .data.rel.local.DW.ref.__gxx_personality_v0
                0x0000000000000000        0x8 build/src/kernel/riscv.o
 .group         0x0000000000000000        0xc build/src/kernel/consoleUtil.o
 .data.rel.local.DW.ref.__gxx_personality_v0
                0x0000000000000000        0x8 build/src/kernel/consoleUtil.o
 .group         0x0000000000000000        0xc build/src/user/tests/buffer_CPP_API.o
 .data.rel.local.DW.ref.__gxx_personality_v0
                0x0000000000000000        0x8 build/src/user/tests/buffer_CPP_API.o
 .group         0x0000000000000000       0x14 build/src/user/tests/userMain.o
 .group         0x0000000000000000       0x14 build/src/user/tests/userMain.o
 .group         0x0000000000000000        0xc build/src/user/tests/userMain.o
 .group         0x0000000000000000        0xc build/src/user/tests/userMain.o
 .data.rel.local.DW.ref.__gxx_personality_v0
                0x0000000000000000        0x8 build/src/user/tests/userMain.o
 .group         0x0000000000000000        0xc build/src/user/tests/buffer.o
 .data.rel.local.DW.ref.__gxx_personality_v0
                0x0000000000000000        0x8 build/src/user/tests/buffer.o
 .group         0x0000000000000000        0x8 build/src/user/syscall_cpp.o
 .group         0x0000000000000000        0x8 build/src/user/syscall_cpp.o
 .group         0x0000000000000000       0x14 build/src/user/syscall_cpp.o
 .group         0x0000000000000000        0xc build/src/user/syscall_cpp.o
 .group         0x0000000000000000        0xc build/src/user/syscall_cpp.o
 .group         0x0000000000000000        0xc build/src/user/syscall_cpp.o
 .group         0x0000000000000000        0xc build/src/user/syscall_cpp.o
 .data.rel.local.DW.ref.__gxx_personality_v0
                0x0000000000000000        0x8 build/src/user/syscall_cpp.o

Memory Configuration

Name             Origin             Length             Attributes
*default*        0x0000000000000000 0xffffffffffffffff

Linker script and memory map

                0x0000000080000000                . = 0x80000000

.text           0x0000000080000000     0x8000
 *(.entry_os)
 .entry_os      0x0000000080000000       0x24 ./lib/hw.lib(entry.o)
                0x0000000080000000                _entry
                0x0000000080001000                . = ALIGN (0x1000)
 *fill*         0x0000000080000024      0xfdc 
                [!provide]                        PROVIDE (kernelTextStart = .)
 EXCLUDE_FILE(build/src/user/*) *(.text .text.*)
 .text          0x0000000080001000      0x120 build/src/kernel/supervisorTrap.o
                0x0000000080001000                RiscV::supervisorTrap()
 .text          0x0000000080001120       0x14 build/src/kernel/contextSwitch.o
                0x0000000080001120                TCB::contextSwitch(TCB::Context*, TCB::Context*)
 .text          0x0000000080001134      0xcb0 build/src/kernel/slabAllocator.o
                0x0000000080001134                SlabAllocator::shrinkCache(Cache*)
                0x000000008000119c                SlabAllocator::printSlab(Slab*)
                0x00000000800012f8                SlabAllocator::printCache(Cache*)
                0x00000000800014d8                SlabAllocator::insertIntoList(Slab*&, Slab*)
                0x0000000080001508                SlabAllocator::allocateSlab(Cache*)
                0x0000000080001604                SlabAllocator::removeFromList(Slab*&, Slab*)
                0x0000000080001658                SlabAllocator::move(Slab*&, Slab*&, Slab*)
                0x00000000800016ac                SlabAllocator::allocateSlot(Slab*)
                0x0000000080001798                SlabAllocator::allocateObject(Cache*)
                0x0000000080001834                SlabAllocator::allocateBuffer(unsigned long)
                0x00000000800018d4                SlabAllocator::createCache(char const*, unsigned long, void (*)(void*), void (*)(void*))
                0x00000000800019e0                SlabAllocator::initialize(void*, unsigned long)
                0x0000000080001ac0                SlabAllocator::freeSlot(Slab*, unsigned long)
                0x0000000080001ba8                SlabAllocator::freeObject(Cache*, void const*)
                0x0000000080001c9c                SlabAllocator::freeBuffer(void const*)
                0x0000000080001d08                SlabAllocator::deleteCache(Cache*&)
 .text          0x0000000080001de4      0x4d4 build/src/kernel/system.o
                0x0000000080001de4                memset(void const*, int, int)
                0x0000000080001e14                construct(void*)
                0x0000000080001e44                check(void*, unsigned long)
                0x0000000080001e8c                work(void*)
                0x000000008000207c                runs(void (*)(void*), data_s*, int)
                0x00000000800020fc                test2()
                0x0000000080002178                ctor(void*)
                0x00000000800021a8                System::System()
                0x00000000800021a8                System::System()
 .text          0x00000000800022b8      0x5d4 build/src/kernel/buddyAllocator.o
                0x0000000080002318                Buddy::initialize(void*, unsigned long)
                0x0000000080002420                Buddy::compress(unsigned long)
                0x0000000080002528                Buddy::insert(void*, unsigned long)
                0x0000000080002610                Buddy::free(void*, unsigned long)
                0x0000000080002640                Buddy::split(Buddy::Block*, int, int)
                0x00000000800026e8                Buddy::alloc(unsigned long)
                0x000000008000279c                Buddy::printList()
 .text          0x000000008000288c      0x2d0 build/src/kernel/scb.o
                0x000000008000288c                SCB::ctor(void*)
                0x00000000800028ac                SCB::dtor(void*)
                0x00000000800028cc                SCB::initialize()
                0x0000000080002918                SCB::SCB(unsigned long)
                0x0000000080002918                SCB::SCB(unsigned long)
                0x0000000080002934                SCB::~SCB()
                0x0000000080002934                SCB::~SCB()
                0x000000008000298c                SCB::block()
                0x00000000800029f4                SCB::deblock()
                0x0000000080002a40                SCB::wait()
                0x0000000080002a90                SCB::signal()
                0x0000000080002acc                SCB::operator new(unsigned long)
                0x0000000080002afc                SCB::operator delete(void*)
                0x0000000080002b30                SCB::semaphore_free(void*)
 .text          0x0000000080002b5c       0x30 build/src/kernel/main.o
                0x0000000080002b5c                main
 .text          0x0000000080002b8c      0x354 build/src/kernel/tcb.o
                0x0000000080002b8c                TCB::ctor(void*)
                0x0000000080002bb4                TCB::dtor(void*)
                0x0000000080002bdc                TCB::wrapper(void*)
                0x0000000080002c20                TCB::TCB(void (*)(void*), void*, unsigned long*, unsigned long)
                0x0000000080002c20                TCB::TCB(void (*)(void*), void*, unsigned long*, unsigned long)
                0x0000000080002c88                TCB::free()
                0x0000000080002cb4                TCB::~TCB()
                0x0000000080002cb4                TCB::~TCB()
                0x0000000080002cdc                TCB::dispatch()
                0x0000000080002d5c                TCB::operator new(unsigned long)
                0x0000000080002d8c                TCB::initialize()
                0x0000000080002e80                TCB::operator delete(void*)
                0x0000000080002eb4                TCB::thread_free(void*)
 .text          0x0000000080002ee0      0x4ac build/src/kernel/memoryAllocator.o
                0x0000000080002ee0                MemoryAllocator::initialize()
                0x0000000080002f60                MemoryAllocator::kmalloc(unsigned long)
                0x00000000800030c8                MemoryAllocator::insertAndMerge(void*, MemoryAllocator::BlockHeader**)
                0x0000000080003198                MemoryAllocator::kfree(void*)
                0x000000008000324c                MemoryAllocator::showMemory()
                0x000000008000334c                MemoryAllocator::memcpy(void*, void*, unsigned long)
 .text          0x000000008000338c     0x1570 build/src/kernel/riscv.o
                0x000000008000338c                RiscV::popSppSpie()
                0x00000000800033e4                RiscV::executeThreadDispatchSyscall()
                0x0000000080003420                RiscV::executePutcSyscall()
                0x0000000080003470                RiscV::jumpToDesignatedPrivilegeMode()
                0x00000000800034ec                RiscV::finalize()
                0x00000000800035a0                RiscV::saveA0toSscratch()
                0x00000000800035d8                RiscV::executeMemAllocSyscall()
                0x0000000080003610                RiscV::executeMemFreeSyscall()
                0x0000000080003660                RiscV::executeThreadCreateSyscall()
                0x0000000080003734                RiscV::executeThreadAttachBodySyscall()
                0x00000000800037fc                RiscV::executeThreadStartSyscall()
                0x0000000080003854                RiscV::executeThreadExitSyscall()
                0x00000000800038ac                RiscV::executeSemOpenSyscall()
                0x0000000080003948                RiscV::executeSemCloseSyscall()
                0x00000000800039a8                RiscV::executeSemWaitSyscall()
                0x0000000080003a08                RiscV::executeSemSignalSyscall()
                0x0000000080003a50                RiscV::executeTimeSleepSyscall()
                0x0000000080003ac8                RiscV::executeGetcSyscall()
                0x0000000080003b60                RiscV::executePutcUtilSyscall()
                0x0000000080003b94                RiscV::executeThreadFreeSyscall()
                0x0000000080003bfc                RiscV::executeSemaphoreFreeSyscall()
                0x0000000080003c58                RiscV::executeForkSyscall()
                0x0000000080003dac                RiscV::getPC()
                0x0000000080003dd8                RiscV::handleSupervisorTrap()
                0x0000000080004238                RiscV::threadCreateUtil(TCB**, void (*)(void*), void*)
                0x00000000800042b4                RiscV::threadExitUtil()
                0x00000000800042d4                RiscV::threadDispatchUtil()
                0x00000000800042f4                RiscV::putcWrapper(void*)
                0x000000008000437c                RiscV::getPMT()
                0x00000000800043c8                RiscV::handlePageFault(void*, unsigned long, unsigned long)
                0x00000000800044b0                RiscV::buildSection(void*, unsigned long, unsigned long, unsigned long)
                0x0000000080004524                RiscV::mapConsoleRegisters(void*)
                0x00000000800045b8                RiscV::buildKernelPMT()
                0x00000000800046f8                RiscV::buildUserPMT()
                0x0000000080004838                RiscV::initialize()
 .text          0x00000000800048fc       0x8c build/src/kernel/utility.o
                0x00000000800048fc                strcpy(char const*, char*)
                0x0000000080004938                strcat(char*, char const*)
 .text          0x0000000080004988      0x214 build/src/kernel/scheduler.o
                0x0000000080004988                Scheduler::initialize()
                0x00000000800049a0                Scheduler::put(TCB*)
                0x00000000800049e8                Scheduler::get()
                0x0000000080004a1c                Scheduler::sleep(TCB*)
                0x0000000080004a74                Scheduler::awake()
                0x0000000080004adc                Scheduler::showScheduler()
                0x0000000080004b3c                Scheduler::showSleeping()
 .text          0x0000000080004b9c      0x44c build/src/kernel/consoleUtil.o
                0x0000000080004b9c                ConsoleUtil::initialize()
                0x0000000080004c54                ConsoleUtil::putInput(char)
                0x0000000080004cc4                ConsoleUtil::getInput()
                0x0000000080004d3c                ConsoleUtil::putOutput(char)
                0x0000000080004dbc                ConsoleUtil::getOutput()
                0x0000000080004e34                ConsoleUtil::printString(char const*)
                0x0000000080004e78                ConsoleUtil::printInt(int, int, int)
                0x0000000080004f54                ConsoleUtil::print(char const*, int, char const*, int)
                0x0000000080004fc0                ConsoleUtil::putcUtilSyscall()
 .text          0x0000000080004fe8      0x170 build/src/kernel/slab.o
                0x0000000080004fe8                kmem_init(void*, int)
                0x0000000080005010                kmem_cache_create(char const*, unsigned long, void (*)(void*), void (*)(void*))
                0x0000000080005038                kmem_cache_alloc(Cache*)
                0x0000000080005060                kmem_cache_free(Cache*, void*)
                0x0000000080005088                kmem_cache_destroy(Cache*)
                0x00000000800050b8                kmem_cache_info(Cache*)
                0x00000000800050e0                kmem_cache_shrink(Cache*)
                0x0000000080005108                kmalloc(unsigned long)
                0x0000000080005130                kfree(void const*)
 .text          0x0000000080005158        0x0 ./lib/hw.lib(entry.o)
 .text          0x0000000080005158      0x18c ./lib/hw.lib(start.o)
                0x0000000080005158                start
                0x0000000080005258                timerinit
 .text          0x00000000800052e4       0xd8 ./lib/hw.lib(main.o)
                0x00000000800052e4                system_main
 .text          0x00000000800053bc      0x100 ./lib/hw.lib(proc.o)
                0x00000000800053bc                cpuid
                0x00000000800053dc                mycpu
                0x000000008000540c                userinit
                0x0000000080005428                either_copyout
                0x0000000080005474                either_copyin
 .text          0x00000000800054bc      0x32c ./lib/hw.lib(trap.o)
                0x00000000800054bc                trapinit
                0x00000000800054e8                trapinithart
                0x000000008000550c                usertrap
                0x0000000080005524                usertrapret
                0x000000008000553c                kerneltrap
                0x0000000080005684                clockintr
                0x00000000800056dc                devintr
 *fill*         0x00000000800057e8        0x8 
 .text          0x00000000800057f0      0x150 ./lib/hw.lib(kernelvec.o)
                0x00000000800057f0                kernelvec
                0x0000000080005900                timervec
 .text          0x0000000080005940       0xf0 ./lib/hw.lib(plic.o)
                0x0000000080005940                plicinit
                0x0000000080005968                plicinithart
                0x00000000800059b4                plic_claim
                0x00000000800059ec                plic_complete
 .text          0x0000000080005a30        0x0 ./lib/hw.lib(support_cpp.o)
 .text          0x0000000080005a30        0x0 ./lib/hw.lib(hw.o)
 .text          0x0000000080005a30      0x36c ./lib/hw.lib(console.o)
                0x0000000080005a30                consolewrite
                0x0000000080005ad4                consoleread
                0x0000000080005c14                consputc
                0x0000000080005c64                consoleintr
                0x0000000080005cf8                consoleinit
                0x0000000080005d5c                console_read
                0x0000000080005d7c                console_write
 .text          0x0000000080005d9c      0x738 ./lib/hw.lib(printf.o)
                0x0000000080005d9c                panic
                0x0000000080005df8                __printf
                0x000000008000648c                printfinit
 .text          0x00000000800064d4      0x344 ./lib/hw.lib(uart.o)
                0x00000000800064d4                uartinit
                0x0000000080006518                uartputc
                0x0000000080006610                uartputc_sync
                0x0000000080006654                uartstart
                0x00000000800066c8                uartgetc
                0x0000000080006700                uartintr
 .text          0x0000000080006818      0x290 ./lib/hw.lib(kalloc.o)
                0x0000000080006818                kinit
                0x00000000800068f0                freerange
                0x00000000800069d0                kfree
                0x0000000080006a50                kalloc
 .text          0x0000000080006aa8      0x3e0 ./lib/hw.lib(spinlock.o)
                0x0000000080006aa8                initlock
                0x0000000080006acc                acquire
                0x0000000080006b98                release
                0x0000000080006c60                holding
                0x0000000080006cac                push_off
                0x0000000080006d20                pop_off
                0x0000000080006d9c                push_on
                0x0000000080006e10                pop_on
 .text          0x0000000080006e88      0x394 ./lib/hw.lib(string.o)
                0x0000000080006e88                __memset
                0x00000000800070a4                __memmove
                0x0000000080008000                . = ALIGN (0x1000)
 *fill*         0x000000008000721c      0xde4 
                0x0000000080008000                PROVIDE (kernelTextEnd = .)

.rodata         0x0000000080008000      0x777
                0x0000000080008000                . = ALIGN (0x10)
 EXCLUDE_FILE(build/src/user/*) *(.srodata .srodata.*)
 .srodata       0x0000000080008000       0x18 ./lib/hw.lib(hw.o)
                0x0000000080008000                CONSOLE_RX_DATA
                0x0000000080008008                CONSOLE_TX_DATA
                0x0000000080008010                CONSOLE_STATUS
                0x0000000080008020                . = ALIGN (0x10)
 *fill*         0x0000000080008018        0x8 
 EXCLUDE_FILE(build/src/user/*) *(.rodata .rodata.*)
 .rodata.str1.8
                0x0000000080008020      0x26c build/src/kernel/slabAllocator.o
                                        0x284 (size before relaxing)
 *fill*         0x000000008000828c        0x4 
 .rodata.str1.8
                0x0000000080008290       0x55 build/src/kernel/system.o
                                         0x65 (size before relaxing)
 *fill*         0x00000000800082e5        0x3 
 .rodata.str1.8
                0x00000000800082e8        0x3 build/src/kernel/buddyAllocator.o
                                         0x12 (size before relaxing)
 *fill*         0x00000000800082eb        0x5 
 .rodata.str1.8
                0x00000000800082f0        0xa build/src/kernel/scb.o
 *fill*         0x00000000800082fa        0x6 
 .rodata.str1.8
                0x0000000080008300        0xa build/src/kernel/tcb.o
 *fill*         0x000000008000830a        0x6 
 .rodata.str1.8
                0x0000000080008310       0x82 build/src/kernel/memoryAllocator.o
 *fill*         0x0000000080008392        0x6 
 .rodata.str1.8
                0x0000000080008398       0x6b build/src/kernel/riscv.o
                                         0x73 (size before relaxing)
 *fill*         0x0000000080008403        0x1 
 .rodata        0x0000000080008404      0x188 build/src/kernel/riscv.o
 .rodata.str1.8
                0x000000008000858c        0x2 build/src/kernel/scheduler.o
 *fill*         0x000000008000858c        0x4 
 .rodata.str1.8
                0x0000000080008590       0x11 build/src/kernel/consoleUtil.o
 *fill*         0x00000000800085a1        0x7 
 .rodata.str1.8
                0x00000000800085a8       0x51 ./lib/hw.lib(main.o)
                                         0x59 (size before relaxing)
 *fill*         0x00000000800085f9        0x7 
 .rodata.str1.8
                0x0000000080008600       0x4b ./lib/hw.lib(proc.o)
 *fill*         0x000000008000864b        0x5 
 .rodata.str1.8
                0x0000000080008650       0x7b ./lib/hw.lib(trap.o)
 *fill*         0x00000000800086cb        0x5 
 .rodata.str1.8
                0x00000000800086d0        0x5 ./lib/hw.lib(console.o)
 *fill*         0x00000000800086d5        0x3 
 .rodata.str1.8
                0x00000000800086d8       0x23 ./lib/hw.lib(printf.o)
                                         0x2b (size before relaxing)
 *fill*         0x00000000800086fb        0x5 
 .rodata        0x0000000080008700       0x11 ./lib/hw.lib(printf.o)
 *fill*         0x0000000080008711        0x7 
 .rodata.str1.8
                0x0000000080008718        0x6 ./lib/hw.lib(kalloc.o)
 *fill*         0x000000008000871e        0x2 
 .rodata.str1.8
                0x0000000080008720       0x57 ./lib/hw.lib(spinlock.o)

.gcc_except_table
                0x0000000080008777      0x1ef
 .gcc_except_table
                0x0000000080008777        0x4 build/src/kernel/scb.o
 .gcc_except_table
                0x000000008000877b        0x4 build/src/kernel/tcb.o
 .gcc_except_table
                0x000000008000877f       0xc6 build/src/kernel/riscv.o
 .gcc_except_table
                0x0000000080008845       0x52 build/src/kernel/consoleUtil.o
 .gcc_except_table
                0x0000000080008897       0xa5 build/src/user/tests/buffer_CPP_API.o
 .gcc_except_table
                0x000000008000893c       0x1e build/src/user/tests/userMain.o
 .gcc_except_table
                0x000000008000895a        0x4 build/src/user/tests/buffer.o
 .gcc_except_table
                0x000000008000895e        0x8 build/src/user/syscall_cpp.o

.gcc_except_table._ZN10ForkThread3runEv
                0x0000000080008966       0x2b
 .gcc_except_table._ZN10ForkThread3runEv
                0x0000000080008966       0x2b build/src/user/tests/userMain.o

.data           0x0000000080008998       0xc0
                0x00000000800089a0                . = ALIGN (0x10)
 *fill*         0x0000000080008998        0x8 
 EXCLUDE_FILE(build/src/user/*) *(.sdata .sdata.*)
 .sdata         0x00000000800089a0       0x10 ./lib/hw.lib(hw.o)
                0x00000000800089a0                HEAP_END_ADDR
                0x00000000800089a8                HEAP_START_ADDR
                0x00000000800089b0                . = ALIGN (0x10)
 EXCLUDE_FILE(build/src/user/*) *(.data .data.*)
 .data          0x00000000800089b0        0x0 build/src/kernel/supervisorTrap.o
 .data          0x00000000800089b0        0x0 build/src/kernel/contextSwitch.o
 .data          0x00000000800089b0        0x0 build/src/kernel/slabAllocator.o
 .data.rel.local
                0x00000000800089b0       0x68 build/src/kernel/slabAllocator.o
                0x00000000800089b0                SlabAllocator::names
 .data          0x0000000080008a18        0x0 build/src/kernel/system.o
 .data.rel.ro.local
                0x0000000080008a18       0x28 build/src/kernel/system.o
 .data          0x0000000080008a40        0x8 build/src/kernel/buddyAllocator.o
                0x0000000080008a40                Buddy::BLOCKS_AVAILABLE
 .data          0x0000000080008a48        0x0 build/src/kernel/scb.o
 .data.rel.local.DW.ref.__gxx_personality_v0
                0x0000000080008a48        0x8 build/src/kernel/scb.o
                0x0000000080008a48                DW.ref.__gxx_personality_v0
 .data          0x0000000080008a50        0x0 build/src/kernel/main.o
 .data          0x0000000080008a50        0x0 build/src/kernel/tcb.o
 .data          0x0000000080008a50        0x0 build/src/kernel/memoryAllocator.o
 .data          0x0000000080008a50        0x0 build/src/kernel/riscv.o
 .data          0x0000000080008a50        0x0 build/src/kernel/utility.o
 .data          0x0000000080008a50        0x0 build/src/kernel/scheduler.o
 .data          0x0000000080008a50        0x8 build/src/kernel/consoleUtil.o
                0x0000000080008a50                ConsoleUtil::bufferSize
 .data          0x0000000080008a58        0x0 build/src/kernel/slab.o
 .data          0x0000000080008a58        0x0 ./lib/hw.lib(entry.o)
 .data          0x0000000080008a58        0x0 ./lib/hw.lib(start.o)
 .data          0x0000000080008a58        0x0 ./lib/hw.lib(main.o)
 .data          0x0000000080008a58        0x0 ./lib/hw.lib(proc.o)
 .data          0x0000000080008a58        0x0 ./lib/hw.lib(trap.o)
 .data          0x0000000080008a58        0x0 ./lib/hw.lib(kernelvec.o)
 .data          0x0000000080008a58        0x0 ./lib/hw.lib(plic.o)
 .data          0x0000000080008a58        0x0 ./lib/hw.lib(support_cpp.o)
 .data          0x0000000080008a58        0x0 ./lib/hw.lib(hw.o)
 .data          0x0000000080008a58        0x0 ./lib/hw.lib(console.o)
 .data          0x0000000080008a58        0x0 ./lib/hw.lib(printf.o)
 .data          0x0000000080008a58        0x0 ./lib/hw.lib(uart.o)
 .data          0x0000000080008a58        0x0 ./lib/hw.lib(kalloc.o)
 .data          0x0000000080008a58        0x0 ./lib/hw.lib(spinlock.o)
 .data          0x0000000080008a58        0x0 ./lib/hw.lib(string.o)

.got            0x0000000080008a58       0xe8
 .got           0x0000000080008a58       0xe8 build/src/kernel/supervisorTrap.o
                0x0000000080008a58                _GLOBAL_OFFSET_TABLE_

.got.plt        0x0000000080008b40       0x10
 .got.plt       0x0000000080008b40       0x10 build/src/kernel/supervisorTrap.o

.init_array     0x0000000080008b50        0x8
 .init_array    0x0000000080008b50        0x8 build/src/kernel/buddyAllocator.o

.bss            0x0000000080008b60     0x54d0
                0x0000000080008b60                . = ALIGN (0x10)
 EXCLUDE_FILE(build/src/user/*) *(.sbss .sbss.*)
 .sbss          0x0000000080008b60        0x4 ./lib/hw.lib(main.o)
 .sbss          0x0000000080008b64        0x4 ./lib/hw.lib(trap.o)
                0x0000000080008b64                ticks
 .sbss          0x0000000080008b68        0x4 ./lib/hw.lib(printf.o)
                0x0000000080008b68                panicked
 *fill*         0x0000000080008b6c        0x4 
 .sbss          0x0000000080008b70       0x10 ./lib/hw.lib(uart.o)
                0x0000000080008b70                uart_tx_r
                0x0000000080008b78                uart_tx_w
 .sbss          0x0000000080008b80        0x8 ./lib/hw.lib(kalloc.o)
                0x0000000080008b80                kmem
                0x0000000080008b90                . = ALIGN (0x10)
 *fill*         0x0000000080008b88        0x8 
 EXCLUDE_FILE(build/src/user/*) *(.bss .bss.*)
 .bss           0x0000000080008b90        0x0 build/src/kernel/supervisorTrap.o
 .bss           0x0000000080008b90        0x0 build/src/kernel/contextSwitch.o
 .bss           0x0000000080008b90       0x70 build/src/kernel/slabAllocator.o
                0x0000000080008b90                SlabAllocator::sizeN
                0x0000000080008bf8                SlabAllocator::cache
 .bss           0x0000000080008c00        0x1 build/src/kernel/system.o
                0x0000000080008c00                System::initialized
 *fill*         0x0000000080008c01        0x7 
 .bss           0x0000000080008c08       0xe0 build/src/kernel/buddyAllocator.o
                0x0000000080008c08                Buddy::BUDDY_START_ADDR
                0x0000000080008c10                Buddy::BUDDY_META_DATA_ADDR
                0x0000000080008c18                Buddy::tail
                0x0000000080008c80                Buddy::head
 .bss           0x0000000080008ce8        0x8 build/src/kernel/scb.o
                0x0000000080008ce8                SCB::scbCache
 .bss           0x0000000080008cf0        0x0 build/src/kernel/main.o
 .bss           0x0000000080008cf0       0x30 build/src/kernel/tcb.o
                0x0000000080008cf0                TCB::running
                0x0000000080008cf8                TCB::tcbCache
                0x0000000080008d00                TCB::putcThread
                0x0000000080008d08                TCB::timeSliceCounter
                0x0000000080008d10                TCB::currentSP
                0x0000000080008d18                TCB::currentPC
 .bss           0x0000000080008d20       0x21 build/src/kernel/memoryAllocator.o
                0x0000000080008d20                MemoryAllocator::freeMemTail
                0x0000000080008d28                MemoryAllocator::freeMemHead
                0x0000000080008d30                MemoryAllocator::allocMemTail
                0x0000000080008d38                MemoryAllocator::allocMemHead
                0x0000000080008d40                MemoryAllocator::initialized
 *fill*         0x0000000080008d41        0x7 
 .bss           0x0000000080008d48       0x21 build/src/kernel/riscv.o
                0x0000000080008d48                RiscV::userMainFinished
                0x0000000080008d50                RiscV::kPMT
                0x0000000080008d58                RiscV::uPMT
                0x0000000080008d60                RiscV::globalTime
                0x0000000080008d68                RiscV::initialized
 .bss           0x0000000080008d69        0x0 build/src/kernel/utility.o
 *fill*         0x0000000080008d69        0x7 
 .bss           0x0000000080008d70       0x18 build/src/kernel/scheduler.o
                0x0000000080008d70                Scheduler::readyHead
                0x0000000080008d78                Scheduler::readyTail
                0x0000000080008d80                Scheduler::sleepingHead
 .bss           0x0000000080008d88     0x4040 build/src/kernel/consoleUtil.o
                0x0000000080008d88                ConsoleUtil::inputSem
                0x0000000080008d90                ConsoleUtil::outputSem
                0x0000000080008d98                ConsoleUtil::inputTail
                0x0000000080008da0                ConsoleUtil::inputHead
                0x0000000080008da8                ConsoleUtil::pendingPutc
                0x0000000080008db0                ConsoleUtil::outputTail
                0x0000000080008db8                ConsoleUtil::outputHead
                0x0000000080008dc0                ConsoleUtil::outputBuffer
                0x000000008000adc0                ConsoleUtil::inputBuffer
                0x000000008000cdc0                ConsoleUtil::pendingGetc
 .bss           0x000000008000cdc8        0x0 build/src/kernel/slab.o
 .bss           0x000000008000cdc8        0x0 ./lib/hw.lib(entry.o)
 *fill*         0x000000008000cdc8        0x8 
 .bss           0x000000008000cdd0     0x1030 ./lib/hw.lib(start.o)
                0x000000008000cdd0                timer_scratch
                0x000000008000ce00                stack0
 .bss           0x000000008000de00        0x0 ./lib/hw.lib(main.o)
 .bss           0x000000008000de00       0x80 ./lib/hw.lib(proc.o)
                0x000000008000de00                cpus
 .bss           0x000000008000de80       0x18 ./lib/hw.lib(trap.o)
                0x000000008000de80                tickslock
 .bss           0x000000008000de98        0x0 ./lib/hw.lib(kernelvec.o)
 .bss           0x000000008000de98        0x0 ./lib/hw.lib(plic.o)
 .bss           0x000000008000de98       0x10 ./lib/hw.lib(support_cpp.o)
                0x000000008000de98                _Unwind_Resume
                0x000000008000dea0                __gxx_personality_v0
 .bss           0x000000008000dea8        0x0 ./lib/hw.lib(hw.o)
 .bss           0x000000008000dea8      0x148 ./lib/hw.lib(console.o)
                0x000000008000dea8                cons
                0x000000008000df50                devsw
 .bss           0x000000008000dff0       0x20 ./lib/hw.lib(printf.o)
 .bss           0x000000008000e010       0x20 ./lib/hw.lib(uart.o)
                0x000000008000e010                uart_tx_buf
 .bss           0x000000008000e030        0x0 ./lib/hw.lib(kalloc.o)
 .bss           0x000000008000e030        0x0 ./lib/hw.lib(spinlock.o)
 .bss           0x000000008000e030        0x0 ./lib/hw.lib(string.o)

.eh_frame       0x000000008000e030     0x15d0
 EXCLUDE_FILE(build/src/user/*) *(.eh_frame .eh_frame.*)
 .eh_frame      0x000000008000e030      0x328 build/src/kernel/slabAllocator.o
 .eh_frame      0x000000008000e358      0x170 build/src/kernel/system.o
                                        0x188 (size before relaxing)
 .eh_frame      0x000000008000e4c8      0x188 build/src/kernel/buddyAllocator.o
                                        0x198 (size before relaxing)
 .eh_frame      0x000000008000e650      0x200 build/src/kernel/scb.o
                                        0x210 (size before relaxing)
 .eh_frame      0x000000008000e850       0x28 build/src/kernel/main.o
                                         0x40 (size before relaxing)
 .eh_frame      0x000000008000e878      0x1c0 build/src/kernel/tcb.o
                                        0x1f0 (size before relaxing)
 .eh_frame      0x000000008000ea38       0xf8 build/src/kernel/memoryAllocator.o
                                        0x108 (size before relaxing)
 .eh_frame      0x000000008000eb30      0x660 build/src/kernel/riscv.o
                                        0x690 (size before relaxing)
 .eh_frame      0x000000008000f190       0x50 build/src/kernel/utility.o
                                         0x68 (size before relaxing)
 .eh_frame      0x000000008000f1e0      0x120 build/src/kernel/scheduler.o
                                        0x130 (size before relaxing)
 .eh_frame      0x000000008000f300      0x198 build/src/kernel/consoleUtil.o
                                        0x1c8 (size before relaxing)
 .eh_frame      0x000000008000f498      0x168 build/src/kernel/slab.o
                                        0x180 (size before relaxing)

.rela.dyn       0x000000008000f600        0x0
 .rela.got      0x000000008000f600        0x0 build/src/kernel/supervisorTrap.o
 .rela.text     0x000000008000f600        0x0 build/src/kernel/supervisorTrap.o
 .rela.text._ZN10ForkThread3runEv
                0x000000008000f600        0x0 build/src/kernel/supervisorTrap.o
 .rela.text._ZN10ForkThreadD2Ev
                0x000000008000f600        0x0 build/src/kernel/supervisorTrap.o
 .rela.text._ZN10ForkThreadD0Ev
                0x000000008000f600        0x0 build/src/kernel/supervisorTrap.o
 .rela.data.rel.ro.local._ZTV10ForkThread
                0x000000008000f600        0x0 build/src/kernel/supervisorTrap.o
 .rela.text._ZN14PeriodicThreadD2Ev
                0x000000008000f600        0x0 build/src/kernel/supervisorTrap.o
 .rela.text._ZN14PeriodicThreadD0Ev
                0x000000008000f600        0x0 build/src/kernel/supervisorTrap.o
 .rela.data.rel.ro.local._ZTV14PeriodicThread
                0x000000008000f600        0x0 build/src/kernel/supervisorTrap.o
 .rela.data.rel.ro.local._ZTV6Thread
                0x000000008000f600        0x0 build/src/kernel/supervisorTrap.o
 .rela.sdata    0x000000008000f600        0x0 build/src/kernel/supervisorTrap.o

.user           0x000000008000f600     0x3a00
                0x0000000080010000                . = ALIGN (0x1000)
 *fill*         0x000000008000f600      0xa00 
                0x0000000080010000                PROVIDE (userTextStart = .)
 *(.text .text.*)
 .text          0x0000000080010000       0x20 build/src/user/lock.o
                0x0000000080010000                copy_and_swap
 .text          0x0000000080010020      0x37c build/src/user/syscall_c.o
                0x0000000080010020                mem_alloc(unsigned long)
                0x0000000080010050                mem_free(void*)
                0x000000008001007c                thread_create(_thread**, void (*)(void*), void*)
                0x0000000080010108                thread_exit()
                0x0000000080010130                thread_dispatch()
                0x0000000080010150                thread_attach_body(_thread**, void (*)(void*), void*)
                0x00000000800101e4                thread_start(_thread*)
                0x000000008001021c                sem_open(_semaphore**, unsigned int)
                0x0000000080010254                sem_close(_semaphore*)
                0x0000000080010280                sem_wait(_semaphore*)
                0x00000000800102ac                sem_signal(_semaphore*)
                0x00000000800102d8                time_sleep(unsigned long)
                0x0000000080010304                getc()
                0x000000008001032c                putc(char)
                0x0000000080010350                fork()
                0x0000000080010378                tcb_free(void*)
 .text          0x000000008001039c       0x28 build/src/user/_semaphore.o
                0x000000008001039c                _semaphore::operator delete(void*)
 .text          0x00000000800103c4       0x28 build/src/user/_thread.o
                0x00000000800103c4                _thread::operator delete(void*)
 .text          0x00000000800103ec      0x408 build/src/user/tests/buffer_CPP_API.o
                0x00000000800103ec                BufferCPP::BufferCPP(int)
                0x00000000800103ec                BufferCPP::BufferCPP(int)
                0x0000000080010550                BufferCPP::put(int)
                0x00000000800105e0                BufferCPP::get()
                0x000000008001066c                BufferCPP::getCnt()
                0x00000000800106f4                BufferCPP::~BufferCPP()
                0x00000000800106f4                BufferCPP::~BufferCPP()
 .text          0x00000000800107f4      0x6e0 build/src/user/tests/userMain.o
                0x00000000800107f4                workerBodyA(void*)
                0x00000000800108c0                workerBodyB(void*)
                0x0000000080010994                fibonacci(unsigned long)
                0x0000000080010a08                workerBodyC(void*)
                0x0000000080010b88                workerBodyD(void*)
                0x0000000080010cd0                Threads_C_API_test()
                0x0000000080010dfc                testUser()
                0x0000000080010ebc                userMain()
 .text._ZN10ForkThread3runEv
                0x0000000080010ed4      0x220 build/src/user/tests/userMain.o
                0x0000000080010ed4                ForkThread::run()
 .text._ZN10ForkThreadD2Ev
                0x00000000800110f4       0x34 build/src/user/tests/userMain.o
                0x00000000800110f4                ForkThread::~ForkThread()
                0x00000000800110f4                ForkThread::~ForkThread()
 .text._ZN10ForkThreadD0Ev
                0x0000000080011128       0x4c build/src/user/tests/userMain.o
                0x0000000080011128                ForkThread::~ForkThread()
 .text          0x0000000080011174      0x320 build/src/user/tests/buffer.o
                0x0000000080011174                Buffer::Buffer(int)
                0x0000000080011174                Buffer::Buffer(int)
                0x0000000080011210                Buffer::put(int)
                0x00000000800112a0                Buffer::get()
                0x000000008001132c                Buffer::getCnt()
                0x00000000800113b4                Buffer::~Buffer()
                0x00000000800113b4                Buffer::~Buffer()
 .text          0x0000000080011494      0x2ac build/src/user/printing.o
                0x0000000080011494                printString(char const*)
                0x0000000080011510                getString(char*, int)
                0x00000000800115dc                stringToInt(char const*)
                0x000000008001162c                printInt(int, int, int)
 .text          0x0000000080011740       0x5c build/src/user/userWrappers.o
                0x0000000080011740                bodyWrapper(void (*)(void*), void*)
                0x0000000080011774                userMainWrapper(void*)
 .text          0x000000008001179c      0x460 build/src/user/syscall_cpp.o
                0x000000008001179c                Thread::wrapper(void*)
                0x00000000800117c8                Semaphore::~Semaphore()
                0x00000000800117c8                Semaphore::~Semaphore()
                0x0000000080011800                Thread::~Thread()
                0x0000000080011800                Thread::~Thread()
                0x0000000080011840                operator new(unsigned long)
                0x0000000080011868                operator new[](unsigned long)
                0x0000000080011890                operator delete(void*)
                0x00000000800118b8                Semaphore::~Semaphore()
                0x00000000800118f8                Thread::~Thread()
                0x0000000080011938                Semaphore::Semaphore(unsigned int)
                0x0000000080011938                Semaphore::Semaphore(unsigned int)
                0x0000000080011970                Semaphore::wait()
                0x000000008001199c                Semaphore::signal()
                0x00000000800119c8                Thread::Thread(void (*)(void*), void*)
                0x00000000800119c8                Thread::Thread(void (*)(void*), void*)
                0x0000000080011a1c                Thread::Thread()
                0x0000000080011a1c                Thread::Thread()
                0x0000000080011a7c                Thread::sleep(unsigned long)
                0x0000000080011aa4                PeriodicThread::wrapper(void*)
                0x0000000080011ae4                Thread::dispatch()
                0x0000000080011b0c                Thread::start()
                0x0000000080011b38                PeriodicThread::PeriodicThread(unsigned long)
                0x0000000080011b38                PeriodicThread::PeriodicThread(unsigned long)
                0x0000000080011bac                Console::getc()
                0x0000000080011bd4                Console::putc(char)
 .text._ZN6Thread3runEv
                0x0000000080011bfc       0x18 build/src/user/syscall_cpp.o
                0x0000000080011bfc                Thread::run()
 .text._ZN14PeriodicThread18periodicActivationEv
                0x0000000080011c14       0x18 build/src/user/syscall_cpp.o
                0x0000000080011c14                PeriodicThread::periodicActivation()
 .text._ZN14PeriodicThreadD2Ev
                0x0000000080011c2c       0x34 build/src/user/syscall_cpp.o
                0x0000000080011c2c                PeriodicThread::~PeriodicThread()
                0x0000000080011c2c                PeriodicThread::~PeriodicThread()
 .text._ZN14PeriodicThreadD0Ev
                0x0000000080011c60       0x4c build/src/user/syscall_cpp.o
                0x0000000080011c60                PeriodicThread::~PeriodicThread()
                0x0000000080012000                . = ALIGN (0x1000)
 *fill*         0x0000000080011cac      0x354 
                0x0000000080012000                PROVIDE (userDataStart = .)
 *(.srodata .srodata.*)
 *(.rodata .rodata.*)
 .rodata.str1.8
                0x0000000080012000       0x11 build/src/user/tests/buffer_CPP_API.o
 *fill*         0x0000000080012011        0x7 
 .rodata.str1.8
                0x0000000080012018      0x114 build/src/user/tests/userMain.o
 *fill*         0x000000008001212c        0x4 
 .rodata._ZN10ForkThread3runEv.str1.8
                0x0000000080012130       0x2d build/src/user/tests/userMain.o
 .rodata.str1.8
                0x000000008001215d       0x11 build/src/user/tests/buffer.o
 *(.sdata .sdata.*)
 *(.data .data.*)
 .data          0x000000008001215d        0x0 build/src/user/lock.o
 .data          0x000000008001215d        0x0 build/src/user/syscall_c.o
 .data          0x000000008001215d        0x0 build/src/user/_semaphore.o
 .data          0x000000008001215d        0x0 build/src/user/_thread.o
 .data          0x000000008001215d        0x0 build/src/user/tests/buffer_CPP_API.o
 .data          0x000000008001215d        0x0 build/src/user/tests/userMain.o
 *fill*         0x000000008001215d        0x3 
 .data.rel.ro.local._ZTV10ForkThread
                0x0000000080012160       0x28 build/src/user/tests/userMain.o
                0x0000000080012160                vtable for ForkThread
 .data          0x0000000080012188        0x0 build/src/user/tests/buffer.o
 .data          0x0000000080012188       0x11 build/src/user/printing.o
                0x0000000080012188                digits
 .data          0x0000000080012199        0x0 build/src/user/userWrappers.o
 .data          0x0000000080012199        0x0 build/src/user/syscall_cpp.o
 *fill*         0x0000000080012199        0x7 
 .data.rel.ro.local._ZTV14PeriodicThread
                0x00000000800121a0       0x30 build/src/user/syscall_cpp.o
                0x00000000800121a0                vtable for PeriodicThread
 .data.rel.ro.local._ZTV9Semaphore
                0x00000000800121d0       0x20 build/src/user/syscall_cpp.o
                0x00000000800121d0                vtable for Semaphore
 .data.rel.ro.local._ZTV6Thread
                0x00000000800121f0       0x28 build/src/user/syscall_cpp.o
                0x00000000800121f0                vtable for Thread
 *(.sbss .sbss.*)
 *(.bss .bss.*)
 .bss           0x0000000080012218        0x0 build/src/user/lock.o
 .bss           0x0000000080012218        0x0 build/src/user/syscall_c.o
 .bss           0x0000000080012218        0x0 build/src/user/_semaphore.o
 .bss           0x0000000080012218        0x0 build/src/user/_thread.o
 .bss           0x0000000080012218        0x0 build/src/user/tests/buffer_CPP_API.o
 .bss           0x0000000080012218        0x4 build/src/user/tests/userMain.o
                0x0000000080012218                finishedA
                0x0000000080012219                finishedB
                0x000000008001221a                finishedC
                0x000000008001221b                finishedD
 .bss           0x000000008001221c        0x0 build/src/user/tests/buffer.o
 *fill*         0x000000008001221c        0x4 
 .bss           0x0000000080012220        0x8 build/src/user/printing.o
                0x0000000080012220                lockPrint
 .bss           0x0000000080012228        0x0 build/src/user/userWrappers.o
 .bss           0x0000000080012228        0x0 build/src/user/syscall_cpp.o
 *(.eh_frame .eh_frame.*)
 .eh_frame      0x0000000080012228      0x280 build/src/user/syscall_c.o
 .eh_frame      0x00000000800124a8       0x40 build/src/user/_semaphore.o
 .eh_frame      0x00000000800124e8       0x40 build/src/user/_thread.o
 .eh_frame      0x0000000080012528      0x130 build/src/user/tests/buffer_CPP_API.o
 .eh_frame      0x0000000080012658      0x250 build/src/user/tests/userMain.o
 .eh_frame      0x00000000800128a8      0x128 build/src/user/tests/buffer.o
 .eh_frame      0x00000000800129d0       0xd0 build/src/user/printing.o
 .eh_frame      0x0000000080012aa0       0x68 build/src/user/userWrappers.o
 .eh_frame      0x0000000080012b08      0x410 build/src/user/syscall_cpp.o
                0x0000000080013000                . = ALIGN (0x1000)
 *fill*         0x0000000080012f18       0xe8 
                0x0000000080013000                PROVIDE (userDataEnd = .)
                0x0000000080013000                PROVIDE (end = .)
LOAD build/src/kernel/supervisorTrap.o
LOAD build/src/kernel/contextSwitch.o
LOAD build/src/user/lock.o
LOAD build/src/kernel/slabAllocator.o
LOAD build/src/kernel/system.o
LOAD build/src/kernel/buddyAllocator.o
LOAD build/src/kernel/scb.o
LOAD build/src/kernel/main.o
LOAD build/src/kernel/tcb.o
LOAD build/src/kernel/memoryAllocator.o
LOAD build/src/kernel/riscv.o
LOAD build/src/kernel/utility.o
LOAD build/src/kernel/scheduler.o
LOAD build/src/kernel/consoleUtil.o
LOAD build/src/kernel/slab.o
LOAD build/src/user/syscall_c.o
LOAD build/src/user/_semaphore.o
LOAD build/src/user/_thread.o
LOAD build/src/user/tests/buffer_CPP_API.o
LOAD build/src/user/tests/userMain.o
LOAD build/src/user/tests/buffer.o
LOAD build/src/user/printing.o
LOAD build/src/user/userWrappers.o
LOAD build/src/user/syscall_cpp.o
LOAD ./lib/hw.lib
LOAD ./lib/hw.lib
OUTPUT(kernel elf64-littleriscv)

.debug_line     0x0000000000000000     0x97ab
 .debug_line    0x0000000000000000       0x74 build/src/kernel/supervisorTrap.o
 .debug_line    0x0000000000000074       0x65 build/src/kernel/contextSwitch.o
 .debug_line    0x00000000000000d9       0x6c build/src/user/lock.o
 .debug_line    0x0000000000000145     0x154f build/src/kernel/slabAllocator.o
 .debug_line    0x0000000000001694      0x7ac build/src/kernel/system.o
 .debug_line    0x0000000000001e40      0x8ed build/src/kernel/buddyAllocator.o
 .debug_line    0x000000000000272d      0x513 build/src/kernel/scb.o
 .debug_line    0x0000000000002c40       0xa8 build/src/kernel/main.o
 .debug_line    0x0000000000002ce8      0x562 build/src/kernel/tcb.o
 .debug_line    0x000000000000324a      0xa17 build/src/kernel/memoryAllocator.o
 .debug_line    0x0000000000003c61     0x230f build/src/kernel/riscv.o
 .debug_line    0x0000000000005f70      0x174 build/src/kernel/utility.o
 .debug_line    0x00000000000060e4      0x474 build/src/kernel/scheduler.o
 .debug_line    0x0000000000006558      0x5dd build/src/kernel/consoleUtil.o
 .debug_line    0x0000000000006b35      0x235 build/src/kernel/slab.o
 .debug_line    0x0000000000006d6a      0x83b build/src/user/syscall_c.o
 .debug_line    0x00000000000075a5       0xb9 build/src/user/_semaphore.o
 .debug_line    0x000000000000765e       0xe2 build/src/user/_thread.o
 .debug_line    0x0000000000007740      0x5bd build/src/user/tests/buffer_CPP_API.o
 .debug_line    0x0000000000007cfd      0xc34 build/src/user/tests/userMain.o
 .debug_line    0x0000000000008931      0x4ca build/src/user/tests/buffer.o
 .debug_line    0x0000000000008dfb      0x3a7 build/src/user/printing.o
 .debug_line    0x00000000000091a2      0x109 build/src/user/userWrappers.o
 .debug_line    0x00000000000092ab      0x500 build/src/user/syscall_cpp.o

.debug_info     0x0000000000000000     0xeb35
 .debug_info    0x0000000000000000       0x2e build/src/kernel/supervisorTrap.o
 .debug_info    0x000000000000002e       0x2e build/src/kernel/contextSwitch.o
 .debug_info    0x000000000000005c       0x2e build/src/user/lock.o
 .debug_info    0x000000000000008a     0x18ec build/src/kernel/slabAllocator.o
 .debug_info    0x0000000000001976     0x13dc build/src/kernel/system.o
 .debug_info    0x0000000000002d52      0x9fd build/src/kernel/buddyAllocator.o
 .debug_info    0x000000000000374f      0xbcf build/src/kernel/scb.o
 .debug_info    0x000000000000431e      0x1a3 build/src/kernel/main.o
 .debug_info    0x00000000000044c1     0x1065 build/src/kernel/tcb.o
 .debug_info    0x0000000000005526      0x693 build/src/kernel/memoryAllocator.o
 .debug_info    0x0000000000005bb9     0x2d75 build/src/kernel/riscv.o
 .debug_info    0x000000000000892e      0x209 build/src/kernel/utility.o
 .debug_info    0x0000000000008b37      0xa23 build/src/kernel/scheduler.o
 .debug_info    0x000000000000955a      0xd53 build/src/kernel/consoleUtil.o
 .debug_info    0x000000000000a2ad      0x87e build/src/kernel/slab.o
 .debug_info    0x000000000000ab2b      0x79e build/src/user/syscall_c.o
 .debug_info    0x000000000000b2c9      0x1c2 build/src/user/_semaphore.o
 .debug_info    0x000000000000b48b      0x228 build/src/user/_thread.o
 .debug_info    0x000000000000b6b3      0x751 build/src/user/tests/buffer_CPP_API.o
 .debug_info    0x000000000000be04     0x11ac build/src/user/tests/userMain.o
 .debug_info    0x000000000000cfb0      0x6ae build/src/user/tests/buffer.o
 .debug_info    0x000000000000d65e      0x432 build/src/user/printing.o
 .debug_info    0x000000000000da90      0x1d2 build/src/user/userWrappers.o
 .debug_info    0x000000000000dc62      0xed3 build/src/user/syscall_cpp.o

.debug_abbrev   0x0000000000000000     0x39f6
 .debug_abbrev  0x0000000000000000       0x14 build/src/kernel/supervisorTrap.o
 .debug_abbrev  0x0000000000000014       0x14 build/src/kernel/contextSwitch.o
 .debug_abbrev  0x0000000000000028       0x14 build/src/user/lock.o
 .debug_abbrev  0x000000000000003c      0x425 build/src/kernel/slabAllocator.o
 .debug_abbrev  0x0000000000000461      0x42d build/src/kernel/system.o
 .debug_abbrev  0x000000000000088e      0x32d build/src/kernel/buddyAllocator.o
 .debug_abbrev  0x0000000000000bbb      0x3d9 build/src/kernel/scb.o
 .debug_abbrev  0x0000000000000f94       0xc6 build/src/kernel/main.o
 .debug_abbrev  0x000000000000105a      0x3ee build/src/kernel/tcb.o
 .debug_abbrev  0x0000000000001448      0x265 build/src/kernel/memoryAllocator.o
 .debug_abbrev  0x00000000000016ad      0x59a build/src/kernel/riscv.o
 .debug_abbrev  0x0000000000001c47       0xf1 build/src/kernel/utility.o
 .debug_abbrev  0x0000000000001d38      0x33c build/src/kernel/scheduler.o
 .debug_abbrev  0x0000000000002074      0x32b build/src/kernel/consoleUtil.o
 .debug_abbrev  0x000000000000239f      0x228 build/src/kernel/slab.o
 .debug_abbrev  0x00000000000025c7      0x205 build/src/user/syscall_c.o
 .debug_abbrev  0x00000000000027cc      0x128 build/src/user/_semaphore.o
 .debug_abbrev  0x00000000000028f4      0x145 build/src/user/_thread.o
 .debug_abbrev  0x0000000000002a39      0x2a2 build/src/user/tests/buffer_CPP_API.o
 .debug_abbrev  0x0000000000002cdb      0x3a0 build/src/user/tests/userMain.o
 .debug_abbrev  0x000000000000307b      0x279 build/src/user/tests/buffer.o
 .debug_abbrev  0x00000000000032f4      0x168 build/src/user/printing.o
 .debug_abbrev  0x000000000000345c       0xf2 build/src/user/userWrappers.o
 .debug_abbrev  0x000000000000354e      0x4a8 build/src/user/syscall_cpp.o

.debug_aranges  0x0000000000000000      0x4f0
 .debug_aranges
                0x0000000000000000       0x30 build/src/kernel/supervisorTrap.o
 .debug_aranges
                0x0000000000000030       0x30 build/src/kernel/contextSwitch.o
 .debug_aranges
                0x0000000000000060       0x30 build/src/user/lock.o
 .debug_aranges
                0x0000000000000090       0x30 build/src/kernel/slabAllocator.o
 .debug_aranges
                0x00000000000000c0       0x30 build/src/kernel/system.o
 .debug_aranges
                0x00000000000000f0       0x30 build/src/kernel/buddyAllocator.o
 .debug_aranges
                0x0000000000000120       0x30 build/src/kernel/scb.o
 .debug_aranges
                0x0000000000000150       0x30 build/src/kernel/main.o
 .debug_aranges
                0x0000000000000180       0x30 build/src/kernel/tcb.o
 .debug_aranges
                0x00000000000001b0       0x30 build/src/kernel/memoryAllocator.o
 .debug_aranges
                0x00000000000001e0       0x30 build/src/kernel/riscv.o
 .debug_aranges
                0x0000000000000210       0x30 build/src/kernel/utility.o
 .debug_aranges
                0x0000000000000240       0x30 build/src/kernel/scheduler.o
 .debug_aranges
                0x0000000000000270       0x30 build/src/kernel/consoleUtil.o
 .debug_aranges
                0x00000000000002a0       0x30 build/src/kernel/slab.o
 .debug_aranges
                0x00000000000002d0       0x30 build/src/user/syscall_c.o
 .debug_aranges
                0x0000000000000300       0x30 build/src/user/_semaphore.o
 .debug_aranges
                0x0000000000000330       0x30 build/src/user/_thread.o
 .debug_aranges
                0x0000000000000360       0x30 build/src/user/tests/buffer_CPP_API.o
 .debug_aranges
                0x0000000000000390       0x60 build/src/user/tests/userMain.o
 .debug_aranges
                0x00000000000003f0       0x30 build/src/user/tests/buffer.o
 .debug_aranges
                0x0000000000000420       0x30 build/src/user/printing.o
 .debug_aranges
                0x0000000000000450       0x30 build/src/user/userWrappers.o
 .debug_aranges
                0x0000000000000480       0x70 build/src/user/syscall_cpp.o

.debug_str      0x0000000000000000     0x3154
 .debug_str     0x0000000000000000       0x59 build/src/kernel/supervisorTrap.o
 .debug_str     0x0000000000000059       0x1b build/src/kernel/contextSwitch.o
                                         0x58 (size before relaxing)
 .debug_str     0x0000000000000074       0x10 build/src/user/lock.o
                                         0x4d (size before relaxing)
 .debug_str     0x0000000000000084      0xb5c build/src/kernel/slabAllocator.o
                                        0xbcc (size before relaxing)
 .debug_str     0x0000000000000be0      0xfa1 build/src/kernel/system.o
                                       0x1504 (size before relaxing)
 .debug_str     0x0000000000001b81      0x13f build/src/kernel/buddyAllocator.o
                                        0x733 (size before relaxing)
 .debug_str     0x0000000000001cc0      0x244 build/src/kernel/scb.o
                                        0x86f (size before relaxing)
 .debug_str     0x0000000000001f04       0x19 build/src/kernel/main.o
                                        0x26a (size before relaxing)
 .debug_str     0x0000000000001f1d      0x209 build/src/kernel/tcb.o
                                       0x1435 (size before relaxing)
 .debug_str     0x0000000000002126      0x13d build/src/kernel/memoryAllocator.o
                                        0x536 (size before relaxing)
 .debug_str     0x0000000000002263      0x1f1 build/src/kernel/riscv.o
                                       0x195f (size before relaxing)
 .debug_str     0x0000000000002454       0x32 build/src/kernel/utility.o
                                        0x294 (size before relaxing)
 .debug_str     0x0000000000002486       0x68 build/src/kernel/scheduler.o
                                        0x8e2 (size before relaxing)
 .debug_str     0x00000000000024ee      0x179 build/src/kernel/consoleUtil.o
                                        0x9ff (size before relaxing)
 .debug_str     0x0000000000002667       0x4f build/src/kernel/slab.o
                                        0x929 (size before relaxing)
 .debug_str     0x00000000000026b6      0x24a build/src/user/syscall_c.o
                                        0x523 (size before relaxing)
 .debug_str     0x0000000000002900       0x18 build/src/user/_semaphore.o
                                        0x2aa (size before relaxing)
 .debug_str     0x0000000000002918       0x15 build/src/user/_thread.o
                                        0x2cd (size before relaxing)
 .debug_str     0x000000000000292d      0x15f build/src/user/tests/buffer_CPP_API.o
                                        0x442 (size before relaxing)
 .debug_str     0x0000000000002a8c      0x264 build/src/user/tests/userMain.o
                                        0x5f8 (size before relaxing)
 .debug_str     0x0000000000002cf0       0x94 build/src/user/tests/buffer.o
                                        0x453 (size before relaxing)
 .debug_str     0x0000000000002d84       0x67 build/src/user/printing.o
                                        0x2e0 (size before relaxing)
 .debug_str     0x0000000000002deb       0x64 build/src/user/userWrappers.o
                                        0x2aa (size before relaxing)
 .debug_str     0x0000000000002e4f      0x305 build/src/user/syscall_cpp.o
                                        0x833 (size before relaxing)

.debug_loc      0x0000000000000000     0x710b
 .debug_loc     0x0000000000000000     0x1110 build/src/kernel/slabAllocator.o
 .debug_loc     0x0000000000001110      0x4a7 build/src/kernel/system.o
 .debug_loc     0x00000000000015b7      0x8b1 build/src/kernel/buddyAllocator.o
 .debug_loc     0x0000000000001e68      0x325 build/src/kernel/scb.o
 .debug_loc     0x000000000000218d      0x293 build/src/kernel/tcb.o
 .debug_loc     0x0000000000002420      0x600 build/src/kernel/memoryAllocator.o
 .debug_loc     0x0000000000002a20     0x17aa build/src/kernel/riscv.o
 .debug_loc     0x00000000000041ca      0x15f build/src/kernel/utility.o
 .debug_loc     0x0000000000004329      0x15c build/src/kernel/scheduler.o
 .debug_loc     0x0000000000004485      0x47e build/src/kernel/consoleUtil.o
 .debug_loc     0x0000000000004903      0x31c build/src/kernel/slab.o
 .debug_loc     0x0000000000004c1f      0xbda build/src/user/syscall_c.o
 .debug_loc     0x00000000000057f9       0x39 build/src/user/_semaphore.o
 .debug_loc     0x0000000000005832       0x39 build/src/user/_thread.o
 .debug_loc     0x000000000000586b      0x322 build/src/user/tests/buffer_CPP_API.o
 .debug_loc     0x0000000000005b8d      0x7d8 build/src/user/tests/userMain.o
 .debug_loc     0x0000000000006365      0x27e build/src/user/tests/buffer.o
 .debug_loc     0x00000000000065e3      0x37a build/src/user/printing.o
 .debug_loc     0x000000000000695d       0xbe build/src/user/userWrappers.o
 .debug_loc     0x0000000000006a1b      0x6f0 build/src/user/syscall_cpp.o

.debug_ranges   0x0000000000000000      0x600
 .debug_ranges  0x0000000000000000      0x190 build/src/kernel/slabAllocator.o
 .debug_ranges  0x0000000000000190       0x60 build/src/kernel/system.o
 .debug_ranges  0x00000000000001f0       0xd0 build/src/kernel/buddyAllocator.o
 .debug_ranges  0x00000000000002c0       0x60 build/src/kernel/memoryAllocator.o
 .debug_ranges  0x0000000000000320      0x110 build/src/kernel/riscv.o
 .debug_ranges  0x0000000000000430      0x110 build/src/user/tests/userMain.o
 .debug_ranges  0x0000000000000540       0xc0 build/src/user/syscall_cpp.o

.comment        0x0000000000000000       0x53
 .comment       0x0000000000000000       0x29 build/src/kernel/slabAllocator.o
                                         0x2a (size before relaxing)
 .comment       0x0000000000000029       0x2a build/src/kernel/system.o
 .comment       0x0000000000000029       0x2a build/src/kernel/buddyAllocator.o
 .comment       0x0000000000000029       0x2a build/src/kernel/scb.o
 .comment       0x0000000000000029       0x2a build/src/kernel/main.o
 .comment       0x0000000000000029       0x2a build/src/kernel/tcb.o
 .comment       0x0000000000000029       0x2a build/src/kernel/memoryAllocator.o
 .comment       0x0000000000000029       0x2a build/src/kernel/riscv.o
 .comment       0x0000000000000029       0x2a build/src/kernel/utility.o
 .comment       0x0000000000000029       0x2a build/src/kernel/scheduler.o
 .comment       0x0000000000000029       0x2a build/src/kernel/consoleUtil.o
 .comment       0x0000000000000029       0x2a build/src/kernel/slab.o
 .comment       0x0000000000000029       0x2a build/src/user/syscall_c.o
 .comment       0x0000000000000029       0x2a build/src/user/_semaphore.o
 .comment       0x0000000000000029       0x2a build/src/user/_thread.o
 .comment       0x0000000000000029       0x2a build/src/user/tests/buffer_CPP_API.o
 .comment       0x0000000000000029       0x2a build/src/user/tests/userMain.o
 .comment       0x0000000000000029       0x2a build/src/user/tests/buffer.o
 .comment       0x0000000000000029       0x2a build/src/user/printing.o
 .comment       0x0000000000000029       0x2a build/src/user/userWrappers.o
 .comment       0x0000000000000029       0x2a build/src/user/syscall_cpp.o
 .comment       0x0000000000000029       0x2a ./lib/hw.lib(start.o)
                                         0x2b (size before relaxing)
 .comment       0x0000000000000053       0x2b ./lib/hw.lib(main.o)
 .comment       0x0000000000000053       0x2b ./lib/hw.lib(proc.o)
 .comment       0x0000000000000053       0x2b ./lib/hw.lib(trap.o)
 .comment       0x0000000000000053       0x2b ./lib/hw.lib(plic.o)
 .comment       0x0000000000000053       0x2b ./lib/hw.lib(support_cpp.o)
 .comment       0x0000000000000053       0x2b ./lib/hw.lib(hw.o)
 .comment       0x0000000000000053       0x2b ./lib/hw.lib(console.o)
 .comment       0x0000000000000053       0x2b ./lib/hw.lib(printf.o)
 .comment       0x0000000000000053       0x2b ./lib/hw.lib(uart.o)
 .comment       0x0000000000000053       0x2b ./lib/hw.lib(kalloc.o)
 .comment       0x0000000000000053       0x2b ./lib/hw.lib(spinlock.o)
 .comment       0x0000000000000053       0x2b ./lib/hw.lib(string.o)

.note.GNU-stack
                0x0000000000000000        0x0
 .note.GNU-stack
                0x0000000000000000        0x0 build/src/kernel/slabAllocator.o
 .note.GNU-stack
                0x0000000000000000        0x0 build/src/kernel/system.o
 .note.GNU-stack
                0x0000000000000000        0x0 build/src/kernel/buddyAllocator.o
 .note.GNU-stack
                0x0000000000000000        0x0 build/src/kernel/scb.o
 .note.GNU-stack
                0x0000000000000000        0x0 build/src/kernel/main.o
 .note.GNU-stack
                0x0000000000000000        0x0 build/src/kernel/tcb.o
 .note.GNU-stack
                0x0000000000000000        0x0 build/src/kernel/memoryAllocator.o
 .note.GNU-stack
                0x0000000000000000        0x0 build/src/kernel/riscv.o
 .note.GNU-stack
                0x0000000000000000        0x0 build/src/kernel/utility.o
 .note.GNU-stack
                0x0000000000000000        0x0 build/src/kernel/scheduler.o
 .note.GNU-stack
                0x0000000000000000        0x0 build/src/kernel/consoleUtil.o
 .note.GNU-stack
                0x0000000000000000        0x0 build/src/kernel/slab.o
 .note.GNU-stack
                0x0000000000000000        0x0 build/src/user/syscall_c.o
 .note.GNU-stack
                0x0000000000000000        0x0 build/src/user/_semaphore.o
 .note.GNU-stack
                0x0000000000000000        0x0 build/src/user/_thread.o
 .note.GNU-stack
                0x0000000000000000        0x0 build/src/user/tests/buffer_CPP_API.o
 .note.GNU-stack
                0x0000000000000000        0x0 build/src/user/tests/userMain.o
 .note.GNU-stack
                0x0000000000000000        0x0 build/src/user/tests/buffer.o
 .note.GNU-stack
                0x0000000000000000        0x0 build/src/user/printing.o
 .note.GNU-stack
                0x0000000000000000        0x0 build/src/user/userWrappers.o
 .note.GNU-stack
                0x0000000000000000        0x0 build/src/user/syscall_cpp.o
 .note.GNU-stack
                0x0000000000000000        0x0 ./lib/hw.lib(start.o)
 .note.GNU-stack
                0x0000000000000000        0x0 ./lib/hw.lib(main.o)
 .note.GNU-stack
                0x0000000000000000        0x0 ./lib/hw.lib(proc.o)
 .note.GNU-stack
                0x0000000000000000        0x0 ./lib/hw.lib(trap.o)
 .note.GNU-stack
                0x0000000000000000        0x0 ./lib/hw.lib(plic.o)
 .note.GNU-stack
                0x0000000000000000        0x0 ./lib/hw.lib(support_cpp.o)
 .note.GNU-stack
                0x0000000000000000        0x0 ./lib/hw.lib(hw.o)
 .note.GNU-stack
                0x0000000000000000        0x0 ./lib/hw.lib(console.o)
 .note.GNU-stack
                0x0000000000000000        0x0 ./lib/hw.lib(printf.o)
 .note.GNU-stack
                0x0000000000000000        0x0 ./lib/hw.lib(uart.o)
 .note.GNU-stack
                0x0000000000000000        0x0 ./lib/hw.lib(kalloc.o)
 .note.GNU-stack
                0x0000000000000000        0x0 ./lib/hw.lib(spinlock.o)
 .note.GNU-stack
                0x0000000000000000        0x0 ./lib/hw.lib(string.o)
