Archive member included to satisfy reference by file (symbol)

./lib/hw.lib(entry.o)         (_entry)
./lib/hw.lib(start.o)         ./lib/hw.lib(entry.o) (start)
./lib/hw.lib(main.o)          ./lib/hw.lib(start.o) (system_main)
./lib/hw.lib(proc.o)          ./lib/hw.lib(main.o) (cpuid)
./lib/hw.lib(trap.o)          ./lib/hw.lib(main.o) (trapinit)
./lib/hw.lib(kernelvec.o)     ./lib/hw.lib(trap.o) (kernelvec)
./lib/hw.lib(plic.o)          ./lib/hw.lib(main.o) (plicinit)
./lib/hw.lib(support_cpp.o)   build/src/kernel/riscv.o (_Unwind_Resume)
./lib/hw.lib(hw.o)            build/src/kernel/riscv.o (CONSOLE_RX_DATA)
./lib/hw.lib(console.o)       ./lib/hw.lib(main.o) (consoleinit)
./lib/hw.lib(printf.o)        ./lib/hw.lib(main.o) (panic)
./lib/hw.lib(uart.o)          ./lib/hw.lib(console.o) (uartinit)
./lib/hw.lib(kalloc.o)        ./lib/hw.lib(main.o) (kinit)
./lib/hw.lib(spinlock.o)      ./lib/hw.lib(trap.o) (initlock)
./lib/hw.lib(string.o)        ./lib/hw.lib(kalloc.o) (__memset)

Discarded input sections

 .group         0x0000000000000000        0xc build/src/kernel/scb.o
 .group         0x0000000000000000        0xc build/src/kernel/tcb.o
 .data.rel.local.DW.ref.__gxx_personality_v0
                0x0000000000000000        0x8 build/src/kernel/tcb.o
 .group         0x0000000000000000        0xc build/src/kernel/riscv.o
 .data.rel.local.DW.ref.__gxx_personality_v0
                0x0000000000000000        0x8 build/src/kernel/riscv.o
 .group         0x0000000000000000        0xc build/src/kernel/consoleUtil.o
 .data.rel.local.DW.ref.__gxx_personality_v0
                0x0000000000000000        0x8 build/src/kernel/consoleUtil.o
 .group         0x0000000000000000        0xc build/src/user/tests/buffer_CPP_API.o
 .data.rel.local.DW.ref.__gxx_personality_v0
                0x0000000000000000        0x8 build/src/user/tests/buffer_CPP_API.o
 .group         0x0000000000000000       0x14 build/src/user/tests/userMain.o
 .group         0x0000000000000000       0x14 build/src/user/tests/userMain.o
 .group         0x0000000000000000       0x14 build/src/user/tests/userMain.o
 .group         0x0000000000000000        0xc build/src/user/tests/userMain.o
 .group         0x0000000000000000        0xc build/src/user/tests/userMain.o
 .group         0x0000000000000000        0xc build/src/user/tests/userMain.o
 .group         0x0000000000000000        0xc build/src/user/tests/userMain.o
 .group         0x0000000000000000        0xc build/src/user/tests/userMain.o
 .group         0x0000000000000000        0xc build/src/user/tests/userMain.o
 .group         0x0000000000000000        0xc build/src/user/tests/userMain.o
 .data.rel.local.DW.ref.__gxx_personality_v0
                0x0000000000000000        0x8 build/src/user/tests/userMain.o
 .group         0x0000000000000000        0xc build/src/user/tests/buffer.o
 .data.rel.local.DW.ref.__gxx_personality_v0
                0x0000000000000000        0x8 build/src/user/tests/buffer.o
 .group         0x0000000000000000        0x8 build/src/user/syscall_cpp.o
 .group         0x0000000000000000        0x8 build/src/user/syscall_cpp.o
 .group         0x0000000000000000       0x14 build/src/user/syscall_cpp.o
 .group         0x0000000000000000        0xc build/src/user/syscall_cpp.o
 .group         0x0000000000000000        0xc build/src/user/syscall_cpp.o
 .group         0x0000000000000000        0xc build/src/user/syscall_cpp.o
 .group         0x0000000000000000        0xc build/src/user/syscall_cpp.o
 .data.rel.local.DW.ref.__gxx_personality_v0
                0x0000000000000000        0x8 build/src/user/syscall_cpp.o
 .group         0x0000000000000000       0x14 build/src/user/tcbWrapperUtil.o
 .group         0x0000000000000000       0x14 build/src/user/tcbWrapperUtil.o
 .group         0x0000000000000000        0xc build/src/user/tcbWrapperUtil.o
 .group         0x0000000000000000        0xc build/src/user/tcbWrapperUtil.o
 .data.rel.local.DW.ref.__gxx_personality_v0
                0x0000000000000000        0x8 build/src/user/tcbWrapperUtil.o

Memory Configuration

Name             Origin             Length             Attributes
*default*        0x0000000000000000 0xffffffffffffffff

Linker script and memory map

                0x0000000080000000                . = 0x80000000

.text           0x0000000080000000     0x7000
 *(.entry_os)
 .entry_os      0x0000000080000000       0x24 ./lib/hw.lib(entry.o)
                0x0000000080000000                _entry
                0x0000000080001000                . = ALIGN (0x1000)
 *fill*         0x0000000080000024      0xfdc 
                [!provide]                        PROVIDE (kernelTextStart = .)
 EXCLUDE_FILE(build/src/user/*) *(.text .text.*)
 .text          0x0000000080001000      0x120 build/src/kernel/supervisorTrap.o
                0x0000000080001000                RiscV::supervisorTrap()
 .text          0x0000000080001120       0x14 build/src/kernel/contextSwitch.o
                0x0000000080001120                TCB::contextSwitch(TCB::Context*, TCB::Context*)
 .text          0x0000000080001134      0xc98 build/src/kernel/slabAllocator.o
                0x0000000080001134                SlabAllocator::shrinkCache(Cache*)
                0x000000008000119c                SlabAllocator::printSlab(Slab*)
                0x00000000800012fc                SlabAllocator::printCache(Cache*)
                0x0000000080001504                SlabAllocator::insertIntoList(Slab*&, Slab*)
                0x0000000080001534                SlabAllocator::allocateSlab(Cache*)
                0x0000000080001640                SlabAllocator::removeFromList(Slab*&, Slab*)
                0x0000000080001694                SlabAllocator::move(Slab*&, Slab*&, Slab*)
                0x00000000800016e8                SlabAllocator::allocateSlot(Slab*)
                0x00000000800017d8                SlabAllocator::allocateObject(Cache*)
                0x0000000080001874                SlabAllocator::allocateBuffer(unsigned long)
                0x0000000080001914                SlabAllocator::createCache(char const*, unsigned long, void (*)(void*), void (*)(void*))
                0x00000000800019b8                SlabAllocator::initialize(void*, unsigned long)
                0x0000000080001aa8                SlabAllocator::freeSlot(Slab*, unsigned long)
                0x0000000080001b90                SlabAllocator::freeObject(Cache*, void const*)
                0x0000000080001c84                SlabAllocator::freeBuffer(void const*)
                0x0000000080001cf0                SlabAllocator::deleteCache(Cache*&)
 .text          0x0000000080001dcc       0xc8 build/src/kernel/system.o
                0x0000000080001dcc                ctor(void*)
                0x0000000080001dfc                System::System()
                0x0000000080001dfc                System::System()
                0x0000000080001e7c                System::userMainWrapper(void*)
 .text          0x0000000080001e94      0x5d4 build/src/kernel/buddyAllocator.o
                0x0000000080001ef4                Buddy::initialize(void*, unsigned long)
                0x0000000080001ffc                Buddy::compress(unsigned long)
                0x0000000080002104                Buddy::insert(void*, unsigned long)
                0x00000000800021ec                Buddy::free(void*, unsigned long)
                0x000000008000221c                Buddy::split(Buddy::Block*, int, int)
                0x00000000800022c4                Buddy::alloc(unsigned long)
                0x0000000080002378                Buddy::printList()
 .text          0x0000000080002468      0x2d0 build/src/kernel/scb.o
                0x0000000080002468                SCB::ctor(void*)
                0x0000000080002488                SCB::dtor(void*)
                0x00000000800024a8                SCB::initialize()
                0x00000000800024f4                SCB::SCB(unsigned long)
                0x00000000800024f4                SCB::SCB(unsigned long)
                0x0000000080002510                SCB::~SCB()
                0x0000000080002510                SCB::~SCB()
                0x0000000080002568                SCB::block()
                0x00000000800025d0                SCB::deblock()
                0x000000008000261c                SCB::wait()
                0x000000008000266c                SCB::signal()
                0x00000000800026a8                SCB::operator new(unsigned long)
                0x00000000800026d8                SCB::operator delete(void*)
                0x000000008000270c                SCB::semaphore_free(void*)
 .text          0x0000000080002738       0x30 build/src/kernel/main.o
                0x0000000080002738                main
 .text          0x0000000080002768      0x354 build/src/kernel/tcb.o
                0x0000000080002768                TCB::ctor(void*)
                0x0000000080002790                TCB::dtor(void*)
                0x00000000800027b8                TCB::wrapper(void*)
                0x00000000800027fc                TCB::TCB(void (*)(void*), void*, unsigned long*, unsigned long)
                0x00000000800027fc                TCB::TCB(void (*)(void*), void*, unsigned long*, unsigned long)
                0x0000000080002864                TCB::free()
                0x0000000080002890                TCB::~TCB()
                0x0000000080002890                TCB::~TCB()
                0x00000000800028b8                TCB::dispatch()
                0x0000000080002938                TCB::operator new(unsigned long)
                0x0000000080002968                TCB::initialize()
                0x0000000080002a5c                TCB::operator delete(void*)
                0x0000000080002a90                TCB::thread_free(void*)
 .text          0x0000000080002abc      0x4ac build/src/kernel/memoryAllocator.o
                0x0000000080002abc                MemoryAllocator::initialize()
                0x0000000080002b3c                MemoryAllocator::kmalloc(unsigned long)
                0x0000000080002ca4                MemoryAllocator::insertAndMerge(void*, MemoryAllocator::BlockHeader**)
                0x0000000080002d74                MemoryAllocator::kfree(void*)
                0x0000000080002e28                MemoryAllocator::showMemory()
                0x0000000080002f28                MemoryAllocator::memcpy(void*, void*, unsigned long)
 .text          0x0000000080002f68     0x13ec build/src/kernel/riscv.o
                0x0000000080002f68                RiscV::getPMT()
                0x0000000080002fb4                RiscV::handlePageFault(void*, unsigned long, unsigned long)
                0x000000008000309c                RiscV::initialize()
                0x0000000080003374                RiscV::popSppSpie()
                0x00000000800033cc                RiscV::popSppSpie2()
                0x0000000080003414                RiscV::executeThreadDispatchSyscall()
                0x0000000080003450                RiscV::executePutcSyscall()
                0x00000000800034a0                RiscV::putcWrapper(void*)
                0x0000000080003528                RiscV::jumpToDesignatedPrivilegeMode()
                0x000000008000356c                RiscV::finalize()
                0x0000000080003620                RiscV::saveA0toSscratch()
                0x0000000080003658                RiscV::executeMemAllocSyscall()
                0x0000000080003690                RiscV::executeMemFreeSyscall()
                0x00000000800036e0                RiscV::executeThreadCreateSyscall()
                0x00000000800037b4                RiscV::executeThreadAttachBodySyscall()
                0x000000008000387c                RiscV::executeThreadStartSyscall()
                0x00000000800038d4                RiscV::executeThreadExitSyscall()
                0x000000008000392c                RiscV::executeSemOpenSyscall()
                0x00000000800039c8                RiscV::executeSemCloseSyscall()
                0x0000000080003a28                RiscV::executeSemWaitSyscall()
                0x0000000080003a88                RiscV::executeSemSignalSyscall()
                0x0000000080003ad0                RiscV::executeTimeSleepSyscall()
                0x0000000080003b48                RiscV::executeGetcSyscall()
                0x0000000080003be0                RiscV::executePutcUtilSyscall()
                0x0000000080003c14                RiscV::executeThreadFreeSyscall()
                0x0000000080003c7c                RiscV::executeSemaphoreFreeSyscall()
                0x0000000080003cd8                RiscV::executeForkSyscall()
                0x0000000080003e2c                RiscV::getPC()
                0x0000000080003e58                RiscV::handleSupervisorTrap()
                0x00000000800042b8                RiscV::threadCreateUtil(TCB**, void (*)(void*), void*)
                0x0000000080004334                RiscV::threadExitUtil()
 .text          0x0000000080004354       0x8c build/src/kernel/utility.o
                0x0000000080004354                strcpy(char const*, char*)
                0x0000000080004390                strcat(char*, char const*)
 .text          0x00000000800043e0      0x214 build/src/kernel/scheduler.o
                0x00000000800043e0                Scheduler::initialize()
                0x00000000800043f8                Scheduler::put(TCB*)
                0x0000000080004440                Scheduler::get()
                0x0000000080004474                Scheduler::sleep(TCB*)
                0x00000000800044cc                Scheduler::awake()
                0x0000000080004534                Scheduler::showScheduler()
                0x0000000080004594                Scheduler::showSleeping()
 .text          0x00000000800045f4      0x44c build/src/kernel/consoleUtil.o
                0x00000000800045f4                ConsoleUtil::initialize()
                0x00000000800046ac                ConsoleUtil::putInput(char)
                0x000000008000471c                ConsoleUtil::getInput()
                0x0000000080004794                ConsoleUtil::putOutput(char)
                0x0000000080004814                ConsoleUtil::getOutput()
                0x000000008000488c                ConsoleUtil::printString(char const*)
                0x00000000800048d0                ConsoleUtil::printInt(int, int, int)
                0x00000000800049ac                ConsoleUtil::print(char const*, int, char const*, int)
                0x0000000080004a18                ConsoleUtil::putcUtilSyscall()
 .text          0x0000000080004a40      0x170 build/src/kernel/slab.o
                0x0000000080004a40                kmem_init(void*, int)
                0x0000000080004a68                kmem_cache_create(char const*, unsigned long, void (*)(void*), void (*)(void*))
                0x0000000080004a90                kmem_cache_alloc(Cache*)
                0x0000000080004ab8                kmem_cache_free(Cache*, void*)
                0x0000000080004ae0                kmem_cache_destroy(Cache*)
                0x0000000080004b10                kmem_cache_info(Cache*)
                0x0000000080004b38                kmem_cache_shrink(Cache*)
                0x0000000080004b60                kmalloc(unsigned long)
                0x0000000080004b88                kfree(void const*)
 .text          0x0000000080004bb0        0x0 ./lib/hw.lib(entry.o)
 .text          0x0000000080004bb0      0x18c ./lib/hw.lib(start.o)
                0x0000000080004bb0                start
                0x0000000080004cb0                timerinit
 .text          0x0000000080004d3c       0xd8 ./lib/hw.lib(main.o)
                0x0000000080004d3c                system_main
 .text          0x0000000080004e14      0x100 ./lib/hw.lib(proc.o)
                0x0000000080004e14                cpuid
                0x0000000080004e34                mycpu
                0x0000000080004e64                userinit
                0x0000000080004e80                either_copyout
                0x0000000080004ecc                either_copyin
 .text          0x0000000080004f14      0x32c ./lib/hw.lib(trap.o)
                0x0000000080004f14                trapinit
                0x0000000080004f40                trapinithart
                0x0000000080004f64                usertrap
                0x0000000080004f7c                usertrapret
                0x0000000080004f94                kerneltrap
                0x00000000800050dc                clockintr
                0x0000000080005134                devintr
 *fill*         0x0000000080005240        0x0 
 .text          0x0000000080005240      0x150 ./lib/hw.lib(kernelvec.o)
                0x0000000080005240                kernelvec
                0x0000000080005350                timervec
 .text          0x0000000080005390       0xf0 ./lib/hw.lib(plic.o)
                0x0000000080005390                plicinit
                0x00000000800053b8                plicinithart
                0x0000000080005404                plic_claim
                0x000000008000543c                plic_complete
 .text          0x0000000080005480        0x0 ./lib/hw.lib(support_cpp.o)
 .text          0x0000000080005480        0x0 ./lib/hw.lib(hw.o)
 .text          0x0000000080005480      0x36c ./lib/hw.lib(console.o)
                0x0000000080005480                consolewrite
                0x0000000080005524                consoleread
                0x0000000080005664                consputc
                0x00000000800056b4                consoleintr
                0x0000000080005748                consoleinit
                0x00000000800057ac                console_read
                0x00000000800057cc                console_write
 .text          0x00000000800057ec      0x738 ./lib/hw.lib(printf.o)
                0x00000000800057ec                panic
                0x0000000080005848                __printf
                0x0000000080005edc                printfinit
 .text          0x0000000080005f24      0x344 ./lib/hw.lib(uart.o)
                0x0000000080005f24                uartinit
                0x0000000080005f68                uartputc
                0x0000000080006060                uartputc_sync
                0x00000000800060a4                uartstart
                0x0000000080006118                uartgetc
                0x0000000080006150                uartintr
 .text          0x0000000080006268      0x290 ./lib/hw.lib(kalloc.o)
                0x0000000080006268                kinit
                0x0000000080006340                freerange
                0x0000000080006420                kfree
                0x00000000800064a0                kalloc
 .text          0x00000000800064f8      0x3e0 ./lib/hw.lib(spinlock.o)
                0x00000000800064f8                initlock
                0x000000008000651c                acquire
                0x00000000800065e8                release
                0x00000000800066b0                holding
                0x00000000800066fc                push_off
                0x0000000080006770                pop_off
                0x00000000800067ec                push_on
                0x0000000080006860                pop_on
 .text          0x00000000800068d8      0x394 ./lib/hw.lib(string.o)
                0x00000000800068d8                __memset
                0x0000000080006af4                __memmove
                0x0000000080007000                . = ALIGN (0x1000)
 *fill*         0x0000000080006c6c      0x394 
                0x0000000080007000                PROVIDE (kernelTextEnd = .)

.rodata         0x0000000080007000      0x737
                0x0000000080007000                . = ALIGN (0x10)
 EXCLUDE_FILE(build/src/user/*) *(.srodata .srodata.*)
 .srodata       0x0000000080007000       0x18 ./lib/hw.lib(hw.o)
                0x0000000080007000                CONSOLE_RX_DATA
                0x0000000080007008                CONSOLE_TX_DATA
                0x0000000080007010                CONSOLE_STATUS
                0x0000000080007020                . = ALIGN (0x10)
 *fill*         0x0000000080007018        0x8 
 EXCLUDE_FILE(build/src/user/*) *(.rodata .rodata.*)
 .rodata.str1.8
                0x0000000080007020      0x284 build/src/kernel/slabAllocator.o
                                        0x29c (size before relaxing)
 *fill*         0x00000000800072a4        0x4 
 .rodata.str1.8
                0x00000000800072a8        0x3 build/src/kernel/buddyAllocator.o
                                         0x12 (size before relaxing)
 *fill*         0x00000000800072ab        0x5 
 .rodata.str1.8
                0x00000000800072b0        0xa build/src/kernel/scb.o
 *fill*         0x00000000800072ba        0x6 
 .rodata.str1.8
                0x00000000800072c0        0xa build/src/kernel/tcb.o
 *fill*         0x00000000800072ca        0x6 
 .rodata.str1.8
                0x00000000800072d0       0x82 build/src/kernel/memoryAllocator.o
 *fill*         0x0000000080007352        0x6 
 .rodata.str1.8
                0x0000000080007358       0x6b build/src/kernel/riscv.o
                                         0x73 (size before relaxing)
 *fill*         0x00000000800073c3        0x1 
 .rodata        0x00000000800073c4      0x188 build/src/kernel/riscv.o
 .rodata.str1.8
                0x000000008000754c        0x2 build/src/kernel/scheduler.o
 *fill*         0x000000008000754c        0x4 
 .rodata.str1.8
                0x0000000080007550       0x11 build/src/kernel/consoleUtil.o
 *fill*         0x0000000080007561        0x7 
 .rodata.str1.8
                0x0000000080007568       0x51 ./lib/hw.lib(main.o)
                                         0x59 (size before relaxing)
 *fill*         0x00000000800075b9        0x7 
 .rodata.str1.8
                0x00000000800075c0       0x4b ./lib/hw.lib(proc.o)
 *fill*         0x000000008000760b        0x5 
 .rodata.str1.8
                0x0000000080007610       0x7b ./lib/hw.lib(trap.o)
 *fill*         0x000000008000768b        0x5 
 .rodata.str1.8
                0x0000000080007690        0x5 ./lib/hw.lib(console.o)
 *fill*         0x0000000080007695        0x3 
 .rodata.str1.8
                0x0000000080007698       0x23 ./lib/hw.lib(printf.o)
                                         0x2b (size before relaxing)
 *fill*         0x00000000800076bb        0x5 
 .rodata        0x00000000800076c0       0x11 ./lib/hw.lib(printf.o)
 *fill*         0x00000000800076d1        0x7 
 .rodata.str1.8
                0x00000000800076d8        0x6 ./lib/hw.lib(kalloc.o)
 *fill*         0x00000000800076de        0x2 
 .rodata.str1.8
                0x00000000800076e0       0x57 ./lib/hw.lib(spinlock.o)

.gcc_except_table
                0x0000000080007737      0x2c4
 .gcc_except_table
                0x0000000080007737        0x4 build/src/kernel/scb.o
 .gcc_except_table
                0x000000008000773b        0x4 build/src/kernel/tcb.o
 .gcc_except_table
                0x000000008000773f       0xc6 build/src/kernel/riscv.o
 .gcc_except_table
                0x0000000080007805       0x52 build/src/kernel/consoleUtil.o
 .gcc_except_table
                0x0000000080007857       0xa5 build/src/user/tests/buffer_CPP_API.o
 .gcc_except_table
                0x00000000800078fc       0xd5 build/src/user/tests/userMain.o
 .gcc_except_table
                0x00000000800079d1        0x4 build/src/user/tests/buffer.o
 .gcc_except_table
                0x00000000800079d5        0x8 build/src/user/syscall_cpp.o
 .gcc_except_table
                0x00000000800079dd       0x1e build/src/user/tcbWrapperUtil.o

.gcc_except_table._ZN10ForkThread3runEv
                0x00000000800079fb       0x2b
 .gcc_except_table._ZN10ForkThread3runEv
                0x00000000800079fb       0x2b build/src/user/tcbWrapperUtil.o

.data           0x0000000080007a28       0x98
                0x0000000080007a30                . = ALIGN (0x10)
 *fill*         0x0000000080007a28        0x8 
 EXCLUDE_FILE(build/src/user/*) *(.sdata .sdata.*)
 .sdata         0x0000000080007a30       0x10 ./lib/hw.lib(hw.o)
                0x0000000080007a30                HEAP_END_ADDR
                0x0000000080007a38                HEAP_START_ADDR
                0x0000000080007a40                . = ALIGN (0x10)
 EXCLUDE_FILE(build/src/user/*) *(.data .data.*)
 .data          0x0000000080007a40        0x0 build/src/kernel/supervisorTrap.o
 .data          0x0000000080007a40        0x0 build/src/kernel/contextSwitch.o
 .data          0x0000000080007a40        0x0 build/src/kernel/slabAllocator.o
 .data.rel.local
                0x0000000080007a40       0x68 build/src/kernel/slabAllocator.o
                0x0000000080007a40                SlabAllocator::names
 .data          0x0000000080007aa8        0x0 build/src/kernel/system.o
 .data          0x0000000080007aa8        0x8 build/src/kernel/buddyAllocator.o
                0x0000000080007aa8                Buddy::BLOCKS_AVAILABLE
 .data          0x0000000080007ab0        0x0 build/src/kernel/scb.o
 .data.rel.local.DW.ref.__gxx_personality_v0
                0x0000000080007ab0        0x8 build/src/kernel/scb.o
                0x0000000080007ab0                DW.ref.__gxx_personality_v0
 .data          0x0000000080007ab8        0x0 build/src/kernel/main.o
 .data          0x0000000080007ab8        0x0 build/src/kernel/tcb.o
 .data          0x0000000080007ab8        0x0 build/src/kernel/memoryAllocator.o
 .data          0x0000000080007ab8        0x0 build/src/kernel/riscv.o
 .data          0x0000000080007ab8        0x0 build/src/kernel/utility.o
 .data          0x0000000080007ab8        0x0 build/src/kernel/scheduler.o
 .data          0x0000000080007ab8        0x8 build/src/kernel/consoleUtil.o
                0x0000000080007ab8                ConsoleUtil::bufferSize
 .data          0x0000000080007ac0        0x0 build/src/kernel/slab.o
 .data          0x0000000080007ac0        0x0 ./lib/hw.lib(entry.o)
 .data          0x0000000080007ac0        0x0 ./lib/hw.lib(start.o)
 .data          0x0000000080007ac0        0x0 ./lib/hw.lib(main.o)
 .data          0x0000000080007ac0        0x0 ./lib/hw.lib(proc.o)
 .data          0x0000000080007ac0        0x0 ./lib/hw.lib(trap.o)
 .data          0x0000000080007ac0        0x0 ./lib/hw.lib(kernelvec.o)
 .data          0x0000000080007ac0        0x0 ./lib/hw.lib(plic.o)
 .data          0x0000000080007ac0        0x0 ./lib/hw.lib(support_cpp.o)
 .data          0x0000000080007ac0        0x0 ./lib/hw.lib(hw.o)
 .data          0x0000000080007ac0        0x0 ./lib/hw.lib(console.o)
 .data          0x0000000080007ac0        0x0 ./lib/hw.lib(printf.o)
 .data          0x0000000080007ac0        0x0 ./lib/hw.lib(uart.o)
 .data          0x0000000080007ac0        0x0 ./lib/hw.lib(kalloc.o)
 .data          0x0000000080007ac0        0x0 ./lib/hw.lib(spinlock.o)
 .data          0x0000000080007ac0        0x0 ./lib/hw.lib(string.o)

.got            0x0000000080007ac0       0xe8
 .got           0x0000000080007ac0       0xe8 build/src/kernel/supervisorTrap.o
                0x0000000080007ac0                _GLOBAL_OFFSET_TABLE_

.got.plt        0x0000000080007ba8       0x10
 .got.plt       0x0000000080007ba8       0x10 build/src/kernel/supervisorTrap.o

.init_array     0x0000000080007bb8        0x8
 .init_array    0x0000000080007bb8        0x8 build/src/kernel/buddyAllocator.o

.bss            0x0000000080007bc0     0x54d0
                0x0000000080007bc0                . = ALIGN (0x10)
 EXCLUDE_FILE(build/src/user/*) *(.sbss .sbss.*)
 .sbss          0x0000000080007bc0        0x4 ./lib/hw.lib(main.o)
 .sbss          0x0000000080007bc4        0x4 ./lib/hw.lib(trap.o)
                0x0000000080007bc4                ticks
 .sbss          0x0000000080007bc8        0x4 ./lib/hw.lib(printf.o)
                0x0000000080007bc8                panicked
 *fill*         0x0000000080007bcc        0x4 
 .sbss          0x0000000080007bd0       0x10 ./lib/hw.lib(uart.o)
                0x0000000080007bd0                uart_tx_r
                0x0000000080007bd8                uart_tx_w
 .sbss          0x0000000080007be0        0x8 ./lib/hw.lib(kalloc.o)
                0x0000000080007be0                kmem
                0x0000000080007bf0                . = ALIGN (0x10)
 *fill*         0x0000000080007be8        0x8 
 EXCLUDE_FILE(build/src/user/*) *(.bss .bss.*)
 .bss           0x0000000080007bf0        0x0 build/src/kernel/supervisorTrap.o
 .bss           0x0000000080007bf0        0x0 build/src/kernel/contextSwitch.o
 .bss           0x0000000080007bf0       0x80 build/src/kernel/slabAllocator.o
                0x0000000080007bf0                SlabAllocator::sizeN
                0x0000000080007c58                SlabAllocator::cache
                0x0000000080007c60                SlabAllocator::startAddr
                0x0000000080007c68                SlabAllocator::blocksResponsibleFor
 .bss           0x0000000080007c70        0x1 build/src/kernel/system.o
                0x0000000080007c70                System::initialized
 *fill*         0x0000000080007c71        0x7 
 .bss           0x0000000080007c78       0xe0 build/src/kernel/buddyAllocator.o
                0x0000000080007c78                Buddy::BUDDY_START_ADDR
                0x0000000080007c80                Buddy::BUDDY_META_DATA_ADDR
                0x0000000080007c88                Buddy::tail
                0x0000000080007cf0                Buddy::head
 .bss           0x0000000080007d58        0x8 build/src/kernel/scb.o
                0x0000000080007d58                SCB::scbCache
 .bss           0x0000000080007d60        0x0 build/src/kernel/main.o
 .bss           0x0000000080007d60       0x30 build/src/kernel/tcb.o
                0x0000000080007d60                TCB::running
                0x0000000080007d68                TCB::tcbCache
                0x0000000080007d70                TCB::putcThread
                0x0000000080007d78                TCB::timeSliceCounter
                0x0000000080007d80                TCB::currentSP
                0x0000000080007d88                TCB::currentPC
 .bss           0x0000000080007d90       0x21 build/src/kernel/memoryAllocator.o
                0x0000000080007d90                MemoryAllocator::freeMemTail
                0x0000000080007d98                MemoryAllocator::freeMemHead
                0x0000000080007da0                MemoryAllocator::allocMemTail
                0x0000000080007da8                MemoryAllocator::allocMemHead
                0x0000000080007db0                MemoryAllocator::initialized
 *fill*         0x0000000080007db1        0x7 
 .bss           0x0000000080007db8       0x20 build/src/kernel/riscv.o
                0x0000000080007db8                RiscV::kPMT
                0x0000000080007dc0                RiscV::userMainFinished
                0x0000000080007dc8                RiscV::globalTime
                0x0000000080007dd0                RiscV::uPMT
 .bss           0x0000000080007dd8        0x0 build/src/kernel/utility.o
 .bss           0x0000000080007dd8       0x18 build/src/kernel/scheduler.o
                0x0000000080007dd8                Scheduler::readyHead
                0x0000000080007de0                Scheduler::readyTail
                0x0000000080007de8                Scheduler::sleepingHead
 .bss           0x0000000080007df0     0x4040 build/src/kernel/consoleUtil.o
                0x0000000080007df0                ConsoleUtil::inputSem
                0x0000000080007df8                ConsoleUtil::outputSem
                0x0000000080007e00                ConsoleUtil::inputTail
                0x0000000080007e08                ConsoleUtil::inputHead
                0x0000000080007e10                ConsoleUtil::pendingPutc
                0x0000000080007e18                ConsoleUtil::outputTail
                0x0000000080007e20                ConsoleUtil::outputHead
                0x0000000080007e28                ConsoleUtil::outputBuffer
                0x0000000080009e28                ConsoleUtil::inputBuffer
                0x000000008000be28                ConsoleUtil::pendingGetc
 .bss           0x000000008000be30        0x0 build/src/kernel/slab.o
 .bss           0x000000008000be30        0x0 ./lib/hw.lib(entry.o)
 .bss           0x000000008000be30     0x1030 ./lib/hw.lib(start.o)
                0x000000008000be30                timer_scratch
                0x000000008000be60                stack0
 .bss           0x000000008000ce60        0x0 ./lib/hw.lib(main.o)
 .bss           0x000000008000ce60       0x80 ./lib/hw.lib(proc.o)
                0x000000008000ce60                cpus
 .bss           0x000000008000cee0       0x18 ./lib/hw.lib(trap.o)
                0x000000008000cee0                tickslock
 .bss           0x000000008000cef8        0x0 ./lib/hw.lib(kernelvec.o)
 .bss           0x000000008000cef8        0x0 ./lib/hw.lib(plic.o)
 .bss           0x000000008000cef8       0x10 ./lib/hw.lib(support_cpp.o)
                0x000000008000cef8                _Unwind_Resume
                0x000000008000cf00                __gxx_personality_v0
 .bss           0x000000008000cf08        0x0 ./lib/hw.lib(hw.o)
 .bss           0x000000008000cf08      0x148 ./lib/hw.lib(console.o)
                0x000000008000cf08                cons
                0x000000008000cfb0                devsw
 .bss           0x000000008000d050       0x20 ./lib/hw.lib(printf.o)
 .bss           0x000000008000d070       0x20 ./lib/hw.lib(uart.o)
                0x000000008000d070                uart_tx_buf
 .bss           0x000000008000d090        0x0 ./lib/hw.lib(kalloc.o)
 .bss           0x000000008000d090        0x0 ./lib/hw.lib(spinlock.o)
 .bss           0x000000008000d090        0x0 ./lib/hw.lib(string.o)

.eh_frame       0x000000008000d090     0x1410
 EXCLUDE_FILE(build/src/user/*) *(.eh_frame .eh_frame.*)
 .eh_frame      0x000000008000d090      0x320 build/src/kernel/slabAllocator.o
 .eh_frame      0x000000008000d3b0       0x70 build/src/kernel/system.o
                                         0x88 (size before relaxing)
 .eh_frame      0x000000008000d420      0x188 build/src/kernel/buddyAllocator.o
                                        0x198 (size before relaxing)
 .eh_frame      0x000000008000d5a8      0x200 build/src/kernel/scb.o
                                        0x210 (size before relaxing)
 .eh_frame      0x000000008000d7a8       0x28 build/src/kernel/main.o
                                         0x40 (size before relaxing)
 .eh_frame      0x000000008000d7d0      0x1c0 build/src/kernel/tcb.o
                                        0x1f0 (size before relaxing)
 .eh_frame      0x000000008000d990       0xf8 build/src/kernel/memoryAllocator.o
                                        0x108 (size before relaxing)
 .eh_frame      0x000000008000da88      0x5a8 build/src/kernel/riscv.o
                                        0x5d8 (size before relaxing)
 .eh_frame      0x000000008000e030       0x50 build/src/kernel/utility.o
                                         0x68 (size before relaxing)
 .eh_frame      0x000000008000e080      0x120 build/src/kernel/scheduler.o
                                        0x130 (size before relaxing)
 .eh_frame      0x000000008000e1a0      0x198 build/src/kernel/consoleUtil.o
                                        0x1c8 (size before relaxing)
 .eh_frame      0x000000008000e338      0x168 build/src/kernel/slab.o
                                        0x180 (size before relaxing)

.rela.dyn       0x000000008000e4a0        0x0
 .rela.got      0x000000008000e4a0        0x0 build/src/kernel/supervisorTrap.o
 .rela.text     0x000000008000e4a0        0x0 build/src/kernel/supervisorTrap.o
 .rela.text._ZN8ConsumerD2Ev
                0x000000008000e4a0        0x0 build/src/kernel/supervisorTrap.o
 .rela.text._ZN8ConsumerD0Ev
                0x000000008000e4a0        0x0 build/src/kernel/supervisorTrap.o
 .rela.text._ZN8ProducerD2Ev
                0x000000008000e4a0        0x0 build/src/kernel/supervisorTrap.o
 .rela.text._ZN8ProducerD0Ev
                0x000000008000e4a0        0x0 build/src/kernel/supervisorTrap.o
 .rela.text._ZN16ProducerKeyboardD2Ev
                0x000000008000e4a0        0x0 build/src/kernel/supervisorTrap.o
 .rela.text._ZN16ProducerKeyboardD0Ev
                0x000000008000e4a0        0x0 build/src/kernel/supervisorTrap.o
 .rela.data.rel.ro.local._ZTV16ProducerKeyboard
                0x000000008000e4a0        0x0 build/src/kernel/supervisorTrap.o
 .rela.data.rel.ro.local._ZTV8Producer
                0x000000008000e4a0        0x0 build/src/kernel/supervisorTrap.o
 .rela.data.rel.ro.local._ZTV8Consumer
                0x000000008000e4a0        0x0 build/src/kernel/supervisorTrap.o
 .rela.text._ZN14PeriodicThreadD2Ev
                0x000000008000e4a0        0x0 build/src/kernel/supervisorTrap.o
 .rela.text._ZN14PeriodicThreadD0Ev
                0x000000008000e4a0        0x0 build/src/kernel/supervisorTrap.o
 .rela.data.rel.ro.local._ZTV14PeriodicThread
                0x000000008000e4a0        0x0 build/src/kernel/supervisorTrap.o
 .rela.data.rel.ro.local._ZTV6Thread
                0x000000008000e4a0        0x0 build/src/kernel/supervisorTrap.o
 .rela.text._ZN10ForkThread3runEv
                0x000000008000e4a0        0x0 build/src/kernel/supervisorTrap.o
 .rela.text._ZN10ForkThreadD2Ev
                0x000000008000e4a0        0x0 build/src/kernel/supervisorTrap.o
 .rela.text._ZN10ForkThreadD0Ev
                0x000000008000e4a0        0x0 build/src/kernel/supervisorTrap.o
 .rela.data.rel.ro.local._ZTV10ForkThread
                0x000000008000e4a0        0x0 build/src/kernel/supervisorTrap.o
 .rela.sdata    0x000000008000e4a0        0x0 build/src/kernel/supervisorTrap.o

.user           0x000000008000e4a0     0x5b60
                0x000000008000f000                . = ALIGN (0x1000)
 *fill*         0x000000008000e4a0      0xb60 
                0x000000008000f000                PROVIDE (userTextStart = .)
 *(.text .text.*)
 .text          0x000000008000f000       0x20 build/src/user/lock.o
                0x000000008000f000                copy_and_swap
 .text          0x000000008000f020      0x37c build/src/user/syscall_c.o
                0x000000008000f020                mem_alloc(unsigned long)
                0x000000008000f050                mem_free(void*)
                0x000000008000f07c                thread_create(_thread**, void (*)(void*), void*)
                0x000000008000f108                thread_exit()
                0x000000008000f130                thread_dispatch()
                0x000000008000f150                thread_attach_body(_thread**, void (*)(void*), void*)
                0x000000008000f1e4                thread_start(_thread*)
                0x000000008000f21c                sem_open(_semaphore**, unsigned int)
                0x000000008000f254                sem_close(_semaphore*)
                0x000000008000f280                sem_wait(_semaphore*)
                0x000000008000f2ac                sem_signal(_semaphore*)
                0x000000008000f2d8                time_sleep(unsigned long)
                0x000000008000f304                getc()
                0x000000008000f32c                putc(char)
                0x000000008000f350                fork()
                0x000000008000f378                tcb_free(void*)
 .text          0x000000008000f39c       0x28 build/src/user/_semaphore.o
                0x000000008000f39c                _semaphore::operator delete(void*)
 .text          0x000000008000f3c4       0x28 build/src/user/_thread.o
                0x000000008000f3c4                _thread::operator delete(void*)
 .text          0x000000008000f3ec      0x408 build/src/user/tests/buffer_CPP_API.o
                0x000000008000f3ec                BufferCPP::BufferCPP(int)
                0x000000008000f3ec                BufferCPP::BufferCPP(int)
                0x000000008000f550                BufferCPP::put(int)
                0x000000008000f5e0                BufferCPP::get()
                0x000000008000f66c                BufferCPP::getCnt()
                0x000000008000f6f4                BufferCPP::~BufferCPP()
                0x000000008000f6f4                BufferCPP::~BufferCPP()
 .text          0x000000008000f7f4      0xe04 build/src/user/tests/userMain.o
                0x000000008000f7f4                workerBodyA(void*)
                0x000000008000f8c0                workerBodyB(void*)
                0x000000008000f994                sleepyRun(void*)
                0x000000008000fa38                fibonacci(unsigned long)
                0x000000008000faac                workerBodyC(void*)
                0x000000008000fc2c                workerBodyD(void*)
                0x000000008000fd74                Threads_C_API_test()
                0x000000008000fea0                ProducerKeyboard::producerKeyboard(void*)
                0x000000008000ff60                Producer::producer(void*)
                0x000000008000fff4                Consumer::consumer(void*)
                0x00000000800100e8                producerConsumer_CPP_Sync_API()
                0x0000000080010548                testSleeping()
                0x00000000800105d0                userMain()
 .text._ZN8ConsumerD2Ev
                0x00000000800105f8       0x34 build/src/user/tests/userMain.o
                0x00000000800105f8                Consumer::~Consumer()
                0x00000000800105f8                Consumer::~Consumer()
 .text._ZN8ConsumerD0Ev
                0x000000008001062c       0x4c build/src/user/tests/userMain.o
                0x000000008001062c                Consumer::~Consumer()
 .text._ZN8ProducerD2Ev
                0x0000000080010678       0x34 build/src/user/tests/userMain.o
                0x0000000080010678                Producer::~Producer()
                0x0000000080010678                Producer::~Producer()
 .text._ZN8ProducerD0Ev
                0x00000000800106ac       0x4c build/src/user/tests/userMain.o
                0x00000000800106ac                Producer::~Producer()
 .text._ZN16ProducerKeyboardD2Ev
                0x00000000800106f8       0x34 build/src/user/tests/userMain.o
                0x00000000800106f8                ProducerKeyboard::~ProducerKeyboard()
                0x00000000800106f8                ProducerKeyboard::~ProducerKeyboard()
 .text._ZN16ProducerKeyboardD0Ev
                0x000000008001072c       0x4c build/src/user/tests/userMain.o
                0x000000008001072c                ProducerKeyboard::~ProducerKeyboard()
 .text._ZN16ProducerKeyboard3runEv
                0x0000000080010778       0x2c build/src/user/tests/userMain.o
                0x0000000080010778                ProducerKeyboard::run()
 .text._ZN8Producer3runEv
                0x00000000800107a4       0x2c build/src/user/tests/userMain.o
                0x00000000800107a4                Producer::run()
 .text._ZN8Consumer3runEv
                0x00000000800107d0       0x2c build/src/user/tests/userMain.o
                0x00000000800107d0                Consumer::run()
 .text          0x00000000800107fc      0x320 build/src/user/tests/buffer.o
                0x00000000800107fc                Buffer::Buffer(int)
                0x00000000800107fc                Buffer::Buffer(int)
                0x0000000080010898                Buffer::put(int)
                0x0000000080010928                Buffer::get()
                0x00000000800109b4                Buffer::getCnt()
                0x0000000080010a3c                Buffer::~Buffer()
                0x0000000080010a3c                Buffer::~Buffer()
 .text          0x0000000080010b1c      0x2ac build/src/user/printing.o
                0x0000000080010b1c                printString(char const*)
                0x0000000080010b98                getString(char*, int)
                0x0000000080010c64                stringToInt(char const*)
                0x0000000080010cb4                printInt(int, int, int)
 .text          0x0000000080010dc8      0x460 build/src/user/syscall_cpp.o
                0x0000000080010dc8                Thread::wrapper(void*)
                0x0000000080010df4                Semaphore::~Semaphore()
                0x0000000080010df4                Semaphore::~Semaphore()
                0x0000000080010e2c                Thread::~Thread()
                0x0000000080010e2c                Thread::~Thread()
                0x0000000080010e6c                operator new(unsigned long)
                0x0000000080010e94                operator new[](unsigned long)
                0x0000000080010ebc                operator delete(void*)
                0x0000000080010ee4                Semaphore::~Semaphore()
                0x0000000080010f24                Thread::~Thread()
                0x0000000080010f64                Semaphore::Semaphore(unsigned int)
                0x0000000080010f64                Semaphore::Semaphore(unsigned int)
                0x0000000080010f9c                Semaphore::wait()
                0x0000000080010fc8                Semaphore::signal()
                0x0000000080010ff4                Thread::Thread(void (*)(void*), void*)
                0x0000000080010ff4                Thread::Thread(void (*)(void*), void*)
                0x0000000080011048                Thread::Thread()
                0x0000000080011048                Thread::Thread()
                0x00000000800110a8                Thread::sleep(unsigned long)
                0x00000000800110d0                PeriodicThread::wrapper(void*)
                0x0000000080011110                Thread::dispatch()
                0x0000000080011138                Thread::start()
                0x0000000080011164                PeriodicThread::PeriodicThread(unsigned long)
                0x0000000080011164                PeriodicThread::PeriodicThread(unsigned long)
                0x00000000800111d8                Console::getc()
                0x0000000080011200                Console::putc(char)
 .text._ZN6Thread3runEv
                0x0000000080011228       0x18 build/src/user/syscall_cpp.o
                0x0000000080011228                Thread::run()
 .text._ZN14PeriodicThread18periodicActivationEv
                0x0000000080011240       0x18 build/src/user/syscall_cpp.o
                0x0000000080011240                PeriodicThread::periodicActivation()
 .text._ZN14PeriodicThreadD2Ev
                0x0000000080011258       0x34 build/src/user/syscall_cpp.o
                0x0000000080011258                PeriodicThread::~PeriodicThread()
                0x0000000080011258                PeriodicThread::~PeriodicThread()
 .text._ZN14PeriodicThreadD0Ev
                0x000000008001128c       0x4c build/src/user/syscall_cpp.o
                0x000000008001128c                PeriodicThread::~PeriodicThread()
 .text          0x00000000800112d8      0x11c build/src/user/tcbWrapperUtil.o
                0x00000000800112d8                testUser()
                0x0000000080011398                TCBWrapper::tcbWrap(void (*)(void*), void*)
                0x00000000800113cc                TCBWrapper::userMainWrapper(void*)
 .text._ZN10ForkThread3runEv
                0x00000000800113f4      0x220 build/src/user/tcbWrapperUtil.o
                0x00000000800113f4                ForkThread::run()
 .text._ZN10ForkThreadD2Ev
                0x0000000080011614       0x34 build/src/user/tcbWrapperUtil.o
                0x0000000080011614                ForkThread::~ForkThread()
                0x0000000080011614                ForkThread::~ForkThread()
 .text._ZN10ForkThreadD0Ev
                0x0000000080011648       0x4c build/src/user/tcbWrapperUtil.o
                0x0000000080011648                ForkThread::~ForkThread()
                0x0000000080012000                . = ALIGN (0x1000)
 *fill*         0x0000000080011694      0x96c 
                0x0000000080012000                PROVIDE (userDataStart = .)
 *(.srodata .srodata.*)
 *(.rodata .rodata.*)
 .rodata.str1.8
                0x0000000080012000       0x11 build/src/user/tests/buffer_CPP_API.o
 *fill*         0x0000000080012011        0x7 
 .rodata.str1.8
                0x0000000080012018      0x1eb build/src/user/tests/userMain.o
                                        0x1f3 (size before relaxing)
 .rodata.str1.8
                0x0000000080012203       0x11 build/src/user/tests/buffer.o
 *fill*         0x0000000080012203        0x5 
 .rodata._ZN10ForkThread3runEv.str1.8
                0x0000000080012208       0x2d build/src/user/tcbWrapperUtil.o
                                         0x35 (size before relaxing)
 *fill*         0x0000000080012235        0x3 
 .rodata.str1.8
                0x0000000080012238       0x14 build/src/user/tcbWrapperUtil.o
 *(.sdata .sdata.*)
 *(.data .data.*)
 .data          0x000000008001224c        0x0 build/src/user/lock.o
 .data          0x000000008001224c        0x0 build/src/user/syscall_c.o
 .data          0x000000008001224c        0x0 build/src/user/_semaphore.o
 .data          0x000000008001224c        0x0 build/src/user/_thread.o
 .data          0x000000008001224c        0x0 build/src/user/tests/buffer_CPP_API.o
 .data          0x000000008001224c        0x0 build/src/user/tests/userMain.o
 *fill*         0x000000008001224c        0x4 
 .data.rel.ro.local._ZTV16ProducerKeyboard
                0x0000000080012250       0x28 build/src/user/tests/userMain.o
                0x0000000080012250                vtable for ProducerKeyboard
 .data.rel.ro.local._ZTV8Producer
                0x0000000080012278       0x28 build/src/user/tests/userMain.o
                0x0000000080012278                vtable for Producer
 .data.rel.ro.local._ZTV8Consumer
                0x00000000800122a0       0x28 build/src/user/tests/userMain.o
                0x00000000800122a0                vtable for Consumer
 .data          0x00000000800122c8        0x0 build/src/user/tests/buffer.o
 .data          0x00000000800122c8       0x11 build/src/user/printing.o
                0x00000000800122c8                digits
 .data          0x00000000800122d9        0x0 build/src/user/syscall_cpp.o
 *fill*         0x00000000800122d9        0x7 
 .data.rel.ro.local._ZTV14PeriodicThread
                0x00000000800122e0       0x30 build/src/user/syscall_cpp.o
                0x00000000800122e0                vtable for PeriodicThread
 .data.rel.ro.local._ZTV9Semaphore
                0x0000000080012310       0x20 build/src/user/syscall_cpp.o
                0x0000000080012310                vtable for Semaphore
 .data.rel.ro.local._ZTV6Thread
                0x0000000080012330       0x28 build/src/user/syscall_cpp.o
                0x0000000080012330                vtable for Thread
 .data          0x0000000080012358        0x0 build/src/user/tcbWrapperUtil.o
 .data.rel.ro.local._ZTV10ForkThread
                0x0000000080012358       0x28 build/src/user/tcbWrapperUtil.o
                0x0000000080012358                vtable for ForkThread
 *(.sbss .sbss.*)
 *(.bss .bss.*)
 .bss           0x0000000080012380        0x0 build/src/user/lock.o
 .bss           0x0000000080012380        0x0 build/src/user/syscall_c.o
 .bss           0x0000000080012380        0x0 build/src/user/_semaphore.o
 .bss           0x0000000080012380        0x0 build/src/user/_thread.o
 .bss           0x0000000080012380        0x0 build/src/user/tests/buffer_CPP_API.o
 .bss           0x0000000080012380       0x18 build/src/user/tests/userMain.o
                0x0000000080012380                finishedA
                0x0000000080012381                finishedB
                0x0000000080012388                finished
                0x000000008001238a                finishedC
                0x000000008001238b                finishedD
                0x000000008001238c                threadEnd
                0x0000000080012390                waitForAll
 .bss           0x0000000080012398        0x0 build/src/user/tests/buffer.o
 .bss           0x0000000080012398        0x8 build/src/user/printing.o
                0x0000000080012398                lockPrint
 .bss           0x00000000800123a0        0x0 build/src/user/syscall_cpp.o
 .bss           0x00000000800123a0        0x0 build/src/user/tcbWrapperUtil.o
 *(.eh_frame .eh_frame.*)
 .eh_frame      0x00000000800123a0      0x280 build/src/user/syscall_c.o
 .eh_frame      0x0000000080012620       0x40 build/src/user/_semaphore.o
 .eh_frame      0x0000000080012660       0x40 build/src/user/_thread.o
 .eh_frame      0x00000000800126a0      0x130 build/src/user/tests/buffer_CPP_API.o
 .eh_frame      0x00000000800127d0      0x448 build/src/user/tests/userMain.o
 .eh_frame      0x0000000080012c18      0x128 build/src/user/tests/buffer.o
 .eh_frame      0x0000000080012d40       0xd0 build/src/user/printing.o
 .eh_frame      0x0000000080012e10      0x410 build/src/user/syscall_cpp.o
 .eh_frame      0x0000000080013220      0x150 build/src/user/tcbWrapperUtil.o
                0x0000000080014000                . = ALIGN (0x1000)
 *fill*         0x0000000080013370      0xc90 
                0x0000000080014000                PROVIDE (userDataEnd = .)
                0x0000000080014000                PROVIDE (end = .)
LOAD build/src/kernel/supervisorTrap.o
LOAD build/src/kernel/contextSwitch.o
LOAD build/src/user/lock.o
LOAD build/src/kernel/slabAllocator.o
LOAD build/src/kernel/system.o
LOAD build/src/kernel/buddyAllocator.o
LOAD build/src/kernel/scb.o
LOAD build/src/kernel/main.o
LOAD build/src/kernel/tcb.o
LOAD build/src/kernel/memoryAllocator.o
LOAD build/src/kernel/riscv.o
LOAD build/src/kernel/utility.o
LOAD build/src/kernel/scheduler.o
LOAD build/src/kernel/consoleUtil.o
LOAD build/src/kernel/slab.o
LOAD build/src/user/syscall_c.o
LOAD build/src/user/_semaphore.o
LOAD build/src/user/_thread.o
LOAD build/src/user/tests/buffer_CPP_API.o
LOAD build/src/user/tests/userMain.o
LOAD build/src/user/tests/buffer.o
LOAD build/src/user/printing.o
LOAD build/src/user/syscall_cpp.o
LOAD build/src/user/tcbWrapperUtil.o
LOAD ./lib/hw.lib
LOAD ./lib/hw.lib
OUTPUT(kernel elf64-littleriscv)

.debug_line     0x0000000000000000     0x9cb5
 .debug_line    0x0000000000000000       0x74 build/src/kernel/supervisorTrap.o
 .debug_line    0x0000000000000074       0x65 build/src/kernel/contextSwitch.o
 .debug_line    0x00000000000000d9       0x6c build/src/user/lock.o
 .debug_line    0x0000000000000145     0x1495 build/src/kernel/slabAllocator.o
 .debug_line    0x00000000000015da      0x24c build/src/kernel/system.o
 .debug_line    0x0000000000001826      0x8ed build/src/kernel/buddyAllocator.o
 .debug_line    0x0000000000002113      0x513 build/src/kernel/scb.o
 .debug_line    0x0000000000002626       0xa8 build/src/kernel/main.o
 .debug_line    0x00000000000026ce      0x54b build/src/kernel/tcb.o
 .debug_line    0x0000000000002c19      0xa17 build/src/kernel/memoryAllocator.o
 .debug_line    0x0000000000003630     0x2301 build/src/kernel/riscv.o
 .debug_line    0x0000000000005931      0x174 build/src/kernel/utility.o
 .debug_line    0x0000000000005aa5      0x474 build/src/kernel/scheduler.o
 .debug_line    0x0000000000005f19      0x5dd build/src/kernel/consoleUtil.o
 .debug_line    0x00000000000064f6      0x235 build/src/kernel/slab.o
 .debug_line    0x000000000000672b      0x83b build/src/user/syscall_c.o
 .debug_line    0x0000000000006f66       0xb9 build/src/user/_semaphore.o
 .debug_line    0x000000000000701f       0xe2 build/src/user/_thread.o
 .debug_line    0x0000000000007101      0x5bd build/src/user/tests/buffer_CPP_API.o
 .debug_line    0x00000000000076be     0x1333 build/src/user/tests/userMain.o
 .debug_line    0x00000000000089f1      0x4ca build/src/user/tests/buffer.o
 .debug_line    0x0000000000008ebb      0x3a7 build/src/user/printing.o
 .debug_line    0x0000000000009262      0x500 build/src/user/syscall_cpp.o
 .debug_line    0x0000000000009762      0x553 build/src/user/tcbWrapperUtil.o

.debug_info     0x0000000000000000     0xefa5
 .debug_info    0x0000000000000000       0x2e build/src/kernel/supervisorTrap.o
 .debug_info    0x000000000000002e       0x2e build/src/kernel/contextSwitch.o
 .debug_info    0x000000000000005c       0x2e build/src/user/lock.o
 .debug_info    0x000000000000008a     0x18b1 build/src/kernel/slabAllocator.o
 .debug_info    0x000000000000193b      0xb3b build/src/kernel/system.o
 .debug_info    0x0000000000002476      0x9c7 build/src/kernel/buddyAllocator.o
 .debug_info    0x0000000000002e3d      0xb8b build/src/kernel/scb.o
 .debug_info    0x00000000000039c8      0x16d build/src/kernel/main.o
 .debug_info    0x0000000000003b35      0xe93 build/src/kernel/tcb.o
 .debug_info    0x00000000000049c8      0x663 build/src/kernel/memoryAllocator.o
 .debug_info    0x000000000000502b     0x2af5 build/src/kernel/riscv.o
 .debug_info    0x0000000000007b20      0x1d9 build/src/kernel/utility.o
 .debug_info    0x0000000000007cf9      0x9df build/src/kernel/scheduler.o
 .debug_info    0x00000000000086d8      0xd0f build/src/kernel/consoleUtil.o
 .debug_info    0x00000000000093e7      0x854 build/src/kernel/slab.o
 .debug_info    0x0000000000009c3b      0x79e build/src/user/syscall_c.o
 .debug_info    0x000000000000a3d9      0x1c2 build/src/user/_semaphore.o
 .debug_info    0x000000000000a59b      0x1f2 build/src/user/_thread.o
 .debug_info    0x000000000000a78d      0x751 build/src/user/tests/buffer_CPP_API.o
 .debug_info    0x000000000000aede     0x1e01 build/src/user/tests/userMain.o
 .debug_info    0x000000000000ccdf      0x6ae build/src/user/tests/buffer.o
 .debug_info    0x000000000000d38d      0x432 build/src/user/printing.o
 .debug_info    0x000000000000d7bf      0xed3 build/src/user/syscall_cpp.o
 .debug_info    0x000000000000e692      0x913 build/src/user/tcbWrapperUtil.o

.debug_abbrev   0x0000000000000000     0x3aa1
 .debug_abbrev  0x0000000000000000       0x14 build/src/kernel/supervisorTrap.o
 .debug_abbrev  0x0000000000000014       0x14 build/src/kernel/contextSwitch.o
 .debug_abbrev  0x0000000000000028       0x14 build/src/user/lock.o
 .debug_abbrev  0x000000000000003c      0x401 build/src/kernel/slabAllocator.o
 .debug_abbrev  0x000000000000043d      0x314 build/src/kernel/system.o
 .debug_abbrev  0x0000000000000751      0x32d build/src/kernel/buddyAllocator.o
 .debug_abbrev  0x0000000000000a7e      0x3ac build/src/kernel/scb.o
 .debug_abbrev  0x0000000000000e2a       0xc6 build/src/kernel/main.o
 .debug_abbrev  0x0000000000000ef0      0x399 build/src/kernel/tcb.o
 .debug_abbrev  0x0000000000001289      0x265 build/src/kernel/memoryAllocator.o
 .debug_abbrev  0x00000000000014ee      0x56e build/src/kernel/riscv.o
 .debug_abbrev  0x0000000000001a5c       0xf1 build/src/kernel/utility.o
 .debug_abbrev  0x0000000000001b4d      0x318 build/src/kernel/scheduler.o
 .debug_abbrev  0x0000000000001e65      0x307 build/src/kernel/consoleUtil.o
 .debug_abbrev  0x000000000000216c      0x1fb build/src/kernel/slab.o
 .debug_abbrev  0x0000000000002367      0x205 build/src/user/syscall_c.o
 .debug_abbrev  0x000000000000256c      0x128 build/src/user/_semaphore.o
 .debug_abbrev  0x0000000000002694      0x145 build/src/user/_thread.o
 .debug_abbrev  0x00000000000027d9      0x2a2 build/src/user/tests/buffer_CPP_API.o
 .debug_abbrev  0x0000000000002a7b      0x433 build/src/user/tests/userMain.o
 .debug_abbrev  0x0000000000002eae      0x279 build/src/user/tests/buffer.o
 .debug_abbrev  0x0000000000003127      0x168 build/src/user/printing.o
 .debug_abbrev  0x000000000000328f      0x4a8 build/src/user/syscall_cpp.o
 .debug_abbrev  0x0000000000003737      0x36a build/src/user/tcbWrapperUtil.o

.debug_aranges  0x0000000000000000      0x580
 .debug_aranges
                0x0000000000000000       0x30 build/src/kernel/supervisorTrap.o
 .debug_aranges
                0x0000000000000030       0x30 build/src/kernel/contextSwitch.o
 .debug_aranges
                0x0000000000000060       0x30 build/src/user/lock.o
 .debug_aranges
                0x0000000000000090       0x30 build/src/kernel/slabAllocator.o
 .debug_aranges
                0x00000000000000c0       0x30 build/src/kernel/system.o
 .debug_aranges
                0x00000000000000f0       0x30 build/src/kernel/buddyAllocator.o
 .debug_aranges
                0x0000000000000120       0x30 build/src/kernel/scb.o
 .debug_aranges
                0x0000000000000150       0x30 build/src/kernel/main.o
 .debug_aranges
                0x0000000000000180       0x30 build/src/kernel/tcb.o
 .debug_aranges
                0x00000000000001b0       0x30 build/src/kernel/memoryAllocator.o
 .debug_aranges
                0x00000000000001e0       0x30 build/src/kernel/riscv.o
 .debug_aranges
                0x0000000000000210       0x30 build/src/kernel/utility.o
 .debug_aranges
                0x0000000000000240       0x30 build/src/kernel/scheduler.o
 .debug_aranges
                0x0000000000000270       0x30 build/src/kernel/consoleUtil.o
 .debug_aranges
                0x00000000000002a0       0x30 build/src/kernel/slab.o
 .debug_aranges
                0x00000000000002d0       0x30 build/src/user/syscall_c.o
 .debug_aranges
                0x0000000000000300       0x30 build/src/user/_semaphore.o
 .debug_aranges
                0x0000000000000330       0x30 build/src/user/_thread.o
 .debug_aranges
                0x0000000000000360       0x30 build/src/user/tests/buffer_CPP_API.o
 .debug_aranges
                0x0000000000000390       0xc0 build/src/user/tests/userMain.o
 .debug_aranges
                0x0000000000000450       0x30 build/src/user/tests/buffer.o
 .debug_aranges
                0x0000000000000480       0x30 build/src/user/printing.o
 .debug_aranges
                0x00000000000004b0       0x70 build/src/user/syscall_cpp.o
 .debug_aranges
                0x0000000000000520       0x60 build/src/user/tcbWrapperUtil.o

.debug_str      0x0000000000000000     0x33c0
 .debug_str     0x0000000000000000       0x59 build/src/kernel/supervisorTrap.o
 .debug_str     0x0000000000000059       0x1b build/src/kernel/contextSwitch.o
                                         0x58 (size before relaxing)
 .debug_str     0x0000000000000074       0x10 build/src/user/lock.o
                                         0x4d (size before relaxing)
 .debug_str     0x0000000000000084      0xb92 build/src/kernel/slabAllocator.o
                                        0xbfd (size before relaxing)
 .debug_str     0x0000000000000c16      0xc95 build/src/kernel/system.o
                                        0xfc7 (size before relaxing)
 .debug_str     0x00000000000018ab      0x13f build/src/kernel/buddyAllocator.o
                                        0x6fd (size before relaxing)
 .debug_str     0x00000000000019ea      0x2d3 build/src/kernel/scb.o
                                        0x839 (size before relaxing)
 .debug_str     0x0000000000001cbd       0x19 build/src/kernel/main.o
                                        0x234 (size before relaxing)
 .debug_str     0x0000000000001cd6       0xdf build/src/kernel/tcb.o
                                       0x1164 (size before relaxing)
 .debug_str     0x0000000000001db5      0x28d build/src/kernel/memoryAllocator.o
                                        0x500 (size before relaxing)
 .debug_str     0x0000000000002042      0x243 build/src/kernel/riscv.o
                                       0x182a (size before relaxing)
 .debug_str     0x0000000000002285       0x32 build/src/kernel/utility.o
                                        0x25e (size before relaxing)
 .debug_str     0x00000000000022b7       0x68 build/src/kernel/scheduler.o
                                        0x8ac (size before relaxing)
 .debug_str     0x000000000000231f      0x179 build/src/kernel/consoleUtil.o
                                        0x9c9 (size before relaxing)
 .debug_str     0x0000000000002498       0xab build/src/kernel/slab.o
                                        0x912 (size before relaxing)
 .debug_str     0x0000000000002543      0x24a build/src/user/syscall_c.o
                                        0x523 (size before relaxing)
 .debug_str     0x000000000000278d       0x18 build/src/user/_semaphore.o
                                        0x2aa (size before relaxing)
 .debug_str     0x00000000000027a5       0x15 build/src/user/_thread.o
                                        0x297 (size before relaxing)
 .debug_str     0x00000000000027ba      0x15f build/src/user/tests/buffer_CPP_API.o
                                        0x442 (size before relaxing)
 .debug_str     0x0000000000002919      0x585 build/src/user/tests/userMain.o
                                        0xa8b (size before relaxing)
 .debug_str     0x0000000000002e9e       0x94 build/src/user/tests/buffer.o
                                        0x453 (size before relaxing)
 .debug_str     0x0000000000002f32       0x2e build/src/user/printing.o
                                        0x2e0 (size before relaxing)
 .debug_str     0x0000000000002f60      0x2ef build/src/user/syscall_cpp.o
                                        0x833 (size before relaxing)
 .debug_str     0x000000000000324f      0x171 build/src/user/tcbWrapperUtil.o
                                        0x507 (size before relaxing)

.debug_loc      0x0000000000000000     0x7707
 .debug_loc     0x0000000000000000      0xff7 build/src/kernel/slabAllocator.o
 .debug_loc     0x0000000000000ff7       0x39 build/src/kernel/system.o
 .debug_loc     0x0000000000001030      0x8b1 build/src/kernel/buddyAllocator.o
 .debug_loc     0x00000000000018e1      0x325 build/src/kernel/scb.o
 .debug_loc     0x0000000000001c06      0x293 build/src/kernel/tcb.o
 .debug_loc     0x0000000000001e99      0x600 build/src/kernel/memoryAllocator.o
 .debug_loc     0x0000000000002499     0x16a8 build/src/kernel/riscv.o
 .debug_loc     0x0000000000003b41      0x15f build/src/kernel/utility.o
 .debug_loc     0x0000000000003ca0      0x15c build/src/kernel/scheduler.o
 .debug_loc     0x0000000000003dfc      0x47e build/src/kernel/consoleUtil.o
 .debug_loc     0x000000000000427a      0x31c build/src/kernel/slab.o
 .debug_loc     0x0000000000004596      0xbda build/src/user/syscall_c.o
 .debug_loc     0x0000000000005170       0x39 build/src/user/_semaphore.o
 .debug_loc     0x00000000000051a9       0x39 build/src/user/_thread.o
 .debug_loc     0x00000000000051e2      0x322 build/src/user/tests/buffer_CPP_API.o
 .debug_loc     0x0000000000005504     0x10b3 build/src/user/tests/userMain.o
 .debug_loc     0x00000000000065b7      0x27e build/src/user/tests/buffer.o
 .debug_loc     0x0000000000006835      0x37a build/src/user/printing.o
 .debug_loc     0x0000000000006baf      0x6f0 build/src/user/syscall_cpp.o
 .debug_loc     0x000000000000729f      0x468 build/src/user/tcbWrapperUtil.o

.debug_ranges   0x0000000000000000      0x6e0
 .debug_ranges  0x0000000000000000      0x190 build/src/kernel/slabAllocator.o
 .debug_ranges  0x0000000000000190       0xd0 build/src/kernel/buddyAllocator.o
 .debug_ranges  0x0000000000000260       0x60 build/src/kernel/memoryAllocator.o
 .debug_ranges  0x00000000000002c0      0x110 build/src/kernel/riscv.o
 .debug_ranges  0x00000000000003d0      0x1a0 build/src/user/tests/userMain.o
 .debug_ranges  0x0000000000000570       0xc0 build/src/user/syscall_cpp.o
 .debug_ranges  0x0000000000000630       0xb0 build/src/user/tcbWrapperUtil.o

.comment        0x0000000000000000       0x53
 .comment       0x0000000000000000       0x29 build/src/kernel/slabAllocator.o
                                         0x2a (size before relaxing)
 .comment       0x0000000000000029       0x2a build/src/kernel/system.o
 .comment       0x0000000000000029       0x2a build/src/kernel/buddyAllocator.o
 .comment       0x0000000000000029       0x2a build/src/kernel/scb.o
 .comment       0x0000000000000029       0x2a build/src/kernel/main.o
 .comment       0x0000000000000029       0x2a build/src/kernel/tcb.o
 .comment       0x0000000000000029       0x2a build/src/kernel/memoryAllocator.o
 .comment       0x0000000000000029       0x2a build/src/kernel/riscv.o
 .comment       0x0000000000000029       0x2a build/src/kernel/utility.o
 .comment       0x0000000000000029       0x2a build/src/kernel/scheduler.o
 .comment       0x0000000000000029       0x2a build/src/kernel/consoleUtil.o
 .comment       0x0000000000000029       0x2a build/src/kernel/slab.o
 .comment       0x0000000000000029       0x2a build/src/user/syscall_c.o
 .comment       0x0000000000000029       0x2a build/src/user/_semaphore.o
 .comment       0x0000000000000029       0x2a build/src/user/_thread.o
 .comment       0x0000000000000029       0x2a build/src/user/tests/buffer_CPP_API.o
 .comment       0x0000000000000029       0x2a build/src/user/tests/userMain.o
 .comment       0x0000000000000029       0x2a build/src/user/tests/buffer.o
 .comment       0x0000000000000029       0x2a build/src/user/printing.o
 .comment       0x0000000000000029       0x2a build/src/user/syscall_cpp.o
 .comment       0x0000000000000029       0x2a build/src/user/tcbWrapperUtil.o
 .comment       0x0000000000000029       0x2a ./lib/hw.lib(start.o)
                                         0x2b (size before relaxing)
 .comment       0x0000000000000053       0x2b ./lib/hw.lib(main.o)
 .comment       0x0000000000000053       0x2b ./lib/hw.lib(proc.o)
 .comment       0x0000000000000053       0x2b ./lib/hw.lib(trap.o)
 .comment       0x0000000000000053       0x2b ./lib/hw.lib(plic.o)
 .comment       0x0000000000000053       0x2b ./lib/hw.lib(support_cpp.o)
 .comment       0x0000000000000053       0x2b ./lib/hw.lib(hw.o)
 .comment       0x0000000000000053       0x2b ./lib/hw.lib(console.o)
 .comment       0x0000000000000053       0x2b ./lib/hw.lib(printf.o)
 .comment       0x0000000000000053       0x2b ./lib/hw.lib(uart.o)
 .comment       0x0000000000000053       0x2b ./lib/hw.lib(kalloc.o)
 .comment       0x0000000000000053       0x2b ./lib/hw.lib(spinlock.o)
 .comment       0x0000000000000053       0x2b ./lib/hw.lib(string.o)

.note.GNU-stack
                0x0000000000000000        0x0
 .note.GNU-stack
                0x0000000000000000        0x0 build/src/kernel/slabAllocator.o
 .note.GNU-stack
                0x0000000000000000        0x0 build/src/kernel/system.o
 .note.GNU-stack
                0x0000000000000000        0x0 build/src/kernel/buddyAllocator.o
 .note.GNU-stack
                0x0000000000000000        0x0 build/src/kernel/scb.o
 .note.GNU-stack
                0x0000000000000000        0x0 build/src/kernel/main.o
 .note.GNU-stack
                0x0000000000000000        0x0 build/src/kernel/tcb.o
 .note.GNU-stack
                0x0000000000000000        0x0 build/src/kernel/memoryAllocator.o
 .note.GNU-stack
                0x0000000000000000        0x0 build/src/kernel/riscv.o
 .note.GNU-stack
                0x0000000000000000        0x0 build/src/kernel/utility.o
 .note.GNU-stack
                0x0000000000000000        0x0 build/src/kernel/scheduler.o
 .note.GNU-stack
                0x0000000000000000        0x0 build/src/kernel/consoleUtil.o
 .note.GNU-stack
                0x0000000000000000        0x0 build/src/kernel/slab.o
 .note.GNU-stack
                0x0000000000000000        0x0 build/src/user/syscall_c.o
 .note.GNU-stack
                0x0000000000000000        0x0 build/src/user/_semaphore.o
 .note.GNU-stack
                0x0000000000000000        0x0 build/src/user/_thread.o
 .note.GNU-stack
                0x0000000000000000        0x0 build/src/user/tests/buffer_CPP_API.o
 .note.GNU-stack
                0x0000000000000000        0x0 build/src/user/tests/userMain.o
 .note.GNU-stack
                0x0000000000000000        0x0 build/src/user/tests/buffer.o
 .note.GNU-stack
                0x0000000000000000        0x0 build/src/user/printing.o
 .note.GNU-stack
                0x0000000000000000        0x0 build/src/user/syscall_cpp.o
 .note.GNU-stack
                0x0000000000000000        0x0 build/src/user/tcbWrapperUtil.o
 .note.GNU-stack
                0x0000000000000000        0x0 ./lib/hw.lib(start.o)
 .note.GNU-stack
                0x0000000000000000        0x0 ./lib/hw.lib(main.o)
 .note.GNU-stack
                0x0000000000000000        0x0 ./lib/hw.lib(proc.o)
 .note.GNU-stack
                0x0000000000000000        0x0 ./lib/hw.lib(trap.o)
 .note.GNU-stack
                0x0000000000000000        0x0 ./lib/hw.lib(plic.o)
 .note.GNU-stack
                0x0000000000000000        0x0 ./lib/hw.lib(support_cpp.o)
 .note.GNU-stack
                0x0000000000000000        0x0 ./lib/hw.lib(hw.o)
 .note.GNU-stack
                0x0000000000000000        0x0 ./lib/hw.lib(console.o)
 .note.GNU-stack
                0x0000000000000000        0x0 ./lib/hw.lib(printf.o)
 .note.GNU-stack
                0x0000000000000000        0x0 ./lib/hw.lib(uart.o)
 .note.GNU-stack
                0x0000000000000000        0x0 ./lib/hw.lib(kalloc.o)
 .note.GNU-stack
                0x0000000000000000        0x0 ./lib/hw.lib(spinlock.o)
 .note.GNU-stack
                0x0000000000000000        0x0 ./lib/hw.lib(string.o)
