Archive member included to satisfy reference by file (symbol)

./lib/hw.lib(entry.o)         (_entry)
./lib/hw.lib(start.o)         ./lib/hw.lib(entry.o) (start)
./lib/hw.lib(main.o)          ./lib/hw.lib(start.o) (system_main)
./lib/hw.lib(proc.o)          ./lib/hw.lib(main.o) (cpuid)
./lib/hw.lib(trap.o)          ./lib/hw.lib(main.o) (trapinit)
./lib/hw.lib(kernelvec.o)     ./lib/hw.lib(trap.o) (kernelvec)
./lib/hw.lib(plic.o)          ./lib/hw.lib(main.o) (plicinit)
./lib/hw.lib(support_cpp.o)   build/src/kernel/riscv.o (_Unwind_Resume)
./lib/hw.lib(hw.o)            build/src/kernel/riscv.o (CONSOLE_RX_DATA)
./lib/hw.lib(console.o)       ./lib/hw.lib(main.o) (consoleinit)
./lib/hw.lib(printf.o)        ./lib/hw.lib(main.o) (panic)
./lib/hw.lib(uart.o)          ./lib/hw.lib(console.o) (uartinit)
./lib/hw.lib(kalloc.o)        ./lib/hw.lib(main.o) (kinit)
./lib/hw.lib(spinlock.o)      ./lib/hw.lib(trap.o) (initlock)
./lib/hw.lib(string.o)        ./lib/hw.lib(kalloc.o) (__memset)

Discarded input sections

 .group         0x0000000000000000        0xc build/src/kernel/scb.o
 .group         0x0000000000000000        0xc build/src/kernel/tcb.o
 .data.rel.local.DW.ref.__gxx_personality_v0
                0x0000000000000000        0x8 build/src/kernel/tcb.o
 .group         0x0000000000000000        0xc build/src/kernel/riscv.o
 .data.rel.local.DW.ref.__gxx_personality_v0
                0x0000000000000000        0x8 build/src/kernel/riscv.o
 .group         0x0000000000000000        0xc build/src/kernel/consoleUtil.o
 .data.rel.local.DW.ref.__gxx_personality_v0
                0x0000000000000000        0x8 build/src/kernel/consoleUtil.o
 .group         0x0000000000000000        0xc build/src/user/tests/buffer_CPP_API.o
 .data.rel.local.DW.ref.__gxx_personality_v0
                0x0000000000000000        0x8 build/src/user/tests/buffer_CPP_API.o
 .group         0x0000000000000000        0xc build/src/user/tests/userMain.o
 .group         0x0000000000000000       0x14 build/src/user/tests/userMain.o
 .group         0x0000000000000000       0x14 build/src/user/tests/userMain.o
 .group         0x0000000000000000       0x14 build/src/user/tests/userMain.o
 .group         0x0000000000000000       0x14 build/src/user/tests/userMain.o
 .group         0x0000000000000000        0xc build/src/user/tests/userMain.o
 .group         0x0000000000000000        0xc build/src/user/tests/userMain.o
 .group         0x0000000000000000       0x14 build/src/user/tests/userMain.o
 .group         0x0000000000000000        0xc build/src/user/tests/userMain.o
 .group         0x0000000000000000        0xc build/src/user/tests/userMain.o
 .group         0x0000000000000000        0xc build/src/user/tests/userMain.o
 .group         0x0000000000000000        0xc build/src/user/tests/userMain.o
 .group         0x0000000000000000        0xc build/src/user/tests/userMain.o
 .data.rel.local.DW.ref.__gxx_personality_v0
                0x0000000000000000        0x8 build/src/user/tests/userMain.o
 .group         0x0000000000000000        0xc build/src/user/tests/buffer.o
 .data.rel.local.DW.ref.__gxx_personality_v0
                0x0000000000000000        0x8 build/src/user/tests/buffer.o
 .group         0x0000000000000000        0x8 build/src/user/syscall_cpp.o
 .group         0x0000000000000000        0x8 build/src/user/syscall_cpp.o
 .group         0x0000000000000000       0x14 build/src/user/syscall_cpp.o
 .group         0x0000000000000000        0xc build/src/user/syscall_cpp.o
 .group         0x0000000000000000        0xc build/src/user/syscall_cpp.o
 .group         0x0000000000000000        0xc build/src/user/syscall_cpp.o
 .group         0x0000000000000000        0xc build/src/user/syscall_cpp.o
 .data.rel.local.DW.ref.__gxx_personality_v0
                0x0000000000000000        0x8 build/src/user/syscall_cpp.o

Memory Configuration

Name             Origin             Length             Attributes
*default*        0x0000000000000000 0xffffffffffffffff

Linker script and memory map

                0x0000000080000000                . = 0x80000000

.text           0x0000000080000000     0x8000
 *(.entry_os)
 .entry_os      0x0000000080000000       0x24 ./lib/hw.lib(entry.o)
                0x0000000080000000                _entry
                0x0000000080001000                . = ALIGN (0x1000)
 *fill*         0x0000000080000024      0xfdc 
                [!provide]                        PROVIDE (kernelTextStart = .)
 EXCLUDE_FILE(build/src/user/*) *(.text .text.*)
 .text          0x0000000080001000      0x120 build/src/kernel/supervisorTrap.o
                0x0000000080001000                RiscV::supervisorTrap()
 .text          0x0000000080001120       0x14 build/src/kernel/contextSwitch.o
                0x0000000080001120                TCB::contextSwitch(TCB::Context*, TCB::Context*)
 .text          0x0000000080001134      0xe34 build/src/kernel/slabAllocator.o
                0x0000000080001134                SlabAllocator::shrinkCache(Cache*)
                0x000000008000119c                SlabAllocator::printSlab(Slab*)
                0x00000000800012f8                SlabAllocator::printCache(Cache*)
                0x00000000800014d8                SlabAllocator::insertIntoList(Slab*&, Slab*)
                0x0000000080001508                SlabAllocator::allocateSlab(Cache*)
                0x0000000080001618                SlabAllocator::removeFromList(Slab*&, Slab*)
                0x000000008000166c                SlabAllocator::move(Slab*&, Slab*&, Slab*)
                0x00000000800016c0                SlabAllocator::allocateSlot(Slab*)
                0x00000000800017ac                SlabAllocator::allocateObject(Cache*)
                0x0000000080001938                SlabAllocator::allocateBuffer(unsigned long)
                0x00000000800019d8                SlabAllocator::createCache(char const*, unsigned long, void (*)(void*), void (*)(void*))
                0x0000000080001ae4                SlabAllocator::initialize(void*, unsigned long)
                0x0000000080001c10                SlabAllocator::freeSlot(Slab*, unsigned long)
                0x0000000080001d2c                SlabAllocator::freeObject(Cache*, void const*)
                0x0000000080001e20                SlabAllocator::freeBuffer(void const*)
                0x0000000080001e8c                SlabAllocator::deleteCache(Cache*&)
 .text          0x0000000080001f68      0x55c build/src/kernel/system.o
                0x0000000080001f68                memset(void const*, int, int)
                0x0000000080001f98                construct(void*)
                0x0000000080001fc8                check(void*, unsigned long)
                0x0000000080002010                work(void*)
                0x0000000080002200                runs(void (*)(void*), data_s*, int)
                0x0000000080002280                test2()
                0x00000000800022fc                ctor(void*)
                0x000000008000232c                System::System()
                0x000000008000232c                System::System()
 .text          0x00000000800024c4      0x5d4 build/src/kernel/buddyAllocator.o
                0x0000000080002524                Buddy::initialize(void*, unsigned long)
                0x000000008000262c                Buddy::compress(unsigned long)
                0x0000000080002734                Buddy::insert(void*, unsigned long)
                0x000000008000281c                Buddy::free(void*, unsigned long)
                0x000000008000284c                Buddy::split(Buddy::Block*, int, int)
                0x00000000800028f4                Buddy::alloc(unsigned long)
                0x00000000800029a8                Buddy::printList()
 .text          0x0000000080002a98      0x2d0 build/src/kernel/scb.o
                0x0000000080002a98                SCB::ctor(void*)
                0x0000000080002ab8                SCB::dtor(void*)
                0x0000000080002ad8                SCB::initialize()
                0x0000000080002b24                SCB::SCB(unsigned long)
                0x0000000080002b24                SCB::SCB(unsigned long)
                0x0000000080002b40                SCB::~SCB()
                0x0000000080002b40                SCB::~SCB()
                0x0000000080002b98                SCB::block()
                0x0000000080002c00                SCB::deblock()
                0x0000000080002c4c                SCB::wait()
                0x0000000080002c9c                SCB::signal()
                0x0000000080002cd8                SCB::operator new(unsigned long)
                0x0000000080002d08                SCB::operator delete(void*)
                0x0000000080002d3c                SCB::semaphore_free(void*)
 .text          0x0000000080002d68       0x30 build/src/kernel/main.o
                0x0000000080002d68                main
 .text          0x0000000080002d98      0x354 build/src/kernel/tcb.o
                0x0000000080002d98                TCB::ctor(void*)
                0x0000000080002dc0                TCB::dtor(void*)
                0x0000000080002de8                TCB::wrapper(void*)
                0x0000000080002e2c                TCB::TCB(void (*)(void*), void*, unsigned long*, unsigned long)
                0x0000000080002e2c                TCB::TCB(void (*)(void*), void*, unsigned long*, unsigned long)
                0x0000000080002e94                TCB::free()
                0x0000000080002ec0                TCB::~TCB()
                0x0000000080002ec0                TCB::~TCB()
                0x0000000080002ee8                TCB::dispatch()
                0x0000000080002f68                TCB::operator new(unsigned long)
                0x0000000080002f98                TCB::initialize()
                0x000000008000308c                TCB::operator delete(void*)
                0x00000000800030c0                TCB::thread_free(void*)
 .text          0x00000000800030ec      0x4ac build/src/kernel/memoryAllocator.o
                0x00000000800030ec                MemoryAllocator::initialize()
                0x000000008000316c                MemoryAllocator::kmalloc(unsigned long)
                0x00000000800032d4                MemoryAllocator::insertAndMerge(void*, MemoryAllocator::BlockHeader**)
                0x00000000800033a4                MemoryAllocator::kfree(void*)
                0x0000000080003458                MemoryAllocator::showMemory()
                0x0000000080003558                MemoryAllocator::memcpy(void*, void*, unsigned long)
 .text          0x0000000080003598     0x1570 build/src/kernel/riscv.o
                0x0000000080003598                RiscV::popSppSpie()
                0x00000000800035f0                RiscV::executeThreadDispatchSyscall()
                0x000000008000362c                RiscV::executePutcSyscall()
                0x000000008000367c                RiscV::jumpToDesignatedPrivilegeMode()
                0x00000000800036f8                RiscV::finalize()
                0x00000000800037ac                RiscV::saveA0toSscratch()
                0x00000000800037e4                RiscV::executeMemAllocSyscall()
                0x000000008000381c                RiscV::executeMemFreeSyscall()
                0x000000008000386c                RiscV::executeThreadCreateSyscall()
                0x0000000080003940                RiscV::executeThreadAttachBodySyscall()
                0x0000000080003a08                RiscV::executeThreadStartSyscall()
                0x0000000080003a60                RiscV::executeThreadExitSyscall()
                0x0000000080003ab8                RiscV::executeSemOpenSyscall()
                0x0000000080003b54                RiscV::executeSemCloseSyscall()
                0x0000000080003bb4                RiscV::executeSemWaitSyscall()
                0x0000000080003c14                RiscV::executeSemSignalSyscall()
                0x0000000080003c5c                RiscV::executeTimeSleepSyscall()
                0x0000000080003cd4                RiscV::executeGetcSyscall()
                0x0000000080003d6c                RiscV::executePutcUtilSyscall()
                0x0000000080003da0                RiscV::executeThreadFreeSyscall()
                0x0000000080003e08                RiscV::executeSemaphoreFreeSyscall()
                0x0000000080003e64                RiscV::executeForkSyscall()
                0x0000000080003fb8                RiscV::getPC()
                0x0000000080003fe4                RiscV::handleSupervisorTrap()
                0x0000000080004444                RiscV::threadCreateUtil(TCB**, void (*)(void*), void*)
                0x00000000800044c0                RiscV::threadExitUtil()
                0x00000000800044e0                RiscV::threadDispatchUtil()
                0x0000000080004500                RiscV::putcWrapper(void*)
                0x0000000080004588                RiscV::getPMT()
                0x00000000800045d4                RiscV::handlePageFault(void*, unsigned long, unsigned long)
                0x00000000800046bc                RiscV::buildSection(void*, unsigned long, unsigned long, unsigned long)
                0x0000000080004730                RiscV::mapConsoleRegisters(void*)
                0x00000000800047c4                RiscV::buildKernelPMT()
                0x0000000080004904                RiscV::buildUserPMT()
                0x0000000080004a44                RiscV::initialize()
 .text          0x0000000080004b08       0x8c build/src/kernel/utility.o
                0x0000000080004b08                strcpy(char const*, char*)
                0x0000000080004b44                strcat(char*, char const*)
 .text          0x0000000080004b94      0x214 build/src/kernel/scheduler.o
                0x0000000080004b94                Scheduler::initialize()
                0x0000000080004bac                Scheduler::put(TCB*)
                0x0000000080004bf4                Scheduler::get()
                0x0000000080004c28                Scheduler::sleep(TCB*)
                0x0000000080004c80                Scheduler::awake()
                0x0000000080004ce8                Scheduler::showScheduler()
                0x0000000080004d48                Scheduler::showSleeping()
 .text          0x0000000080004da8      0x490 build/src/kernel/consoleUtil.o
                0x0000000080004da8                ConsoleUtil::initialize()
                0x0000000080004e8c                ConsoleUtil::putInput(char)
                0x0000000080004f0c                ConsoleUtil::getInput()
                0x0000000080004f7c                ConsoleUtil::putOutput(char)
                0x0000000080005014                ConsoleUtil::getOutput()
                0x0000000080005084                ConsoleUtil::printString(char const*)
                0x00000000800050c8                ConsoleUtil::printInt(int, int, int)
                0x00000000800051a4                ConsoleUtil::print(char const*, int, char const*, int)
                0x0000000080005210                ConsoleUtil::putcUtilSyscall()
 .text          0x0000000080005238      0x170 build/src/kernel/slab.o
                0x0000000080005238                kmem_init(void*, int)
                0x0000000080005260                kmem_cache_create(char const*, unsigned long, void (*)(void*), void (*)(void*))
                0x0000000080005288                kmem_cache_alloc(Cache*)
                0x00000000800052b0                kmem_cache_free(Cache*, void*)
                0x00000000800052d8                kmem_cache_destroy(Cache*)
                0x0000000080005308                kmem_cache_info(Cache*)
                0x0000000080005330                kmem_cache_shrink(Cache*)
                0x0000000080005358                kmalloc(unsigned long)
                0x0000000080005380                kfree(void const*)
 .text          0x00000000800053a8        0x0 ./lib/hw.lib(entry.o)
 .text          0x00000000800053a8      0x18c ./lib/hw.lib(start.o)
                0x00000000800053a8                start
                0x00000000800054a8                timerinit
 .text          0x0000000080005534       0xd8 ./lib/hw.lib(main.o)
                0x0000000080005534                system_main
 .text          0x000000008000560c      0x100 ./lib/hw.lib(proc.o)
                0x000000008000560c                cpuid
                0x000000008000562c                mycpu
                0x000000008000565c                userinit
                0x0000000080005678                either_copyout
                0x00000000800056c4                either_copyin
 .text          0x000000008000570c      0x32c ./lib/hw.lib(trap.o)
                0x000000008000570c                trapinit
                0x0000000080005738                trapinithart
                0x000000008000575c                usertrap
                0x0000000080005774                usertrapret
                0x000000008000578c                kerneltrap
                0x00000000800058d4                clockintr
                0x000000008000592c                devintr
 *fill*         0x0000000080005a38        0x8 
 .text          0x0000000080005a40      0x150 ./lib/hw.lib(kernelvec.o)
                0x0000000080005a40                kernelvec
                0x0000000080005b50                timervec
 .text          0x0000000080005b90       0xf0 ./lib/hw.lib(plic.o)
                0x0000000080005b90                plicinit
                0x0000000080005bb8                plicinithart
                0x0000000080005c04                plic_claim
                0x0000000080005c3c                plic_complete
 .text          0x0000000080005c80        0x0 ./lib/hw.lib(support_cpp.o)
 .text          0x0000000080005c80        0x0 ./lib/hw.lib(hw.o)
 .text          0x0000000080005c80      0x36c ./lib/hw.lib(console.o)
                0x0000000080005c80                consolewrite
                0x0000000080005d24                consoleread
                0x0000000080005e64                consputc
                0x0000000080005eb4                consoleintr
                0x0000000080005f48                consoleinit
                0x0000000080005fac                console_read
                0x0000000080005fcc                console_write
 .text          0x0000000080005fec      0x738 ./lib/hw.lib(printf.o)
                0x0000000080005fec                panic
                0x0000000080006048                __printf
                0x00000000800066dc                printfinit
 .text          0x0000000080006724      0x344 ./lib/hw.lib(uart.o)
                0x0000000080006724                uartinit
                0x0000000080006768                uartputc
                0x0000000080006860                uartputc_sync
                0x00000000800068a4                uartstart
                0x0000000080006918                uartgetc
                0x0000000080006950                uartintr
 .text          0x0000000080006a68      0x290 ./lib/hw.lib(kalloc.o)
                0x0000000080006a68                kinit
                0x0000000080006b40                freerange
                0x0000000080006c20                kfree
                0x0000000080006ca0                kalloc
 .text          0x0000000080006cf8      0x3e0 ./lib/hw.lib(spinlock.o)
                0x0000000080006cf8                initlock
                0x0000000080006d1c                acquire
                0x0000000080006de8                release
                0x0000000080006eb0                holding
                0x0000000080006efc                push_off
                0x0000000080006f70                pop_off
                0x0000000080006fec                push_on
                0x0000000080007060                pop_on
 .text          0x00000000800070d8      0x394 ./lib/hw.lib(string.o)
                0x00000000800070d8                __memset
                0x00000000800072f4                __memmove
                0x0000000080008000                . = ALIGN (0x1000)
 *fill*         0x000000008000746c      0xb94 
                0x0000000080008000                PROVIDE (kernelTextEnd = .)

.rodata         0x0000000080008000      0x78f
                0x0000000080008000                . = ALIGN (0x10)
 EXCLUDE_FILE(build/src/user/*) *(.srodata .srodata.*)
 .srodata       0x0000000080008000       0x18 ./lib/hw.lib(hw.o)
                0x0000000080008000                CONSOLE_RX_DATA
                0x0000000080008008                CONSOLE_TX_DATA
                0x0000000080008010                CONSOLE_STATUS
                0x0000000080008020                . = ALIGN (0x10)
 *fill*         0x0000000080008018        0x8 
 EXCLUDE_FILE(build/src/user/*) *(.rodata .rodata.*)
 .rodata.str1.8
                0x0000000080008020      0x284 build/src/kernel/slabAllocator.o
                                        0x29c (size before relaxing)
 *fill*         0x00000000800082a4        0x4 
 .rodata.str1.8
                0x00000000800082a8       0x55 build/src/kernel/system.o
 *fill*         0x00000000800082fd        0x3 
 .rodata.str1.8
                0x0000000080008300        0x3 build/src/kernel/buddyAllocator.o
                                         0x12 (size before relaxing)
 *fill*         0x0000000080008303        0x5 
 .rodata.str1.8
                0x0000000080008308        0xa build/src/kernel/scb.o
 *fill*         0x0000000080008312        0x6 
 .rodata.str1.8
                0x0000000080008318        0xa build/src/kernel/tcb.o
 *fill*         0x0000000080008322        0x6 
 .rodata.str1.8
                0x0000000080008328       0x82 build/src/kernel/memoryAllocator.o
 *fill*         0x00000000800083aa        0x6 
 .rodata.str1.8
                0x00000000800083b0       0x6b build/src/kernel/riscv.o
                                         0x73 (size before relaxing)
 *fill*         0x000000008000841b        0x1 
 .rodata        0x000000008000841c      0x188 build/src/kernel/riscv.o
 .rodata.str1.8
                0x00000000800085a4        0x2 build/src/kernel/scheduler.o
 *fill*         0x00000000800085a4        0x4 
 .rodata.str1.8
                0x00000000800085a8       0x11 build/src/kernel/consoleUtil.o
 *fill*         0x00000000800085b9        0x7 
 .rodata.str1.8
                0x00000000800085c0       0x51 ./lib/hw.lib(main.o)
                                         0x59 (size before relaxing)
 *fill*         0x0000000080008611        0x7 
 .rodata.str1.8
                0x0000000080008618       0x4b ./lib/hw.lib(proc.o)
 *fill*         0x0000000080008663        0x5 
 .rodata.str1.8
                0x0000000080008668       0x7b ./lib/hw.lib(trap.o)
 *fill*         0x00000000800086e3        0x5 
 .rodata.str1.8
                0x00000000800086e8        0x5 ./lib/hw.lib(console.o)
 *fill*         0x00000000800086ed        0x3 
 .rodata.str1.8
                0x00000000800086f0       0x23 ./lib/hw.lib(printf.o)
                                         0x2b (size before relaxing)
 *fill*         0x0000000080008713        0x5 
 .rodata        0x0000000080008718       0x11 ./lib/hw.lib(printf.o)
 *fill*         0x0000000080008729        0x7 
 .rodata.str1.8
                0x0000000080008730        0x6 ./lib/hw.lib(kalloc.o)
 *fill*         0x0000000080008736        0x2 
 .rodata.str1.8
                0x0000000080008738       0x57 ./lib/hw.lib(spinlock.o)

.eh_frame       0x0000000080008790     0x2398
 .eh_frame      0x0000000080008790      0x330 build/src/kernel/slabAllocator.o
 .eh_frame      0x0000000080008ac0      0x180 build/src/kernel/system.o
                                        0x198 (size before relaxing)
 .eh_frame      0x0000000080008c40      0x188 build/src/kernel/buddyAllocator.o
                                        0x198 (size before relaxing)
 .eh_frame      0x0000000080008dc8      0x200 build/src/kernel/scb.o
                                        0x210 (size before relaxing)
 .eh_frame      0x0000000080008fc8       0x28 build/src/kernel/main.o
                                         0x40 (size before relaxing)
 .eh_frame      0x0000000080008ff0      0x1c0 build/src/kernel/tcb.o
                                        0x1f0 (size before relaxing)
 .eh_frame      0x00000000800091b0       0xf8 build/src/kernel/memoryAllocator.o
                                        0x108 (size before relaxing)
 .eh_frame      0x00000000800092a8      0x660 build/src/kernel/riscv.o
                                        0x690 (size before relaxing)
 .eh_frame      0x0000000080009908       0x50 build/src/kernel/utility.o
                                         0x68 (size before relaxing)
 .eh_frame      0x0000000080009958      0x120 build/src/kernel/scheduler.o
                                        0x130 (size before relaxing)
 .eh_frame      0x0000000080009a78      0x198 build/src/kernel/consoleUtil.o
                                        0x1c8 (size before relaxing)
 .eh_frame      0x0000000080009c10      0x168 build/src/kernel/slab.o
                                        0x180 (size before relaxing)
 .eh_frame      0x0000000080009d78      0x270 build/src/user/syscall_c.o
                                        0x280 (size before relaxing)
 .eh_frame      0x0000000080009fe8       0x28 build/src/user/_semaphore.o
                                         0x40 (size before relaxing)
 .eh_frame      0x000000008000a010       0x28 build/src/user/_thread.o
                                         0x40 (size before relaxing)
 .eh_frame      0x000000008000a038      0x100 build/src/user/tests/buffer_CPP_API.o
                                        0x130 (size before relaxing)
 .eh_frame      0x000000008000a138      0x408 build/src/user/tests/userMain.o
                                        0x438 (size before relaxing)
 .eh_frame      0x000000008000a540       0xf8 build/src/user/tests/buffer.o
                                        0x128 (size before relaxing)
 .eh_frame      0x000000008000a638       0xc0 build/src/user/printing.o
                                         0xd0 (size before relaxing)
 .eh_frame      0x000000008000a6f8       0x50 build/src/user/userWrappers.o
                                         0x68 (size before relaxing)
 .eh_frame      0x000000008000a748      0x3e0 build/src/user/syscall_cpp.o
                                        0x410 (size before relaxing)

.gcc_except_table
                0x000000008000ab28      0x2d1
 .gcc_except_table
                0x000000008000ab28        0x4 build/src/kernel/scb.o
 .gcc_except_table
                0x000000008000ab2c        0x4 build/src/kernel/tcb.o
 .gcc_except_table
                0x000000008000ab30       0xc6 build/src/kernel/riscv.o
 .gcc_except_table
                0x000000008000abf6       0x5f build/src/kernel/consoleUtil.o
 .gcc_except_table
                0x000000008000ac55       0xa5 build/src/user/tests/buffer_CPP_API.o
 .gcc_except_table
                0x000000008000acfa       0xf3 build/src/user/tests/userMain.o
 .gcc_except_table
                0x000000008000aded        0x4 build/src/user/tests/buffer.o
 .gcc_except_table
                0x000000008000adf1        0x8 build/src/user/syscall_cpp.o

.gcc_except_table._ZN10ForkThread3runEv
                0x000000008000adf9       0x2b
 .gcc_except_table._ZN10ForkThread3runEv
                0x000000008000adf9       0x2b build/src/user/tests/userMain.o

.rela.dyn       0x000000008000ae28        0x0
 .rela.got      0x000000008000ae28        0x0 build/src/kernel/supervisorTrap.o
 .rela.text     0x000000008000ae28        0x0 build/src/kernel/supervisorTrap.o
 .rela.text._ZN19ConsumerProducerCPP8ConsumerD2Ev
                0x000000008000ae28        0x0 build/src/kernel/supervisorTrap.o
 .rela.text._ZN19ConsumerProducerCPP8ConsumerD0Ev
                0x000000008000ae28        0x0 build/src/kernel/supervisorTrap.o
 .rela.text._ZN19ConsumerProducerCPP16ProducerKeyboradD2Ev
                0x000000008000ae28        0x0 build/src/kernel/supervisorTrap.o
 .rela.text._ZN19ConsumerProducerCPP16ProducerKeyboradD0Ev
                0x000000008000ae28        0x0 build/src/kernel/supervisorTrap.o
 .rela.text._ZN19ConsumerProducerCPP8ProducerD2Ev
                0x000000008000ae28        0x0 build/src/kernel/supervisorTrap.o
 .rela.text._ZN19ConsumerProducerCPP8ProducerD0Ev
                0x000000008000ae28        0x0 build/src/kernel/supervisorTrap.o
 .rela.text._ZN10ForkThreadD2Ev
                0x000000008000ae28        0x0 build/src/kernel/supervisorTrap.o
 .rela.text._ZN10ForkThreadD0Ev
                0x000000008000ae28        0x0 build/src/kernel/supervisorTrap.o
 .rela.text._ZN10ForkThread3runEv
                0x000000008000ae28        0x0 build/src/kernel/supervisorTrap.o
 .rela.data.rel.ro.local._ZTVN19ConsumerProducerCPP16ProducerKeyboradE
                0x000000008000ae28        0x0 build/src/kernel/supervisorTrap.o
 .rela.data.rel.ro.local._ZTVN19ConsumerProducerCPP8ProducerE
                0x000000008000ae28        0x0 build/src/kernel/supervisorTrap.o
 .rela.data.rel.ro.local._ZTVN19ConsumerProducerCPP8ConsumerE
                0x000000008000ae28        0x0 build/src/kernel/supervisorTrap.o
 .rela.data.rel.ro.local._ZTV10ForkThread
                0x000000008000ae28        0x0 build/src/kernel/supervisorTrap.o
 .rela.text._ZN14PeriodicThreadD2Ev
                0x000000008000ae28        0x0 build/src/kernel/supervisorTrap.o
 .rela.text._ZN14PeriodicThreadD0Ev
                0x000000008000ae28        0x0 build/src/kernel/supervisorTrap.o
 .rela.data.rel.ro.local._ZTV14PeriodicThread
                0x000000008000ae28        0x0 build/src/kernel/supervisorTrap.o
 .rela.data.rel.ro.local._ZTV6Thread
                0x000000008000ae28        0x0 build/src/kernel/supervisorTrap.o
 .rela.sdata    0x000000008000ae28        0x0 build/src/kernel/supervisorTrap.o

.data           0x000000008000ae28       0xc0
                0x000000008000ae30                . = ALIGN (0x10)
 *fill*         0x000000008000ae28        0x8 
 EXCLUDE_FILE(build/src/user/*) *(.sdata .sdata.*)
 .sdata         0x000000008000ae30       0x10 ./lib/hw.lib(hw.o)
                0x000000008000ae30                HEAP_END_ADDR
                0x000000008000ae38                HEAP_START_ADDR
                0x000000008000ae40                . = ALIGN (0x10)
 EXCLUDE_FILE(build/src/user/*) *(.data .data.*)
 .data          0x000000008000ae40        0x0 build/src/kernel/supervisorTrap.o
 .data          0x000000008000ae40        0x0 build/src/kernel/contextSwitch.o
 .data          0x000000008000ae40        0x0 build/src/kernel/slabAllocator.o
 .data.rel.local
                0x000000008000ae40       0x68 build/src/kernel/slabAllocator.o
                0x000000008000ae40                SlabAllocator::names
 .data          0x000000008000aea8        0x0 build/src/kernel/system.o
 .data.rel.ro.local
                0x000000008000aea8       0x28 build/src/kernel/system.o
 .data          0x000000008000aed0        0x8 build/src/kernel/buddyAllocator.o
                0x000000008000aed0                Buddy::BLOCKS_AVAILABLE
 .data          0x000000008000aed8        0x0 build/src/kernel/scb.o
 .data.rel.local.DW.ref.__gxx_personality_v0
                0x000000008000aed8        0x8 build/src/kernel/scb.o
                0x000000008000aed8                DW.ref.__gxx_personality_v0
 .data          0x000000008000aee0        0x0 build/src/kernel/main.o
 .data          0x000000008000aee0        0x0 build/src/kernel/tcb.o
 .data          0x000000008000aee0        0x0 build/src/kernel/memoryAllocator.o
 .data          0x000000008000aee0        0x0 build/src/kernel/riscv.o
 .data          0x000000008000aee0        0x0 build/src/kernel/utility.o
 .data          0x000000008000aee0        0x0 build/src/kernel/scheduler.o
 .data          0x000000008000aee0        0x8 build/src/kernel/consoleUtil.o
                0x000000008000aee0                ConsoleUtil::bufferSize
 .data          0x000000008000aee8        0x0 build/src/kernel/slab.o
 .data          0x000000008000aee8        0x0 ./lib/hw.lib(entry.o)
 .data          0x000000008000aee8        0x0 ./lib/hw.lib(start.o)
 .data          0x000000008000aee8        0x0 ./lib/hw.lib(main.o)
 .data          0x000000008000aee8        0x0 ./lib/hw.lib(proc.o)
 .data          0x000000008000aee8        0x0 ./lib/hw.lib(trap.o)
 .data          0x000000008000aee8        0x0 ./lib/hw.lib(kernelvec.o)
 .data          0x000000008000aee8        0x0 ./lib/hw.lib(plic.o)
 .data          0x000000008000aee8        0x0 ./lib/hw.lib(support_cpp.o)
 .data          0x000000008000aee8        0x0 ./lib/hw.lib(hw.o)
 .data          0x000000008000aee8        0x0 ./lib/hw.lib(console.o)
 .data          0x000000008000aee8        0x0 ./lib/hw.lib(printf.o)
 .data          0x000000008000aee8        0x0 ./lib/hw.lib(uart.o)
 .data          0x000000008000aee8        0x0 ./lib/hw.lib(kalloc.o)
 .data          0x000000008000aee8        0x0 ./lib/hw.lib(spinlock.o)
 .data          0x000000008000aee8        0x0 ./lib/hw.lib(string.o)

.got            0x000000008000aee8       0xf0
 .got           0x000000008000aee8       0xf0 build/src/kernel/supervisorTrap.o
                0x000000008000aee8                _GLOBAL_OFFSET_TABLE_

.got.plt        0x000000008000afd8       0x10
 .got.plt       0x000000008000afd8       0x10 build/src/kernel/supervisorTrap.o

.init_array     0x000000008000afe8        0x8
 .init_array    0x000000008000afe8        0x8 build/src/kernel/buddyAllocator.o

.bss            0x000000008000aff0     0x14e0
                0x000000008000aff0                . = ALIGN (0x10)
 EXCLUDE_FILE(build/src/user/*) *(.sbss .sbss.*)
 .sbss          0x000000008000aff0        0x4 ./lib/hw.lib(main.o)
 .sbss          0x000000008000aff4        0x4 ./lib/hw.lib(trap.o)
                0x000000008000aff4                ticks
 .sbss          0x000000008000aff8        0x4 ./lib/hw.lib(printf.o)
                0x000000008000aff8                panicked
 *fill*         0x000000008000affc        0x4 
 .sbss          0x000000008000b000       0x10 ./lib/hw.lib(uart.o)
                0x000000008000b000                uart_tx_r
                0x000000008000b008                uart_tx_w
 .sbss          0x000000008000b010        0x8 ./lib/hw.lib(kalloc.o)
                0x000000008000b010                kmem
                0x000000008000b020                . = ALIGN (0x10)
 *fill*         0x000000008000b018        0x8 
 EXCLUDE_FILE(build/src/user/*) *(.bss .bss.*)
 .bss           0x000000008000b020        0x0 build/src/kernel/supervisorTrap.o
 .bss           0x000000008000b020        0x0 build/src/kernel/contextSwitch.o
 .bss           0x000000008000b020       0x78 build/src/kernel/slabAllocator.o
                0x000000008000b020                SlabAllocator::largeSlabCache
                0x000000008000b028                SlabAllocator::sizeN
                0x000000008000b090                SlabAllocator::cache
 .bss           0x000000008000b098        0x1 build/src/kernel/system.o
                0x000000008000b098                System::initialized
 *fill*         0x000000008000b099        0x7 
 .bss           0x000000008000b0a0       0xe0 build/src/kernel/buddyAllocator.o
                0x000000008000b0a0                Buddy::BUDDY_START_ADDR
                0x000000008000b0a8                Buddy::BUDDY_META_DATA_ADDR
                0x000000008000b0b0                Buddy::tail
                0x000000008000b118                Buddy::head
 .bss           0x000000008000b180        0x8 build/src/kernel/scb.o
                0x000000008000b180                SCB::scbCache
 .bss           0x000000008000b188        0x0 build/src/kernel/main.o
 .bss           0x000000008000b188       0x30 build/src/kernel/tcb.o
                0x000000008000b188                TCB::running
                0x000000008000b190                TCB::tcbCache
                0x000000008000b198                TCB::putcThread
                0x000000008000b1a0                TCB::timeSliceCounter
                0x000000008000b1a8                TCB::currentSP
                0x000000008000b1b0                TCB::currentPC
 .bss           0x000000008000b1b8       0x21 build/src/kernel/memoryAllocator.o
                0x000000008000b1b8                MemoryAllocator::freeMemTail
                0x000000008000b1c0                MemoryAllocator::freeMemHead
                0x000000008000b1c8                MemoryAllocator::allocMemTail
                0x000000008000b1d0                MemoryAllocator::allocMemHead
                0x000000008000b1d8                MemoryAllocator::initialized
 *fill*         0x000000008000b1d9        0x7 
 .bss           0x000000008000b1e0       0x21 build/src/kernel/riscv.o
                0x000000008000b1e0                RiscV::userMainFinished
                0x000000008000b1e8                RiscV::kPMT
                0x000000008000b1f0                RiscV::uPMT
                0x000000008000b1f8                RiscV::globalTime
                0x000000008000b200                RiscV::initialized
 .bss           0x000000008000b201        0x0 build/src/kernel/utility.o
 *fill*         0x000000008000b201        0x7 
 .bss           0x000000008000b208       0x18 build/src/kernel/scheduler.o
                0x000000008000b208                Scheduler::readyHead
                0x000000008000b210                Scheduler::readyTail
                0x000000008000b218                Scheduler::sleepingHead
 .bss           0x000000008000b220       0x50 build/src/kernel/consoleUtil.o
                0x000000008000b220                ConsoleUtil::inputSem
                0x000000008000b228                ConsoleUtil::outputSem
                0x000000008000b230                ConsoleUtil::inputBuffer
                0x000000008000b238                ConsoleUtil::outputBuffer
                0x000000008000b240                ConsoleUtil::inputTail
                0x000000008000b248                ConsoleUtil::inputHead
                0x000000008000b250                ConsoleUtil::pendingPutc
                0x000000008000b258                ConsoleUtil::outputTail
                0x000000008000b260                ConsoleUtil::outputHead
                0x000000008000b268                ConsoleUtil::pendingGetc
 .bss           0x000000008000b270        0x0 build/src/kernel/slab.o
 .bss           0x000000008000b270        0x0 ./lib/hw.lib(entry.o)
 .bss           0x000000008000b270     0x1030 ./lib/hw.lib(start.o)
                0x000000008000b270                timer_scratch
                0x000000008000b2a0                stack0
 .bss           0x000000008000c2a0        0x0 ./lib/hw.lib(main.o)
 .bss           0x000000008000c2a0       0x80 ./lib/hw.lib(proc.o)
                0x000000008000c2a0                cpus
 .bss           0x000000008000c320       0x18 ./lib/hw.lib(trap.o)
                0x000000008000c320                tickslock
 .bss           0x000000008000c338        0x0 ./lib/hw.lib(kernelvec.o)
 .bss           0x000000008000c338        0x0 ./lib/hw.lib(plic.o)
 .bss           0x000000008000c338       0x10 ./lib/hw.lib(support_cpp.o)
                0x000000008000c338                _Unwind_Resume
                0x000000008000c340                __gxx_personality_v0
 .bss           0x000000008000c348        0x0 ./lib/hw.lib(hw.o)
 .bss           0x000000008000c348      0x148 ./lib/hw.lib(console.o)
                0x000000008000c348                cons
                0x000000008000c3f0                devsw
 .bss           0x000000008000c490       0x20 ./lib/hw.lib(printf.o)
 .bss           0x000000008000c4b0       0x20 ./lib/hw.lib(uart.o)
                0x000000008000c4b0                uart_tx_buf
 .bss           0x000000008000c4d0        0x0 ./lib/hw.lib(kalloc.o)
 .bss           0x000000008000c4d0        0x0 ./lib/hw.lib(spinlock.o)
 .bss           0x000000008000c4d0        0x0 ./lib/hw.lib(string.o)

.user           0x000000008000c4d0     0x4b30
                0x000000008000d000                . = ALIGN (0x1000)
 *fill*         0x000000008000c4d0      0xb30 
                0x000000008000d000                PROVIDE (userTextStart = .)
 *(.text .text.*)
 .text          0x000000008000d000       0x20 build/src/user/lock.o
                0x000000008000d000                copy_and_swap
 .text          0x000000008000d020      0x37c build/src/user/syscall_c.o
                0x000000008000d020                mem_alloc(unsigned long)
                0x000000008000d050                mem_free(void*)
                0x000000008000d07c                thread_create(_thread**, void (*)(void*), void*)
                0x000000008000d108                thread_exit()
                0x000000008000d130                thread_dispatch()
                0x000000008000d150                thread_attach_body(_thread**, void (*)(void*), void*)
                0x000000008000d1e4                thread_start(_thread*)
                0x000000008000d21c                sem_open(_semaphore**, unsigned int)
                0x000000008000d254                sem_close(_semaphore*)
                0x000000008000d280                sem_wait(_semaphore*)
                0x000000008000d2ac                sem_signal(_semaphore*)
                0x000000008000d2d8                time_sleep(unsigned long)
                0x000000008000d304                getc()
                0x000000008000d32c                putc(char)
                0x000000008000d350                fork()
                0x000000008000d378                tcb_free(void*)
 .text          0x000000008000d39c       0x28 build/src/user/_semaphore.o
                0x000000008000d39c                _semaphore::operator delete(void*)
 .text          0x000000008000d3c4       0x28 build/src/user/_thread.o
                0x000000008000d3c4                _thread::operator delete(void*)
 .text          0x000000008000d3ec      0x408 build/src/user/tests/buffer_CPP_API.o
                0x000000008000d3ec                BufferCPP::BufferCPP(int)
                0x000000008000d3ec                BufferCPP::BufferCPP(int)
                0x000000008000d550                BufferCPP::put(int)
                0x000000008000d5e0                BufferCPP::get()
                0x000000008000d66c                BufferCPP::getCnt()
                0x000000008000d6f4                BufferCPP::~BufferCPP()
                0x000000008000d6f4                BufferCPP::~BufferCPP()
 .text          0x000000008000d7f4      0xb38 build/src/user/tests/userMain.o
                0x000000008000d7f4                workerBodyA(void*)
                0x000000008000d8c0                workerBodyB(void*)
                0x000000008000d994                fibonacci(unsigned long)
                0x000000008000da08                workerBodyC(void*)
                0x000000008000db88                workerBodyD(void*)
                0x000000008000dcd0                Threads_C_API_test()
                0x000000008000ddfc                ConsumerProducerCPP::testConsumerProducer()
                0x000000008000e254                testUser()
                0x000000008000e314                userMain()
 .text._ZN19ConsumerProducerCPP8Consumer3runEv
                0x000000008000e32c       0xd0 build/src/user/tests/userMain.o
                0x000000008000e32c                ConsumerProducerCPP::Consumer::run()
 .text._ZN19ConsumerProducerCPP8ConsumerD2Ev
                0x000000008000e3fc       0x34 build/src/user/tests/userMain.o
                0x000000008000e3fc                ConsumerProducerCPP::Consumer::~Consumer()
                0x000000008000e3fc                ConsumerProducerCPP::Consumer::~Consumer()
 .text._ZN19ConsumerProducerCPP8ConsumerD0Ev
                0x000000008000e430       0x4c build/src/user/tests/userMain.o
                0x000000008000e430                ConsumerProducerCPP::Consumer::~Consumer()
 .text._ZN19ConsumerProducerCPP16ProducerKeyboradD2Ev
                0x000000008000e47c       0x34 build/src/user/tests/userMain.o
                0x000000008000e47c                ConsumerProducerCPP::ProducerKeyborad::~ProducerKeyborad()
                0x000000008000e47c                ConsumerProducerCPP::ProducerKeyborad::~ProducerKeyborad()
 .text._ZN19ConsumerProducerCPP16ProducerKeyboradD0Ev
                0x000000008000e4b0       0x4c build/src/user/tests/userMain.o
                0x000000008000e4b0                ConsumerProducerCPP::ProducerKeyborad::~ProducerKeyborad()
 .text._ZN19ConsumerProducerCPP8ProducerD2Ev
                0x000000008000e4fc       0x34 build/src/user/tests/userMain.o
                0x000000008000e4fc                ConsumerProducerCPP::Producer::~Producer()
                0x000000008000e4fc                ConsumerProducerCPP::Producer::~Producer()
 .text._ZN19ConsumerProducerCPP8ProducerD0Ev
                0x000000008000e530       0x4c build/src/user/tests/userMain.o
                0x000000008000e530                ConsumerProducerCPP::Producer::~Producer()
 .text._ZN10ForkThreadD2Ev
                0x000000008000e57c       0x34 build/src/user/tests/userMain.o
                0x000000008000e57c                ForkThread::~ForkThread()
                0x000000008000e57c                ForkThread::~ForkThread()
 .text._ZN10ForkThreadD0Ev
                0x000000008000e5b0       0x4c build/src/user/tests/userMain.o
                0x000000008000e5b0                ForkThread::~ForkThread()
 .text._ZN19ConsumerProducerCPP16ProducerKeyborad3runEv
                0x000000008000e5fc       0x84 build/src/user/tests/userMain.o
                0x000000008000e5fc                ConsumerProducerCPP::ProducerKeyborad::run()
 .text._ZN19ConsumerProducerCPP8Producer3runEv
                0x000000008000e680       0x94 build/src/user/tests/userMain.o
                0x000000008000e680                ConsumerProducerCPP::Producer::run()
 .text._ZN10ForkThread3runEv
                0x000000008000e714      0x220 build/src/user/tests/userMain.o
                0x000000008000e714                ForkThread::run()
 .text          0x000000008000e934      0x320 build/src/user/tests/buffer.o
                0x000000008000e934                Buffer::Buffer(int)
                0x000000008000e934                Buffer::Buffer(int)
                0x000000008000e9d0                Buffer::put(int)
                0x000000008000ea60                Buffer::get()
                0x000000008000eaec                Buffer::getCnt()
                0x000000008000eb74                Buffer::~Buffer()
                0x000000008000eb74                Buffer::~Buffer()
 .text          0x000000008000ec54      0x2ac build/src/user/printing.o
                0x000000008000ec54                printString(char const*)
                0x000000008000ecd0                getString(char*, int)
                0x000000008000ed9c                stringToInt(char const*)
                0x000000008000edec                printInt(int, int, int)
 .text          0x000000008000ef00       0x5c build/src/user/userWrappers.o
                0x000000008000ef00                bodyWrapper(void (*)(void*), void*)
                0x000000008000ef34                userMainWrapper(void*)
 .text          0x000000008000ef5c      0x460 build/src/user/syscall_cpp.o
                0x000000008000ef5c                Thread::wrapper(void*)
                0x000000008000ef88                Semaphore::~Semaphore()
                0x000000008000ef88                Semaphore::~Semaphore()
                0x000000008000efc0                Thread::~Thread()
                0x000000008000efc0                Thread::~Thread()
                0x000000008000f000                operator new(unsigned long)
                0x000000008000f028                operator new[](unsigned long)
                0x000000008000f050                operator delete(void*)
                0x000000008000f078                Semaphore::~Semaphore()
                0x000000008000f0b8                Thread::~Thread()
                0x000000008000f0f8                Semaphore::Semaphore(unsigned int)
                0x000000008000f0f8                Semaphore::Semaphore(unsigned int)
                0x000000008000f130                Semaphore::wait()
                0x000000008000f15c                Semaphore::signal()
                0x000000008000f188                Thread::Thread(void (*)(void*), void*)
                0x000000008000f188                Thread::Thread(void (*)(void*), void*)
                0x000000008000f1dc                Thread::Thread()
                0x000000008000f1dc                Thread::Thread()
                0x000000008000f23c                Thread::sleep(unsigned long)
                0x000000008000f264                PeriodicThread::wrapper(void*)
                0x000000008000f2a4                Thread::dispatch()
                0x000000008000f2cc                Thread::start()
                0x000000008000f2f8                PeriodicThread::PeriodicThread(unsigned long)
                0x000000008000f2f8                PeriodicThread::PeriodicThread(unsigned long)
                0x000000008000f36c                Console::getc()
                0x000000008000f394                Console::putc(char)
 .text._ZN6Thread3runEv
                0x000000008000f3bc       0x18 build/src/user/syscall_cpp.o
                0x000000008000f3bc                Thread::run()
 .text._ZN14PeriodicThread18periodicActivationEv
                0x000000008000f3d4       0x18 build/src/user/syscall_cpp.o
                0x000000008000f3d4                PeriodicThread::periodicActivation()
 .text._ZN14PeriodicThreadD2Ev
                0x000000008000f3ec       0x34 build/src/user/syscall_cpp.o
                0x000000008000f3ec                PeriodicThread::~PeriodicThread()
                0x000000008000f3ec                PeriodicThread::~PeriodicThread()
 .text._ZN14PeriodicThreadD0Ev
                0x000000008000f420       0x4c build/src/user/syscall_cpp.o
                0x000000008000f420                PeriodicThread::~PeriodicThread()
                0x0000000080010000                . = ALIGN (0x1000)
 *fill*         0x000000008000f46c      0xb94 
                0x0000000080010000                PROVIDE (userDataStart = .)
 *(.srodata .srodata.*)
 *(.rodata .rodata.*)
 .rodata.str1.8
                0x0000000080010000       0x11 build/src/user/tests/buffer_CPP_API.o
 *fill*         0x0000000080010011        0x7 
 .rodata.str1.8
                0x0000000080010018      0x1f4 build/src/user/tests/userMain.o
                                        0x1fc (size before relaxing)
 *fill*         0x000000008001020c        0x4 
 .rodata._ZN10ForkThread3runEv.str1.8
                0x0000000080010210       0x2d build/src/user/tests/userMain.o
 .rodata.str1.8
                0x000000008001023d       0x11 build/src/user/tests/buffer.o
 *(.sdata .sdata.*)
 *(.data .data.*)
 .data          0x000000008001023d        0x0 build/src/user/lock.o
 .data          0x000000008001023d        0x0 build/src/user/syscall_c.o
 .data          0x000000008001023d        0x0 build/src/user/_semaphore.o
 .data          0x000000008001023d        0x0 build/src/user/_thread.o
 .data          0x000000008001023d        0x0 build/src/user/tests/buffer_CPP_API.o
 .data          0x000000008001023d        0x0 build/src/user/tests/userMain.o
 *fill*         0x000000008001023d        0x3 
 .data.rel.ro.local._ZTVN19ConsumerProducerCPP16ProducerKeyboradE
                0x0000000080010240       0x28 build/src/user/tests/userMain.o
                0x0000000080010240                vtable for ConsumerProducerCPP::ProducerKeyborad
 .data.rel.ro.local._ZTVN19ConsumerProducerCPP8ProducerE
                0x0000000080010268       0x28 build/src/user/tests/userMain.o
                0x0000000080010268                vtable for ConsumerProducerCPP::Producer
 .data.rel.ro.local._ZTVN19ConsumerProducerCPP8ConsumerE
                0x0000000080010290       0x28 build/src/user/tests/userMain.o
                0x0000000080010290                vtable for ConsumerProducerCPP::Consumer
 .data.rel.ro.local._ZTV10ForkThread
                0x00000000800102b8       0x28 build/src/user/tests/userMain.o
                0x00000000800102b8                vtable for ForkThread
 .data          0x00000000800102e0        0x0 build/src/user/tests/buffer.o
 .data          0x00000000800102e0       0x11 build/src/user/printing.o
                0x00000000800102e0                digits
 .data          0x00000000800102f1        0x0 build/src/user/userWrappers.o
 .data          0x00000000800102f1        0x0 build/src/user/syscall_cpp.o
 *fill*         0x00000000800102f1        0x7 
 .data.rel.ro.local._ZTV14PeriodicThread
                0x00000000800102f8       0x30 build/src/user/syscall_cpp.o
                0x00000000800102f8                vtable for PeriodicThread
 .data.rel.ro.local._ZTV9Semaphore
                0x0000000080010328       0x20 build/src/user/syscall_cpp.o
                0x0000000080010328                vtable for Semaphore
 .data.rel.ro.local._ZTV6Thread
                0x0000000080010348       0x28 build/src/user/syscall_cpp.o
                0x0000000080010348                vtable for Thread
 *(.sbss .sbss.*)
 *(.bss .bss.*)
 .bss           0x0000000080010370        0x0 build/src/user/lock.o
 .bss           0x0000000080010370        0x0 build/src/user/syscall_c.o
 .bss           0x0000000080010370        0x0 build/src/user/_semaphore.o
 .bss           0x0000000080010370        0x0 build/src/user/_thread.o
 .bss           0x0000000080010370        0x0 build/src/user/tests/buffer_CPP_API.o
 .bss           0x0000000080010370       0x18 build/src/user/tests/userMain.o
                0x0000000080010370                finishedA
                0x0000000080010371                finishedB
                0x0000000080010374                ConsumerProducerCPP::threadEnd
                0x0000000080010378                finishedC
                0x0000000080010379                finishedD
                0x0000000080010380                ConsumerProducerCPP::waitForAll
 .bss           0x0000000080010388        0x0 build/src/user/tests/buffer.o
 .bss           0x0000000080010388        0x8 build/src/user/printing.o
                0x0000000080010388                lockPrint
 .bss           0x0000000080010390        0x0 build/src/user/userWrappers.o
 .bss           0x0000000080010390        0x0 build/src/user/syscall_cpp.o
                0x0000000080011000                . = ALIGN (0x1000)
 *fill*         0x0000000080010390      0xc70 
                0x0000000080011000                PROVIDE (userDataEnd = .)
                0x0000000080011000                PROVIDE (end = .)
LOAD build/src/kernel/supervisorTrap.o
LOAD build/src/kernel/contextSwitch.o
LOAD build/src/user/lock.o
LOAD build/src/kernel/slabAllocator.o
LOAD build/src/kernel/system.o
LOAD build/src/kernel/buddyAllocator.o
LOAD build/src/kernel/scb.o
LOAD build/src/kernel/main.o
LOAD build/src/kernel/tcb.o
LOAD build/src/kernel/memoryAllocator.o
LOAD build/src/kernel/riscv.o
LOAD build/src/kernel/utility.o
LOAD build/src/kernel/scheduler.o
LOAD build/src/kernel/consoleUtil.o
LOAD build/src/kernel/slab.o
LOAD build/src/user/syscall_c.o
LOAD build/src/user/_semaphore.o
LOAD build/src/user/_thread.o
LOAD build/src/user/tests/buffer_CPP_API.o
LOAD build/src/user/tests/userMain.o
LOAD build/src/user/tests/buffer.o
LOAD build/src/user/printing.o
LOAD build/src/user/userWrappers.o
LOAD build/src/user/syscall_cpp.o
LOAD ./lib/hw.lib
LOAD ./lib/hw.lib
OUTPUT(kernel elf64-littleriscv)

.debug_line     0x0000000000000000     0xa1d7
 .debug_line    0x0000000000000000       0x74 build/src/kernel/supervisorTrap.o
 .debug_line    0x0000000000000074       0x65 build/src/kernel/contextSwitch.o
 .debug_line    0x00000000000000d9       0x6c build/src/user/lock.o
 .debug_line    0x0000000000000145     0x183a build/src/kernel/slabAllocator.o
 .debug_line    0x000000000000197f      0x7e8 build/src/kernel/system.o
 .debug_line    0x0000000000002167      0x8e6 build/src/kernel/buddyAllocator.o
 .debug_line    0x0000000000002a4d      0x4c3 build/src/kernel/scb.o
 .debug_line    0x0000000000002f10       0xb4 build/src/kernel/main.o
 .debug_line    0x0000000000002fc4      0x4fb build/src/kernel/tcb.o
 .debug_line    0x00000000000034bf      0xa28 build/src/kernel/memoryAllocator.o
 .debug_line    0x0000000000003ee7     0x22bf build/src/kernel/riscv.o
 .debug_line    0x00000000000061a6      0x185 build/src/kernel/utility.o
 .debug_line    0x000000000000632b      0x42d build/src/kernel/scheduler.o
 .debug_line    0x0000000000006758      0x63d build/src/kernel/consoleUtil.o
 .debug_line    0x0000000000006d95      0x1f8 build/src/kernel/slab.o
 .debug_line    0x0000000000006f8d      0x843 build/src/user/syscall_c.o
 .debug_line    0x00000000000077d0       0xc6 build/src/user/_semaphore.o
 .debug_line    0x0000000000007896       0xe9 build/src/user/_thread.o
 .debug_line    0x000000000000797f      0x5ab build/src/user/tests/buffer_CPP_API.o
 .debug_line    0x0000000000007f2a     0x145e build/src/user/tests/userMain.o
 .debug_line    0x0000000000009388      0x4b8 build/src/user/tests/buffer.o
 .debug_line    0x0000000000009840      0x3b4 build/src/user/printing.o
 .debug_line    0x0000000000009bf4      0x107 build/src/user/userWrappers.o
 .debug_line    0x0000000000009cfb      0x4dc build/src/user/syscall_cpp.o

.debug_info     0x0000000000000000     0xfdfa
 .debug_info    0x0000000000000000       0x2e build/src/kernel/supervisorTrap.o
 .debug_info    0x000000000000002e       0x2e build/src/kernel/contextSwitch.o
 .debug_info    0x000000000000005c       0x2e build/src/user/lock.o
 .debug_info    0x000000000000008a     0x1a10 build/src/kernel/slabAllocator.o
 .debug_info    0x0000000000001a9a     0x1715 build/src/kernel/system.o
 .debug_info    0x00000000000031af      0x9ec build/src/kernel/buddyAllocator.o
 .debug_info    0x0000000000003b9b      0xbcf build/src/kernel/scb.o
 .debug_info    0x000000000000476a      0x1a3 build/src/kernel/main.o
 .debug_info    0x000000000000490d      0xf60 build/src/kernel/tcb.o
 .debug_info    0x000000000000586d      0x693 build/src/kernel/memoryAllocator.o
 .debug_info    0x0000000000005f00     0x2d56 build/src/kernel/riscv.o
 .debug_info    0x0000000000008c56      0x209 build/src/kernel/utility.o
 .debug_info    0x0000000000008e5f      0xa12 build/src/kernel/scheduler.o
 .debug_info    0x0000000000009871      0xd68 build/src/kernel/consoleUtil.o
 .debug_info    0x000000000000a5d9      0x88b build/src/kernel/slab.o
 .debug_info    0x000000000000ae64      0x79e build/src/user/syscall_c.o
 .debug_info    0x000000000000b602      0x1c2 build/src/user/_semaphore.o
 .debug_info    0x000000000000b7c4      0x228 build/src/user/_thread.o
 .debug_info    0x000000000000b9ec      0x751 build/src/user/tests/buffer_CPP_API.o
 .debug_info    0x000000000000c13d     0x2138 build/src/user/tests/userMain.o
 .debug_info    0x000000000000e275      0x6ae build/src/user/tests/buffer.o
 .debug_info    0x000000000000e923      0x432 build/src/user/printing.o
 .debug_info    0x000000000000ed55      0x1d2 build/src/user/userWrappers.o
 .debug_info    0x000000000000ef27      0xed3 build/src/user/syscall_cpp.o

.debug_abbrev   0x0000000000000000     0x3b74
 .debug_abbrev  0x0000000000000000       0x14 build/src/kernel/supervisorTrap.o
 .debug_abbrev  0x0000000000000014       0x14 build/src/kernel/contextSwitch.o
 .debug_abbrev  0x0000000000000028       0x14 build/src/user/lock.o
 .debug_abbrev  0x000000000000003c      0x468 build/src/kernel/slabAllocator.o
 .debug_abbrev  0x00000000000004a4      0x45b build/src/kernel/system.o
 .debug_abbrev  0x00000000000008ff      0x324 build/src/kernel/buddyAllocator.o
 .debug_abbrev  0x0000000000000c23      0x3d9 build/src/kernel/scb.o
 .debug_abbrev  0x0000000000000ffc       0xc6 build/src/kernel/main.o
 .debug_abbrev  0x00000000000010c2      0x3d9 build/src/kernel/tcb.o
 .debug_abbrev  0x000000000000149b      0x265 build/src/kernel/memoryAllocator.o
 .debug_abbrev  0x0000000000001700      0x59a build/src/kernel/riscv.o
 .debug_abbrev  0x0000000000001c9a       0xf1 build/src/kernel/utility.o
 .debug_abbrev  0x0000000000001d8b      0x33c build/src/kernel/scheduler.o
 .debug_abbrev  0x00000000000020c7      0x33e build/src/kernel/consoleUtil.o
 .debug_abbrev  0x0000000000002405      0x228 build/src/kernel/slab.o
 .debug_abbrev  0x000000000000262d      0x205 build/src/user/syscall_c.o
 .debug_abbrev  0x0000000000002832      0x128 build/src/user/_semaphore.o
 .debug_abbrev  0x000000000000295a      0x145 build/src/user/_thread.o
 .debug_abbrev  0x0000000000002a9f      0x2a2 build/src/user/tests/buffer_CPP_API.o
 .debug_abbrev  0x0000000000002d41      0x4b8 build/src/user/tests/userMain.o
 .debug_abbrev  0x00000000000031f9      0x279 build/src/user/tests/buffer.o
 .debug_abbrev  0x0000000000003472      0x168 build/src/user/printing.o
 .debug_abbrev  0x00000000000035da       0xf2 build/src/user/userWrappers.o
 .debug_abbrev  0x00000000000036cc      0x4a8 build/src/user/syscall_cpp.o

.debug_aranges  0x0000000000000000      0x580
 .debug_aranges
                0x0000000000000000       0x30 build/src/kernel/supervisorTrap.o
 .debug_aranges
                0x0000000000000030       0x30 build/src/kernel/contextSwitch.o
 .debug_aranges
                0x0000000000000060       0x30 build/src/user/lock.o
 .debug_aranges
                0x0000000000000090       0x30 build/src/kernel/slabAllocator.o
 .debug_aranges
                0x00000000000000c0       0x30 build/src/kernel/system.o
 .debug_aranges
                0x00000000000000f0       0x30 build/src/kernel/buddyAllocator.o
 .debug_aranges
                0x0000000000000120       0x30 build/src/kernel/scb.o
 .debug_aranges
                0x0000000000000150       0x30 build/src/kernel/main.o
 .debug_aranges
                0x0000000000000180       0x30 build/src/kernel/tcb.o
 .debug_aranges
                0x00000000000001b0       0x30 build/src/kernel/memoryAllocator.o
 .debug_aranges
                0x00000000000001e0       0x30 build/src/kernel/riscv.o
 .debug_aranges
                0x0000000000000210       0x30 build/src/kernel/utility.o
 .debug_aranges
                0x0000000000000240       0x30 build/src/kernel/scheduler.o
 .debug_aranges
                0x0000000000000270       0x30 build/src/kernel/consoleUtil.o
 .debug_aranges
                0x00000000000002a0       0x30 build/src/kernel/slab.o
 .debug_aranges
                0x00000000000002d0       0x30 build/src/user/syscall_c.o
 .debug_aranges
                0x0000000000000300       0x30 build/src/user/_semaphore.o
 .debug_aranges
                0x0000000000000330       0x30 build/src/user/_thread.o
 .debug_aranges
                0x0000000000000360       0x30 build/src/user/tests/buffer_CPP_API.o
 .debug_aranges
                0x0000000000000390       0xf0 build/src/user/tests/userMain.o
 .debug_aranges
                0x0000000000000480       0x30 build/src/user/tests/buffer.o
 .debug_aranges
                0x00000000000004b0       0x30 build/src/user/printing.o
 .debug_aranges
                0x00000000000004e0       0x30 build/src/user/userWrappers.o
 .debug_aranges
                0x0000000000000510       0x70 build/src/user/syscall_cpp.o

.debug_str      0x0000000000000000     0x370d
 .debug_str     0x0000000000000000       0x59 build/src/kernel/supervisorTrap.o
 .debug_str     0x0000000000000059       0x1b build/src/kernel/contextSwitch.o
                                         0x58 (size before relaxing)
 .debug_str     0x0000000000000074       0x10 build/src/user/lock.o
                                         0x4d (size before relaxing)
 .debug_str     0x0000000000000084      0xb9a build/src/kernel/slabAllocator.o
                                        0xc0a (size before relaxing)
 .debug_str     0x0000000000000c1e      0xfaa build/src/kernel/system.o
                                       0x197f (size before relaxing)
 .debug_str     0x0000000000001bc8      0x13f build/src/kernel/buddyAllocator.o
                                        0x733 (size before relaxing)
 .debug_str     0x0000000000001d07      0x244 build/src/kernel/scb.o
                                        0x86f (size before relaxing)
 .debug_str     0x0000000000001f4b       0x19 build/src/kernel/main.o
                                        0x26a (size before relaxing)
 .debug_str     0x0000000000001f64       0xb9 build/src/kernel/tcb.o
                                       0x12f1 (size before relaxing)
 .debug_str     0x000000000000201d      0x28d build/src/kernel/memoryAllocator.o
                                        0x536 (size before relaxing)
 .debug_str     0x00000000000022aa      0x1f1 build/src/kernel/riscv.o
                                       0x1953 (size before relaxing)
 .debug_str     0x000000000000249b       0x32 build/src/kernel/utility.o
                                        0x294 (size before relaxing)
 .debug_str     0x00000000000024cd       0x68 build/src/kernel/scheduler.o
                                        0x8e2 (size before relaxing)
 .debug_str     0x0000000000002535      0x179 build/src/kernel/consoleUtil.o
                                        0xa13 (size before relaxing)
 .debug_str     0x00000000000026ae       0x4f build/src/kernel/slab.o
                                        0x938 (size before relaxing)
 .debug_str     0x00000000000026fd      0x24a build/src/user/syscall_c.o
                                        0x523 (size before relaxing)
 .debug_str     0x0000000000002947       0x18 build/src/user/_semaphore.o
                                        0x2aa (size before relaxing)
 .debug_str     0x000000000000295f       0x15 build/src/user/_thread.o
                                        0x2cd (size before relaxing)
 .debug_str     0x0000000000002974      0x15f build/src/user/tests/buffer_CPP_API.o
                                        0x442 (size before relaxing)
 .debug_str     0x0000000000002ad3      0x838 build/src/user/tests/userMain.o
                                        0xd42 (size before relaxing)
 .debug_str     0x000000000000330b       0x94 build/src/user/tests/buffer.o
                                        0x453 (size before relaxing)
 .debug_str     0x000000000000339f       0x2e build/src/user/printing.o
                                        0x2e0 (size before relaxing)
 .debug_str     0x00000000000033cd       0x64 build/src/user/userWrappers.o
                                        0x2aa (size before relaxing)
 .debug_str     0x0000000000003431      0x2dc build/src/user/syscall_cpp.o
                                        0x833 (size before relaxing)

.debug_loc      0x0000000000000000     0x7a53
 .debug_loc     0x0000000000000000     0x1171 build/src/kernel/slabAllocator.o
 .debug_loc     0x0000000000001171      0x4ca build/src/kernel/system.o
 .debug_loc     0x000000000000163b      0x8b1 build/src/kernel/buddyAllocator.o
 .debug_loc     0x0000000000001eec      0x325 build/src/kernel/scb.o
 .debug_loc     0x0000000000002211      0x293 build/src/kernel/tcb.o
 .debug_loc     0x00000000000024a4      0x600 build/src/kernel/memoryAllocator.o
 .debug_loc     0x0000000000002aa4     0x17aa build/src/kernel/riscv.o
 .debug_loc     0x000000000000424e      0x15f build/src/kernel/utility.o
 .debug_loc     0x00000000000043ad      0x15c build/src/kernel/scheduler.o
 .debug_loc     0x0000000000004509      0x456 build/src/kernel/consoleUtil.o
 .debug_loc     0x000000000000495f      0x31c build/src/kernel/slab.o
 .debug_loc     0x0000000000004c7b      0xbda build/src/user/syscall_c.o
 .debug_loc     0x0000000000005855       0x39 build/src/user/_semaphore.o
 .debug_loc     0x000000000000588e       0x39 build/src/user/_thread.o
 .debug_loc     0x00000000000058c7      0x322 build/src/user/tests/buffer_CPP_API.o
 .debug_loc     0x0000000000005be9     0x10c4 build/src/user/tests/userMain.o
 .debug_loc     0x0000000000006cad      0x27e build/src/user/tests/buffer.o
 .debug_loc     0x0000000000006f2b      0x37a build/src/user/printing.o
 .debug_loc     0x00000000000072a5       0xbe build/src/user/userWrappers.o
 .debug_loc     0x0000000000007363      0x6f0 build/src/user/syscall_cpp.o

.debug_ranges   0x0000000000000000      0x750
 .debug_ranges  0x0000000000000000      0x190 build/src/kernel/slabAllocator.o
 .debug_ranges  0x0000000000000190       0x60 build/src/kernel/system.o
 .debug_ranges  0x00000000000001f0       0xd0 build/src/kernel/buddyAllocator.o
 .debug_ranges  0x00000000000002c0       0x60 build/src/kernel/memoryAllocator.o
 .debug_ranges  0x0000000000000320      0x110 build/src/kernel/riscv.o
 .debug_ranges  0x0000000000000430      0x260 build/src/user/tests/userMain.o
 .debug_ranges  0x0000000000000690       0xc0 build/src/user/syscall_cpp.o

.comment        0x0000000000000000       0x53
 .comment       0x0000000000000000       0x29 build/src/kernel/slabAllocator.o
                                         0x2a (size before relaxing)
 .comment       0x0000000000000029       0x2a build/src/kernel/system.o
 .comment       0x0000000000000029       0x2a build/src/kernel/buddyAllocator.o
 .comment       0x0000000000000029       0x2a build/src/kernel/scb.o
 .comment       0x0000000000000029       0x2a build/src/kernel/main.o
 .comment       0x0000000000000029       0x2a build/src/kernel/tcb.o
 .comment       0x0000000000000029       0x2a build/src/kernel/memoryAllocator.o
 .comment       0x0000000000000029       0x2a build/src/kernel/riscv.o
 .comment       0x0000000000000029       0x2a build/src/kernel/utility.o
 .comment       0x0000000000000029       0x2a build/src/kernel/scheduler.o
 .comment       0x0000000000000029       0x2a build/src/kernel/consoleUtil.o
 .comment       0x0000000000000029       0x2a build/src/kernel/slab.o
 .comment       0x0000000000000029       0x2a build/src/user/syscall_c.o
 .comment       0x0000000000000029       0x2a build/src/user/_semaphore.o
 .comment       0x0000000000000029       0x2a build/src/user/_thread.o
 .comment       0x0000000000000029       0x2a build/src/user/tests/buffer_CPP_API.o
 .comment       0x0000000000000029       0x2a build/src/user/tests/userMain.o
 .comment       0x0000000000000029       0x2a build/src/user/tests/buffer.o
 .comment       0x0000000000000029       0x2a build/src/user/printing.o
 .comment       0x0000000000000029       0x2a build/src/user/userWrappers.o
 .comment       0x0000000000000029       0x2a build/src/user/syscall_cpp.o
 .comment       0x0000000000000029       0x2a ./lib/hw.lib(start.o)
                                         0x2b (size before relaxing)
 .comment       0x0000000000000053       0x2b ./lib/hw.lib(main.o)
 .comment       0x0000000000000053       0x2b ./lib/hw.lib(proc.o)
 .comment       0x0000000000000053       0x2b ./lib/hw.lib(trap.o)
 .comment       0x0000000000000053       0x2b ./lib/hw.lib(plic.o)
 .comment       0x0000000000000053       0x2b ./lib/hw.lib(support_cpp.o)
 .comment       0x0000000000000053       0x2b ./lib/hw.lib(hw.o)
 .comment       0x0000000000000053       0x2b ./lib/hw.lib(console.o)
 .comment       0x0000000000000053       0x2b ./lib/hw.lib(printf.o)
 .comment       0x0000000000000053       0x2b ./lib/hw.lib(uart.o)
 .comment       0x0000000000000053       0x2b ./lib/hw.lib(kalloc.o)
 .comment       0x0000000000000053       0x2b ./lib/hw.lib(spinlock.o)
 .comment       0x0000000000000053       0x2b ./lib/hw.lib(string.o)

.note.GNU-stack
                0x0000000000000000        0x0
 .note.GNU-stack
                0x0000000000000000        0x0 build/src/kernel/slabAllocator.o
 .note.GNU-stack
                0x0000000000000000        0x0 build/src/kernel/system.o
 .note.GNU-stack
                0x0000000000000000        0x0 build/src/kernel/buddyAllocator.o
 .note.GNU-stack
                0x0000000000000000        0x0 build/src/kernel/scb.o
 .note.GNU-stack
                0x0000000000000000        0x0 build/src/kernel/main.o
 .note.GNU-stack
                0x0000000000000000        0x0 build/src/kernel/tcb.o
 .note.GNU-stack
                0x0000000000000000        0x0 build/src/kernel/memoryAllocator.o
 .note.GNU-stack
                0x0000000000000000        0x0 build/src/kernel/riscv.o
 .note.GNU-stack
                0x0000000000000000        0x0 build/src/kernel/utility.o
 .note.GNU-stack
                0x0000000000000000        0x0 build/src/kernel/scheduler.o
 .note.GNU-stack
                0x0000000000000000        0x0 build/src/kernel/consoleUtil.o
 .note.GNU-stack
                0x0000000000000000        0x0 build/src/kernel/slab.o
 .note.GNU-stack
                0x0000000000000000        0x0 build/src/user/syscall_c.o
 .note.GNU-stack
                0x0000000000000000        0x0 build/src/user/_semaphore.o
 .note.GNU-stack
                0x0000000000000000        0x0 build/src/user/_thread.o
 .note.GNU-stack
                0x0000000000000000        0x0 build/src/user/tests/buffer_CPP_API.o
 .note.GNU-stack
                0x0000000000000000        0x0 build/src/user/tests/userMain.o
 .note.GNU-stack
                0x0000000000000000        0x0 build/src/user/tests/buffer.o
 .note.GNU-stack
                0x0000000000000000        0x0 build/src/user/printing.o
 .note.GNU-stack
                0x0000000000000000        0x0 build/src/user/userWrappers.o
 .note.GNU-stack
                0x0000000000000000        0x0 build/src/user/syscall_cpp.o
 .note.GNU-stack
                0x0000000000000000        0x0 ./lib/hw.lib(start.o)
 .note.GNU-stack
                0x0000000000000000        0x0 ./lib/hw.lib(main.o)
 .note.GNU-stack
                0x0000000000000000        0x0 ./lib/hw.lib(proc.o)
 .note.GNU-stack
                0x0000000000000000        0x0 ./lib/hw.lib(trap.o)
 .note.GNU-stack
                0x0000000000000000        0x0 ./lib/hw.lib(plic.o)
 .note.GNU-stack
                0x0000000000000000        0x0 ./lib/hw.lib(support_cpp.o)
 .note.GNU-stack
                0x0000000000000000        0x0 ./lib/hw.lib(hw.o)
 .note.GNU-stack
                0x0000000000000000        0x0 ./lib/hw.lib(console.o)
 .note.GNU-stack
                0x0000000000000000        0x0 ./lib/hw.lib(printf.o)
 .note.GNU-stack
                0x0000000000000000        0x0 ./lib/hw.lib(uart.o)
 .note.GNU-stack
                0x0000000000000000        0x0 ./lib/hw.lib(kalloc.o)
 .note.GNU-stack
                0x0000000000000000        0x0 ./lib/hw.lib(spinlock.o)
 .note.GNU-stack
                0x0000000000000000        0x0 ./lib/hw.lib(string.o)
