Archive member included to satisfy reference by file (symbol)

./lib/hw.lib(entry.o)         (_entry)
./lib/hw.lib(start.o)         ./lib/hw.lib(entry.o) (start)
./lib/hw.lib(main.o)          ./lib/hw.lib(start.o) (system_main)
./lib/hw.lib(proc.o)          ./lib/hw.lib(main.o) (cpuid)
./lib/hw.lib(trap.o)          ./lib/hw.lib(main.o) (trapinit)
./lib/hw.lib(kernelvec.o)     ./lib/hw.lib(trap.o) (kernelvec)
./lib/hw.lib(plic.o)          ./lib/hw.lib(main.o) (plicinit)
./lib/hw.lib(support_cpp.o)   build/src/kernel/riscv.o (_Unwind_Resume)
./lib/hw.lib(hw.o)            build/src/kernel/riscv.o (CONSOLE_RX_DATA)
./lib/hw.lib(console.o)       ./lib/hw.lib(main.o) (consoleinit)
./lib/hw.lib(printf.o)        ./lib/hw.lib(main.o) (panic)
./lib/hw.lib(uart.o)          ./lib/hw.lib(console.o) (uartinit)
./lib/hw.lib(kalloc.o)        ./lib/hw.lib(main.o) (kinit)
./lib/hw.lib(spinlock.o)      ./lib/hw.lib(trap.o) (initlock)
./lib/hw.lib(string.o)        ./lib/hw.lib(kalloc.o) (__memset)

Discarded input sections

 .group         0x0000000000000000        0xc build/src/kernel/scb.o
 .group         0x0000000000000000        0xc build/src/kernel/tcb.o
 .data.rel.local.DW.ref.__gxx_personality_v0
                0x0000000000000000        0x8 build/src/kernel/tcb.o
 .group         0x0000000000000000        0xc build/src/kernel/riscv.o
 .data.rel.local.DW.ref.__gxx_personality_v0
                0x0000000000000000        0x8 build/src/kernel/riscv.o
 .group         0x0000000000000000        0xc build/src/kernel/consoleUtil.o
 .data.rel.local.DW.ref.__gxx_personality_v0
                0x0000000000000000        0x8 build/src/kernel/consoleUtil.o
 .group         0x0000000000000000        0xc build/src/user/tests/buffer_CPP_API.o
 .data.rel.local.DW.ref.__gxx_personality_v0
                0x0000000000000000        0x8 build/src/user/tests/buffer_CPP_API.o
 .group         0x0000000000000000       0x14 build/src/user/tests/userMain.o
 .group         0x0000000000000000       0x14 build/src/user/tests/userMain.o
 .group         0x0000000000000000        0xc build/src/user/tests/userMain.o
 .group         0x0000000000000000        0xc build/src/user/tests/userMain.o
 .data.rel.local.DW.ref.__gxx_personality_v0
                0x0000000000000000        0x8 build/src/user/tests/userMain.o
 .group         0x0000000000000000        0xc build/src/user/tests/buffer.o
 .data.rel.local.DW.ref.__gxx_personality_v0
                0x0000000000000000        0x8 build/src/user/tests/buffer.o
 .group         0x0000000000000000        0x8 build/src/user/syscall_cpp.o
 .group         0x0000000000000000        0x8 build/src/user/syscall_cpp.o
 .group         0x0000000000000000       0x14 build/src/user/syscall_cpp.o
 .group         0x0000000000000000        0xc build/src/user/syscall_cpp.o
 .group         0x0000000000000000        0xc build/src/user/syscall_cpp.o
 .group         0x0000000000000000        0xc build/src/user/syscall_cpp.o
 .group         0x0000000000000000        0xc build/src/user/syscall_cpp.o
 .data.rel.local.DW.ref.__gxx_personality_v0
                0x0000000000000000        0x8 build/src/user/syscall_cpp.o

Memory Configuration

Name             Origin             Length             Attributes
*default*        0x0000000000000000 0xffffffffffffffff

Linker script and memory map

                0x0000000080000000                . = 0x80000000

.text           0x0000000080000000     0x7000
 *(.entry_os)
 .entry_os      0x0000000080000000       0x24 ./lib/hw.lib(entry.o)
                0x0000000080000000                _entry
                0x0000000080001000                . = ALIGN (0x1000)
 *fill*         0x0000000080000024      0xfdc 
                [!provide]                        PROVIDE (kernelTextStart = .)
 EXCLUDE_FILE(build/src/user/*) *(.text .text.*)
 .text          0x0000000080001000      0x120 build/src/kernel/supervisorTrap.o
                0x0000000080001000                RiscV::supervisorTrap()
 .text          0x0000000080001120       0x14 build/src/kernel/contextSwitch.o
                0x0000000080001120                TCB::contextSwitch(TCB::Context*, TCB::Context*)
 .text          0x0000000080001134      0xc98 build/src/kernel/slabAllocator.o
                0x0000000080001134                SlabAllocator::shrinkCache(Cache*)
                0x000000008000119c                SlabAllocator::printSlab(Slab*)
                0x00000000800012fc                SlabAllocator::printCache(Cache*)
                0x0000000080001504                SlabAllocator::insertIntoList(Slab*&, Slab*)
                0x0000000080001534                SlabAllocator::allocateSlab(Cache*)
                0x0000000080001640                SlabAllocator::removeFromList(Slab*&, Slab*)
                0x0000000080001694                SlabAllocator::move(Slab*&, Slab*&, Slab*)
                0x00000000800016e8                SlabAllocator::allocateSlot(Slab*)
                0x00000000800017d8                SlabAllocator::allocateObject(Cache*)
                0x0000000080001874                SlabAllocator::allocateBuffer(unsigned long)
                0x0000000080001914                SlabAllocator::createCache(char const*, unsigned long, void (*)(void*), void (*)(void*))
                0x00000000800019b8                SlabAllocator::initialize(void*, unsigned long)
                0x0000000080001aa8                SlabAllocator::freeSlot(Slab*, unsigned long)
                0x0000000080001b90                SlabAllocator::freeObject(Cache*, void const*)
                0x0000000080001c84                SlabAllocator::freeBuffer(void const*)
                0x0000000080001cf0                SlabAllocator::deleteCache(Cache*&)
 .text          0x0000000080001dcc       0xb0 build/src/kernel/system.o
                0x0000000080001dcc                ctor(void*)
                0x0000000080001dfc                System::System()
                0x0000000080001dfc                System::System()
 .text          0x0000000080001e7c      0x5d4 build/src/kernel/buddyAllocator.o
                0x0000000080001edc                Buddy::initialize(void*, unsigned long)
                0x0000000080001fe4                Buddy::compress(unsigned long)
                0x00000000800020ec                Buddy::insert(void*, unsigned long)
                0x00000000800021d4                Buddy::free(void*, unsigned long)
                0x0000000080002204                Buddy::split(Buddy::Block*, int, int)
                0x00000000800022ac                Buddy::alloc(unsigned long)
                0x0000000080002360                Buddy::printList()
 .text          0x0000000080002450      0x2d0 build/src/kernel/scb.o
                0x0000000080002450                SCB::ctor(void*)
                0x0000000080002470                SCB::dtor(void*)
                0x0000000080002490                SCB::initialize()
                0x00000000800024dc                SCB::SCB(unsigned long)
                0x00000000800024dc                SCB::SCB(unsigned long)
                0x00000000800024f8                SCB::~SCB()
                0x00000000800024f8                SCB::~SCB()
                0x0000000080002550                SCB::block()
                0x00000000800025b8                SCB::deblock()
                0x0000000080002604                SCB::wait()
                0x0000000080002654                SCB::signal()
                0x0000000080002690                SCB::operator new(unsigned long)
                0x00000000800026c0                SCB::operator delete(void*)
                0x00000000800026f4                SCB::semaphore_free(void*)
 .text          0x0000000080002720       0x30 build/src/kernel/main.o
                0x0000000080002720                main
 .text          0x0000000080002750      0x354 build/src/kernel/tcb.o
                0x0000000080002750                TCB::ctor(void*)
                0x0000000080002778                TCB::dtor(void*)
                0x00000000800027a0                TCB::wrapper(void*)
                0x00000000800027e4                TCB::TCB(void (*)(void*), void*, unsigned long*, unsigned long)
                0x00000000800027e4                TCB::TCB(void (*)(void*), void*, unsigned long*, unsigned long)
                0x000000008000284c                TCB::free()
                0x0000000080002878                TCB::~TCB()
                0x0000000080002878                TCB::~TCB()
                0x00000000800028a0                TCB::dispatch()
                0x0000000080002920                TCB::operator new(unsigned long)
                0x0000000080002950                TCB::initialize()
                0x0000000080002a44                TCB::operator delete(void*)
                0x0000000080002a78                TCB::thread_free(void*)
 .text          0x0000000080002aa4      0x4ac build/src/kernel/memoryAllocator.o
                0x0000000080002aa4                MemoryAllocator::initialize()
                0x0000000080002b24                MemoryAllocator::kmalloc(unsigned long)
                0x0000000080002c8c                MemoryAllocator::insertAndMerge(void*, MemoryAllocator::BlockHeader**)
                0x0000000080002d5c                MemoryAllocator::kfree(void*)
                0x0000000080002e10                MemoryAllocator::showMemory()
                0x0000000080002f10                MemoryAllocator::memcpy(void*, void*, unsigned long)
 .text          0x0000000080002f50     0x1564 build/src/kernel/riscv.o
                0x0000000080002f50                RiscV::popSppSpie()
                0x0000000080002fa8                RiscV::executeThreadDispatchSyscall()
                0x0000000080002fe4                RiscV::executePutcSyscall()
                0x0000000080003034                RiscV::jumpToDesignatedPrivilegeMode()
                0x00000000800030b0                RiscV::finalize()
                0x0000000080003164                RiscV::saveA0toSscratch()
                0x000000008000319c                RiscV::executeMemAllocSyscall()
                0x00000000800031d4                RiscV::executeMemFreeSyscall()
                0x0000000080003224                RiscV::executeThreadCreateSyscall()
                0x00000000800032f8                RiscV::executeThreadAttachBodySyscall()
                0x00000000800033c0                RiscV::executeThreadStartSyscall()
                0x0000000080003418                RiscV::executeThreadExitSyscall()
                0x0000000080003470                RiscV::executeSemOpenSyscall()
                0x000000008000350c                RiscV::executeSemCloseSyscall()
                0x000000008000356c                RiscV::executeSemWaitSyscall()
                0x00000000800035cc                RiscV::executeSemSignalSyscall()
                0x0000000080003614                RiscV::executeTimeSleepSyscall()
                0x000000008000368c                RiscV::executeGetcSyscall()
                0x0000000080003724                RiscV::executePutcUtilSyscall()
                0x0000000080003758                RiscV::executeThreadFreeSyscall()
                0x00000000800037c0                RiscV::executeSemaphoreFreeSyscall()
                0x000000008000381c                RiscV::executeForkSyscall()
                0x0000000080003970                RiscV::getPC()
                0x000000008000399c                RiscV::handleSupervisorTrap()
                0x0000000080003dfc                RiscV::threadCreateUtil(TCB**, void (*)(void*), void*)
                0x0000000080003e78                RiscV::threadExitUtil()
                0x0000000080003e98                RiscV::threadDispatchUtil()
                0x0000000080003eb8                RiscV::putcWrapper(void*)
                0x0000000080003f40                RiscV::getPMT()
                0x0000000080003f8c                RiscV::handlePageFault(void*, unsigned long, unsigned long)
                0x0000000080004074                RiscV::buildSection(void*, unsigned long, unsigned long, unsigned long)
                0x00000000800040e8                RiscV::mapConsoleRegisters(void*)
                0x000000008000417c                RiscV::buildKernelPMT()
                0x00000000800042bc                RiscV::buildUserPMT()
                0x00000000800043fc                RiscV::initialize()
 .text          0x00000000800044b4       0x8c build/src/kernel/utility.o
                0x00000000800044b4                strcpy(char const*, char*)
                0x00000000800044f0                strcat(char*, char const*)
 .text          0x0000000080004540      0x214 build/src/kernel/scheduler.o
                0x0000000080004540                Scheduler::initialize()
                0x0000000080004558                Scheduler::put(TCB*)
                0x00000000800045a0                Scheduler::get()
                0x00000000800045d4                Scheduler::sleep(TCB*)
                0x000000008000462c                Scheduler::awake()
                0x0000000080004694                Scheduler::showScheduler()
                0x00000000800046f4                Scheduler::showSleeping()
 .text          0x0000000080004754      0x44c build/src/kernel/consoleUtil.o
                0x0000000080004754                ConsoleUtil::initialize()
                0x000000008000480c                ConsoleUtil::putInput(char)
                0x000000008000487c                ConsoleUtil::getInput()
                0x00000000800048f4                ConsoleUtil::putOutput(char)
                0x0000000080004974                ConsoleUtil::getOutput()
                0x00000000800049ec                ConsoleUtil::printString(char const*)
                0x0000000080004a30                ConsoleUtil::printInt(int, int, int)
                0x0000000080004b0c                ConsoleUtil::print(char const*, int, char const*, int)
                0x0000000080004b78                ConsoleUtil::putcUtilSyscall()
 .text          0x0000000080004ba0      0x170 build/src/kernel/slab.o
                0x0000000080004ba0                kmem_init(void*, int)
                0x0000000080004bc8                kmem_cache_create(char const*, unsigned long, void (*)(void*), void (*)(void*))
                0x0000000080004bf0                kmem_cache_alloc(Cache*)
                0x0000000080004c18                kmem_cache_free(Cache*, void*)
                0x0000000080004c40                kmem_cache_destroy(Cache*)
                0x0000000080004c70                kmem_cache_info(Cache*)
                0x0000000080004c98                kmem_cache_shrink(Cache*)
                0x0000000080004cc0                kmalloc(unsigned long)
                0x0000000080004ce8                kfree(void const*)
 .text          0x0000000080004d10        0x0 ./lib/hw.lib(entry.o)
 .text          0x0000000080004d10      0x18c ./lib/hw.lib(start.o)
                0x0000000080004d10                start
                0x0000000080004e10                timerinit
 .text          0x0000000080004e9c       0xd8 ./lib/hw.lib(main.o)
                0x0000000080004e9c                system_main
 .text          0x0000000080004f74      0x100 ./lib/hw.lib(proc.o)
                0x0000000080004f74                cpuid
                0x0000000080004f94                mycpu
                0x0000000080004fc4                userinit
                0x0000000080004fe0                either_copyout
                0x000000008000502c                either_copyin
 .text          0x0000000080005074      0x32c ./lib/hw.lib(trap.o)
                0x0000000080005074                trapinit
                0x00000000800050a0                trapinithart
                0x00000000800050c4                usertrap
                0x00000000800050dc                usertrapret
                0x00000000800050f4                kerneltrap
                0x000000008000523c                clockintr
                0x0000000080005294                devintr
 *fill*         0x00000000800053a0        0x0 
 .text          0x00000000800053a0      0x150 ./lib/hw.lib(kernelvec.o)
                0x00000000800053a0                kernelvec
                0x00000000800054b0                timervec
 .text          0x00000000800054f0       0xf0 ./lib/hw.lib(plic.o)
                0x00000000800054f0                plicinit
                0x0000000080005518                plicinithart
                0x0000000080005564                plic_claim
                0x000000008000559c                plic_complete
 .text          0x00000000800055e0        0x0 ./lib/hw.lib(support_cpp.o)
 .text          0x00000000800055e0        0x0 ./lib/hw.lib(hw.o)
 .text          0x00000000800055e0      0x36c ./lib/hw.lib(console.o)
                0x00000000800055e0                consolewrite
                0x0000000080005684                consoleread
                0x00000000800057c4                consputc
                0x0000000080005814                consoleintr
                0x00000000800058a8                consoleinit
                0x000000008000590c                console_read
                0x000000008000592c                console_write
 .text          0x000000008000594c      0x738 ./lib/hw.lib(printf.o)
                0x000000008000594c                panic
                0x00000000800059a8                __printf
                0x000000008000603c                printfinit
 .text          0x0000000080006084      0x344 ./lib/hw.lib(uart.o)
                0x0000000080006084                uartinit
                0x00000000800060c8                uartputc
                0x00000000800061c0                uartputc_sync
                0x0000000080006204                uartstart
                0x0000000080006278                uartgetc
                0x00000000800062b0                uartintr
 .text          0x00000000800063c8      0x290 ./lib/hw.lib(kalloc.o)
                0x00000000800063c8                kinit
                0x00000000800064a0                freerange
                0x0000000080006580                kfree
                0x0000000080006600                kalloc
 .text          0x0000000080006658      0x3e0 ./lib/hw.lib(spinlock.o)
                0x0000000080006658                initlock
                0x000000008000667c                acquire
                0x0000000080006748                release
                0x0000000080006810                holding
                0x000000008000685c                push_off
                0x00000000800068d0                pop_off
                0x000000008000694c                push_on
                0x00000000800069c0                pop_on
 .text          0x0000000080006a38      0x394 ./lib/hw.lib(string.o)
                0x0000000080006a38                __memset
                0x0000000080006c54                __memmove
                0x0000000080007000                . = ALIGN (0x1000)
 *fill*         0x0000000080006dcc      0x234 
                0x0000000080007000                PROVIDE (kernelTextEnd = .)

.rodata         0x0000000080007000      0x737
                0x0000000080007000                . = ALIGN (0x10)
 EXCLUDE_FILE(build/src/user/*) *(.srodata .srodata.*)
 .srodata       0x0000000080007000       0x18 ./lib/hw.lib(hw.o)
                0x0000000080007000                CONSOLE_RX_DATA
                0x0000000080007008                CONSOLE_TX_DATA
                0x0000000080007010                CONSOLE_STATUS
                0x0000000080007020                . = ALIGN (0x10)
 *fill*         0x0000000080007018        0x8 
 EXCLUDE_FILE(build/src/user/*) *(.rodata .rodata.*)
 .rodata.str1.8
                0x0000000080007020      0x284 build/src/kernel/slabAllocator.o
                                        0x29c (size before relaxing)
 *fill*         0x00000000800072a4        0x4 
 .rodata.str1.8
                0x00000000800072a8        0x3 build/src/kernel/buddyAllocator.o
                                         0x12 (size before relaxing)
 *fill*         0x00000000800072ab        0x5 
 .rodata.str1.8
                0x00000000800072b0        0xa build/src/kernel/scb.o
 *fill*         0x00000000800072ba        0x6 
 .rodata.str1.8
                0x00000000800072c0        0xa build/src/kernel/tcb.o
 *fill*         0x00000000800072ca        0x6 
 .rodata.str1.8
                0x00000000800072d0       0x82 build/src/kernel/memoryAllocator.o
 *fill*         0x0000000080007352        0x6 
 .rodata.str1.8
                0x0000000080007358       0x6b build/src/kernel/riscv.o
                                         0x73 (size before relaxing)
 *fill*         0x00000000800073c3        0x1 
 .rodata        0x00000000800073c4      0x188 build/src/kernel/riscv.o
 .rodata.str1.8
                0x000000008000754c        0x2 build/src/kernel/scheduler.o
 *fill*         0x000000008000754c        0x4 
 .rodata.str1.8
                0x0000000080007550       0x11 build/src/kernel/consoleUtil.o
 *fill*         0x0000000080007561        0x7 
 .rodata.str1.8
                0x0000000080007568       0x51 ./lib/hw.lib(main.o)
                                         0x59 (size before relaxing)
 *fill*         0x00000000800075b9        0x7 
 .rodata.str1.8
                0x00000000800075c0       0x4b ./lib/hw.lib(proc.o)
 *fill*         0x000000008000760b        0x5 
 .rodata.str1.8
                0x0000000080007610       0x7b ./lib/hw.lib(trap.o)
 *fill*         0x000000008000768b        0x5 
 .rodata.str1.8
                0x0000000080007690        0x5 ./lib/hw.lib(console.o)
 *fill*         0x0000000080007695        0x3 
 .rodata.str1.8
                0x0000000080007698       0x23 ./lib/hw.lib(printf.o)
                                         0x2b (size before relaxing)
 *fill*         0x00000000800076bb        0x5 
 .rodata        0x00000000800076c0       0x11 ./lib/hw.lib(printf.o)
 *fill*         0x00000000800076d1        0x7 
 .rodata.str1.8
                0x00000000800076d8        0x6 ./lib/hw.lib(kalloc.o)
 *fill*         0x00000000800076de        0x2 
 .rodata.str1.8
                0x00000000800076e0       0x57 ./lib/hw.lib(spinlock.o)

.gcc_except_table
                0x0000000080007737      0x1ef
 .gcc_except_table
                0x0000000080007737        0x4 build/src/kernel/scb.o
 .gcc_except_table
                0x000000008000773b        0x4 build/src/kernel/tcb.o
 .gcc_except_table
                0x000000008000773f       0xc6 build/src/kernel/riscv.o
 .gcc_except_table
                0x0000000080007805       0x52 build/src/kernel/consoleUtil.o
 .gcc_except_table
                0x0000000080007857       0xa5 build/src/user/tests/buffer_CPP_API.o
 .gcc_except_table
                0x00000000800078fc       0x1e build/src/user/tests/userMain.o
 .gcc_except_table
                0x000000008000791a        0x4 build/src/user/tests/buffer.o
 .gcc_except_table
                0x000000008000791e        0x8 build/src/user/syscall_cpp.o

.gcc_except_table._ZN10ForkThread3runEv
                0x0000000080007926       0x2b
 .gcc_except_table._ZN10ForkThread3runEv
                0x0000000080007926       0x2b build/src/user/tests/userMain.o

.data           0x0000000080007958       0x98
                0x0000000080007960                . = ALIGN (0x10)
 *fill*         0x0000000080007958        0x8 
 EXCLUDE_FILE(build/src/user/*) *(.sdata .sdata.*)
 .sdata         0x0000000080007960       0x10 ./lib/hw.lib(hw.o)
                0x0000000080007960                HEAP_END_ADDR
                0x0000000080007968                HEAP_START_ADDR
                0x0000000080007970                . = ALIGN (0x10)
 EXCLUDE_FILE(build/src/user/*) *(.data .data.*)
 .data          0x0000000080007970        0x0 build/src/kernel/supervisorTrap.o
 .data          0x0000000080007970        0x0 build/src/kernel/contextSwitch.o
 .data          0x0000000080007970        0x0 build/src/kernel/slabAllocator.o
 .data.rel.local
                0x0000000080007970       0x68 build/src/kernel/slabAllocator.o
                0x0000000080007970                SlabAllocator::names
 .data          0x00000000800079d8        0x0 build/src/kernel/system.o
 .data          0x00000000800079d8        0x8 build/src/kernel/buddyAllocator.o
                0x00000000800079d8                Buddy::BLOCKS_AVAILABLE
 .data          0x00000000800079e0        0x0 build/src/kernel/scb.o
 .data.rel.local.DW.ref.__gxx_personality_v0
                0x00000000800079e0        0x8 build/src/kernel/scb.o
                0x00000000800079e0                DW.ref.__gxx_personality_v0
 .data          0x00000000800079e8        0x0 build/src/kernel/main.o
 .data          0x00000000800079e8        0x0 build/src/kernel/tcb.o
 .data          0x00000000800079e8        0x0 build/src/kernel/memoryAllocator.o
 .data          0x00000000800079e8        0x0 build/src/kernel/riscv.o
 .data          0x00000000800079e8        0x0 build/src/kernel/utility.o
 .data          0x00000000800079e8        0x0 build/src/kernel/scheduler.o
 .data          0x00000000800079e8        0x8 build/src/kernel/consoleUtil.o
                0x00000000800079e8                ConsoleUtil::bufferSize
 .data          0x00000000800079f0        0x0 build/src/kernel/slab.o
 .data          0x00000000800079f0        0x0 ./lib/hw.lib(entry.o)
 .data          0x00000000800079f0        0x0 ./lib/hw.lib(start.o)
 .data          0x00000000800079f0        0x0 ./lib/hw.lib(main.o)
 .data          0x00000000800079f0        0x0 ./lib/hw.lib(proc.o)
 .data          0x00000000800079f0        0x0 ./lib/hw.lib(trap.o)
 .data          0x00000000800079f0        0x0 ./lib/hw.lib(kernelvec.o)
 .data          0x00000000800079f0        0x0 ./lib/hw.lib(plic.o)
 .data          0x00000000800079f0        0x0 ./lib/hw.lib(support_cpp.o)
 .data          0x00000000800079f0        0x0 ./lib/hw.lib(hw.o)
 .data          0x00000000800079f0        0x0 ./lib/hw.lib(console.o)
 .data          0x00000000800079f0        0x0 ./lib/hw.lib(printf.o)
 .data          0x00000000800079f0        0x0 ./lib/hw.lib(uart.o)
 .data          0x00000000800079f0        0x0 ./lib/hw.lib(kalloc.o)
 .data          0x00000000800079f0        0x0 ./lib/hw.lib(spinlock.o)
 .data          0x00000000800079f0        0x0 ./lib/hw.lib(string.o)

.got            0x00000000800079f0       0xe8
 .got           0x00000000800079f0       0xe8 build/src/kernel/supervisorTrap.o
                0x00000000800079f0                _GLOBAL_OFFSET_TABLE_

.got.plt        0x0000000080007ad8       0x10
 .got.plt       0x0000000080007ad8       0x10 build/src/kernel/supervisorTrap.o

.init_array     0x0000000080007ae8        0x8
 .init_array    0x0000000080007ae8        0x8 build/src/kernel/buddyAllocator.o

.bss            0x0000000080007af0     0x54d0
                0x0000000080007af0                . = ALIGN (0x10)
 EXCLUDE_FILE(build/src/user/*) *(.sbss .sbss.*)
 .sbss          0x0000000080007af0        0x4 ./lib/hw.lib(main.o)
 .sbss          0x0000000080007af4        0x4 ./lib/hw.lib(trap.o)
                0x0000000080007af4                ticks
 .sbss          0x0000000080007af8        0x4 ./lib/hw.lib(printf.o)
                0x0000000080007af8                panicked
 *fill*         0x0000000080007afc        0x4 
 .sbss          0x0000000080007b00       0x10 ./lib/hw.lib(uart.o)
                0x0000000080007b00                uart_tx_r
                0x0000000080007b08                uart_tx_w
 .sbss          0x0000000080007b10        0x8 ./lib/hw.lib(kalloc.o)
                0x0000000080007b10                kmem
                0x0000000080007b20                . = ALIGN (0x10)
 *fill*         0x0000000080007b18        0x8 
 EXCLUDE_FILE(build/src/user/*) *(.bss .bss.*)
 .bss           0x0000000080007b20        0x0 build/src/kernel/supervisorTrap.o
 .bss           0x0000000080007b20        0x0 build/src/kernel/contextSwitch.o
 .bss           0x0000000080007b20       0x80 build/src/kernel/slabAllocator.o
                0x0000000080007b20                SlabAllocator::sizeN
                0x0000000080007b88                SlabAllocator::cache
                0x0000000080007b90                SlabAllocator::startAddr
                0x0000000080007b98                SlabAllocator::blocksResponsibleFor
 .bss           0x0000000080007ba0        0x1 build/src/kernel/system.o
                0x0000000080007ba0                System::initialized
 *fill*         0x0000000080007ba1        0x7 
 .bss           0x0000000080007ba8       0xe0 build/src/kernel/buddyAllocator.o
                0x0000000080007ba8                Buddy::BUDDY_START_ADDR
                0x0000000080007bb0                Buddy::BUDDY_META_DATA_ADDR
                0x0000000080007bb8                Buddy::tail
                0x0000000080007c20                Buddy::head
 .bss           0x0000000080007c88        0x8 build/src/kernel/scb.o
                0x0000000080007c88                SCB::scbCache
 .bss           0x0000000080007c90        0x0 build/src/kernel/main.o
 .bss           0x0000000080007c90       0x30 build/src/kernel/tcb.o
                0x0000000080007c90                TCB::running
                0x0000000080007c98                TCB::tcbCache
                0x0000000080007ca0                TCB::putcThread
                0x0000000080007ca8                TCB::timeSliceCounter
                0x0000000080007cb0                TCB::currentSP
                0x0000000080007cb8                TCB::currentPC
 .bss           0x0000000080007cc0       0x21 build/src/kernel/memoryAllocator.o
                0x0000000080007cc0                MemoryAllocator::freeMemTail
                0x0000000080007cc8                MemoryAllocator::freeMemHead
                0x0000000080007cd0                MemoryAllocator::allocMemTail
                0x0000000080007cd8                MemoryAllocator::allocMemHead
                0x0000000080007ce0                MemoryAllocator::initialized
 *fill*         0x0000000080007ce1        0x7 
 .bss           0x0000000080007ce8       0x20 build/src/kernel/riscv.o
                0x0000000080007ce8                RiscV::userMainFinished
                0x0000000080007cf0                RiscV::kPMT
                0x0000000080007cf8                RiscV::uPMT
                0x0000000080007d00                RiscV::globalTime
 .bss           0x0000000080007d08        0x0 build/src/kernel/utility.o
 .bss           0x0000000080007d08       0x18 build/src/kernel/scheduler.o
                0x0000000080007d08                Scheduler::readyHead
                0x0000000080007d10                Scheduler::readyTail
                0x0000000080007d18                Scheduler::sleepingHead
 .bss           0x0000000080007d20     0x4040 build/src/kernel/consoleUtil.o
                0x0000000080007d20                ConsoleUtil::inputSem
                0x0000000080007d28                ConsoleUtil::outputSem
                0x0000000080007d30                ConsoleUtil::inputTail
                0x0000000080007d38                ConsoleUtil::inputHead
                0x0000000080007d40                ConsoleUtil::pendingPutc
                0x0000000080007d48                ConsoleUtil::outputTail
                0x0000000080007d50                ConsoleUtil::outputHead
                0x0000000080007d58                ConsoleUtil::outputBuffer
                0x0000000080009d58                ConsoleUtil::inputBuffer
                0x000000008000bd58                ConsoleUtil::pendingGetc
 .bss           0x000000008000bd60        0x0 build/src/kernel/slab.o
 .bss           0x000000008000bd60        0x0 ./lib/hw.lib(entry.o)
 .bss           0x000000008000bd60     0x1030 ./lib/hw.lib(start.o)
                0x000000008000bd60                timer_scratch
                0x000000008000bd90                stack0
 .bss           0x000000008000cd90        0x0 ./lib/hw.lib(main.o)
 .bss           0x000000008000cd90       0x80 ./lib/hw.lib(proc.o)
                0x000000008000cd90                cpus
 .bss           0x000000008000ce10       0x18 ./lib/hw.lib(trap.o)
                0x000000008000ce10                tickslock
 .bss           0x000000008000ce28        0x0 ./lib/hw.lib(kernelvec.o)
 .bss           0x000000008000ce28        0x0 ./lib/hw.lib(plic.o)
 .bss           0x000000008000ce28       0x10 ./lib/hw.lib(support_cpp.o)
                0x000000008000ce28                _Unwind_Resume
                0x000000008000ce30                __gxx_personality_v0
 .bss           0x000000008000ce38        0x0 ./lib/hw.lib(hw.o)
 .bss           0x000000008000ce38      0x148 ./lib/hw.lib(console.o)
                0x000000008000ce38                cons
                0x000000008000cee0                devsw
 .bss           0x000000008000cf80       0x20 ./lib/hw.lib(printf.o)
 .bss           0x000000008000cfa0       0x20 ./lib/hw.lib(uart.o)
                0x000000008000cfa0                uart_tx_buf
 .bss           0x000000008000cfc0        0x0 ./lib/hw.lib(kalloc.o)
 .bss           0x000000008000cfc0        0x0 ./lib/hw.lib(spinlock.o)
 .bss           0x000000008000cfc0        0x0 ./lib/hw.lib(string.o)

.eh_frame       0x000000008000cfc0     0x14a8
 EXCLUDE_FILE(build/src/user/*) *(.eh_frame .eh_frame.*)
 .eh_frame      0x000000008000cfc0      0x320 build/src/kernel/slabAllocator.o
 .eh_frame      0x000000008000d2e0       0x50 build/src/kernel/system.o
                                         0x60 (size before relaxing)
 .eh_frame      0x000000008000d330      0x188 build/src/kernel/buddyAllocator.o
                                        0x198 (size before relaxing)
 .eh_frame      0x000000008000d4b8      0x200 build/src/kernel/scb.o
                                        0x210 (size before relaxing)
 .eh_frame      0x000000008000d6b8       0x28 build/src/kernel/main.o
                                         0x40 (size before relaxing)
 .eh_frame      0x000000008000d6e0      0x1c0 build/src/kernel/tcb.o
                                        0x1f0 (size before relaxing)
 .eh_frame      0x000000008000d8a0       0xf8 build/src/kernel/memoryAllocator.o
                                        0x108 (size before relaxing)
 .eh_frame      0x000000008000d998      0x660 build/src/kernel/riscv.o
                                        0x690 (size before relaxing)
 .eh_frame      0x000000008000dff8       0x50 build/src/kernel/utility.o
                                         0x68 (size before relaxing)
 .eh_frame      0x000000008000e048      0x120 build/src/kernel/scheduler.o
                                        0x130 (size before relaxing)
 .eh_frame      0x000000008000e168      0x198 build/src/kernel/consoleUtil.o
                                        0x1c8 (size before relaxing)
 .eh_frame      0x000000008000e300      0x168 build/src/kernel/slab.o
                                        0x180 (size before relaxing)

.rela.dyn       0x000000008000e468        0x0
 .rela.got      0x000000008000e468        0x0 build/src/kernel/supervisorTrap.o
 .rela.text     0x000000008000e468        0x0 build/src/kernel/supervisorTrap.o
 .rela.text._ZN10ForkThread3runEv
                0x000000008000e468        0x0 build/src/kernel/supervisorTrap.o
 .rela.text._ZN10ForkThreadD2Ev
                0x000000008000e468        0x0 build/src/kernel/supervisorTrap.o
 .rela.text._ZN10ForkThreadD0Ev
                0x000000008000e468        0x0 build/src/kernel/supervisorTrap.o
 .rela.data.rel.ro.local._ZTV10ForkThread
                0x000000008000e468        0x0 build/src/kernel/supervisorTrap.o
 .rela.text._ZN14PeriodicThreadD2Ev
                0x000000008000e468        0x0 build/src/kernel/supervisorTrap.o
 .rela.text._ZN14PeriodicThreadD0Ev
                0x000000008000e468        0x0 build/src/kernel/supervisorTrap.o
 .rela.data.rel.ro.local._ZTV14PeriodicThread
                0x000000008000e468        0x0 build/src/kernel/supervisorTrap.o
 .rela.data.rel.ro.local._ZTV6Thread
                0x000000008000e468        0x0 build/src/kernel/supervisorTrap.o
 .rela.sdata    0x000000008000e468        0x0 build/src/kernel/supervisorTrap.o

.user           0x000000008000e468     0x3b98
                0x000000008000f000                . = ALIGN (0x1000)
 *fill*         0x000000008000e468      0xb98 
                0x000000008000f000                PROVIDE (userTextStart = .)
 *(.text .text.*)
 .text          0x000000008000f000       0x20 build/src/user/lock.o
                0x000000008000f000                copy_and_swap
 .text          0x000000008000f020      0x37c build/src/user/syscall_c.o
                0x000000008000f020                mem_alloc(unsigned long)
                0x000000008000f050                mem_free(void*)
                0x000000008000f07c                thread_create(_thread**, void (*)(void*), void*)
                0x000000008000f108                thread_exit()
                0x000000008000f130                thread_dispatch()
                0x000000008000f150                thread_attach_body(_thread**, void (*)(void*), void*)
                0x000000008000f1e4                thread_start(_thread*)
                0x000000008000f21c                sem_open(_semaphore**, unsigned int)
                0x000000008000f254                sem_close(_semaphore*)
                0x000000008000f280                sem_wait(_semaphore*)
                0x000000008000f2ac                sem_signal(_semaphore*)
                0x000000008000f2d8                time_sleep(unsigned long)
                0x000000008000f304                getc()
                0x000000008000f32c                putc(char)
                0x000000008000f350                fork()
                0x000000008000f378                tcb_free(void*)
 .text          0x000000008000f39c       0x28 build/src/user/_semaphore.o
                0x000000008000f39c                _semaphore::operator delete(void*)
 .text          0x000000008000f3c4       0x28 build/src/user/_thread.o
                0x000000008000f3c4                _thread::operator delete(void*)
 .text          0x000000008000f3ec      0x408 build/src/user/tests/buffer_CPP_API.o
                0x000000008000f3ec                BufferCPP::BufferCPP(int)
                0x000000008000f3ec                BufferCPP::BufferCPP(int)
                0x000000008000f550                BufferCPP::put(int)
                0x000000008000f5e0                BufferCPP::get()
                0x000000008000f66c                BufferCPP::getCnt()
                0x000000008000f6f4                BufferCPP::~BufferCPP()
                0x000000008000f6f4                BufferCPP::~BufferCPP()
 .text          0x000000008000f7f4      0x6f0 build/src/user/tests/userMain.o
                0x000000008000f7f4                workerBodyA(void*)
                0x000000008000f8c0                workerBodyB(void*)
                0x000000008000f994                fibonacci(unsigned long)
                0x000000008000fa08                workerBodyC(void*)
                0x000000008000fb88                workerBodyD(void*)
                0x000000008000fcd0                Threads_C_API_test()
                0x000000008000fdfc                testUser()
                0x000000008000febc                userMain()
 .text._ZN10ForkThread3runEv
                0x000000008000fee4      0x220 build/src/user/tests/userMain.o
                0x000000008000fee4                ForkThread::run()
 .text._ZN10ForkThreadD2Ev
                0x0000000080010104       0x34 build/src/user/tests/userMain.o
                0x0000000080010104                ForkThread::~ForkThread()
                0x0000000080010104                ForkThread::~ForkThread()
 .text._ZN10ForkThreadD0Ev
                0x0000000080010138       0x4c build/src/user/tests/userMain.o
                0x0000000080010138                ForkThread::~ForkThread()
 .text          0x0000000080010184      0x320 build/src/user/tests/buffer.o
                0x0000000080010184                Buffer::Buffer(int)
                0x0000000080010184                Buffer::Buffer(int)
                0x0000000080010220                Buffer::put(int)
                0x00000000800102b0                Buffer::get()
                0x000000008001033c                Buffer::getCnt()
                0x00000000800103c4                Buffer::~Buffer()
                0x00000000800103c4                Buffer::~Buffer()
 .text          0x00000000800104a4      0x2ac build/src/user/printing.o
                0x00000000800104a4                printString(char const*)
                0x0000000080010520                getString(char*, int)
                0x00000000800105ec                stringToInt(char const*)
                0x000000008001063c                printInt(int, int, int)
 .text          0x0000000080010750       0x5c build/src/user/userWrappers.o
                0x0000000080010750                bodyWrapper(void (*)(void*), void*)
                0x0000000080010784                userMainWrapper(void*)
 .text          0x00000000800107ac      0x460 build/src/user/syscall_cpp.o
                0x00000000800107ac                Thread::wrapper(void*)
                0x00000000800107d8                Semaphore::~Semaphore()
                0x00000000800107d8                Semaphore::~Semaphore()
                0x0000000080010810                Thread::~Thread()
                0x0000000080010810                Thread::~Thread()
                0x0000000080010850                operator new(unsigned long)
                0x0000000080010878                operator new[](unsigned long)
                0x00000000800108a0                operator delete(void*)
                0x00000000800108c8                Semaphore::~Semaphore()
                0x0000000080010908                Thread::~Thread()
                0x0000000080010948                Semaphore::Semaphore(unsigned int)
                0x0000000080010948                Semaphore::Semaphore(unsigned int)
                0x0000000080010980                Semaphore::wait()
                0x00000000800109ac                Semaphore::signal()
                0x00000000800109d8                Thread::Thread(void (*)(void*), void*)
                0x00000000800109d8                Thread::Thread(void (*)(void*), void*)
                0x0000000080010a2c                Thread::Thread()
                0x0000000080010a2c                Thread::Thread()
                0x0000000080010a8c                Thread::sleep(unsigned long)
                0x0000000080010ab4                PeriodicThread::wrapper(void*)
                0x0000000080010af4                Thread::dispatch()
                0x0000000080010b1c                Thread::start()
                0x0000000080010b48                PeriodicThread::PeriodicThread(unsigned long)
                0x0000000080010b48                PeriodicThread::PeriodicThread(unsigned long)
                0x0000000080010bbc                Console::getc()
                0x0000000080010be4                Console::putc(char)
 .text._ZN6Thread3runEv
                0x0000000080010c0c       0x18 build/src/user/syscall_cpp.o
                0x0000000080010c0c                Thread::run()
 .text._ZN14PeriodicThread18periodicActivationEv
                0x0000000080010c24       0x18 build/src/user/syscall_cpp.o
                0x0000000080010c24                PeriodicThread::periodicActivation()
 .text._ZN14PeriodicThreadD2Ev
                0x0000000080010c3c       0x34 build/src/user/syscall_cpp.o
                0x0000000080010c3c                PeriodicThread::~PeriodicThread()
                0x0000000080010c3c                PeriodicThread::~PeriodicThread()
 .text._ZN14PeriodicThreadD0Ev
                0x0000000080010c70       0x4c build/src/user/syscall_cpp.o
                0x0000000080010c70                PeriodicThread::~PeriodicThread()
                0x0000000080011000                . = ALIGN (0x1000)
 *fill*         0x0000000080010cbc      0x344 
                0x0000000080011000                PROVIDE (userDataStart = .)
 *(.srodata .srodata.*)
 *(.rodata .rodata.*)
 .rodata.str1.8
                0x0000000080011000       0x11 build/src/user/tests/buffer_CPP_API.o
 *fill*         0x0000000080011011        0x7 
 .rodata.str1.8
                0x0000000080011018      0x114 build/src/user/tests/userMain.o
 *fill*         0x000000008001112c        0x4 
 .rodata._ZN10ForkThread3runEv.str1.8
                0x0000000080011130       0x2d build/src/user/tests/userMain.o
 .rodata.str1.8
                0x000000008001115d       0x11 build/src/user/tests/buffer.o
 *(.sdata .sdata.*)
 *(.data .data.*)
 .data          0x000000008001115d        0x0 build/src/user/lock.o
 .data          0x000000008001115d        0x0 build/src/user/syscall_c.o
 .data          0x000000008001115d        0x0 build/src/user/_semaphore.o
 .data          0x000000008001115d        0x0 build/src/user/_thread.o
 .data          0x000000008001115d        0x0 build/src/user/tests/buffer_CPP_API.o
 .data          0x000000008001115d        0x0 build/src/user/tests/userMain.o
 *fill*         0x000000008001115d        0x3 
 .data.rel.ro.local._ZTV10ForkThread
                0x0000000080011160       0x28 build/src/user/tests/userMain.o
                0x0000000080011160                vtable for ForkThread
 .data          0x0000000080011188        0x0 build/src/user/tests/buffer.o
 .data          0x0000000080011188       0x11 build/src/user/printing.o
                0x0000000080011188                digits
 .data          0x0000000080011199        0x0 build/src/user/userWrappers.o
 .data          0x0000000080011199        0x0 build/src/user/syscall_cpp.o
 *fill*         0x0000000080011199        0x7 
 .data.rel.ro.local._ZTV14PeriodicThread
                0x00000000800111a0       0x30 build/src/user/syscall_cpp.o
                0x00000000800111a0                vtable for PeriodicThread
 .data.rel.ro.local._ZTV9Semaphore
                0x00000000800111d0       0x20 build/src/user/syscall_cpp.o
                0x00000000800111d0                vtable for Semaphore
 .data.rel.ro.local._ZTV6Thread
                0x00000000800111f0       0x28 build/src/user/syscall_cpp.o
                0x00000000800111f0                vtable for Thread
 *(.sbss .sbss.*)
 *(.bss .bss.*)
 .bss           0x0000000080011218        0x0 build/src/user/lock.o
 .bss           0x0000000080011218        0x0 build/src/user/syscall_c.o
 .bss           0x0000000080011218        0x0 build/src/user/_semaphore.o
 .bss           0x0000000080011218        0x0 build/src/user/_thread.o
 .bss           0x0000000080011218        0x0 build/src/user/tests/buffer_CPP_API.o
 .bss           0x0000000080011218        0x4 build/src/user/tests/userMain.o
                0x0000000080011218                finishedA
                0x0000000080011219                finishedB
                0x000000008001121a                finishedC
                0x000000008001121b                finishedD
 .bss           0x000000008001121c        0x0 build/src/user/tests/buffer.o
 *fill*         0x000000008001121c        0x4 
 .bss           0x0000000080011220        0x8 build/src/user/printing.o
                0x0000000080011220                lockPrint
 .bss           0x0000000080011228        0x0 build/src/user/userWrappers.o
 .bss           0x0000000080011228        0x0 build/src/user/syscall_cpp.o
 *(.eh_frame .eh_frame.*)
 .eh_frame      0x0000000080011228      0x280 build/src/user/syscall_c.o
 .eh_frame      0x00000000800114a8       0x40 build/src/user/_semaphore.o
 .eh_frame      0x00000000800114e8       0x40 build/src/user/_thread.o
 .eh_frame      0x0000000080011528      0x130 build/src/user/tests/buffer_CPP_API.o
 .eh_frame      0x0000000080011658      0x258 build/src/user/tests/userMain.o
 .eh_frame      0x00000000800118b0      0x128 build/src/user/tests/buffer.o
 .eh_frame      0x00000000800119d8       0xd0 build/src/user/printing.o
 .eh_frame      0x0000000080011aa8       0x68 build/src/user/userWrappers.o
 .eh_frame      0x0000000080011b10      0x410 build/src/user/syscall_cpp.o
                0x0000000080012000                . = ALIGN (0x1000)
 *fill*         0x0000000080011f20       0xe0 
                0x0000000080012000                PROVIDE (userDataEnd = .)
                0x0000000080012000                PROVIDE (end = .)
LOAD build/src/kernel/supervisorTrap.o
LOAD build/src/kernel/contextSwitch.o
LOAD build/src/user/lock.o
LOAD build/src/kernel/slabAllocator.o
LOAD build/src/kernel/system.o
LOAD build/src/kernel/buddyAllocator.o
LOAD build/src/kernel/scb.o
LOAD build/src/kernel/main.o
LOAD build/src/kernel/tcb.o
LOAD build/src/kernel/memoryAllocator.o
LOAD build/src/kernel/riscv.o
LOAD build/src/kernel/utility.o
LOAD build/src/kernel/scheduler.o
LOAD build/src/kernel/consoleUtil.o
LOAD build/src/kernel/slab.o
LOAD build/src/user/syscall_c.o
LOAD build/src/user/_semaphore.o
LOAD build/src/user/_thread.o
LOAD build/src/user/tests/buffer_CPP_API.o
LOAD build/src/user/tests/userMain.o
LOAD build/src/user/tests/buffer.o
LOAD build/src/user/printing.o
LOAD build/src/user/userWrappers.o
LOAD build/src/user/syscall_cpp.o
LOAD ./lib/hw.lib
LOAD ./lib/hw.lib
OUTPUT(kernel elf64-littleriscv)

.debug_line     0x0000000000000000     0x9166
 .debug_line    0x0000000000000000       0x74 build/src/kernel/supervisorTrap.o
 .debug_line    0x0000000000000074       0x65 build/src/kernel/contextSwitch.o
 .debug_line    0x00000000000000d9       0x6c build/src/user/lock.o
 .debug_line    0x0000000000000145     0x1495 build/src/kernel/slabAllocator.o
 .debug_line    0x00000000000015da      0x23a build/src/kernel/system.o
 .debug_line    0x0000000000001814      0x8ed build/src/kernel/buddyAllocator.o
 .debug_line    0x0000000000002101      0x513 build/src/kernel/scb.o
 .debug_line    0x0000000000002614       0xa8 build/src/kernel/main.o
 .debug_line    0x00000000000026bc      0x54b build/src/kernel/tcb.o
 .debug_line    0x0000000000002c07      0xa17 build/src/kernel/memoryAllocator.o
 .debug_line    0x000000000000361e     0x22fd build/src/kernel/riscv.o
 .debug_line    0x000000000000591b      0x174 build/src/kernel/utility.o
 .debug_line    0x0000000000005a8f      0x474 build/src/kernel/scheduler.o
 .debug_line    0x0000000000005f03      0x5dd build/src/kernel/consoleUtil.o
 .debug_line    0x00000000000064e0      0x235 build/src/kernel/slab.o
 .debug_line    0x0000000000006715      0x83b build/src/user/syscall_c.o
 .debug_line    0x0000000000006f50       0xb9 build/src/user/_semaphore.o
 .debug_line    0x0000000000007009       0xe2 build/src/user/_thread.o
 .debug_line    0x00000000000070eb      0x5bd build/src/user/tests/buffer_CPP_API.o
 .debug_line    0x00000000000076a8      0xc44 build/src/user/tests/userMain.o
 .debug_line    0x00000000000082ec      0x4ca build/src/user/tests/buffer.o
 .debug_line    0x00000000000087b6      0x3a7 build/src/user/printing.o
 .debug_line    0x0000000000008b5d      0x109 build/src/user/userWrappers.o
 .debug_line    0x0000000000008c66      0x500 build/src/user/syscall_cpp.o

.debug_info     0x0000000000000000     0xe174
 .debug_info    0x0000000000000000       0x2e build/src/kernel/supervisorTrap.o
 .debug_info    0x000000000000002e       0x2e build/src/kernel/contextSwitch.o
 .debug_info    0x000000000000005c       0x2e build/src/user/lock.o
 .debug_info    0x000000000000008a     0x18e1 build/src/kernel/slabAllocator.o
 .debug_info    0x000000000000196b      0xba5 build/src/kernel/system.o
 .debug_info    0x0000000000002510      0x9fd build/src/kernel/buddyAllocator.o
 .debug_info    0x0000000000002f0d      0xbbb build/src/kernel/scb.o
 .debug_info    0x0000000000003ac8      0x1a3 build/src/kernel/main.o
 .debug_info    0x0000000000003c6b      0xf40 build/src/kernel/tcb.o
 .debug_info    0x0000000000004bab      0x693 build/src/kernel/memoryAllocator.o
 .debug_info    0x000000000000523e     0x2d3f build/src/kernel/riscv.o
 .debug_info    0x0000000000007f7d      0x209 build/src/kernel/utility.o
 .debug_info    0x0000000000008186      0xa0f build/src/kernel/scheduler.o
 .debug_info    0x0000000000008b95      0xd3f build/src/kernel/consoleUtil.o
 .debug_info    0x00000000000098d4      0x884 build/src/kernel/slab.o
 .debug_info    0x000000000000a158      0x79e build/src/user/syscall_c.o
 .debug_info    0x000000000000a8f6      0x1c2 build/src/user/_semaphore.o
 .debug_info    0x000000000000aab8      0x228 build/src/user/_thread.o
 .debug_info    0x000000000000ace0      0x751 build/src/user/tests/buffer_CPP_API.o
 .debug_info    0x000000000000b431     0x11be build/src/user/tests/userMain.o
 .debug_info    0x000000000000c5ef      0x6ae build/src/user/tests/buffer.o
 .debug_info    0x000000000000cc9d      0x432 build/src/user/printing.o
 .debug_info    0x000000000000d0cf      0x1d2 build/src/user/userWrappers.o
 .debug_info    0x000000000000d2a1      0xed3 build/src/user/syscall_cpp.o

.debug_abbrev   0x0000000000000000     0x3774
 .debug_abbrev  0x0000000000000000       0x14 build/src/kernel/supervisorTrap.o
 .debug_abbrev  0x0000000000000014       0x14 build/src/kernel/contextSwitch.o
 .debug_abbrev  0x0000000000000028       0x14 build/src/user/lock.o
 .debug_abbrev  0x000000000000003c      0x401 build/src/kernel/slabAllocator.o
 .debug_abbrev  0x000000000000043d      0x30f build/src/kernel/system.o
 .debug_abbrev  0x000000000000074c      0x32d build/src/kernel/buddyAllocator.o
 .debug_abbrev  0x0000000000000a79      0x3ac build/src/kernel/scb.o
 .debug_abbrev  0x0000000000000e25       0xc6 build/src/kernel/main.o
 .debug_abbrev  0x0000000000000eeb      0x3ac build/src/kernel/tcb.o
 .debug_abbrev  0x0000000000001297      0x265 build/src/kernel/memoryAllocator.o
 .debug_abbrev  0x00000000000014fc      0x558 build/src/kernel/riscv.o
 .debug_abbrev  0x0000000000001a54       0xf1 build/src/kernel/utility.o
 .debug_abbrev  0x0000000000001b45      0x318 build/src/kernel/scheduler.o
 .debug_abbrev  0x0000000000001e5d      0x307 build/src/kernel/consoleUtil.o
 .debug_abbrev  0x0000000000002164      0x1fb build/src/kernel/slab.o
 .debug_abbrev  0x000000000000235f      0x205 build/src/user/syscall_c.o
 .debug_abbrev  0x0000000000002564      0x128 build/src/user/_semaphore.o
 .debug_abbrev  0x000000000000268c      0x145 build/src/user/_thread.o
 .debug_abbrev  0x00000000000027d1      0x2a2 build/src/user/tests/buffer_CPP_API.o
 .debug_abbrev  0x0000000000002a73      0x386 build/src/user/tests/userMain.o
 .debug_abbrev  0x0000000000002df9      0x279 build/src/user/tests/buffer.o
 .debug_abbrev  0x0000000000003072      0x168 build/src/user/printing.o
 .debug_abbrev  0x00000000000031da       0xf2 build/src/user/userWrappers.o
 .debug_abbrev  0x00000000000032cc      0x4a8 build/src/user/syscall_cpp.o

.debug_aranges  0x0000000000000000      0x4f0
 .debug_aranges
                0x0000000000000000       0x30 build/src/kernel/supervisorTrap.o
 .debug_aranges
                0x0000000000000030       0x30 build/src/kernel/contextSwitch.o
 .debug_aranges
                0x0000000000000060       0x30 build/src/user/lock.o
 .debug_aranges
                0x0000000000000090       0x30 build/src/kernel/slabAllocator.o
 .debug_aranges
                0x00000000000000c0       0x30 build/src/kernel/system.o
 .debug_aranges
                0x00000000000000f0       0x30 build/src/kernel/buddyAllocator.o
 .debug_aranges
                0x0000000000000120       0x30 build/src/kernel/scb.o
 .debug_aranges
                0x0000000000000150       0x30 build/src/kernel/main.o
 .debug_aranges
                0x0000000000000180       0x30 build/src/kernel/tcb.o
 .debug_aranges
                0x00000000000001b0       0x30 build/src/kernel/memoryAllocator.o
 .debug_aranges
                0x00000000000001e0       0x30 build/src/kernel/riscv.o
 .debug_aranges
                0x0000000000000210       0x30 build/src/kernel/utility.o
 .debug_aranges
                0x0000000000000240       0x30 build/src/kernel/scheduler.o
 .debug_aranges
                0x0000000000000270       0x30 build/src/kernel/consoleUtil.o
 .debug_aranges
                0x00000000000002a0       0x30 build/src/kernel/slab.o
 .debug_aranges
                0x00000000000002d0       0x30 build/src/user/syscall_c.o
 .debug_aranges
                0x0000000000000300       0x30 build/src/user/_semaphore.o
 .debug_aranges
                0x0000000000000330       0x30 build/src/user/_thread.o
 .debug_aranges
                0x0000000000000360       0x30 build/src/user/tests/buffer_CPP_API.o
 .debug_aranges
                0x0000000000000390       0x60 build/src/user/tests/userMain.o
 .debug_aranges
                0x00000000000003f0       0x30 build/src/user/tests/buffer.o
 .debug_aranges
                0x0000000000000420       0x30 build/src/user/printing.o
 .debug_aranges
                0x0000000000000450       0x30 build/src/user/userWrappers.o
 .debug_aranges
                0x0000000000000480       0x70 build/src/user/syscall_cpp.o

.debug_str      0x0000000000000000     0x30ce
 .debug_str     0x0000000000000000       0x59 build/src/kernel/supervisorTrap.o
 .debug_str     0x0000000000000059       0x1b build/src/kernel/contextSwitch.o
                                         0x58 (size before relaxing)
 .debug_str     0x0000000000000074       0x10 build/src/user/lock.o
                                         0x4d (size before relaxing)
 .debug_str     0x0000000000000084      0xbc8 build/src/kernel/slabAllocator.o
                                        0xc33 (size before relaxing)
 .debug_str     0x0000000000000c4c      0xdb1 build/src/kernel/system.o
                                       0x1119 (size before relaxing)
 .debug_str     0x00000000000019fd      0x13f build/src/kernel/buddyAllocator.o
                                        0x733 (size before relaxing)
 .debug_str     0x0000000000001b3c      0x2d3 build/src/kernel/scb.o
                                        0x86f (size before relaxing)
 .debug_str     0x0000000000001e0f       0x19 build/src/kernel/main.o
                                        0x26a (size before relaxing)
 .debug_str     0x0000000000001e28       0xdf build/src/kernel/tcb.o
                                       0x12e5 (size before relaxing)
 .debug_str     0x0000000000001f07      0x28d build/src/kernel/memoryAllocator.o
                                        0x536 (size before relaxing)
 .debug_str     0x0000000000002194      0x1de build/src/kernel/riscv.o
                                       0x1947 (size before relaxing)
 .debug_str     0x0000000000002372       0x32 build/src/kernel/utility.o
                                        0x294 (size before relaxing)
 .debug_str     0x00000000000023a4       0x68 build/src/kernel/scheduler.o
                                        0x8e2 (size before relaxing)
 .debug_str     0x000000000000240c      0x179 build/src/kernel/consoleUtil.o
                                        0x9ff (size before relaxing)
 .debug_str     0x0000000000002585       0xab build/src/kernel/slab.o
                                        0x948 (size before relaxing)
 .debug_str     0x0000000000002630      0x24a build/src/user/syscall_c.o
                                        0x523 (size before relaxing)
 .debug_str     0x000000000000287a       0x18 build/src/user/_semaphore.o
                                        0x2aa (size before relaxing)
 .debug_str     0x0000000000002892       0x15 build/src/user/_thread.o
                                        0x2cd (size before relaxing)
 .debug_str     0x00000000000028a7      0x15f build/src/user/tests/buffer_CPP_API.o
                                        0x442 (size before relaxing)
 .debug_str     0x0000000000002a06      0x264 build/src/user/tests/userMain.o
                                        0x5f8 (size before relaxing)
 .debug_str     0x0000000000002c6a       0x94 build/src/user/tests/buffer.o
                                        0x453 (size before relaxing)
 .debug_str     0x0000000000002cfe       0x67 build/src/user/printing.o
                                        0x2e0 (size before relaxing)
 .debug_str     0x0000000000002d65       0x64 build/src/user/userWrappers.o
                                        0x2aa (size before relaxing)
 .debug_str     0x0000000000002dc9      0x305 build/src/user/syscall_cpp.o
                                        0x833 (size before relaxing)

.debug_loc      0x0000000000000000     0x6b84
 .debug_loc     0x0000000000000000      0xff7 build/src/kernel/slabAllocator.o
 .debug_loc     0x0000000000000ff7       0x39 build/src/kernel/system.o
 .debug_loc     0x0000000000001030      0x8b1 build/src/kernel/buddyAllocator.o
 .debug_loc     0x00000000000018e1      0x325 build/src/kernel/scb.o
 .debug_loc     0x0000000000001c06      0x293 build/src/kernel/tcb.o
 .debug_loc     0x0000000000001e99      0x600 build/src/kernel/memoryAllocator.o
 .debug_loc     0x0000000000002499     0x17aa build/src/kernel/riscv.o
 .debug_loc     0x0000000000003c43      0x15f build/src/kernel/utility.o
 .debug_loc     0x0000000000003da2      0x15c build/src/kernel/scheduler.o
 .debug_loc     0x0000000000003efe      0x47e build/src/kernel/consoleUtil.o
 .debug_loc     0x000000000000437c      0x31c build/src/kernel/slab.o
 .debug_loc     0x0000000000004698      0xbda build/src/user/syscall_c.o
 .debug_loc     0x0000000000005272       0x39 build/src/user/_semaphore.o
 .debug_loc     0x00000000000052ab       0x39 build/src/user/_thread.o
 .debug_loc     0x00000000000052e4      0x322 build/src/user/tests/buffer_CPP_API.o
 .debug_loc     0x0000000000005606      0x7d8 build/src/user/tests/userMain.o
 .debug_loc     0x0000000000005dde      0x27e build/src/user/tests/buffer.o
 .debug_loc     0x000000000000605c      0x37a build/src/user/printing.o
 .debug_loc     0x00000000000063d6       0xbe build/src/user/userWrappers.o
 .debug_loc     0x0000000000006494      0x6f0 build/src/user/syscall_cpp.o

.debug_ranges   0x0000000000000000      0x5a0
 .debug_ranges  0x0000000000000000      0x190 build/src/kernel/slabAllocator.o
 .debug_ranges  0x0000000000000190       0xd0 build/src/kernel/buddyAllocator.o
 .debug_ranges  0x0000000000000260       0x60 build/src/kernel/memoryAllocator.o
 .debug_ranges  0x00000000000002c0      0x110 build/src/kernel/riscv.o
 .debug_ranges  0x00000000000003d0      0x110 build/src/user/tests/userMain.o
 .debug_ranges  0x00000000000004e0       0xc0 build/src/user/syscall_cpp.o

.comment        0x0000000000000000       0x53
 .comment       0x0000000000000000       0x29 build/src/kernel/slabAllocator.o
                                         0x2a (size before relaxing)
 .comment       0x0000000000000029       0x2a build/src/kernel/system.o
 .comment       0x0000000000000029       0x2a build/src/kernel/buddyAllocator.o
 .comment       0x0000000000000029       0x2a build/src/kernel/scb.o
 .comment       0x0000000000000029       0x2a build/src/kernel/main.o
 .comment       0x0000000000000029       0x2a build/src/kernel/tcb.o
 .comment       0x0000000000000029       0x2a build/src/kernel/memoryAllocator.o
 .comment       0x0000000000000029       0x2a build/src/kernel/riscv.o
 .comment       0x0000000000000029       0x2a build/src/kernel/utility.o
 .comment       0x0000000000000029       0x2a build/src/kernel/scheduler.o
 .comment       0x0000000000000029       0x2a build/src/kernel/consoleUtil.o
 .comment       0x0000000000000029       0x2a build/src/kernel/slab.o
 .comment       0x0000000000000029       0x2a build/src/user/syscall_c.o
 .comment       0x0000000000000029       0x2a build/src/user/_semaphore.o
 .comment       0x0000000000000029       0x2a build/src/user/_thread.o
 .comment       0x0000000000000029       0x2a build/src/user/tests/buffer_CPP_API.o
 .comment       0x0000000000000029       0x2a build/src/user/tests/userMain.o
 .comment       0x0000000000000029       0x2a build/src/user/tests/buffer.o
 .comment       0x0000000000000029       0x2a build/src/user/printing.o
 .comment       0x0000000000000029       0x2a build/src/user/userWrappers.o
 .comment       0x0000000000000029       0x2a build/src/user/syscall_cpp.o
 .comment       0x0000000000000029       0x2a ./lib/hw.lib(start.o)
                                         0x2b (size before relaxing)
 .comment       0x0000000000000053       0x2b ./lib/hw.lib(main.o)
 .comment       0x0000000000000053       0x2b ./lib/hw.lib(proc.o)
 .comment       0x0000000000000053       0x2b ./lib/hw.lib(trap.o)
 .comment       0x0000000000000053       0x2b ./lib/hw.lib(plic.o)
 .comment       0x0000000000000053       0x2b ./lib/hw.lib(support_cpp.o)
 .comment       0x0000000000000053       0x2b ./lib/hw.lib(hw.o)
 .comment       0x0000000000000053       0x2b ./lib/hw.lib(console.o)
 .comment       0x0000000000000053       0x2b ./lib/hw.lib(printf.o)
 .comment       0x0000000000000053       0x2b ./lib/hw.lib(uart.o)
 .comment       0x0000000000000053       0x2b ./lib/hw.lib(kalloc.o)
 .comment       0x0000000000000053       0x2b ./lib/hw.lib(spinlock.o)
 .comment       0x0000000000000053       0x2b ./lib/hw.lib(string.o)

.note.GNU-stack
                0x0000000000000000        0x0
 .note.GNU-stack
                0x0000000000000000        0x0 build/src/kernel/slabAllocator.o
 .note.GNU-stack
                0x0000000000000000        0x0 build/src/kernel/system.o
 .note.GNU-stack
                0x0000000000000000        0x0 build/src/kernel/buddyAllocator.o
 .note.GNU-stack
                0x0000000000000000        0x0 build/src/kernel/scb.o
 .note.GNU-stack
                0x0000000000000000        0x0 build/src/kernel/main.o
 .note.GNU-stack
                0x0000000000000000        0x0 build/src/kernel/tcb.o
 .note.GNU-stack
                0x0000000000000000        0x0 build/src/kernel/memoryAllocator.o
 .note.GNU-stack
                0x0000000000000000        0x0 build/src/kernel/riscv.o
 .note.GNU-stack
                0x0000000000000000        0x0 build/src/kernel/utility.o
 .note.GNU-stack
                0x0000000000000000        0x0 build/src/kernel/scheduler.o
 .note.GNU-stack
                0x0000000000000000        0x0 build/src/kernel/consoleUtil.o
 .note.GNU-stack
                0x0000000000000000        0x0 build/src/kernel/slab.o
 .note.GNU-stack
                0x0000000000000000        0x0 build/src/user/syscall_c.o
 .note.GNU-stack
                0x0000000000000000        0x0 build/src/user/_semaphore.o
 .note.GNU-stack
                0x0000000000000000        0x0 build/src/user/_thread.o
 .note.GNU-stack
                0x0000000000000000        0x0 build/src/user/tests/buffer_CPP_API.o
 .note.GNU-stack
                0x0000000000000000        0x0 build/src/user/tests/userMain.o
 .note.GNU-stack
                0x0000000000000000        0x0 build/src/user/tests/buffer.o
 .note.GNU-stack
                0x0000000000000000        0x0 build/src/user/printing.o
 .note.GNU-stack
                0x0000000000000000        0x0 build/src/user/userWrappers.o
 .note.GNU-stack
                0x0000000000000000        0x0 build/src/user/syscall_cpp.o
 .note.GNU-stack
                0x0000000000000000        0x0 ./lib/hw.lib(start.o)
 .note.GNU-stack
                0x0000000000000000        0x0 ./lib/hw.lib(main.o)
 .note.GNU-stack
                0x0000000000000000        0x0 ./lib/hw.lib(proc.o)
 .note.GNU-stack
                0x0000000000000000        0x0 ./lib/hw.lib(trap.o)
 .note.GNU-stack
                0x0000000000000000        0x0 ./lib/hw.lib(plic.o)
 .note.GNU-stack
                0x0000000000000000        0x0 ./lib/hw.lib(support_cpp.o)
 .note.GNU-stack
                0x0000000000000000        0x0 ./lib/hw.lib(hw.o)
 .note.GNU-stack
                0x0000000000000000        0x0 ./lib/hw.lib(console.o)
 .note.GNU-stack
                0x0000000000000000        0x0 ./lib/hw.lib(printf.o)
 .note.GNU-stack
                0x0000000000000000        0x0 ./lib/hw.lib(uart.o)
 .note.GNU-stack
                0x0000000000000000        0x0 ./lib/hw.lib(kalloc.o)
 .note.GNU-stack
                0x0000000000000000        0x0 ./lib/hw.lib(spinlock.o)
 .note.GNU-stack
                0x0000000000000000        0x0 ./lib/hw.lib(string.o)
