Archive member included to satisfy reference by file (symbol)

./lib/hw.lib(entry.o)         (_entry)
./lib/hw.lib(start.o)         ./lib/hw.lib(entry.o) (start)
./lib/hw.lib(main.o)          ./lib/hw.lib(start.o) (system_main)
./lib/hw.lib(proc.o)          ./lib/hw.lib(main.o) (cpuid)
./lib/hw.lib(trap.o)          ./lib/hw.lib(main.o) (trapinit)
./lib/hw.lib(kernelvec.o)     ./lib/hw.lib(trap.o) (kernelvec)
./lib/hw.lib(plic.o)          ./lib/hw.lib(main.o) (plicinit)
./lib/hw.lib(support_cpp.o)   build/src/kernel/console_util.o (_Unwind_Resume)
./lib/hw.lib(hw.o)            build/src/kernel/riscv.o (CONSOLE_RX_DATA)
./lib/hw.lib(console.o)       ./lib/hw.lib(main.o) (consoleinit)
./lib/hw.lib(printf.o)        ./lib/hw.lib(main.o) (panic)
./lib/hw.lib(uart.o)          ./lib/hw.lib(console.o) (uartinit)
./lib/hw.lib(kalloc.o)        ./lib/hw.lib(main.o) (kinit)
./lib/hw.lib(spinlock.o)      ./lib/hw.lib(trap.o) (initlock)
./lib/hw.lib(string.o)        ./lib/hw.lib(kalloc.o) (__memset)

Discarded input sections

 .group         0x0000000000000000        0xc build/src/kernel/scb.o
 .group         0x0000000000000000        0xc build/src/kernel/tcb.o
 .data.rel.local.DW.ref.__gxx_personality_v0
                0x0000000000000000        0x8 build/src/kernel/tcb.o
 .group         0x0000000000000000        0xc build/src/kernel/console_util.o
 .data.rel.local.DW.ref.__gxx_personality_v0
                0x0000000000000000        0x8 build/src/kernel/console_util.o
 .group         0x0000000000000000        0xc build/src/kernel/riscv.o
 .data.rel.local.DW.ref.__gxx_personality_v0
                0x0000000000000000        0x8 build/src/kernel/riscv.o
 .group         0x0000000000000000        0xc build/src/user/tests/buffer_CPP_API.o
 .data.rel.local.DW.ref.__gxx_personality_v0
                0x0000000000000000        0x8 build/src/user/tests/buffer_CPP_API.o
 .group         0x0000000000000000        0xc build/src/user/tests/userMain.o
 .group         0x0000000000000000       0x14 build/src/user/tests/userMain.o
 .group         0x0000000000000000       0x14 build/src/user/tests/userMain.o
 .group         0x0000000000000000       0x14 build/src/user/tests/userMain.o
 .group         0x0000000000000000       0x14 build/src/user/tests/userMain.o
 .group         0x0000000000000000        0xc build/src/user/tests/userMain.o
 .group         0x0000000000000000        0xc build/src/user/tests/userMain.o
 .group         0x0000000000000000       0x14 build/src/user/tests/userMain.o
 .group         0x0000000000000000        0xc build/src/user/tests/userMain.o
 .group         0x0000000000000000        0xc build/src/user/tests/userMain.o
 .group         0x0000000000000000        0xc build/src/user/tests/userMain.o
 .group         0x0000000000000000        0xc build/src/user/tests/userMain.o
 .group         0x0000000000000000        0xc build/src/user/tests/userMain.o
 .data.rel.local.DW.ref.__gxx_personality_v0
                0x0000000000000000        0x8 build/src/user/tests/userMain.o
 .group         0x0000000000000000        0xc build/src/user/tests/buffer.o
 .data.rel.local.DW.ref.__gxx_personality_v0
                0x0000000000000000        0x8 build/src/user/tests/buffer.o
 .group         0x0000000000000000        0x8 build/src/user/syscall_cpp.o
 .group         0x0000000000000000        0x8 build/src/user/syscall_cpp.o
 .group         0x0000000000000000       0x14 build/src/user/syscall_cpp.o
 .group         0x0000000000000000        0xc build/src/user/syscall_cpp.o
 .group         0x0000000000000000        0xc build/src/user/syscall_cpp.o
 .group         0x0000000000000000        0xc build/src/user/syscall_cpp.o
 .group         0x0000000000000000        0xc build/src/user/syscall_cpp.o
 .data.rel.local.DW.ref.__gxx_personality_v0
                0x0000000000000000        0x8 build/src/user/syscall_cpp.o

Memory Configuration

Name             Origin             Length             Attributes
*default*        0x0000000000000000 0xffffffffffffffff

Linker script and memory map

                0x0000000080000000                . = 0x80000000

.text           0x0000000080000000     0x8000
 *(.entry_os)
 .entry_os      0x0000000080000000       0x24 ./lib/hw.lib(entry.o)
                0x0000000080000000                _entry
                0x0000000080001000                . = ALIGN (0x1000)
 *fill*         0x0000000080000024      0xfdc 
                [!provide]                        PROVIDE (kernelTextStart = .)
 EXCLUDE_FILE(build/src/user/*) *(.text .text.*)
 .text          0x0000000080001000      0x120 build/src/kernel/supervisorTrap.o
                0x0000000080001000                RiscV::supervisorTrap()
 .text          0x0000000080001120       0x14 build/src/kernel/contextSwitch.o
                0x0000000080001120                TCB::contextSwitch(TCB::Context*, TCB::Context*)
 .text          0x0000000080001134      0x4a8 build/src/kernel/system.o
                0x0000000080001134                memset(void const*, int, int)
                0x0000000080001164                construct(void*)
                0x0000000080001194                check(void*, unsigned long)
                0x00000000800011dc                work(void*)
                0x00000000800013cc                runs(void (*)(void*), data_s*, int)
                0x000000008000144c                test2()
                0x00000000800014c8                ctor(void*)
                0x00000000800014f8                System::System()
                0x00000000800014f8                System::System()
 .text          0x00000000800015dc      0x2d0 build/src/kernel/scb.o
                0x00000000800015dc                SCB::ctor(void*)
                0x00000000800015fc                SCB::dtor(void*)
                0x000000008000161c                SCB::initialize()
                0x0000000080001668                SCB::SCB(unsigned long)
                0x0000000080001668                SCB::SCB(unsigned long)
                0x0000000080001684                SCB::~SCB()
                0x0000000080001684                SCB::~SCB()
                0x00000000800016dc                SCB::block()
                0x0000000080001744                SCB::deblock()
                0x0000000080001790                SCB::wait()
                0x00000000800017e0                SCB::signal()
                0x000000008000181c                SCB::operator new(unsigned long)
                0x000000008000184c                SCB::operator delete(void*)
                0x0000000080001880                SCB::semaphore_free(void*)
 .text          0x00000000800018ac      0x5d4 build/src/kernel/buddy_allocator.o
                0x000000008000190c                Buddy::initialize(void*, unsigned long)
                0x0000000080001a14                Buddy::compress(unsigned long)
                0x0000000080001b1c                Buddy::insert(void*, unsigned long)
                0x0000000080001c04                Buddy::free(void*, unsigned long)
                0x0000000080001c34                Buddy::split(Buddy::Block*, int, int)
                0x0000000080001cdc                Buddy::alloc(unsigned long)
                0x0000000080001d90                Buddy::printList()
 .text          0x0000000080001e80       0x30 build/src/kernel/main.o
                0x0000000080001e80                main
 .text          0x0000000080001eb0      0x354 build/src/kernel/tcb.o
                0x0000000080001eb0                TCB::ctor(void*)
                0x0000000080001ed8                TCB::dtor(void*)
                0x0000000080001f00                TCB::wrapper(void*)
                0x0000000080001f44                TCB::TCB(void (*)(void*), void*, unsigned long*, unsigned long)
                0x0000000080001f44                TCB::TCB(void (*)(void*), void*, unsigned long*, unsigned long)
                0x0000000080001fac                TCB::free()
                0x0000000080001fd8                TCB::~TCB()
                0x0000000080001fd8                TCB::~TCB()
                0x0000000080002000                TCB::dispatch()
                0x0000000080002080                TCB::operator new(unsigned long)
                0x00000000800020b0                TCB::initialize()
                0x00000000800021a4                TCB::operator delete(void*)
                0x00000000800021d8                TCB::thread_free(void*)
 .text          0x0000000080002204      0x4ac build/src/kernel/memory_allocator.o
                0x0000000080002204                MemoryAllocator::initialize()
                0x0000000080002284                MemoryAllocator::kmalloc(unsigned long)
                0x00000000800023ec                MemoryAllocator::insertAndMerge(void*, MemoryAllocator::BlockHeader**)
                0x00000000800024bc                MemoryAllocator::kfree(void*)
                0x0000000080002570                MemoryAllocator::showMemory()
                0x0000000080002670                MemoryAllocator::memcpy(void*, void*, unsigned long)
 .text          0x00000000800026b0      0x490 build/src/kernel/console_util.o
                0x00000000800026b0                ConsoleUtil::initialize()
                0x0000000080002794                ConsoleUtil::putInput(char)
                0x0000000080002814                ConsoleUtil::getInput()
                0x0000000080002884                ConsoleUtil::putOutput(char)
                0x000000008000291c                ConsoleUtil::getOutput()
                0x000000008000298c                ConsoleUtil::printString(char const*)
                0x00000000800029d0                ConsoleUtil::printInt(int, int, int)
                0x0000000080002aac                ConsoleUtil::print(char const*, int, char const*, int)
                0x0000000080002b18                ConsoleUtil::putcUtilSyscall()
 .text          0x0000000080002b40     0x1530 build/src/kernel/riscv.o
                0x0000000080002b40                RiscV::popSppSpie()
                0x0000000080002b98                RiscV::executeThreadDispatchSyscall()
                0x0000000080002bd4                RiscV::executePutcSyscall()
                0x0000000080002c24                RiscV::jumpToDesignatedPrivilegeMode()
                0x0000000080002c68                RiscV::finalize()
                0x0000000080002d1c                RiscV::saveA0toSscratch()
                0x0000000080002d54                RiscV::executeMemAllocSyscall()
                0x0000000080002d8c                RiscV::executeMemFreeSyscall()
                0x0000000080002ddc                RiscV::executeThreadCreateSyscall()
                0x0000000080002eb0                RiscV::executeThreadAttachBodySyscall()
                0x0000000080002f78                RiscV::executeThreadStartSyscall()
                0x0000000080002fd0                RiscV::executeThreadExitSyscall()
                0x0000000080003028                RiscV::executeSemOpenSyscall()
                0x00000000800030c4                RiscV::executeSemCloseSyscall()
                0x0000000080003124                RiscV::executeSemWaitSyscall()
                0x0000000080003184                RiscV::executeSemSignalSyscall()
                0x00000000800031cc                RiscV::executeTimeSleepSyscall()
                0x0000000080003244                RiscV::executeGetcSyscall()
                0x00000000800032dc                RiscV::executePutcUtilSyscall()
                0x0000000080003310                RiscV::executeThreadFreeSyscall()
                0x0000000080003378                RiscV::executeSemaphoreFreeSyscall()
                0x00000000800033d4                RiscV::executeForkSyscall()
                0x0000000080003528                RiscV::getPC()
                0x0000000080003554                RiscV::handleSupervisorTrap()
                0x00000000800039b4                RiscV::threadCreateUtil(TCB**, void (*)(void*), void*)
                0x0000000080003a30                RiscV::threadExitUtil()
                0x0000000080003a50                RiscV::threadDispatchUtil()
                0x0000000080003a70                RiscV::putcWrapper(void*)
                0x0000000080003af8                RiscV::getPMT()
                0x0000000080003b44                RiscV::handlePageFault(void*, unsigned long, unsigned long)
                0x0000000080003c24                RiscV::buildSection(void*, unsigned long, unsigned long, unsigned long)
                0x0000000080003c98                RiscV::mapConsoleRegisters(void*)
                0x0000000080003d2c                RiscV::buildKernelPMT()
                0x0000000080003e6c                RiscV::buildUserPMT()
                0x0000000080003fac                RiscV::initialize()
 .text          0x0000000080004070       0x8c build/src/kernel/utility.o
                0x0000000080004070                strcpy(char const*, char*)
                0x00000000800040ac                strcat(char*, char const*)
 .text          0x00000000800040fc      0x214 build/src/kernel/scheduler.o
                0x00000000800040fc                Scheduler::initialize()
                0x0000000080004114                Scheduler::put(TCB*)
                0x000000008000415c                Scheduler::get()
                0x0000000080004190                Scheduler::sleep(TCB*)
                0x00000000800041e8                Scheduler::awake()
                0x0000000080004250                Scheduler::showScheduler()
                0x00000000800042b0                Scheduler::showSleeping()
 .text          0x0000000080004310      0x198 build/src/kernel/slab.o
                0x0000000080004310                kmem_init(void*, int)
                0x0000000080004338                kmem_cache_create(char const*, unsigned long, void (*)(void*), void (*)(void*))
                0x0000000080004360                kmem_cache_alloc(Cache*)
                0x0000000080004388                kmem_cache_free(Cache*, void*)
                0x00000000800043b0                kmem_cache_destroy(Cache*)
                0x00000000800043e0                kmem_cache_info(Cache*)
                0x0000000080004408                kmem_cache_shrink(Cache*)
                0x0000000080004430                kmalloc(unsigned long)
                0x0000000080004458                kfree(void const*)
                0x0000000080004480                kmem_cache_error(Cache*)
 .text          0x00000000800044a8      0xee0 build/src/kernel/slab_allocator.o
                0x00000000800044a8                SlabAllocator::shrinkCache(Cache*)
                0x0000000080004510                SlabAllocator::printSlab(Slab*)
                0x000000008000466c                SlabAllocator::printCache(Cache*)
                0x000000008000484c                SlabAllocator::insertIntoList(Slab*&, Slab*)
                0x000000008000487c                SlabAllocator::allocateSlab(Cache*)
                0x0000000080004998                SlabAllocator::removeFromList(Slab*&, Slab*)
                0x00000000800049ec                SlabAllocator::move(Slab*&, Slab*&, Slab*)
                0x0000000080004a40                SlabAllocator::allocateSlot(Slab*)
                0x0000000080004b38                SlabAllocator::allocateObject(Cache*)
                0x0000000080004cc8                SlabAllocator::allocateBuffer(unsigned long)
                0x0000000080004d68                SlabAllocator::createCache(char const*, unsigned long, void (*)(void*), void (*)(void*))
                0x0000000080004e78                SlabAllocator::initialize(void*, unsigned long)
                0x0000000080004fac                SlabAllocator::freeSlot(Slab*, unsigned long)
                0x00000000800050c8                SlabAllocator::freeObject(Cache*, void const*)
                0x00000000800051bc                SlabAllocator::freeBuffer(void const*)
                0x0000000080005228                SlabAllocator::deleteCache(Cache*&)
                0x0000000080005304                SlabAllocator::cacheErrorHandler(Cache*)
 .text          0x0000000080005388        0x0 ./lib/hw.lib(entry.o)
 .text          0x0000000080005388      0x18c ./lib/hw.lib(start.o)
                0x0000000080005388                start
                0x0000000080005488                timerinit
 .text          0x0000000080005514       0xd8 ./lib/hw.lib(main.o)
                0x0000000080005514                system_main
 .text          0x00000000800055ec      0x100 ./lib/hw.lib(proc.o)
                0x00000000800055ec                cpuid
                0x000000008000560c                mycpu
                0x000000008000563c                userinit
                0x0000000080005658                either_copyout
                0x00000000800056a4                either_copyin
 .text          0x00000000800056ec      0x32c ./lib/hw.lib(trap.o)
                0x00000000800056ec                trapinit
                0x0000000080005718                trapinithart
                0x000000008000573c                usertrap
                0x0000000080005754                usertrapret
                0x000000008000576c                kerneltrap
                0x00000000800058b4                clockintr
                0x000000008000590c                devintr
 *fill*         0x0000000080005a18        0x8 
 .text          0x0000000080005a20      0x150 ./lib/hw.lib(kernelvec.o)
                0x0000000080005a20                kernelvec
                0x0000000080005b30                timervec
 .text          0x0000000080005b70       0xf0 ./lib/hw.lib(plic.o)
                0x0000000080005b70                plicinit
                0x0000000080005b98                plicinithart
                0x0000000080005be4                plic_claim
                0x0000000080005c1c                plic_complete
 .text          0x0000000080005c60        0x0 ./lib/hw.lib(support_cpp.o)
 .text          0x0000000080005c60        0x0 ./lib/hw.lib(hw.o)
 .text          0x0000000080005c60      0x36c ./lib/hw.lib(console.o)
                0x0000000080005c60                consolewrite
                0x0000000080005d04                consoleread
                0x0000000080005e44                consputc
                0x0000000080005e94                consoleintr
                0x0000000080005f28                consoleinit
                0x0000000080005f8c                console_read
                0x0000000080005fac                console_write
 .text          0x0000000080005fcc      0x738 ./lib/hw.lib(printf.o)
                0x0000000080005fcc                panic
                0x0000000080006028                __printf
                0x00000000800066bc                printfinit
 .text          0x0000000080006704      0x344 ./lib/hw.lib(uart.o)
                0x0000000080006704                uartinit
                0x0000000080006748                uartputc
                0x0000000080006840                uartputc_sync
                0x0000000080006884                uartstart
                0x00000000800068f8                uartgetc
                0x0000000080006930                uartintr
 .text          0x0000000080006a48      0x290 ./lib/hw.lib(kalloc.o)
                0x0000000080006a48                kinit
                0x0000000080006b20                freerange
                0x0000000080006c00                kfree
                0x0000000080006c80                kalloc
 .text          0x0000000080006cd8      0x3e0 ./lib/hw.lib(spinlock.o)
                0x0000000080006cd8                initlock
                0x0000000080006cfc                acquire
                0x0000000080006dc8                release
                0x0000000080006e90                holding
                0x0000000080006edc                push_off
                0x0000000080006f50                pop_off
                0x0000000080006fcc                push_on
                0x0000000080007040                pop_on
 .text          0x00000000800070b8      0x394 ./lib/hw.lib(string.o)
                0x00000000800070b8                __memset
                0x00000000800072d4                __memmove
                0x0000000080008000                . = ALIGN (0x1000)
 *fill*         0x000000008000744c      0xbb4 
                0x0000000080008000                PROVIDE (kernelTextEnd = .)

.rodata         0x0000000080008000      0x7c7
                0x0000000080008000                . = ALIGN (0x10)
 EXCLUDE_FILE(build/src/user/*) *(.srodata .srodata.*)
 .srodata       0x0000000080008000       0x18 ./lib/hw.lib(hw.o)
                0x0000000080008000                CONSOLE_RX_DATA
                0x0000000080008008                CONSOLE_TX_DATA
                0x0000000080008010                CONSOLE_STATUS
                0x0000000080008020                . = ALIGN (0x10)
 *fill*         0x0000000080008018        0x8 
 EXCLUDE_FILE(build/src/user/*) *(.rodata .rodata.*)
 .rodata.str1.8
                0x0000000080008020       0x4d build/src/kernel/system.o
                                         0x5d (size before relaxing)
 *fill*         0x000000008000806d        0x3 
 .rodata.str1.8
                0x0000000080008070        0xa build/src/kernel/scb.o
 *fill*         0x000000008000807a        0x6 
 .rodata.str1.8
                0x0000000080008080        0x3 build/src/kernel/buddy_allocator.o
                                         0x12 (size before relaxing)
 *fill*         0x0000000080008083        0x5 
 .rodata.str1.8
                0x0000000080008088        0xa build/src/kernel/tcb.o
 *fill*         0x0000000080008092        0x6 
 .rodata.str1.8
                0x0000000080008098       0x82 build/src/kernel/memory_allocator.o
 *fill*         0x000000008000811a        0x6 
 .rodata.str1.8
                0x0000000080008120       0x11 build/src/kernel/console_util.o
 *fill*         0x0000000080008131        0x7 
 .rodata.str1.8
                0x0000000080008138       0x6b build/src/kernel/riscv.o
                                         0x73 (size before relaxing)
 *fill*         0x00000000800081a3        0x1 
 .rodata        0x00000000800081a4      0x188 build/src/kernel/riscv.o
 .rodata.str1.8
                0x000000008000832c        0x2 build/src/kernel/scheduler.o
 *fill*         0x000000008000832c        0x4 
 .rodata.str1.8
                0x0000000080008330      0x2c4 build/src/kernel/slab_allocator.o
                                        0x2dc (size before relaxing)
 *fill*         0x00000000800085f4        0x4 
 .rodata.str1.8
                0x00000000800085f8       0x51 ./lib/hw.lib(main.o)
                                         0x59 (size before relaxing)
 *fill*         0x0000000080008649        0x7 
 .rodata.str1.8
                0x0000000080008650       0x4b ./lib/hw.lib(proc.o)
 *fill*         0x000000008000869b        0x5 
 .rodata.str1.8
                0x00000000800086a0       0x7b ./lib/hw.lib(trap.o)
 *fill*         0x000000008000871b        0x5 
 .rodata.str1.8
                0x0000000080008720        0x5 ./lib/hw.lib(console.o)
 *fill*         0x0000000080008725        0x3 
 .rodata.str1.8
                0x0000000080008728       0x23 ./lib/hw.lib(printf.o)
                                         0x2b (size before relaxing)
 *fill*         0x000000008000874b        0x5 
 .rodata        0x0000000080008750       0x11 ./lib/hw.lib(printf.o)
 *fill*         0x0000000080008761        0x7 
 .rodata.str1.8
                0x0000000080008768        0x6 ./lib/hw.lib(kalloc.o)
 *fill*         0x000000008000876e        0x2 
 .rodata.str1.8
                0x0000000080008770       0x57 ./lib/hw.lib(spinlock.o)

.eh_frame       0x00000000800087c8     0x23e0
 .eh_frame      0x00000000800087c8      0x188 build/src/kernel/system.o
 .eh_frame      0x0000000080008950      0x200 build/src/kernel/scb.o
                                        0x210 (size before relaxing)
 .eh_frame      0x0000000080008b50      0x188 build/src/kernel/buddy_allocator.o
                                        0x198 (size before relaxing)
 .eh_frame      0x0000000080008cd8       0x28 build/src/kernel/main.o
                                         0x40 (size before relaxing)
 .eh_frame      0x0000000080008d00      0x1c0 build/src/kernel/tcb.o
                                        0x1f0 (size before relaxing)
 .eh_frame      0x0000000080008ec0       0xf8 build/src/kernel/memory_allocator.o
                                        0x108 (size before relaxing)
 .eh_frame      0x0000000080008fb8      0x198 build/src/kernel/console_util.o
                                        0x1c8 (size before relaxing)
 .eh_frame      0x0000000080009150      0x660 build/src/kernel/riscv.o
                                        0x690 (size before relaxing)
 .eh_frame      0x00000000800097b0       0x50 build/src/kernel/utility.o
                                         0x68 (size before relaxing)
 .eh_frame      0x0000000080009800      0x120 build/src/kernel/scheduler.o
                                        0x130 (size before relaxing)
 .eh_frame      0x0000000080009920      0x190 build/src/kernel/slab.o
                                        0x1a8 (size before relaxing)
 .eh_frame      0x0000000080009ab0      0x348 build/src/kernel/slab_allocator.o
                                        0x360 (size before relaxing)
 .eh_frame      0x0000000080009df8      0x270 build/src/user/syscall_c.o
                                        0x280 (size before relaxing)
 .eh_frame      0x000000008000a068       0x28 build/src/user/_semaphore.o
                                         0x40 (size before relaxing)
 .eh_frame      0x000000008000a090       0x28 build/src/user/_thread.o
                                         0x40 (size before relaxing)
 .eh_frame      0x000000008000a0b8      0x100 build/src/user/tests/buffer_CPP_API.o
                                        0x130 (size before relaxing)
 .eh_frame      0x000000008000a1b8      0x408 build/src/user/tests/userMain.o
                                        0x438 (size before relaxing)
 .eh_frame      0x000000008000a5c0       0xf8 build/src/user/tests/buffer.o
                                        0x128 (size before relaxing)
 .eh_frame      0x000000008000a6b8       0xc0 build/src/user/printing.o
                                         0xd0 (size before relaxing)
 .eh_frame      0x000000008000a778      0x3e0 build/src/user/syscall_cpp.o
                                        0x410 (size before relaxing)
 .eh_frame      0x000000008000ab58       0x50 build/src/user/user_wrappers.o
                                         0x68 (size before relaxing)

.gcc_except_table
                0x000000008000aba8      0x2d1
 .gcc_except_table
                0x000000008000aba8        0x4 build/src/kernel/scb.o
 .gcc_except_table
                0x000000008000abac        0x4 build/src/kernel/tcb.o
 .gcc_except_table
                0x000000008000abb0       0x5f build/src/kernel/console_util.o
 .gcc_except_table
                0x000000008000ac0f       0xc6 build/src/kernel/riscv.o
 .gcc_except_table
                0x000000008000acd5       0xa5 build/src/user/tests/buffer_CPP_API.o
 .gcc_except_table
                0x000000008000ad7a       0xf3 build/src/user/tests/userMain.o
 .gcc_except_table
                0x000000008000ae6d        0x4 build/src/user/tests/buffer.o
 .gcc_except_table
                0x000000008000ae71        0x8 build/src/user/syscall_cpp.o

.gcc_except_table._ZN10ForkThread3runEv
                0x000000008000ae79       0x2b
 .gcc_except_table._ZN10ForkThread3runEv
                0x000000008000ae79       0x2b build/src/user/tests/userMain.o

.rela.dyn       0x000000008000aea8        0x0
 .rela.got      0x000000008000aea8        0x0 build/src/kernel/supervisorTrap.o
 .rela.text     0x000000008000aea8        0x0 build/src/kernel/supervisorTrap.o
 .rela.text._ZN19ConsumerProducerCPP8ConsumerD2Ev
                0x000000008000aea8        0x0 build/src/kernel/supervisorTrap.o
 .rela.text._ZN19ConsumerProducerCPP8ConsumerD0Ev
                0x000000008000aea8        0x0 build/src/kernel/supervisorTrap.o
 .rela.text._ZN19ConsumerProducerCPP16ProducerKeyboradD2Ev
                0x000000008000aea8        0x0 build/src/kernel/supervisorTrap.o
 .rela.text._ZN19ConsumerProducerCPP16ProducerKeyboradD0Ev
                0x000000008000aea8        0x0 build/src/kernel/supervisorTrap.o
 .rela.text._ZN19ConsumerProducerCPP8ProducerD2Ev
                0x000000008000aea8        0x0 build/src/kernel/supervisorTrap.o
 .rela.text._ZN19ConsumerProducerCPP8ProducerD0Ev
                0x000000008000aea8        0x0 build/src/kernel/supervisorTrap.o
 .rela.text._ZN10ForkThreadD2Ev
                0x000000008000aea8        0x0 build/src/kernel/supervisorTrap.o
 .rela.text._ZN10ForkThreadD0Ev
                0x000000008000aea8        0x0 build/src/kernel/supervisorTrap.o
 .rela.text._ZN10ForkThread3runEv
                0x000000008000aea8        0x0 build/src/kernel/supervisorTrap.o
 .rela.data.rel.ro.local._ZTVN19ConsumerProducerCPP16ProducerKeyboradE
                0x000000008000aea8        0x0 build/src/kernel/supervisorTrap.o
 .rela.data.rel.ro.local._ZTVN19ConsumerProducerCPP8ProducerE
                0x000000008000aea8        0x0 build/src/kernel/supervisorTrap.o
 .rela.data.rel.ro.local._ZTVN19ConsumerProducerCPP8ConsumerE
                0x000000008000aea8        0x0 build/src/kernel/supervisorTrap.o
 .rela.data.rel.ro.local._ZTV10ForkThread
                0x000000008000aea8        0x0 build/src/kernel/supervisorTrap.o
 .rela.text._ZN14PeriodicThreadD2Ev
                0x000000008000aea8        0x0 build/src/kernel/supervisorTrap.o
 .rela.text._ZN14PeriodicThreadD0Ev
                0x000000008000aea8        0x0 build/src/kernel/supervisorTrap.o
 .rela.data.rel.ro.local._ZTV14PeriodicThread
                0x000000008000aea8        0x0 build/src/kernel/supervisorTrap.o
 .rela.data.rel.ro.local._ZTV6Thread
                0x000000008000aea8        0x0 build/src/kernel/supervisorTrap.o
 .rela.sdata    0x000000008000aea8        0x0 build/src/kernel/supervisorTrap.o

.data           0x000000008000aea8       0xc0
                0x000000008000aeb0                . = ALIGN (0x10)
 *fill*         0x000000008000aea8        0x8 
 EXCLUDE_FILE(build/src/user/*) *(.sdata .sdata.*)
 .sdata         0x000000008000aeb0       0x10 ./lib/hw.lib(hw.o)
                0x000000008000aeb0                HEAP_END_ADDR
                0x000000008000aeb8                HEAP_START_ADDR
                0x000000008000aec0                . = ALIGN (0x10)
 EXCLUDE_FILE(build/src/user/*) *(.data .data.*)
 .data          0x000000008000aec0        0x0 build/src/kernel/supervisorTrap.o
 .data          0x000000008000aec0        0x0 build/src/kernel/contextSwitch.o
 .data          0x000000008000aec0        0x0 build/src/kernel/system.o
 .data.rel.ro.local
                0x000000008000aec0       0x28 build/src/kernel/system.o
 .data          0x000000008000aee8        0x0 build/src/kernel/scb.o
 .data.rel.local.DW.ref.__gxx_personality_v0
                0x000000008000aee8        0x8 build/src/kernel/scb.o
                0x000000008000aee8                DW.ref.__gxx_personality_v0
 .data          0x000000008000aef0        0x8 build/src/kernel/buddy_allocator.o
                0x000000008000aef0                Buddy::BLOCKS_AVAILABLE
 .data          0x000000008000aef8        0x0 build/src/kernel/main.o
 .data          0x000000008000aef8        0x0 build/src/kernel/tcb.o
 .data          0x000000008000aef8        0x0 build/src/kernel/memory_allocator.o
 .data          0x000000008000aef8        0x8 build/src/kernel/console_util.o
                0x000000008000aef8                ConsoleUtil::bufferSize
 .data          0x000000008000af00        0x0 build/src/kernel/riscv.o
 .data          0x000000008000af00        0x0 build/src/kernel/utility.o
 .data          0x000000008000af00        0x0 build/src/kernel/scheduler.o
 .data          0x000000008000af00        0x0 build/src/kernel/slab.o
 .data          0x000000008000af00        0x0 build/src/kernel/slab_allocator.o
 .data.rel.local
                0x000000008000af00       0x68 build/src/kernel/slab_allocator.o
                0x000000008000af00                SlabAllocator::names
 .data          0x000000008000af68        0x0 ./lib/hw.lib(entry.o)
 .data          0x000000008000af68        0x0 ./lib/hw.lib(start.o)
 .data          0x000000008000af68        0x0 ./lib/hw.lib(main.o)
 .data          0x000000008000af68        0x0 ./lib/hw.lib(proc.o)
 .data          0x000000008000af68        0x0 ./lib/hw.lib(trap.o)
 .data          0x000000008000af68        0x0 ./lib/hw.lib(kernelvec.o)
 .data          0x000000008000af68        0x0 ./lib/hw.lib(plic.o)
 .data          0x000000008000af68        0x0 ./lib/hw.lib(support_cpp.o)
 .data          0x000000008000af68        0x0 ./lib/hw.lib(hw.o)
 .data          0x000000008000af68        0x0 ./lib/hw.lib(console.o)
 .data          0x000000008000af68        0x0 ./lib/hw.lib(printf.o)
 .data          0x000000008000af68        0x0 ./lib/hw.lib(uart.o)
 .data          0x000000008000af68        0x0 ./lib/hw.lib(kalloc.o)
 .data          0x000000008000af68        0x0 ./lib/hw.lib(spinlock.o)
 .data          0x000000008000af68        0x0 ./lib/hw.lib(string.o)

.got            0x000000008000af68       0xe8
 .got           0x000000008000af68       0xe8 build/src/kernel/supervisorTrap.o
                0x000000008000af68                _GLOBAL_OFFSET_TABLE_

.got.plt        0x000000008000b050       0x10
 .got.plt       0x000000008000b050       0x10 build/src/kernel/supervisorTrap.o

.init_array     0x000000008000b060        0x8
 .init_array    0x000000008000b060        0x8 build/src/kernel/buddy_allocator.o

.bss            0x000000008000b070     0x14e0
                0x000000008000b070                . = ALIGN (0x10)
 EXCLUDE_FILE(build/src/user/*) *(.sbss .sbss.*)
 .sbss          0x000000008000b070        0x4 ./lib/hw.lib(main.o)
 .sbss          0x000000008000b074        0x4 ./lib/hw.lib(trap.o)
                0x000000008000b074                ticks
 .sbss          0x000000008000b078        0x4 ./lib/hw.lib(printf.o)
                0x000000008000b078                panicked
 *fill*         0x000000008000b07c        0x4 
 .sbss          0x000000008000b080       0x10 ./lib/hw.lib(uart.o)
                0x000000008000b080                uart_tx_r
                0x000000008000b088                uart_tx_w
 .sbss          0x000000008000b090        0x8 ./lib/hw.lib(kalloc.o)
                0x000000008000b090                kmem
                0x000000008000b0a0                . = ALIGN (0x10)
 *fill*         0x000000008000b098        0x8 
 EXCLUDE_FILE(build/src/user/*) *(.bss .bss.*)
 .bss           0x000000008000b0a0        0x0 build/src/kernel/supervisorTrap.o
 .bss           0x000000008000b0a0        0x0 build/src/kernel/contextSwitch.o
 .bss           0x000000008000b0a0        0x1 build/src/kernel/system.o
                0x000000008000b0a0                System::initialized
 *fill*         0x000000008000b0a1        0x7 
 .bss           0x000000008000b0a8        0x8 build/src/kernel/scb.o
                0x000000008000b0a8                SCB::scbCache
 .bss           0x000000008000b0b0       0xe0 build/src/kernel/buddy_allocator.o
                0x000000008000b0b0                Buddy::BUDDY_START_ADDR
                0x000000008000b0b8                Buddy::BUDDY_META_DATA_ADDR
                0x000000008000b0c0                Buddy::tail
                0x000000008000b128                Buddy::head
 .bss           0x000000008000b190        0x0 build/src/kernel/main.o
 .bss           0x000000008000b190       0x30 build/src/kernel/tcb.o
                0x000000008000b190                TCB::running
                0x000000008000b198                TCB::tcbCache
                0x000000008000b1a0                TCB::putcThread
                0x000000008000b1a8                TCB::timeSliceCounter
                0x000000008000b1b0                TCB::currentSP
                0x000000008000b1b8                TCB::currentPC
 .bss           0x000000008000b1c0       0x21 build/src/kernel/memory_allocator.o
                0x000000008000b1c0                MemoryAllocator::freeMemTail
                0x000000008000b1c8                MemoryAllocator::freeMemHead
                0x000000008000b1d0                MemoryAllocator::allocMemTail
                0x000000008000b1d8                MemoryAllocator::allocMemHead
                0x000000008000b1e0                MemoryAllocator::initialized
 *fill*         0x000000008000b1e1        0x7 
 .bss           0x000000008000b1e8       0x50 build/src/kernel/console_util.o
                0x000000008000b1e8                ConsoleUtil::inputSem
                0x000000008000b1f0                ConsoleUtil::outputSem
                0x000000008000b1f8                ConsoleUtil::inputBuffer
                0x000000008000b200                ConsoleUtil::outputBuffer
                0x000000008000b208                ConsoleUtil::inputTail
                0x000000008000b210                ConsoleUtil::inputHead
                0x000000008000b218                ConsoleUtil::pendingPutc
                0x000000008000b220                ConsoleUtil::outputTail
                0x000000008000b228                ConsoleUtil::outputHead
                0x000000008000b230                ConsoleUtil::pendingGetc
 .bss           0x000000008000b238       0x21 build/src/kernel/riscv.o
                0x000000008000b238                RiscV::userMainFinished
                0x000000008000b240                RiscV::globalTime
                0x000000008000b248                RiscV::kPMT
                0x000000008000b250                RiscV::uPMT
                0x000000008000b258                RiscV::initialized
 .bss           0x000000008000b259        0x0 build/src/kernel/utility.o
 *fill*         0x000000008000b259        0x7 
 .bss           0x000000008000b260       0x18 build/src/kernel/scheduler.o
                0x000000008000b260                Scheduler::readyHead
                0x000000008000b268                Scheduler::readyTail
                0x000000008000b270                Scheduler::sleepingHead
 .bss           0x000000008000b278        0x0 build/src/kernel/slab.o
 .bss           0x000000008000b278       0x78 build/src/kernel/slab_allocator.o
                0x000000008000b278                SlabAllocator::largeSlabCache
                0x000000008000b280                SlabAllocator::sizeN
                0x000000008000b2e8                SlabAllocator::cache
 .bss           0x000000008000b2f0        0x0 ./lib/hw.lib(entry.o)
 .bss           0x000000008000b2f0     0x1030 ./lib/hw.lib(start.o)
                0x000000008000b2f0                timer_scratch
                0x000000008000b320                stack0
 .bss           0x000000008000c320        0x0 ./lib/hw.lib(main.o)
 .bss           0x000000008000c320       0x80 ./lib/hw.lib(proc.o)
                0x000000008000c320                cpus
 .bss           0x000000008000c3a0       0x18 ./lib/hw.lib(trap.o)
                0x000000008000c3a0                tickslock
 .bss           0x000000008000c3b8        0x0 ./lib/hw.lib(kernelvec.o)
 .bss           0x000000008000c3b8        0x0 ./lib/hw.lib(plic.o)
 .bss           0x000000008000c3b8       0x10 ./lib/hw.lib(support_cpp.o)
                0x000000008000c3b8                _Unwind_Resume
                0x000000008000c3c0                __gxx_personality_v0
 .bss           0x000000008000c3c8        0x0 ./lib/hw.lib(hw.o)
 .bss           0x000000008000c3c8      0x148 ./lib/hw.lib(console.o)
                0x000000008000c3c8                cons
                0x000000008000c470                devsw
 .bss           0x000000008000c510       0x20 ./lib/hw.lib(printf.o)
 .bss           0x000000008000c530       0x20 ./lib/hw.lib(uart.o)
                0x000000008000c530                uart_tx_buf
 .bss           0x000000008000c550        0x0 ./lib/hw.lib(kalloc.o)
 .bss           0x000000008000c550        0x0 ./lib/hw.lib(spinlock.o)
 .bss           0x000000008000c550        0x0 ./lib/hw.lib(string.o)

.user           0x000000008000c550     0x4ab0
                0x000000008000d000                . = ALIGN (0x1000)
 *fill*         0x000000008000c550      0xab0 
                0x000000008000d000                PROVIDE (userTextStart = .)
 *(.text .text.*)
 .text          0x000000008000d000       0x20 build/src/user/lock.o
                0x000000008000d000                copy_and_swap
 .text          0x000000008000d020      0x37c build/src/user/syscall_c.o
                0x000000008000d020                mem_alloc(unsigned long)
                0x000000008000d050                mem_free(void*)
                0x000000008000d07c                thread_create(_thread**, void (*)(void*), void*)
                0x000000008000d108                thread_exit()
                0x000000008000d130                thread_dispatch()
                0x000000008000d150                thread_attach_body(_thread**, void (*)(void*), void*)
                0x000000008000d1e4                thread_start(_thread*)
                0x000000008000d21c                sem_open(_semaphore**, unsigned int)
                0x000000008000d254                sem_close(_semaphore*)
                0x000000008000d280                sem_wait(_semaphore*)
                0x000000008000d2ac                sem_signal(_semaphore*)
                0x000000008000d2d8                time_sleep(unsigned long)
                0x000000008000d304                getc()
                0x000000008000d32c                putc(char)
                0x000000008000d350                fork()
                0x000000008000d378                tcb_free(void*)
 .text          0x000000008000d39c       0x28 build/src/user/_semaphore.o
                0x000000008000d39c                _semaphore::operator delete(void*)
 .text          0x000000008000d3c4       0x28 build/src/user/_thread.o
                0x000000008000d3c4                _thread::operator delete(void*)
 .text          0x000000008000d3ec      0x408 build/src/user/tests/buffer_CPP_API.o
                0x000000008000d3ec                BufferCPP::BufferCPP(int)
                0x000000008000d3ec                BufferCPP::BufferCPP(int)
                0x000000008000d550                BufferCPP::put(int)
                0x000000008000d5e0                BufferCPP::get()
                0x000000008000d66c                BufferCPP::getCnt()
                0x000000008000d6f4                BufferCPP::~BufferCPP()
                0x000000008000d6f4                BufferCPP::~BufferCPP()
 .text          0x000000008000d7f4      0xb50 build/src/user/tests/userMain.o
                0x000000008000d7f4                workerBodyA(void*)
                0x000000008000d8c0                workerBodyB(void*)
                0x000000008000d994                fibonacci(unsigned long)
                0x000000008000da08                workerBodyC(void*)
                0x000000008000db88                workerBodyD(void*)
                0x000000008000dcd0                Threads_C_API_test()
                0x000000008000ddfc                ConsumerProducerCPP::testConsumerProducer()
                0x000000008000e254                testUser()
                0x000000008000e314                userMain()
 .text._ZN19ConsumerProducerCPP8Consumer3runEv
                0x000000008000e344       0xd0 build/src/user/tests/userMain.o
                0x000000008000e344                ConsumerProducerCPP::Consumer::run()
 .text._ZN19ConsumerProducerCPP8ConsumerD2Ev
                0x000000008000e414       0x34 build/src/user/tests/userMain.o
                0x000000008000e414                ConsumerProducerCPP::Consumer::~Consumer()
                0x000000008000e414                ConsumerProducerCPP::Consumer::~Consumer()
 .text._ZN19ConsumerProducerCPP8ConsumerD0Ev
                0x000000008000e448       0x4c build/src/user/tests/userMain.o
                0x000000008000e448                ConsumerProducerCPP::Consumer::~Consumer()
 .text._ZN19ConsumerProducerCPP16ProducerKeyboradD2Ev
                0x000000008000e494       0x34 build/src/user/tests/userMain.o
                0x000000008000e494                ConsumerProducerCPP::ProducerKeyborad::~ProducerKeyborad()
                0x000000008000e494                ConsumerProducerCPP::ProducerKeyborad::~ProducerKeyborad()
 .text._ZN19ConsumerProducerCPP16ProducerKeyboradD0Ev
                0x000000008000e4c8       0x4c build/src/user/tests/userMain.o
                0x000000008000e4c8                ConsumerProducerCPP::ProducerKeyborad::~ProducerKeyborad()
 .text._ZN19ConsumerProducerCPP8ProducerD2Ev
                0x000000008000e514       0x34 build/src/user/tests/userMain.o
                0x000000008000e514                ConsumerProducerCPP::Producer::~Producer()
                0x000000008000e514                ConsumerProducerCPP::Producer::~Producer()
 .text._ZN19ConsumerProducerCPP8ProducerD0Ev
                0x000000008000e548       0x4c build/src/user/tests/userMain.o
                0x000000008000e548                ConsumerProducerCPP::Producer::~Producer()
 .text._ZN10ForkThreadD2Ev
                0x000000008000e594       0x34 build/src/user/tests/userMain.o
                0x000000008000e594                ForkThread::~ForkThread()
                0x000000008000e594                ForkThread::~ForkThread()
 .text._ZN10ForkThreadD0Ev
                0x000000008000e5c8       0x4c build/src/user/tests/userMain.o
                0x000000008000e5c8                ForkThread::~ForkThread()
 .text._ZN19ConsumerProducerCPP16ProducerKeyborad3runEv
                0x000000008000e614       0x84 build/src/user/tests/userMain.o
                0x000000008000e614                ConsumerProducerCPP::ProducerKeyborad::run()
 .text._ZN19ConsumerProducerCPP8Producer3runEv
                0x000000008000e698       0x94 build/src/user/tests/userMain.o
                0x000000008000e698                ConsumerProducerCPP::Producer::run()
 .text._ZN10ForkThread3runEv
                0x000000008000e72c      0x220 build/src/user/tests/userMain.o
                0x000000008000e72c                ForkThread::run()
 .text          0x000000008000e94c      0x320 build/src/user/tests/buffer.o
                0x000000008000e94c                Buffer::Buffer(int)
                0x000000008000e94c                Buffer::Buffer(int)
                0x000000008000e9e8                Buffer::put(int)
                0x000000008000ea78                Buffer::get()
                0x000000008000eb04                Buffer::getCnt()
                0x000000008000eb8c                Buffer::~Buffer()
                0x000000008000eb8c                Buffer::~Buffer()
 .text          0x000000008000ec6c      0x2ac build/src/user/printing.o
                0x000000008000ec6c                printString(char const*)
                0x000000008000ece8                getString(char*, int)
                0x000000008000edb4                stringToInt(char const*)
                0x000000008000ee04                printInt(int, int, int)
 .text          0x000000008000ef18      0x460 build/src/user/syscall_cpp.o
                0x000000008000ef18                Thread::wrapper(void*)
                0x000000008000ef44                Semaphore::~Semaphore()
                0x000000008000ef44                Semaphore::~Semaphore()
                0x000000008000ef7c                Thread::~Thread()
                0x000000008000ef7c                Thread::~Thread()
                0x000000008000efbc                operator new(unsigned long)
                0x000000008000efe4                operator new[](unsigned long)
                0x000000008000f00c                operator delete(void*)
                0x000000008000f034                Semaphore::~Semaphore()
                0x000000008000f074                Thread::~Thread()
                0x000000008000f0b4                Semaphore::Semaphore(unsigned int)
                0x000000008000f0b4                Semaphore::Semaphore(unsigned int)
                0x000000008000f0ec                Semaphore::wait()
                0x000000008000f118                Semaphore::signal()
                0x000000008000f144                Thread::Thread(void (*)(void*), void*)
                0x000000008000f144                Thread::Thread(void (*)(void*), void*)
                0x000000008000f198                Thread::Thread()
                0x000000008000f198                Thread::Thread()
                0x000000008000f1f8                Thread::sleep(unsigned long)
                0x000000008000f220                PeriodicThread::wrapper(void*)
                0x000000008000f260                Thread::dispatch()
                0x000000008000f288                Thread::start()
                0x000000008000f2b4                PeriodicThread::PeriodicThread(unsigned long)
                0x000000008000f2b4                PeriodicThread::PeriodicThread(unsigned long)
                0x000000008000f328                Console::getc()
                0x000000008000f350                Console::putc(char)
 .text._ZN6Thread3runEv
                0x000000008000f378       0x18 build/src/user/syscall_cpp.o
                0x000000008000f378                Thread::run()
 .text._ZN14PeriodicThread18periodicActivationEv
                0x000000008000f390       0x18 build/src/user/syscall_cpp.o
                0x000000008000f390                PeriodicThread::periodicActivation()
 .text._ZN14PeriodicThreadD2Ev
                0x000000008000f3a8       0x34 build/src/user/syscall_cpp.o
                0x000000008000f3a8                PeriodicThread::~PeriodicThread()
                0x000000008000f3a8                PeriodicThread::~PeriodicThread()
 .text._ZN14PeriodicThreadD0Ev
                0x000000008000f3dc       0x4c build/src/user/syscall_cpp.o
                0x000000008000f3dc                PeriodicThread::~PeriodicThread()
 .text          0x000000008000f428       0x5c build/src/user/user_wrappers.o
                0x000000008000f428                bodyWrapper(void (*)(void*), void*)
                0x000000008000f45c                userMainWrapper(void*)
                0x0000000080010000                . = ALIGN (0x1000)
 *fill*         0x000000008000f484      0xb7c 
                0x0000000080010000                PROVIDE (userDataStart = .)
 *(.srodata .srodata.*)
 *(.rodata .rodata.*)
 .rodata.str1.8
                0x0000000080010000       0x11 build/src/user/tests/buffer_CPP_API.o
 *fill*         0x0000000080010011        0x7 
 .rodata.str1.8
                0x0000000080010018      0x1f4 build/src/user/tests/userMain.o
                                        0x1fc (size before relaxing)
 *fill*         0x000000008001020c        0x4 
 .rodata._ZN10ForkThread3runEv.str1.8
                0x0000000080010210       0x2d build/src/user/tests/userMain.o
 .rodata.str1.8
                0x000000008001023d       0x11 build/src/user/tests/buffer.o
 *(.sdata .sdata.*)
 *(.data .data.*)
 .data          0x000000008001023d        0x0 build/src/user/lock.o
 .data          0x000000008001023d        0x0 build/src/user/syscall_c.o
 .data          0x000000008001023d        0x0 build/src/user/_semaphore.o
 .data          0x000000008001023d        0x0 build/src/user/_thread.o
 .data          0x000000008001023d        0x0 build/src/user/tests/buffer_CPP_API.o
 .data          0x000000008001023d        0x0 build/src/user/tests/userMain.o
 *fill*         0x000000008001023d        0x3 
 .data.rel.ro.local._ZTVN19ConsumerProducerCPP16ProducerKeyboradE
                0x0000000080010240       0x28 build/src/user/tests/userMain.o
                0x0000000080010240                vtable for ConsumerProducerCPP::ProducerKeyborad
 .data.rel.ro.local._ZTVN19ConsumerProducerCPP8ProducerE
                0x0000000080010268       0x28 build/src/user/tests/userMain.o
                0x0000000080010268                vtable for ConsumerProducerCPP::Producer
 .data.rel.ro.local._ZTVN19ConsumerProducerCPP8ConsumerE
                0x0000000080010290       0x28 build/src/user/tests/userMain.o
                0x0000000080010290                vtable for ConsumerProducerCPP::Consumer
 .data.rel.ro.local._ZTV10ForkThread
                0x00000000800102b8       0x28 build/src/user/tests/userMain.o
                0x00000000800102b8                vtable for ForkThread
 .data          0x00000000800102e0        0x0 build/src/user/tests/buffer.o
 .data          0x00000000800102e0       0x11 build/src/user/printing.o
                0x00000000800102e0                digits
 .data          0x00000000800102f1        0x0 build/src/user/syscall_cpp.o
 *fill*         0x00000000800102f1        0x7 
 .data.rel.ro.local._ZTV14PeriodicThread
                0x00000000800102f8       0x30 build/src/user/syscall_cpp.o
                0x00000000800102f8                vtable for PeriodicThread
 .data.rel.ro.local._ZTV9Semaphore
                0x0000000080010328       0x20 build/src/user/syscall_cpp.o
                0x0000000080010328                vtable for Semaphore
 .data.rel.ro.local._ZTV6Thread
                0x0000000080010348       0x28 build/src/user/syscall_cpp.o
                0x0000000080010348                vtable for Thread
 .data          0x0000000080010370        0x0 build/src/user/user_wrappers.o
 *(.sbss .sbss.*)
 *(.bss .bss.*)
 .bss           0x0000000080010370        0x0 build/src/user/lock.o
 .bss           0x0000000080010370        0x0 build/src/user/syscall_c.o
 .bss           0x0000000080010370        0x0 build/src/user/_semaphore.o
 .bss           0x0000000080010370        0x0 build/src/user/_thread.o
 .bss           0x0000000080010370        0x0 build/src/user/tests/buffer_CPP_API.o
 .bss           0x0000000080010370       0x18 build/src/user/tests/userMain.o
                0x0000000080010370                finishedA
                0x0000000080010371                finishedB
                0x0000000080010374                ConsumerProducerCPP::threadEnd
                0x0000000080010378                finishedC
                0x0000000080010379                finishedD
                0x0000000080010380                ConsumerProducerCPP::waitForAll
 .bss           0x0000000080010388        0x0 build/src/user/tests/buffer.o
 .bss           0x0000000080010388        0x8 build/src/user/printing.o
                0x0000000080010388                lockPrint
 .bss           0x0000000080010390        0x0 build/src/user/syscall_cpp.o
 .bss           0x0000000080010390        0x0 build/src/user/user_wrappers.o
                0x0000000080011000                . = ALIGN (0x1000)
 *fill*         0x0000000080010390      0xc70 
                0x0000000080011000                PROVIDE (userDataEnd = .)
                0x0000000080011000                PROVIDE (end = .)
LOAD build/src/kernel/supervisorTrap.o
LOAD build/src/kernel/contextSwitch.o
LOAD build/src/user/lock.o
LOAD build/src/kernel/system.o
LOAD build/src/kernel/scb.o
LOAD build/src/kernel/buddy_allocator.o
LOAD build/src/kernel/main.o
LOAD build/src/kernel/tcb.o
LOAD build/src/kernel/memory_allocator.o
LOAD build/src/kernel/console_util.o
LOAD build/src/kernel/riscv.o
LOAD build/src/kernel/utility.o
LOAD build/src/kernel/scheduler.o
LOAD build/src/kernel/slab.o
LOAD build/src/kernel/slab_allocator.o
LOAD build/src/user/syscall_c.o
LOAD build/src/user/_semaphore.o
LOAD build/src/user/_thread.o
LOAD build/src/user/tests/buffer_CPP_API.o
LOAD build/src/user/tests/userMain.o
LOAD build/src/user/tests/buffer.o
LOAD build/src/user/printing.o
LOAD build/src/user/syscall_cpp.o
LOAD build/src/user/user_wrappers.o
LOAD ./lib/hw.lib
LOAD ./lib/hw.lib
OUTPUT(kernel elf64-littleriscv)

.debug_line     0x0000000000000000     0xa1f0
 .debug_line    0x0000000000000000       0x74 build/src/kernel/supervisorTrap.o
 .debug_line    0x0000000000000074       0x65 build/src/kernel/contextSwitch.o
 .debug_line    0x00000000000000d9       0x6c build/src/user/lock.o
 .debug_line    0x0000000000000145      0x724 build/src/kernel/system.o
 .debug_line    0x0000000000000869      0x4c3 build/src/kernel/scb.o
 .debug_line    0x0000000000000d2c      0x8e9 build/src/kernel/buddy_allocator.o
 .debug_line    0x0000000000001615       0xb4 build/src/kernel/main.o
 .debug_line    0x00000000000016c9      0x4fb build/src/kernel/tcb.o
 .debug_line    0x0000000000001bc4      0xa2a build/src/kernel/memory_allocator.o
 .debug_line    0x00000000000025ee      0x63f build/src/kernel/console_util.o
 .debug_line    0x0000000000002c2d     0x2220 build/src/kernel/riscv.o
 .debug_line    0x0000000000004e4d      0x185 build/src/kernel/utility.o
 .debug_line    0x0000000000004fd2      0x42e build/src/kernel/scheduler.o
 .debug_line    0x0000000000005400      0x21b build/src/kernel/slab.o
 .debug_line    0x000000000000561b     0x1968 build/src/kernel/slab_allocator.o
 .debug_line    0x0000000000006f83      0x843 build/src/user/syscall_c.o
 .debug_line    0x00000000000077c6       0xc6 build/src/user/_semaphore.o
 .debug_line    0x000000000000788c       0xe9 build/src/user/_thread.o
 .debug_line    0x0000000000007975      0x5ab build/src/user/tests/buffer_CPP_API.o
 .debug_line    0x0000000000007f20     0x1480 build/src/user/tests/userMain.o
 .debug_line    0x00000000000093a0      0x4b8 build/src/user/tests/buffer.o
 .debug_line    0x0000000000009858      0x3b4 build/src/user/printing.o
 .debug_line    0x0000000000009c0c      0x4dc build/src/user/syscall_cpp.o
 .debug_line    0x000000000000a0e8      0x108 build/src/user/user_wrappers.o

.debug_info     0x0000000000000000     0xfe0d
 .debug_info    0x0000000000000000       0x2e build/src/kernel/supervisorTrap.o
 .debug_info    0x000000000000002e       0x2e build/src/kernel/contextSwitch.o
 .debug_info    0x000000000000005c       0x2e build/src/user/lock.o
 .debug_info    0x000000000000008a     0x1629 build/src/kernel/system.o
 .debug_info    0x00000000000016b3      0xbd9 build/src/kernel/scb.o
 .debug_info    0x000000000000228c      0x9ec build/src/kernel/buddy_allocator.o
 .debug_info    0x0000000000002c78      0x1a3 build/src/kernel/main.o
 .debug_info    0x0000000000002e1b      0xf6a build/src/kernel/tcb.o
 .debug_info    0x0000000000003d85      0x693 build/src/kernel/memory_allocator.o
 .debug_info    0x0000000000004418      0xd72 build/src/kernel/console_util.o
 .debug_info    0x000000000000518a     0x2cef build/src/kernel/riscv.o
 .debug_info    0x0000000000007e79      0x209 build/src/kernel/utility.o
 .debug_info    0x0000000000008082      0xa1c build/src/kernel/scheduler.o
 .debug_info    0x0000000000008a9e      0x8fc build/src/kernel/slab.o
 .debug_info    0x000000000000939a     0x1abe build/src/kernel/slab_allocator.o
 .debug_info    0x000000000000ae58      0x79e build/src/user/syscall_c.o
 .debug_info    0x000000000000b5f6      0x1c2 build/src/user/_semaphore.o
 .debug_info    0x000000000000b7b8      0x228 build/src/user/_thread.o
 .debug_info    0x000000000000b9e0      0x751 build/src/user/tests/buffer_CPP_API.o
 .debug_info    0x000000000000c131     0x2157 build/src/user/tests/userMain.o
 .debug_info    0x000000000000e288      0x6ae build/src/user/tests/buffer.o
 .debug_info    0x000000000000e936      0x432 build/src/user/printing.o
 .debug_info    0x000000000000ed68      0xed3 build/src/user/syscall_cpp.o
 .debug_info    0x000000000000fc3b      0x1d2 build/src/user/user_wrappers.o

.debug_abbrev   0x0000000000000000     0x39fb
 .debug_abbrev  0x0000000000000000       0x14 build/src/kernel/supervisorTrap.o
 .debug_abbrev  0x0000000000000014       0x14 build/src/kernel/contextSwitch.o
 .debug_abbrev  0x0000000000000028       0x14 build/src/user/lock.o
 .debug_abbrev  0x000000000000003c      0x42e build/src/kernel/system.o
 .debug_abbrev  0x000000000000046a      0x3ac build/src/kernel/scb.o
 .debug_abbrev  0x0000000000000816      0x324 build/src/kernel/buddy_allocator.o
 .debug_abbrev  0x0000000000000b3a       0xc6 build/src/kernel/main.o
 .debug_abbrev  0x0000000000000c00      0x3ac build/src/kernel/tcb.o
 .debug_abbrev  0x0000000000000fac      0x265 build/src/kernel/memory_allocator.o
 .debug_abbrev  0x0000000000001211      0x311 build/src/kernel/console_util.o
 .debug_abbrev  0x0000000000001522      0x576 build/src/kernel/riscv.o
 .debug_abbrev  0x0000000000001a98       0xf1 build/src/kernel/utility.o
 .debug_abbrev  0x0000000000001b89      0x30f build/src/kernel/scheduler.o
 .debug_abbrev  0x0000000000001e98      0x1fb build/src/kernel/slab.o
 .debug_abbrev  0x0000000000002093      0x43b build/src/kernel/slab_allocator.o
 .debug_abbrev  0x00000000000024ce      0x205 build/src/user/syscall_c.o
 .debug_abbrev  0x00000000000026d3      0x128 build/src/user/_semaphore.o
 .debug_abbrev  0x00000000000027fb      0x145 build/src/user/_thread.o
 .debug_abbrev  0x0000000000002940      0x2a2 build/src/user/tests/buffer_CPP_API.o
 .debug_abbrev  0x0000000000002be2      0x49e build/src/user/tests/userMain.o
 .debug_abbrev  0x0000000000003080      0x279 build/src/user/tests/buffer.o
 .debug_abbrev  0x00000000000032f9      0x168 build/src/user/printing.o
 .debug_abbrev  0x0000000000003461      0x4a8 build/src/user/syscall_cpp.o
 .debug_abbrev  0x0000000000003909       0xf2 build/src/user/user_wrappers.o

.debug_aranges  0x0000000000000000      0x580
 .debug_aranges
                0x0000000000000000       0x30 build/src/kernel/supervisorTrap.o
 .debug_aranges
                0x0000000000000030       0x30 build/src/kernel/contextSwitch.o
 .debug_aranges
                0x0000000000000060       0x30 build/src/user/lock.o
 .debug_aranges
                0x0000000000000090       0x30 build/src/kernel/system.o
 .debug_aranges
                0x00000000000000c0       0x30 build/src/kernel/scb.o
 .debug_aranges
                0x00000000000000f0       0x30 build/src/kernel/buddy_allocator.o
 .debug_aranges
                0x0000000000000120       0x30 build/src/kernel/main.o
 .debug_aranges
                0x0000000000000150       0x30 build/src/kernel/tcb.o
 .debug_aranges
                0x0000000000000180       0x30 build/src/kernel/memory_allocator.o
 .debug_aranges
                0x00000000000001b0       0x30 build/src/kernel/console_util.o
 .debug_aranges
                0x00000000000001e0       0x30 build/src/kernel/riscv.o
 .debug_aranges
                0x0000000000000210       0x30 build/src/kernel/utility.o
 .debug_aranges
                0x0000000000000240       0x30 build/src/kernel/scheduler.o
 .debug_aranges
                0x0000000000000270       0x30 build/src/kernel/slab.o
 .debug_aranges
                0x00000000000002a0       0x30 build/src/kernel/slab_allocator.o
 .debug_aranges
                0x00000000000002d0       0x30 build/src/user/syscall_c.o
 .debug_aranges
                0x0000000000000300       0x30 build/src/user/_semaphore.o
 .debug_aranges
                0x0000000000000330       0x30 build/src/user/_thread.o
 .debug_aranges
                0x0000000000000360       0x30 build/src/user/tests/buffer_CPP_API.o
 .debug_aranges
                0x0000000000000390       0xf0 build/src/user/tests/userMain.o
 .debug_aranges
                0x0000000000000480       0x30 build/src/user/tests/buffer.o
 .debug_aranges
                0x00000000000004b0       0x30 build/src/user/printing.o
 .debug_aranges
                0x00000000000004e0       0x70 build/src/user/syscall_cpp.o
 .debug_aranges
                0x0000000000000550       0x30 build/src/user/user_wrappers.o

.debug_str      0x0000000000000000     0x376b
 .debug_str     0x0000000000000000       0x59 build/src/kernel/supervisorTrap.o
 .debug_str     0x0000000000000059       0x1b build/src/kernel/contextSwitch.o
                                         0x58 (size before relaxing)
 .debug_str     0x0000000000000074       0x10 build/src/user/lock.o
                                         0x4d (size before relaxing)
 .debug_str     0x0000000000000084     0x191d build/src/kernel/system.o
                                       0x19b4 (size before relaxing)
 .debug_str     0x00000000000019a1      0x249 build/src/kernel/scb.o
                                        0x877 (size before relaxing)
 .debug_str     0x0000000000001bea      0x299 build/src/kernel/buddy_allocator.o
                                        0x734 (size before relaxing)
 .debug_str     0x0000000000001e83       0x19 build/src/kernel/main.o
                                        0x26a (size before relaxing)
 .debug_str     0x0000000000001e9c       0xb9 build/src/kernel/tcb.o
                                       0x12f9 (size before relaxing)
 .debug_str     0x0000000000001f55      0x28e build/src/kernel/memory_allocator.o
                                        0x537 (size before relaxing)
 .debug_str     0x00000000000021e3      0x1a1 build/src/kernel/console_util.o
                                        0xa1c (size before relaxing)
 .debug_str     0x0000000000002384      0x1c1 build/src/kernel/riscv.o
                                       0x1952 (size before relaxing)
 .debug_str     0x0000000000002545       0x48 build/src/kernel/utility.o
                                        0x294 (size before relaxing)
 .debug_str     0x000000000000258d       0x68 build/src/kernel/scheduler.o
                                        0x8ea (size before relaxing)
 .debug_str     0x00000000000025f5       0x82 build/src/kernel/slab.o
                                        0x9ad (size before relaxing)
 .debug_str     0x0000000000002677       0xe3 build/src/kernel/slab_allocator.o
                                        0xc53 (size before relaxing)
 .debug_str     0x000000000000275a      0x24a build/src/user/syscall_c.o
                                        0x523 (size before relaxing)
 .debug_str     0x00000000000029a4       0x18 build/src/user/_semaphore.o
                                        0x2aa (size before relaxing)
 .debug_str     0x00000000000029bc       0x15 build/src/user/_thread.o
                                        0x2cd (size before relaxing)
 .debug_str     0x00000000000029d1      0x15f build/src/user/tests/buffer_CPP_API.o
                                        0x442 (size before relaxing)
 .debug_str     0x0000000000002b30      0x838 build/src/user/tests/userMain.o
                                        0xd42 (size before relaxing)
 .debug_str     0x0000000000003368       0x94 build/src/user/tests/buffer.o
                                        0x453 (size before relaxing)
 .debug_str     0x00000000000033fc       0x2e build/src/user/printing.o
                                        0x2e0 (size before relaxing)
 .debug_str     0x000000000000342a      0x2dc build/src/user/syscall_cpp.o
                                        0x833 (size before relaxing)
 .debug_str     0x0000000000003706       0x65 build/src/user/user_wrappers.o
                                        0x2ab (size before relaxing)

.debug_loc      0x0000000000000000     0x7991
 .debug_loc     0x0000000000000000      0x45e build/src/kernel/system.o
 .debug_loc     0x000000000000045e      0x325 build/src/kernel/scb.o
 .debug_loc     0x0000000000000783      0x8b1 build/src/kernel/buddy_allocator.o
 .debug_loc     0x0000000000001034      0x293 build/src/kernel/tcb.o
 .debug_loc     0x00000000000012c7      0x600 build/src/kernel/memory_allocator.o
 .debug_loc     0x00000000000018c7      0x456 build/src/kernel/console_util.o
 .debug_loc     0x0000000000001d1d     0x16a9 build/src/kernel/riscv.o
 .debug_loc     0x00000000000033c6      0x15f build/src/kernel/utility.o
 .debug_loc     0x0000000000003525      0x15c build/src/kernel/scheduler.o
 .debug_loc     0x0000000000003681      0x355 build/src/kernel/slab.o
 .debug_loc     0x00000000000039d6     0x11e3 build/src/kernel/slab_allocator.o
 .debug_loc     0x0000000000004bb9      0xbda build/src/user/syscall_c.o
 .debug_loc     0x0000000000005793       0x39 build/src/user/_semaphore.o
 .debug_loc     0x00000000000057cc       0x39 build/src/user/_thread.o
 .debug_loc     0x0000000000005805      0x322 build/src/user/tests/buffer_CPP_API.o
 .debug_loc     0x0000000000005b27     0x10c4 build/src/user/tests/userMain.o
 .debug_loc     0x0000000000006beb      0x27e build/src/user/tests/buffer.o
 .debug_loc     0x0000000000006e69      0x37a build/src/user/printing.o
 .debug_loc     0x00000000000071e3      0x6f0 build/src/user/syscall_cpp.o
 .debug_loc     0x00000000000078d3       0xbe build/src/user/user_wrappers.o

.debug_ranges   0x0000000000000000      0x750
 .debug_ranges  0x0000000000000000       0x60 build/src/kernel/system.o
 .debug_ranges  0x0000000000000060       0xd0 build/src/kernel/buddy_allocator.o
 .debug_ranges  0x0000000000000130       0x60 build/src/kernel/memory_allocator.o
 .debug_ranges  0x0000000000000190      0x110 build/src/kernel/riscv.o
 .debug_ranges  0x00000000000002a0      0x190 build/src/kernel/slab_allocator.o
 .debug_ranges  0x0000000000000430      0x260 build/src/user/tests/userMain.o
 .debug_ranges  0x0000000000000690       0xc0 build/src/user/syscall_cpp.o

.comment        0x0000000000000000       0x53
 .comment       0x0000000000000000       0x29 build/src/kernel/system.o
                                         0x2a (size before relaxing)
 .comment       0x0000000000000029       0x2a build/src/kernel/scb.o
 .comment       0x0000000000000029       0x2a build/src/kernel/buddy_allocator.o
 .comment       0x0000000000000029       0x2a build/src/kernel/main.o
 .comment       0x0000000000000029       0x2a build/src/kernel/tcb.o
 .comment       0x0000000000000029       0x2a build/src/kernel/memory_allocator.o
 .comment       0x0000000000000029       0x2a build/src/kernel/console_util.o
 .comment       0x0000000000000029       0x2a build/src/kernel/riscv.o
 .comment       0x0000000000000029       0x2a build/src/kernel/utility.o
 .comment       0x0000000000000029       0x2a build/src/kernel/scheduler.o
 .comment       0x0000000000000029       0x2a build/src/kernel/slab.o
 .comment       0x0000000000000029       0x2a build/src/kernel/slab_allocator.o
 .comment       0x0000000000000029       0x2a build/src/user/syscall_c.o
 .comment       0x0000000000000029       0x2a build/src/user/_semaphore.o
 .comment       0x0000000000000029       0x2a build/src/user/_thread.o
 .comment       0x0000000000000029       0x2a build/src/user/tests/buffer_CPP_API.o
 .comment       0x0000000000000029       0x2a build/src/user/tests/userMain.o
 .comment       0x0000000000000029       0x2a build/src/user/tests/buffer.o
 .comment       0x0000000000000029       0x2a build/src/user/printing.o
 .comment       0x0000000000000029       0x2a build/src/user/syscall_cpp.o
 .comment       0x0000000000000029       0x2a build/src/user/user_wrappers.o
 .comment       0x0000000000000029       0x2a ./lib/hw.lib(start.o)
                                         0x2b (size before relaxing)
 .comment       0x0000000000000053       0x2b ./lib/hw.lib(main.o)
 .comment       0x0000000000000053       0x2b ./lib/hw.lib(proc.o)
 .comment       0x0000000000000053       0x2b ./lib/hw.lib(trap.o)
 .comment       0x0000000000000053       0x2b ./lib/hw.lib(plic.o)
 .comment       0x0000000000000053       0x2b ./lib/hw.lib(support_cpp.o)
 .comment       0x0000000000000053       0x2b ./lib/hw.lib(hw.o)
 .comment       0x0000000000000053       0x2b ./lib/hw.lib(console.o)
 .comment       0x0000000000000053       0x2b ./lib/hw.lib(printf.o)
 .comment       0x0000000000000053       0x2b ./lib/hw.lib(uart.o)
 .comment       0x0000000000000053       0x2b ./lib/hw.lib(kalloc.o)
 .comment       0x0000000000000053       0x2b ./lib/hw.lib(spinlock.o)
 .comment       0x0000000000000053       0x2b ./lib/hw.lib(string.o)

.note.GNU-stack
                0x0000000000000000        0x0
 .note.GNU-stack
                0x0000000000000000        0x0 build/src/kernel/system.o
 .note.GNU-stack
                0x0000000000000000        0x0 build/src/kernel/scb.o
 .note.GNU-stack
                0x0000000000000000        0x0 build/src/kernel/buddy_allocator.o
 .note.GNU-stack
                0x0000000000000000        0x0 build/src/kernel/main.o
 .note.GNU-stack
                0x0000000000000000        0x0 build/src/kernel/tcb.o
 .note.GNU-stack
                0x0000000000000000        0x0 build/src/kernel/memory_allocator.o
 .note.GNU-stack
                0x0000000000000000        0x0 build/src/kernel/console_util.o
 .note.GNU-stack
                0x0000000000000000        0x0 build/src/kernel/riscv.o
 .note.GNU-stack
                0x0000000000000000        0x0 build/src/kernel/utility.o
 .note.GNU-stack
                0x0000000000000000        0x0 build/src/kernel/scheduler.o
 .note.GNU-stack
                0x0000000000000000        0x0 build/src/kernel/slab.o
 .note.GNU-stack
                0x0000000000000000        0x0 build/src/kernel/slab_allocator.o
 .note.GNU-stack
                0x0000000000000000        0x0 build/src/user/syscall_c.o
 .note.GNU-stack
                0x0000000000000000        0x0 build/src/user/_semaphore.o
 .note.GNU-stack
                0x0000000000000000        0x0 build/src/user/_thread.o
 .note.GNU-stack
                0x0000000000000000        0x0 build/src/user/tests/buffer_CPP_API.o
 .note.GNU-stack
                0x0000000000000000        0x0 build/src/user/tests/userMain.o
 .note.GNU-stack
                0x0000000000000000        0x0 build/src/user/tests/buffer.o
 .note.GNU-stack
                0x0000000000000000        0x0 build/src/user/printing.o
 .note.GNU-stack
                0x0000000000000000        0x0 build/src/user/syscall_cpp.o
 .note.GNU-stack
                0x0000000000000000        0x0 build/src/user/user_wrappers.o
 .note.GNU-stack
                0x0000000000000000        0x0 ./lib/hw.lib(start.o)
 .note.GNU-stack
                0x0000000000000000        0x0 ./lib/hw.lib(main.o)
 .note.GNU-stack
                0x0000000000000000        0x0 ./lib/hw.lib(proc.o)
 .note.GNU-stack
                0x0000000000000000        0x0 ./lib/hw.lib(trap.o)
 .note.GNU-stack
                0x0000000000000000        0x0 ./lib/hw.lib(plic.o)
 .note.GNU-stack
                0x0000000000000000        0x0 ./lib/hw.lib(support_cpp.o)
 .note.GNU-stack
                0x0000000000000000        0x0 ./lib/hw.lib(hw.o)
 .note.GNU-stack
                0x0000000000000000        0x0 ./lib/hw.lib(console.o)
 .note.GNU-stack
                0x0000000000000000        0x0 ./lib/hw.lib(printf.o)
 .note.GNU-stack
                0x0000000000000000        0x0 ./lib/hw.lib(uart.o)
 .note.GNU-stack
                0x0000000000000000        0x0 ./lib/hw.lib(kalloc.o)
 .note.GNU-stack
                0x0000000000000000        0x0 ./lib/hw.lib(spinlock.o)
 .note.GNU-stack
                0x0000000000000000        0x0 ./lib/hw.lib(string.o)
