Archive member included to satisfy reference by file (symbol)

./lib/hw.lib(entry.o)         (_entry)
./lib/hw.lib(start.o)         ./lib/hw.lib(entry.o) (start)
./lib/hw.lib(main.o)          ./lib/hw.lib(start.o) (system_main)
./lib/hw.lib(proc.o)          ./lib/hw.lib(main.o) (cpuid)
./lib/hw.lib(trap.o)          ./lib/hw.lib(main.o) (trapinit)
./lib/hw.lib(kernelvec.o)     ./lib/hw.lib(trap.o) (kernelvec)
./lib/hw.lib(plic.o)          ./lib/hw.lib(main.o) (plicinit)
./lib/hw.lib(support_cpp.o)   build/src/kernel/riscv.o (_Unwind_Resume)
./lib/hw.lib(hw.o)            build/src/kernel/riscv.o (CONSOLE_RX_DATA)
./lib/hw.lib(console.o)       ./lib/hw.lib(main.o) (consoleinit)
./lib/hw.lib(printf.o)        ./lib/hw.lib(main.o) (panic)
./lib/hw.lib(uart.o)          ./lib/hw.lib(console.o) (uartinit)
./lib/hw.lib(kalloc.o)        ./lib/hw.lib(main.o) (kinit)
./lib/hw.lib(spinlock.o)      ./lib/hw.lib(trap.o) (initlock)
./lib/hw.lib(string.o)        ./lib/hw.lib(kalloc.o) (__memset)

Discarded input sections

 .group         0x0000000000000000        0xc build/src/kernel/scb.o
 .group         0x0000000000000000        0xc build/src/kernel/tcb.o
 .data.rel.local.DW.ref.__gxx_personality_v0
                0x0000000000000000        0x8 build/src/kernel/tcb.o
 .group         0x0000000000000000        0xc build/src/kernel/riscv.o
 .data.rel.local.DW.ref.__gxx_personality_v0
                0x0000000000000000        0x8 build/src/kernel/riscv.o
 .group         0x0000000000000000        0xc build/src/kernel/consoleUtil.o
 .data.rel.local.DW.ref.__gxx_personality_v0
                0x0000000000000000        0x8 build/src/kernel/consoleUtil.o
 .group         0x0000000000000000        0xc build/src/user/tests/buffer_CPP_API.o
 .data.rel.local.DW.ref.__gxx_personality_v0
                0x0000000000000000        0x8 build/src/user/tests/buffer_CPP_API.o
 .group         0x0000000000000000        0xc build/src/user/tests/userMain.o
 .group         0x0000000000000000       0x14 build/src/user/tests/userMain.o
 .group         0x0000000000000000       0x14 build/src/user/tests/userMain.o
 .group         0x0000000000000000       0x14 build/src/user/tests/userMain.o
 .group         0x0000000000000000       0x14 build/src/user/tests/userMain.o
 .group         0x0000000000000000        0xc build/src/user/tests/userMain.o
 .group         0x0000000000000000        0xc build/src/user/tests/userMain.o
 .group         0x0000000000000000       0x14 build/src/user/tests/userMain.o
 .group         0x0000000000000000        0xc build/src/user/tests/userMain.o
 .group         0x0000000000000000        0xc build/src/user/tests/userMain.o
 .group         0x0000000000000000        0xc build/src/user/tests/userMain.o
 .group         0x0000000000000000        0xc build/src/user/tests/userMain.o
 .group         0x0000000000000000        0xc build/src/user/tests/userMain.o
 .data.rel.local.DW.ref.__gxx_personality_v0
                0x0000000000000000        0x8 build/src/user/tests/userMain.o
 .group         0x0000000000000000        0xc build/src/user/tests/buffer.o
 .data.rel.local.DW.ref.__gxx_personality_v0
                0x0000000000000000        0x8 build/src/user/tests/buffer.o
 .group         0x0000000000000000        0x8 build/src/user/syscall_cpp.o
 .group         0x0000000000000000        0x8 build/src/user/syscall_cpp.o
 .group         0x0000000000000000       0x14 build/src/user/syscall_cpp.o
 .group         0x0000000000000000        0xc build/src/user/syscall_cpp.o
 .group         0x0000000000000000        0xc build/src/user/syscall_cpp.o
 .group         0x0000000000000000        0xc build/src/user/syscall_cpp.o
 .group         0x0000000000000000        0xc build/src/user/syscall_cpp.o
 .data.rel.local.DW.ref.__gxx_personality_v0
                0x0000000000000000        0x8 build/src/user/syscall_cpp.o

Memory Configuration

Name             Origin             Length             Attributes
*default*        0x0000000000000000 0xffffffffffffffff

Linker script and memory map

                0x0000000080000000                . = 0x80000000

.text           0x0000000080000000     0x8000
 *(.entry_os)
 .entry_os      0x0000000080000000       0x24 ./lib/hw.lib(entry.o)
                0x0000000080000000                _entry
                0x0000000080001000                . = ALIGN (0x1000)
 *fill*         0x0000000080000024      0xfdc 
                [!provide]                        PROVIDE (kernelTextStart = .)
 EXCLUDE_FILE(build/src/user/*) *(.text .text.*)
 .text          0x0000000080001000      0x120 build/src/kernel/supervisorTrap.o
                0x0000000080001000                RiscV::supervisorTrap()
 .text          0x0000000080001120       0x14 build/src/kernel/contextSwitch.o
                0x0000000080001120                TCB::contextSwitch(TCB::Context*, TCB::Context*)
 .text          0x0000000080001134      0xe38 build/src/kernel/slabAllocator.o
                0x0000000080001134                SlabAllocator::shrinkCache(Cache*)
                0x000000008000119c                SlabAllocator::printSlab(Slab*)
                0x00000000800012f8                SlabAllocator::printCache(Cache*)
                0x00000000800014d8                SlabAllocator::insertIntoList(Slab*&, Slab*)
                0x0000000080001508                SlabAllocator::allocateSlab(Cache*)
                0x0000000080001618                SlabAllocator::removeFromList(Slab*&, Slab*)
                0x000000008000166c                SlabAllocator::move(Slab*&, Slab*&, Slab*)
                0x00000000800016c0                SlabAllocator::allocateSlot(Slab*)
                0x00000000800017ac                SlabAllocator::allocateObject(Cache*)
                0x0000000080001938                SlabAllocator::allocateBuffer(unsigned long)
                0x00000000800019d8                SlabAllocator::createCache(char const*, unsigned long, void (*)(void*), void (*)(void*))
                0x0000000080001ae4                SlabAllocator::initialize(void*, unsigned long)
                0x0000000080001c14                SlabAllocator::freeSlot(Slab*, unsigned long)
                0x0000000080001d30                SlabAllocator::freeObject(Cache*, void const*)
                0x0000000080001e24                SlabAllocator::freeBuffer(void const*)
                0x0000000080001e90                SlabAllocator::deleteCache(Cache*&)
 .text          0x0000000080001f6c      0x5dc build/src/kernel/system.o
                0x0000000080001f6c                memset(void const*, int, int)
                0x0000000080001f9c                construct(void*)
                0x0000000080001fcc                check(void*, unsigned long)
                0x0000000080002014                work(void*)
                0x0000000080002204                runs(void (*)(void*), data_s*, int)
                0x0000000080002284                test2()
                0x0000000080002300                ctor(void*)
                0x0000000080002330                System::System()
                0x0000000080002330                System::System()
 .text          0x0000000080002548      0x5d4 build/src/kernel/buddyAllocator.o
                0x00000000800025a8                Buddy::initialize(void*, unsigned long)
                0x00000000800026b0                Buddy::compress(unsigned long)
                0x00000000800027b8                Buddy::insert(void*, unsigned long)
                0x00000000800028a0                Buddy::free(void*, unsigned long)
                0x00000000800028d0                Buddy::split(Buddy::Block*, int, int)
                0x0000000080002978                Buddy::alloc(unsigned long)
                0x0000000080002a2c                Buddy::printList()
 .text          0x0000000080002b1c      0x2d0 build/src/kernel/scb.o
                0x0000000080002b1c                SCB::ctor(void*)
                0x0000000080002b3c                SCB::dtor(void*)
                0x0000000080002b5c                SCB::initialize()
                0x0000000080002ba8                SCB::SCB(unsigned long)
                0x0000000080002ba8                SCB::SCB(unsigned long)
                0x0000000080002bc4                SCB::~SCB()
                0x0000000080002bc4                SCB::~SCB()
                0x0000000080002c1c                SCB::block()
                0x0000000080002c84                SCB::deblock()
                0x0000000080002cd0                SCB::wait()
                0x0000000080002d20                SCB::signal()
                0x0000000080002d5c                SCB::operator new(unsigned long)
                0x0000000080002d8c                SCB::operator delete(void*)
                0x0000000080002dc0                SCB::semaphore_free(void*)
 .text          0x0000000080002dec       0x30 build/src/kernel/main.o
                0x0000000080002dec                main
 .text          0x0000000080002e1c      0x354 build/src/kernel/tcb.o
                0x0000000080002e1c                TCB::ctor(void*)
                0x0000000080002e44                TCB::dtor(void*)
                0x0000000080002e6c                TCB::wrapper(void*)
                0x0000000080002eb0                TCB::TCB(void (*)(void*), void*, unsigned long*, unsigned long)
                0x0000000080002eb0                TCB::TCB(void (*)(void*), void*, unsigned long*, unsigned long)
                0x0000000080002f18                TCB::free()
                0x0000000080002f44                TCB::~TCB()
                0x0000000080002f44                TCB::~TCB()
                0x0000000080002f6c                TCB::dispatch()
                0x0000000080002fec                TCB::operator new(unsigned long)
                0x000000008000301c                TCB::initialize()
                0x0000000080003110                TCB::operator delete(void*)
                0x0000000080003144                TCB::thread_free(void*)
 .text          0x0000000080003170      0x4ac build/src/kernel/memoryAllocator.o
                0x0000000080003170                MemoryAllocator::initialize()
                0x00000000800031f0                MemoryAllocator::kmalloc(unsigned long)
                0x0000000080003358                MemoryAllocator::insertAndMerge(void*, MemoryAllocator::BlockHeader**)
                0x0000000080003428                MemoryAllocator::kfree(void*)
                0x00000000800034dc                MemoryAllocator::showMemory()
                0x00000000800035dc                MemoryAllocator::memcpy(void*, void*, unsigned long)
 .text          0x000000008000361c     0x1570 build/src/kernel/riscv.o
                0x000000008000361c                RiscV::popSppSpie()
                0x0000000080003674                RiscV::executeThreadDispatchSyscall()
                0x00000000800036b0                RiscV::executePutcSyscall()
                0x0000000080003700                RiscV::jumpToDesignatedPrivilegeMode()
                0x000000008000377c                RiscV::finalize()
                0x0000000080003830                RiscV::saveA0toSscratch()
                0x0000000080003868                RiscV::executeMemAllocSyscall()
                0x00000000800038a0                RiscV::executeMemFreeSyscall()
                0x00000000800038f0                RiscV::executeThreadCreateSyscall()
                0x00000000800039c4                RiscV::executeThreadAttachBodySyscall()
                0x0000000080003a8c                RiscV::executeThreadStartSyscall()
                0x0000000080003ae4                RiscV::executeThreadExitSyscall()
                0x0000000080003b3c                RiscV::executeSemOpenSyscall()
                0x0000000080003bd8                RiscV::executeSemCloseSyscall()
                0x0000000080003c38                RiscV::executeSemWaitSyscall()
                0x0000000080003c98                RiscV::executeSemSignalSyscall()
                0x0000000080003ce0                RiscV::executeTimeSleepSyscall()
                0x0000000080003d58                RiscV::executeGetcSyscall()
                0x0000000080003df0                RiscV::executePutcUtilSyscall()
                0x0000000080003e24                RiscV::executeThreadFreeSyscall()
                0x0000000080003e8c                RiscV::executeSemaphoreFreeSyscall()
                0x0000000080003ee8                RiscV::executeForkSyscall()
                0x000000008000403c                RiscV::getPC()
                0x0000000080004068                RiscV::handleSupervisorTrap()
                0x00000000800044c8                RiscV::threadCreateUtil(TCB**, void (*)(void*), void*)
                0x0000000080004544                RiscV::threadExitUtil()
                0x0000000080004564                RiscV::threadDispatchUtil()
                0x0000000080004584                RiscV::putcWrapper(void*)
                0x000000008000460c                RiscV::getPMT()
                0x0000000080004658                RiscV::handlePageFault(void*, unsigned long, unsigned long)
                0x0000000080004740                RiscV::buildSection(void*, unsigned long, unsigned long, unsigned long)
                0x00000000800047b4                RiscV::mapConsoleRegisters(void*)
                0x0000000080004848                RiscV::buildKernelPMT()
                0x0000000080004988                RiscV::buildUserPMT()
                0x0000000080004ac8                RiscV::initialize()
 .text          0x0000000080004b8c       0x8c build/src/kernel/utility.o
                0x0000000080004b8c                strcpy(char const*, char*)
                0x0000000080004bc8                strcat(char*, char const*)
 .text          0x0000000080004c18      0x214 build/src/kernel/scheduler.o
                0x0000000080004c18                Scheduler::initialize()
                0x0000000080004c30                Scheduler::put(TCB*)
                0x0000000080004c78                Scheduler::get()
                0x0000000080004cac                Scheduler::sleep(TCB*)
                0x0000000080004d04                Scheduler::awake()
                0x0000000080004d6c                Scheduler::showScheduler()
                0x0000000080004dcc                Scheduler::showSleeping()
 .text          0x0000000080004e2c      0x490 build/src/kernel/consoleUtil.o
                0x0000000080004e2c                ConsoleUtil::initialize()
                0x0000000080004f10                ConsoleUtil::putInput(char)
                0x0000000080004f90                ConsoleUtil::getInput()
                0x0000000080005000                ConsoleUtil::putOutput(char)
                0x0000000080005098                ConsoleUtil::getOutput()
                0x0000000080005108                ConsoleUtil::printString(char const*)
                0x000000008000514c                ConsoleUtil::printInt(int, int, int)
                0x0000000080005228                ConsoleUtil::print(char const*, int, char const*, int)
                0x0000000080005294                ConsoleUtil::putcUtilSyscall()
 .text          0x00000000800052bc      0x170 build/src/kernel/slab.o
                0x00000000800052bc                kmem_init(void*, int)
                0x00000000800052e4                kmem_cache_create(char const*, unsigned long, void (*)(void*), void (*)(void*))
                0x000000008000530c                kmem_cache_alloc(Cache*)
                0x0000000080005334                kmem_cache_free(Cache*, void*)
                0x000000008000535c                kmem_cache_destroy(Cache*)
                0x000000008000538c                kmem_cache_info(Cache*)
                0x00000000800053b4                kmem_cache_shrink(Cache*)
                0x00000000800053dc                kmalloc(unsigned long)
                0x0000000080005404                kfree(void const*)
 .text          0x000000008000542c        0x0 ./lib/hw.lib(entry.o)
 .text          0x000000008000542c      0x18c ./lib/hw.lib(start.o)
                0x000000008000542c                start
                0x000000008000552c                timerinit
 .text          0x00000000800055b8       0xd8 ./lib/hw.lib(main.o)
                0x00000000800055b8                system_main
 .text          0x0000000080005690      0x100 ./lib/hw.lib(proc.o)
                0x0000000080005690                cpuid
                0x00000000800056b0                mycpu
                0x00000000800056e0                userinit
                0x00000000800056fc                either_copyout
                0x0000000080005748                either_copyin
 .text          0x0000000080005790      0x32c ./lib/hw.lib(trap.o)
                0x0000000080005790                trapinit
                0x00000000800057bc                trapinithart
                0x00000000800057e0                usertrap
                0x00000000800057f8                usertrapret
                0x0000000080005810                kerneltrap
                0x0000000080005958                clockintr
                0x00000000800059b0                devintr
 *fill*         0x0000000080005abc        0x4 
 .text          0x0000000080005ac0      0x150 ./lib/hw.lib(kernelvec.o)
                0x0000000080005ac0                kernelvec
                0x0000000080005bd0                timervec
 .text          0x0000000080005c10       0xf0 ./lib/hw.lib(plic.o)
                0x0000000080005c10                plicinit
                0x0000000080005c38                plicinithart
                0x0000000080005c84                plic_claim
                0x0000000080005cbc                plic_complete
 .text          0x0000000080005d00        0x0 ./lib/hw.lib(support_cpp.o)
 .text          0x0000000080005d00        0x0 ./lib/hw.lib(hw.o)
 .text          0x0000000080005d00      0x36c ./lib/hw.lib(console.o)
                0x0000000080005d00                consolewrite
                0x0000000080005da4                consoleread
                0x0000000080005ee4                consputc
                0x0000000080005f34                consoleintr
                0x0000000080005fc8                consoleinit
                0x000000008000602c                console_read
                0x000000008000604c                console_write
 .text          0x000000008000606c      0x738 ./lib/hw.lib(printf.o)
                0x000000008000606c                panic
                0x00000000800060c8                __printf
                0x000000008000675c                printfinit
 .text          0x00000000800067a4      0x344 ./lib/hw.lib(uart.o)
                0x00000000800067a4                uartinit
                0x00000000800067e8                uartputc
                0x00000000800068e0                uartputc_sync
                0x0000000080006924                uartstart
                0x0000000080006998                uartgetc
                0x00000000800069d0                uartintr
 .text          0x0000000080006ae8      0x290 ./lib/hw.lib(kalloc.o)
                0x0000000080006ae8                kinit
                0x0000000080006bc0                freerange
                0x0000000080006ca0                kfree
                0x0000000080006d20                kalloc
 .text          0x0000000080006d78      0x3e0 ./lib/hw.lib(spinlock.o)
                0x0000000080006d78                initlock
                0x0000000080006d9c                acquire
                0x0000000080006e68                release
                0x0000000080006f30                holding
                0x0000000080006f7c                push_off
                0x0000000080006ff0                pop_off
                0x000000008000706c                push_on
                0x00000000800070e0                pop_on
 .text          0x0000000080007158      0x394 ./lib/hw.lib(string.o)
                0x0000000080007158                __memset
                0x0000000080007374                __memmove
                0x0000000080008000                . = ALIGN (0x1000)
 *fill*         0x00000000800074ec      0xb14 
                0x0000000080008000                PROVIDE (kernelTextEnd = .)

.rodata         0x0000000080008000      0x797
                0x0000000080008000                . = ALIGN (0x10)
 EXCLUDE_FILE(build/src/user/*) *(.srodata .srodata.*)
 .srodata       0x0000000080008000       0x18 ./lib/hw.lib(hw.o)
                0x0000000080008000                CONSOLE_RX_DATA
                0x0000000080008008                CONSOLE_TX_DATA
                0x0000000080008010                CONSOLE_STATUS
                0x0000000080008020                . = ALIGN (0x10)
 *fill*         0x0000000080008018        0x8 
 EXCLUDE_FILE(build/src/user/*) *(.rodata .rodata.*)
 .rodata.str1.8
                0x0000000080008020      0x284 build/src/kernel/slabAllocator.o
                                        0x29c (size before relaxing)
 *fill*         0x00000000800082a4        0x4 
 .rodata.str1.8
                0x00000000800082a8       0x5d build/src/kernel/system.o
                                         0x6d (size before relaxing)
 *fill*         0x0000000080008305        0x3 
 .rodata.str1.8
                0x0000000080008308        0x3 build/src/kernel/buddyAllocator.o
                                         0x12 (size before relaxing)
 *fill*         0x000000008000830b        0x5 
 .rodata.str1.8
                0x0000000080008310        0xa build/src/kernel/scb.o
 *fill*         0x000000008000831a        0x6 
 .rodata.str1.8
                0x0000000080008320        0xa build/src/kernel/tcb.o
 *fill*         0x000000008000832a        0x6 
 .rodata.str1.8
                0x0000000080008330       0x82 build/src/kernel/memoryAllocator.o
 *fill*         0x00000000800083b2        0x6 
 .rodata.str1.8
                0x00000000800083b8       0x6b build/src/kernel/riscv.o
                                         0x73 (size before relaxing)
 *fill*         0x0000000080008423        0x1 
 .rodata        0x0000000080008424      0x188 build/src/kernel/riscv.o
 .rodata.str1.8
                0x00000000800085ac        0x2 build/src/kernel/scheduler.o
 *fill*         0x00000000800085ac        0x4 
 .rodata.str1.8
                0x00000000800085b0       0x11 build/src/kernel/consoleUtil.o
 *fill*         0x00000000800085c1        0x7 
 .rodata.str1.8
                0x00000000800085c8       0x51 ./lib/hw.lib(main.o)
                                         0x59 (size before relaxing)
 *fill*         0x0000000080008619        0x7 
 .rodata.str1.8
                0x0000000080008620       0x4b ./lib/hw.lib(proc.o)
 *fill*         0x000000008000866b        0x5 
 .rodata.str1.8
                0x0000000080008670       0x7b ./lib/hw.lib(trap.o)
 *fill*         0x00000000800086eb        0x5 
 .rodata.str1.8
                0x00000000800086f0        0x5 ./lib/hw.lib(console.o)
 *fill*         0x00000000800086f5        0x3 
 .rodata.str1.8
                0x00000000800086f8       0x23 ./lib/hw.lib(printf.o)
                                         0x2b (size before relaxing)
 *fill*         0x000000008000871b        0x5 
 .rodata        0x0000000080008720       0x11 ./lib/hw.lib(printf.o)
 *fill*         0x0000000080008731        0x7 
 .rodata.str1.8
                0x0000000080008738        0x6 ./lib/hw.lib(kalloc.o)
 *fill*         0x000000008000873e        0x2 
 .rodata.str1.8
                0x0000000080008740       0x57 ./lib/hw.lib(spinlock.o)

.eh_frame       0x0000000080008798     0x2398
 .eh_frame      0x0000000080008798      0x330 build/src/kernel/slabAllocator.o
 .eh_frame      0x0000000080008ac8      0x180 build/src/kernel/system.o
                                        0x198 (size before relaxing)
 .eh_frame      0x0000000080008c48      0x188 build/src/kernel/buddyAllocator.o
                                        0x198 (size before relaxing)
 .eh_frame      0x0000000080008dd0      0x200 build/src/kernel/scb.o
                                        0x210 (size before relaxing)
 .eh_frame      0x0000000080008fd0       0x28 build/src/kernel/main.o
                                         0x40 (size before relaxing)
 .eh_frame      0x0000000080008ff8      0x1c0 build/src/kernel/tcb.o
                                        0x1f0 (size before relaxing)
 .eh_frame      0x00000000800091b8       0xf8 build/src/kernel/memoryAllocator.o
                                        0x108 (size before relaxing)
 .eh_frame      0x00000000800092b0      0x660 build/src/kernel/riscv.o
                                        0x690 (size before relaxing)
 .eh_frame      0x0000000080009910       0x50 build/src/kernel/utility.o
                                         0x68 (size before relaxing)
 .eh_frame      0x0000000080009960      0x120 build/src/kernel/scheduler.o
                                        0x130 (size before relaxing)
 .eh_frame      0x0000000080009a80      0x198 build/src/kernel/consoleUtil.o
                                        0x1c8 (size before relaxing)
 .eh_frame      0x0000000080009c18      0x168 build/src/kernel/slab.o
                                        0x180 (size before relaxing)
 .eh_frame      0x0000000080009d80      0x270 build/src/user/syscall_c.o
                                        0x280 (size before relaxing)
 .eh_frame      0x0000000080009ff0       0x28 build/src/user/_semaphore.o
                                         0x40 (size before relaxing)
 .eh_frame      0x000000008000a018       0x28 build/src/user/_thread.o
                                         0x40 (size before relaxing)
 .eh_frame      0x000000008000a040      0x100 build/src/user/tests/buffer_CPP_API.o
                                        0x130 (size before relaxing)
 .eh_frame      0x000000008000a140      0x408 build/src/user/tests/userMain.o
                                        0x438 (size before relaxing)
 .eh_frame      0x000000008000a548       0xf8 build/src/user/tests/buffer.o
                                        0x128 (size before relaxing)
 .eh_frame      0x000000008000a640       0xc0 build/src/user/printing.o
                                         0xd0 (size before relaxing)
 .eh_frame      0x000000008000a700       0x50 build/src/user/userWrappers.o
                                         0x68 (size before relaxing)
 .eh_frame      0x000000008000a750      0x3e0 build/src/user/syscall_cpp.o
                                        0x410 (size before relaxing)

.gcc_except_table
                0x000000008000ab30      0x2d1
 .gcc_except_table
                0x000000008000ab30        0x4 build/src/kernel/scb.o
 .gcc_except_table
                0x000000008000ab34        0x4 build/src/kernel/tcb.o
 .gcc_except_table
                0x000000008000ab38       0xc6 build/src/kernel/riscv.o
 .gcc_except_table
                0x000000008000abfe       0x5f build/src/kernel/consoleUtil.o
 .gcc_except_table
                0x000000008000ac5d       0xa5 build/src/user/tests/buffer_CPP_API.o
 .gcc_except_table
                0x000000008000ad02       0xf3 build/src/user/tests/userMain.o
 .gcc_except_table
                0x000000008000adf5        0x4 build/src/user/tests/buffer.o
 .gcc_except_table
                0x000000008000adf9        0x8 build/src/user/syscall_cpp.o

.gcc_except_table._ZN10ForkThread3runEv
                0x000000008000ae01       0x2b
 .gcc_except_table._ZN10ForkThread3runEv
                0x000000008000ae01       0x2b build/src/user/tests/userMain.o

.rela.dyn       0x000000008000ae30        0x0
 .rela.got      0x000000008000ae30        0x0 build/src/kernel/supervisorTrap.o
 .rela.text     0x000000008000ae30        0x0 build/src/kernel/supervisorTrap.o
 .rela.text._ZN19ConsumerProducerCPP8ConsumerD2Ev
                0x000000008000ae30        0x0 build/src/kernel/supervisorTrap.o
 .rela.text._ZN19ConsumerProducerCPP8ConsumerD0Ev
                0x000000008000ae30        0x0 build/src/kernel/supervisorTrap.o
 .rela.text._ZN19ConsumerProducerCPP16ProducerKeyboradD2Ev
                0x000000008000ae30        0x0 build/src/kernel/supervisorTrap.o
 .rela.text._ZN19ConsumerProducerCPP16ProducerKeyboradD0Ev
                0x000000008000ae30        0x0 build/src/kernel/supervisorTrap.o
 .rela.text._ZN19ConsumerProducerCPP8ProducerD2Ev
                0x000000008000ae30        0x0 build/src/kernel/supervisorTrap.o
 .rela.text._ZN19ConsumerProducerCPP8ProducerD0Ev
                0x000000008000ae30        0x0 build/src/kernel/supervisorTrap.o
 .rela.text._ZN10ForkThreadD2Ev
                0x000000008000ae30        0x0 build/src/kernel/supervisorTrap.o
 .rela.text._ZN10ForkThreadD0Ev
                0x000000008000ae30        0x0 build/src/kernel/supervisorTrap.o
 .rela.text._ZN10ForkThread3runEv
                0x000000008000ae30        0x0 build/src/kernel/supervisorTrap.o
 .rela.data.rel.ro.local._ZTVN19ConsumerProducerCPP16ProducerKeyboradE
                0x000000008000ae30        0x0 build/src/kernel/supervisorTrap.o
 .rela.data.rel.ro.local._ZTVN19ConsumerProducerCPP8ProducerE
                0x000000008000ae30        0x0 build/src/kernel/supervisorTrap.o
 .rela.data.rel.ro.local._ZTVN19ConsumerProducerCPP8ConsumerE
                0x000000008000ae30        0x0 build/src/kernel/supervisorTrap.o
 .rela.data.rel.ro.local._ZTV10ForkThread
                0x000000008000ae30        0x0 build/src/kernel/supervisorTrap.o
 .rela.text._ZN14PeriodicThreadD2Ev
                0x000000008000ae30        0x0 build/src/kernel/supervisorTrap.o
 .rela.text._ZN14PeriodicThreadD0Ev
                0x000000008000ae30        0x0 build/src/kernel/supervisorTrap.o
 .rela.data.rel.ro.local._ZTV14PeriodicThread
                0x000000008000ae30        0x0 build/src/kernel/supervisorTrap.o
 .rela.data.rel.ro.local._ZTV6Thread
                0x000000008000ae30        0x0 build/src/kernel/supervisorTrap.o
 .rela.sdata    0x000000008000ae30        0x0 build/src/kernel/supervisorTrap.o

.data           0x000000008000ae30       0xb8
                0x000000008000ae30                . = ALIGN (0x10)
 *fill*         0x000000008000ae30        0x0 
 EXCLUDE_FILE(build/src/user/*) *(.sdata .sdata.*)
 .sdata         0x000000008000ae30       0x10 ./lib/hw.lib(hw.o)
                0x000000008000ae30                HEAP_END_ADDR
                0x000000008000ae38                HEAP_START_ADDR
                0x000000008000ae40                . = ALIGN (0x10)
 EXCLUDE_FILE(build/src/user/*) *(.data .data.*)
 .data          0x000000008000ae40        0x0 build/src/kernel/supervisorTrap.o
 .data          0x000000008000ae40        0x0 build/src/kernel/contextSwitch.o
 .data          0x000000008000ae40        0x0 build/src/kernel/slabAllocator.o
 .data.rel.local
                0x000000008000ae40       0x68 build/src/kernel/slabAllocator.o
                0x000000008000ae40                SlabAllocator::names
 .data          0x000000008000aea8        0x0 build/src/kernel/system.o
 .data.rel.ro.local
                0x000000008000aea8       0x28 build/src/kernel/system.o
 .data          0x000000008000aed0        0x8 build/src/kernel/buddyAllocator.o
                0x000000008000aed0                Buddy::BLOCKS_AVAILABLE
 .data          0x000000008000aed8        0x0 build/src/kernel/scb.o
 .data.rel.local.DW.ref.__gxx_personality_v0
                0x000000008000aed8        0x8 build/src/kernel/scb.o
                0x000000008000aed8                DW.ref.__gxx_personality_v0
 .data          0x000000008000aee0        0x0 build/src/kernel/main.o
 .data          0x000000008000aee0        0x0 build/src/kernel/tcb.o
 .data          0x000000008000aee0        0x0 build/src/kernel/memoryAllocator.o
 .data          0x000000008000aee0        0x0 build/src/kernel/riscv.o
 .data          0x000000008000aee0        0x0 build/src/kernel/utility.o
 .data          0x000000008000aee0        0x0 build/src/kernel/scheduler.o
 .data          0x000000008000aee0        0x8 build/src/kernel/consoleUtil.o
                0x000000008000aee0                ConsoleUtil::bufferSize
 .data          0x000000008000aee8        0x0 build/src/kernel/slab.o
 .data          0x000000008000aee8        0x0 ./lib/hw.lib(entry.o)
 .data          0x000000008000aee8        0x0 ./lib/hw.lib(start.o)
 .data          0x000000008000aee8        0x0 ./lib/hw.lib(main.o)
 .data          0x000000008000aee8        0x0 ./lib/hw.lib(proc.o)
 .data          0x000000008000aee8        0x0 ./lib/hw.lib(trap.o)
 .data          0x000000008000aee8        0x0 ./lib/hw.lib(kernelvec.o)
 .data          0x000000008000aee8        0x0 ./lib/hw.lib(plic.o)
 .data          0x000000008000aee8        0x0 ./lib/hw.lib(support_cpp.o)
 .data          0x000000008000aee8        0x0 ./lib/hw.lib(hw.o)
 .data          0x000000008000aee8        0x0 ./lib/hw.lib(console.o)
 .data          0x000000008000aee8        0x0 ./lib/hw.lib(printf.o)
 .data          0x000000008000aee8        0x0 ./lib/hw.lib(uart.o)
 .data          0x000000008000aee8        0x0 ./lib/hw.lib(kalloc.o)
 .data          0x000000008000aee8        0x0 ./lib/hw.lib(spinlock.o)
 .data          0x000000008000aee8        0x0 ./lib/hw.lib(string.o)

.got            0x000000008000aee8       0xf0
 .got           0x000000008000aee8       0xf0 build/src/kernel/supervisorTrap.o
                0x000000008000aee8                _GLOBAL_OFFSET_TABLE_

.got.plt        0x000000008000afd8       0x10
 .got.plt       0x000000008000afd8       0x10 build/src/kernel/supervisorTrap.o

.init_array     0x000000008000afe8        0x8
 .init_array    0x000000008000afe8        0x8 build/src/kernel/buddyAllocator.o

.bss            0x000000008000aff0     0x14e0
                0x000000008000aff0                . = ALIGN (0x10)
 EXCLUDE_FILE(build/src/user/*) *(.sbss .sbss.*)
 .sbss          0x000000008000aff0        0x4 ./lib/hw.lib(main.o)
 .sbss          0x000000008000aff4        0x4 ./lib/hw.lib(trap.o)
                0x000000008000aff4                ticks
 .sbss          0x000000008000aff8        0x4 ./lib/hw.lib(printf.o)
                0x000000008000aff8                panicked
 *fill*         0x000000008000affc        0x4 
 .sbss          0x000000008000b000       0x10 ./lib/hw.lib(uart.o)
                0x000000008000b000                uart_tx_r
                0x000000008000b008                uart_tx_w
 .sbss          0x000000008000b010        0x8 ./lib/hw.lib(kalloc.o)
                0x000000008000b010                kmem
                0x000000008000b020                . = ALIGN (0x10)
 *fill*         0x000000008000b018        0x8 
 EXCLUDE_FILE(build/src/user/*) *(.bss .bss.*)
 .bss           0x000000008000b020        0x0 build/src/kernel/supervisorTrap.o
 .bss           0x000000008000b020        0x0 build/src/kernel/contextSwitch.o
 .bss           0x000000008000b020       0x78 build/src/kernel/slabAllocator.o
                0x000000008000b020                SlabAllocator::largeSlabCache
                0x000000008000b028                SlabAllocator::sizeN
                0x000000008000b090                SlabAllocator::cache
 .bss           0x000000008000b098        0x1 build/src/kernel/system.o
                0x000000008000b098                System::initialized
 *fill*         0x000000008000b099        0x7 
 .bss           0x000000008000b0a0       0xe0 build/src/kernel/buddyAllocator.o
                0x000000008000b0a0                Buddy::BUDDY_START_ADDR
                0x000000008000b0a8                Buddy::BUDDY_META_DATA_ADDR
                0x000000008000b0b0                Buddy::tail
                0x000000008000b118                Buddy::head
 .bss           0x000000008000b180        0x8 build/src/kernel/scb.o
                0x000000008000b180                SCB::scbCache
 .bss           0x000000008000b188        0x0 build/src/kernel/main.o
 .bss           0x000000008000b188       0x30 build/src/kernel/tcb.o
                0x000000008000b188                TCB::running
                0x000000008000b190                TCB::tcbCache
                0x000000008000b198                TCB::putcThread
                0x000000008000b1a0                TCB::timeSliceCounter
                0x000000008000b1a8                TCB::currentSP
                0x000000008000b1b0                TCB::currentPC
 .bss           0x000000008000b1b8       0x21 build/src/kernel/memoryAllocator.o
                0x000000008000b1b8                MemoryAllocator::freeMemTail
                0x000000008000b1c0                MemoryAllocator::freeMemHead
                0x000000008000b1c8                MemoryAllocator::allocMemTail
                0x000000008000b1d0                MemoryAllocator::allocMemHead
                0x000000008000b1d8                MemoryAllocator::initialized
 *fill*         0x000000008000b1d9        0x7 
 .bss           0x000000008000b1e0       0x21 build/src/kernel/riscv.o
                0x000000008000b1e0                RiscV::userMainFinished
                0x000000008000b1e8                RiscV::kPMT
                0x000000008000b1f0                RiscV::uPMT
                0x000000008000b1f8                RiscV::globalTime
                0x000000008000b200                RiscV::initialized
 .bss           0x000000008000b201        0x0 build/src/kernel/utility.o
 *fill*         0x000000008000b201        0x7 
 .bss           0x000000008000b208       0x18 build/src/kernel/scheduler.o
                0x000000008000b208                Scheduler::readyHead
                0x000000008000b210                Scheduler::readyTail
                0x000000008000b218                Scheduler::sleepingHead
 .bss           0x000000008000b220       0x50 build/src/kernel/consoleUtil.o
                0x000000008000b220                ConsoleUtil::inputSem
                0x000000008000b228                ConsoleUtil::outputSem
                0x000000008000b230                ConsoleUtil::inputBuffer
                0x000000008000b238                ConsoleUtil::outputBuffer
                0x000000008000b240                ConsoleUtil::inputTail
                0x000000008000b248                ConsoleUtil::inputHead
                0x000000008000b250                ConsoleUtil::pendingPutc
                0x000000008000b258                ConsoleUtil::outputTail
                0x000000008000b260                ConsoleUtil::outputHead
                0x000000008000b268                ConsoleUtil::pendingGetc
 .bss           0x000000008000b270        0x0 build/src/kernel/slab.o
 .bss           0x000000008000b270        0x0 ./lib/hw.lib(entry.o)
 .bss           0x000000008000b270     0x1030 ./lib/hw.lib(start.o)
                0x000000008000b270                timer_scratch
                0x000000008000b2a0                stack0
 .bss           0x000000008000c2a0        0x0 ./lib/hw.lib(main.o)
 .bss           0x000000008000c2a0       0x80 ./lib/hw.lib(proc.o)
                0x000000008000c2a0                cpus
 .bss           0x000000008000c320       0x18 ./lib/hw.lib(trap.o)
                0x000000008000c320                tickslock
 .bss           0x000000008000c338        0x0 ./lib/hw.lib(kernelvec.o)
 .bss           0x000000008000c338        0x0 ./lib/hw.lib(plic.o)
 .bss           0x000000008000c338       0x10 ./lib/hw.lib(support_cpp.o)
                0x000000008000c338                _Unwind_Resume
                0x000000008000c340                __gxx_personality_v0
 .bss           0x000000008000c348        0x0 ./lib/hw.lib(hw.o)
 .bss           0x000000008000c348      0x148 ./lib/hw.lib(console.o)
                0x000000008000c348                cons
                0x000000008000c3f0                devsw
 .bss           0x000000008000c490       0x20 ./lib/hw.lib(printf.o)
 .bss           0x000000008000c4b0       0x20 ./lib/hw.lib(uart.o)
                0x000000008000c4b0                uart_tx_buf
 .bss           0x000000008000c4d0        0x0 ./lib/hw.lib(kalloc.o)
 .bss           0x000000008000c4d0        0x0 ./lib/hw.lib(spinlock.o)
 .bss           0x000000008000c4d0        0x0 ./lib/hw.lib(string.o)

.user           0x000000008000c4d0     0x4b30
                0x000000008000d000                . = ALIGN (0x1000)
 *fill*         0x000000008000c4d0      0xb30 
                0x000000008000d000                PROVIDE (userTextStart = .)
 *(.text .text.*)
 .text          0x000000008000d000       0x20 build/src/user/lock.o
                0x000000008000d000                copy_and_swap
 .text          0x000000008000d020      0x37c build/src/user/syscall_c.o
                0x000000008000d020                mem_alloc(unsigned long)
                0x000000008000d050                mem_free(void*)
                0x000000008000d07c                thread_create(_thread**, void (*)(void*), void*)
                0x000000008000d108                thread_exit()
                0x000000008000d130                thread_dispatch()
                0x000000008000d150                thread_attach_body(_thread**, void (*)(void*), void*)
                0x000000008000d1e4                thread_start(_thread*)
                0x000000008000d21c                sem_open(_semaphore**, unsigned int)
                0x000000008000d254                sem_close(_semaphore*)
                0x000000008000d280                sem_wait(_semaphore*)
                0x000000008000d2ac                sem_signal(_semaphore*)
                0x000000008000d2d8                time_sleep(unsigned long)
                0x000000008000d304                getc()
                0x000000008000d32c                putc(char)
                0x000000008000d350                fork()
                0x000000008000d378                tcb_free(void*)
 .text          0x000000008000d39c       0x28 build/src/user/_semaphore.o
                0x000000008000d39c                _semaphore::operator delete(void*)
 .text          0x000000008000d3c4       0x28 build/src/user/_thread.o
                0x000000008000d3c4                _thread::operator delete(void*)
 .text          0x000000008000d3ec      0x408 build/src/user/tests/buffer_CPP_API.o
                0x000000008000d3ec                BufferCPP::BufferCPP(int)
                0x000000008000d3ec                BufferCPP::BufferCPP(int)
                0x000000008000d550                BufferCPP::put(int)
                0x000000008000d5e0                BufferCPP::get()
                0x000000008000d66c                BufferCPP::getCnt()
                0x000000008000d6f4                BufferCPP::~BufferCPP()
                0x000000008000d6f4                BufferCPP::~BufferCPP()
 .text          0x000000008000d7f4      0xb50 build/src/user/tests/userMain.o
                0x000000008000d7f4                workerBodyA(void*)
                0x000000008000d8c0                workerBodyB(void*)
                0x000000008000d994                fibonacci(unsigned long)
                0x000000008000da08                workerBodyC(void*)
                0x000000008000db88                workerBodyD(void*)
                0x000000008000dcd0                Threads_C_API_test()
                0x000000008000ddfc                ConsumerProducerCPP::testConsumerProducer()
                0x000000008000e254                testUser()
                0x000000008000e314                userMain()
 .text._ZN19ConsumerProducerCPP8Consumer3runEv
                0x000000008000e344       0xd0 build/src/user/tests/userMain.o
                0x000000008000e344                ConsumerProducerCPP::Consumer::run()
 .text._ZN19ConsumerProducerCPP8ConsumerD2Ev
                0x000000008000e414       0x34 build/src/user/tests/userMain.o
                0x000000008000e414                ConsumerProducerCPP::Consumer::~Consumer()
                0x000000008000e414                ConsumerProducerCPP::Consumer::~Consumer()
 .text._ZN19ConsumerProducerCPP8ConsumerD0Ev
                0x000000008000e448       0x4c build/src/user/tests/userMain.o
                0x000000008000e448                ConsumerProducerCPP::Consumer::~Consumer()
 .text._ZN19ConsumerProducerCPP16ProducerKeyboradD2Ev
                0x000000008000e494       0x34 build/src/user/tests/userMain.o
                0x000000008000e494                ConsumerProducerCPP::ProducerKeyborad::~ProducerKeyborad()
                0x000000008000e494                ConsumerProducerCPP::ProducerKeyborad::~ProducerKeyborad()
 .text._ZN19ConsumerProducerCPP16ProducerKeyboradD0Ev
                0x000000008000e4c8       0x4c build/src/user/tests/userMain.o
                0x000000008000e4c8                ConsumerProducerCPP::ProducerKeyborad::~ProducerKeyborad()
 .text._ZN19ConsumerProducerCPP8ProducerD2Ev
                0x000000008000e514       0x34 build/src/user/tests/userMain.o
                0x000000008000e514                ConsumerProducerCPP::Producer::~Producer()
                0x000000008000e514                ConsumerProducerCPP::Producer::~Producer()
 .text._ZN19ConsumerProducerCPP8ProducerD0Ev
                0x000000008000e548       0x4c build/src/user/tests/userMain.o
                0x000000008000e548                ConsumerProducerCPP::Producer::~Producer()
 .text._ZN10ForkThreadD2Ev
                0x000000008000e594       0x34 build/src/user/tests/userMain.o
                0x000000008000e594                ForkThread::~ForkThread()
                0x000000008000e594                ForkThread::~ForkThread()
 .text._ZN10ForkThreadD0Ev
                0x000000008000e5c8       0x4c build/src/user/tests/userMain.o
                0x000000008000e5c8                ForkThread::~ForkThread()
 .text._ZN19ConsumerProducerCPP16ProducerKeyborad3runEv
                0x000000008000e614       0x84 build/src/user/tests/userMain.o
                0x000000008000e614                ConsumerProducerCPP::ProducerKeyborad::run()
 .text._ZN19ConsumerProducerCPP8Producer3runEv
                0x000000008000e698       0x94 build/src/user/tests/userMain.o
                0x000000008000e698                ConsumerProducerCPP::Producer::run()
 .text._ZN10ForkThread3runEv
                0x000000008000e72c      0x220 build/src/user/tests/userMain.o
                0x000000008000e72c                ForkThread::run()
 .text          0x000000008000e94c      0x320 build/src/user/tests/buffer.o
                0x000000008000e94c                Buffer::Buffer(int)
                0x000000008000e94c                Buffer::Buffer(int)
                0x000000008000e9e8                Buffer::put(int)
                0x000000008000ea78                Buffer::get()
                0x000000008000eb04                Buffer::getCnt()
                0x000000008000eb8c                Buffer::~Buffer()
                0x000000008000eb8c                Buffer::~Buffer()
 .text          0x000000008000ec6c      0x2ac build/src/user/printing.o
                0x000000008000ec6c                printString(char const*)
                0x000000008000ece8                getString(char*, int)
                0x000000008000edb4                stringToInt(char const*)
                0x000000008000ee04                printInt(int, int, int)
 .text          0x000000008000ef18       0x5c build/src/user/userWrappers.o
                0x000000008000ef18                bodyWrapper(void (*)(void*), void*)
                0x000000008000ef4c                userMainWrapper(void*)
 .text          0x000000008000ef74      0x460 build/src/user/syscall_cpp.o
                0x000000008000ef74                Thread::wrapper(void*)
                0x000000008000efa0                Semaphore::~Semaphore()
                0x000000008000efa0                Semaphore::~Semaphore()
                0x000000008000efd8                Thread::~Thread()
                0x000000008000efd8                Thread::~Thread()
                0x000000008000f018                operator new(unsigned long)
                0x000000008000f040                operator new[](unsigned long)
                0x000000008000f068                operator delete(void*)
                0x000000008000f090                Semaphore::~Semaphore()
                0x000000008000f0d0                Thread::~Thread()
                0x000000008000f110                Semaphore::Semaphore(unsigned int)
                0x000000008000f110                Semaphore::Semaphore(unsigned int)
                0x000000008000f148                Semaphore::wait()
                0x000000008000f174                Semaphore::signal()
                0x000000008000f1a0                Thread::Thread(void (*)(void*), void*)
                0x000000008000f1a0                Thread::Thread(void (*)(void*), void*)
                0x000000008000f1f4                Thread::Thread()
                0x000000008000f1f4                Thread::Thread()
                0x000000008000f254                Thread::sleep(unsigned long)
                0x000000008000f27c                PeriodicThread::wrapper(void*)
                0x000000008000f2bc                Thread::dispatch()
                0x000000008000f2e4                Thread::start()
                0x000000008000f310                PeriodicThread::PeriodicThread(unsigned long)
                0x000000008000f310                PeriodicThread::PeriodicThread(unsigned long)
                0x000000008000f384                Console::getc()
                0x000000008000f3ac                Console::putc(char)
 .text._ZN6Thread3runEv
                0x000000008000f3d4       0x18 build/src/user/syscall_cpp.o
                0x000000008000f3d4                Thread::run()
 .text._ZN14PeriodicThread18periodicActivationEv
                0x000000008000f3ec       0x18 build/src/user/syscall_cpp.o
                0x000000008000f3ec                PeriodicThread::periodicActivation()
 .text._ZN14PeriodicThreadD2Ev
                0x000000008000f404       0x34 build/src/user/syscall_cpp.o
                0x000000008000f404                PeriodicThread::~PeriodicThread()
                0x000000008000f404                PeriodicThread::~PeriodicThread()
 .text._ZN14PeriodicThreadD0Ev
                0x000000008000f438       0x4c build/src/user/syscall_cpp.o
                0x000000008000f438                PeriodicThread::~PeriodicThread()
                0x0000000080010000                . = ALIGN (0x1000)
 *fill*         0x000000008000f484      0xb7c 
                0x0000000080010000                PROVIDE (userDataStart = .)
 *(.srodata .srodata.*)
 *(.rodata .rodata.*)
 .rodata.str1.8
                0x0000000080010000       0x11 build/src/user/tests/buffer_CPP_API.o
 *fill*         0x0000000080010011        0x7 
 .rodata.str1.8
                0x0000000080010018      0x1f4 build/src/user/tests/userMain.o
                                        0x1fc (size before relaxing)
 *fill*         0x000000008001020c        0x4 
 .rodata._ZN10ForkThread3runEv.str1.8
                0x0000000080010210       0x2d build/src/user/tests/userMain.o
 .rodata.str1.8
                0x000000008001023d       0x11 build/src/user/tests/buffer.o
 *(.sdata .sdata.*)
 *(.data .data.*)
 .data          0x000000008001023d        0x0 build/src/user/lock.o
 .data          0x000000008001023d        0x0 build/src/user/syscall_c.o
 .data          0x000000008001023d        0x0 build/src/user/_semaphore.o
 .data          0x000000008001023d        0x0 build/src/user/_thread.o
 .data          0x000000008001023d        0x0 build/src/user/tests/buffer_CPP_API.o
 .data          0x000000008001023d        0x0 build/src/user/tests/userMain.o
 *fill*         0x000000008001023d        0x3 
 .data.rel.ro.local._ZTVN19ConsumerProducerCPP16ProducerKeyboradE
                0x0000000080010240       0x28 build/src/user/tests/userMain.o
                0x0000000080010240                vtable for ConsumerProducerCPP::ProducerKeyborad
 .data.rel.ro.local._ZTVN19ConsumerProducerCPP8ProducerE
                0x0000000080010268       0x28 build/src/user/tests/userMain.o
                0x0000000080010268                vtable for ConsumerProducerCPP::Producer
 .data.rel.ro.local._ZTVN19ConsumerProducerCPP8ConsumerE
                0x0000000080010290       0x28 build/src/user/tests/userMain.o
                0x0000000080010290                vtable for ConsumerProducerCPP::Consumer
 .data.rel.ro.local._ZTV10ForkThread
                0x00000000800102b8       0x28 build/src/user/tests/userMain.o
                0x00000000800102b8                vtable for ForkThread
 .data          0x00000000800102e0        0x0 build/src/user/tests/buffer.o
 .data          0x00000000800102e0       0x11 build/src/user/printing.o
                0x00000000800102e0                digits
 .data          0x00000000800102f1        0x0 build/src/user/userWrappers.o
 .data          0x00000000800102f1        0x0 build/src/user/syscall_cpp.o
 *fill*         0x00000000800102f1        0x7 
 .data.rel.ro.local._ZTV14PeriodicThread
                0x00000000800102f8       0x30 build/src/user/syscall_cpp.o
                0x00000000800102f8                vtable for PeriodicThread
 .data.rel.ro.local._ZTV9Semaphore
                0x0000000080010328       0x20 build/src/user/syscall_cpp.o
                0x0000000080010328                vtable for Semaphore
 .data.rel.ro.local._ZTV6Thread
                0x0000000080010348       0x28 build/src/user/syscall_cpp.o
                0x0000000080010348                vtable for Thread
 *(.sbss .sbss.*)
 *(.bss .bss.*)
 .bss           0x0000000080010370        0x0 build/src/user/lock.o
 .bss           0x0000000080010370        0x0 build/src/user/syscall_c.o
 .bss           0x0000000080010370        0x0 build/src/user/_semaphore.o
 .bss           0x0000000080010370        0x0 build/src/user/_thread.o
 .bss           0x0000000080010370        0x0 build/src/user/tests/buffer_CPP_API.o
 .bss           0x0000000080010370       0x18 build/src/user/tests/userMain.o
                0x0000000080010370                finishedA
                0x0000000080010371                finishedB
                0x0000000080010374                ConsumerProducerCPP::threadEnd
                0x0000000080010378                finishedC
                0x0000000080010379                finishedD
                0x0000000080010380                ConsumerProducerCPP::waitForAll
 .bss           0x0000000080010388        0x0 build/src/user/tests/buffer.o
 .bss           0x0000000080010388        0x8 build/src/user/printing.o
                0x0000000080010388                lockPrint
 .bss           0x0000000080010390        0x0 build/src/user/userWrappers.o
 .bss           0x0000000080010390        0x0 build/src/user/syscall_cpp.o
                0x0000000080011000                . = ALIGN (0x1000)
 *fill*         0x0000000080010390      0xc70 
                0x0000000080011000                PROVIDE (userDataEnd = .)
                0x0000000080011000                PROVIDE (end = .)
LOAD build/src/kernel/supervisorTrap.o
LOAD build/src/kernel/contextSwitch.o
LOAD build/src/user/lock.o
LOAD build/src/kernel/slabAllocator.o
LOAD build/src/kernel/system.o
LOAD build/src/kernel/buddyAllocator.o
LOAD build/src/kernel/scb.o
LOAD build/src/kernel/main.o
LOAD build/src/kernel/tcb.o
LOAD build/src/kernel/memoryAllocator.o
LOAD build/src/kernel/riscv.o
LOAD build/src/kernel/utility.o
LOAD build/src/kernel/scheduler.o
LOAD build/src/kernel/consoleUtil.o
LOAD build/src/kernel/slab.o
LOAD build/src/user/syscall_c.o
LOAD build/src/user/_semaphore.o
LOAD build/src/user/_thread.o
LOAD build/src/user/tests/buffer_CPP_API.o
LOAD build/src/user/tests/userMain.o
LOAD build/src/user/tests/buffer.o
LOAD build/src/user/printing.o
LOAD build/src/user/userWrappers.o
LOAD build/src/user/syscall_cpp.o
LOAD ./lib/hw.lib
LOAD ./lib/hw.lib
OUTPUT(kernel elf64-littleriscv)

.debug_line     0x0000000000000000     0xa279
 .debug_line    0x0000000000000000       0x74 build/src/kernel/supervisorTrap.o
 .debug_line    0x0000000000000074       0x65 build/src/kernel/contextSwitch.o
 .debug_line    0x00000000000000d9       0x6c build/src/user/lock.o
 .debug_line    0x0000000000000145     0x183a build/src/kernel/slabAllocator.o
 .debug_line    0x000000000000197f      0x868 build/src/kernel/system.o
 .debug_line    0x00000000000021e7      0x8e6 build/src/kernel/buddyAllocator.o
 .debug_line    0x0000000000002acd      0x4c3 build/src/kernel/scb.o
 .debug_line    0x0000000000002f90       0xb4 build/src/kernel/main.o
 .debug_line    0x0000000000003044      0x4fb build/src/kernel/tcb.o
 .debug_line    0x000000000000353f      0xa28 build/src/kernel/memoryAllocator.o
 .debug_line    0x0000000000003f67     0x22bf build/src/kernel/riscv.o
 .debug_line    0x0000000000006226      0x185 build/src/kernel/utility.o
 .debug_line    0x00000000000063ab      0x42d build/src/kernel/scheduler.o
 .debug_line    0x00000000000067d8      0x63d build/src/kernel/consoleUtil.o
 .debug_line    0x0000000000006e15      0x1f8 build/src/kernel/slab.o
 .debug_line    0x000000000000700d      0x843 build/src/user/syscall_c.o
 .debug_line    0x0000000000007850       0xc6 build/src/user/_semaphore.o
 .debug_line    0x0000000000007916       0xe9 build/src/user/_thread.o
 .debug_line    0x00000000000079ff      0x5ab build/src/user/tests/buffer_CPP_API.o
 .debug_line    0x0000000000007faa     0x1480 build/src/user/tests/userMain.o
 .debug_line    0x000000000000942a      0x4b8 build/src/user/tests/buffer.o
 .debug_line    0x00000000000098e2      0x3b4 build/src/user/printing.o
 .debug_line    0x0000000000009c96      0x107 build/src/user/userWrappers.o
 .debug_line    0x0000000000009d9d      0x4dc build/src/user/syscall_cpp.o

.debug_info     0x0000000000000000     0xff33
 .debug_info    0x0000000000000000       0x2e build/src/kernel/supervisorTrap.o
 .debug_info    0x000000000000002e       0x2e build/src/kernel/contextSwitch.o
 .debug_info    0x000000000000005c       0x2e build/src/user/lock.o
 .debug_info    0x000000000000008a     0x1a10 build/src/kernel/slabAllocator.o
 .debug_info    0x0000000000001a9a     0x182f build/src/kernel/system.o
 .debug_info    0x00000000000032c9      0x9ec build/src/kernel/buddyAllocator.o
 .debug_info    0x0000000000003cb5      0xbcf build/src/kernel/scb.o
 .debug_info    0x0000000000004884      0x1a3 build/src/kernel/main.o
 .debug_info    0x0000000000004a27      0xf60 build/src/kernel/tcb.o
 .debug_info    0x0000000000005987      0x693 build/src/kernel/memoryAllocator.o
 .debug_info    0x000000000000601a     0x2d56 build/src/kernel/riscv.o
 .debug_info    0x0000000000008d70      0x209 build/src/kernel/utility.o
 .debug_info    0x0000000000008f79      0xa12 build/src/kernel/scheduler.o
 .debug_info    0x000000000000998b      0xd68 build/src/kernel/consoleUtil.o
 .debug_info    0x000000000000a6f3      0x88b build/src/kernel/slab.o
 .debug_info    0x000000000000af7e      0x79e build/src/user/syscall_c.o
 .debug_info    0x000000000000b71c      0x1c2 build/src/user/_semaphore.o
 .debug_info    0x000000000000b8de      0x228 build/src/user/_thread.o
 .debug_info    0x000000000000bb06      0x751 build/src/user/tests/buffer_CPP_API.o
 .debug_info    0x000000000000c257     0x2157 build/src/user/tests/userMain.o
 .debug_info    0x000000000000e3ae      0x6ae build/src/user/tests/buffer.o
 .debug_info    0x000000000000ea5c      0x432 build/src/user/printing.o
 .debug_info    0x000000000000ee8e      0x1d2 build/src/user/userWrappers.o
 .debug_info    0x000000000000f060      0xed3 build/src/user/syscall_cpp.o

.debug_abbrev   0x0000000000000000     0x3b72
 .debug_abbrev  0x0000000000000000       0x14 build/src/kernel/supervisorTrap.o
 .debug_abbrev  0x0000000000000014       0x14 build/src/kernel/contextSwitch.o
 .debug_abbrev  0x0000000000000028       0x14 build/src/user/lock.o
 .debug_abbrev  0x000000000000003c      0x468 build/src/kernel/slabAllocator.o
 .debug_abbrev  0x00000000000004a4      0x473 build/src/kernel/system.o
 .debug_abbrev  0x0000000000000917      0x324 build/src/kernel/buddyAllocator.o
 .debug_abbrev  0x0000000000000c3b      0x3d9 build/src/kernel/scb.o
 .debug_abbrev  0x0000000000001014       0xc6 build/src/kernel/main.o
 .debug_abbrev  0x00000000000010da      0x3d9 build/src/kernel/tcb.o
 .debug_abbrev  0x00000000000014b3      0x265 build/src/kernel/memoryAllocator.o
 .debug_abbrev  0x0000000000001718      0x59a build/src/kernel/riscv.o
 .debug_abbrev  0x0000000000001cb2       0xf1 build/src/kernel/utility.o
 .debug_abbrev  0x0000000000001da3      0x33c build/src/kernel/scheduler.o
 .debug_abbrev  0x00000000000020df      0x33e build/src/kernel/consoleUtil.o
 .debug_abbrev  0x000000000000241d      0x228 build/src/kernel/slab.o
 .debug_abbrev  0x0000000000002645      0x205 build/src/user/syscall_c.o
 .debug_abbrev  0x000000000000284a      0x128 build/src/user/_semaphore.o
 .debug_abbrev  0x0000000000002972      0x145 build/src/user/_thread.o
 .debug_abbrev  0x0000000000002ab7      0x2a2 build/src/user/tests/buffer_CPP_API.o
 .debug_abbrev  0x0000000000002d59      0x49e build/src/user/tests/userMain.o
 .debug_abbrev  0x00000000000031f7      0x279 build/src/user/tests/buffer.o
 .debug_abbrev  0x0000000000003470      0x168 build/src/user/printing.o
 .debug_abbrev  0x00000000000035d8       0xf2 build/src/user/userWrappers.o
 .debug_abbrev  0x00000000000036ca      0x4a8 build/src/user/syscall_cpp.o

.debug_aranges  0x0000000000000000      0x580
 .debug_aranges
                0x0000000000000000       0x30 build/src/kernel/supervisorTrap.o
 .debug_aranges
                0x0000000000000030       0x30 build/src/kernel/contextSwitch.o
 .debug_aranges
                0x0000000000000060       0x30 build/src/user/lock.o
 .debug_aranges
                0x0000000000000090       0x30 build/src/kernel/slabAllocator.o
 .debug_aranges
                0x00000000000000c0       0x30 build/src/kernel/system.o
 .debug_aranges
                0x00000000000000f0       0x30 build/src/kernel/buddyAllocator.o
 .debug_aranges
                0x0000000000000120       0x30 build/src/kernel/scb.o
 .debug_aranges
                0x0000000000000150       0x30 build/src/kernel/main.o
 .debug_aranges
                0x0000000000000180       0x30 build/src/kernel/tcb.o
 .debug_aranges
                0x00000000000001b0       0x30 build/src/kernel/memoryAllocator.o
 .debug_aranges
                0x00000000000001e0       0x30 build/src/kernel/riscv.o
 .debug_aranges
                0x0000000000000210       0x30 build/src/kernel/utility.o
 .debug_aranges
                0x0000000000000240       0x30 build/src/kernel/scheduler.o
 .debug_aranges
                0x0000000000000270       0x30 build/src/kernel/consoleUtil.o
 .debug_aranges
                0x00000000000002a0       0x30 build/src/kernel/slab.o
 .debug_aranges
                0x00000000000002d0       0x30 build/src/user/syscall_c.o
 .debug_aranges
                0x0000000000000300       0x30 build/src/user/_semaphore.o
 .debug_aranges
                0x0000000000000330       0x30 build/src/user/_thread.o
 .debug_aranges
                0x0000000000000360       0x30 build/src/user/tests/buffer_CPP_API.o
 .debug_aranges
                0x0000000000000390       0xf0 build/src/user/tests/userMain.o
 .debug_aranges
                0x0000000000000480       0x30 build/src/user/tests/buffer.o
 .debug_aranges
                0x00000000000004b0       0x30 build/src/user/printing.o
 .debug_aranges
                0x00000000000004e0       0x30 build/src/user/userWrappers.o
 .debug_aranges
                0x0000000000000510       0x70 build/src/user/syscall_cpp.o

.debug_str      0x0000000000000000     0x3712
 .debug_str     0x0000000000000000       0x59 build/src/kernel/supervisorTrap.o
 .debug_str     0x0000000000000059       0x1b build/src/kernel/contextSwitch.o
                                         0x58 (size before relaxing)
 .debug_str     0x0000000000000074       0x10 build/src/user/lock.o
                                         0x4d (size before relaxing)
 .debug_str     0x0000000000000084      0xb9a build/src/kernel/slabAllocator.o
                                        0xc0a (size before relaxing)
 .debug_str     0x0000000000000c1e      0xfaf build/src/kernel/system.o
                                       0x1984 (size before relaxing)
 .debug_str     0x0000000000001bcd      0x13f build/src/kernel/buddyAllocator.o
                                        0x733 (size before relaxing)
 .debug_str     0x0000000000001d0c      0x244 build/src/kernel/scb.o
                                        0x86f (size before relaxing)
 .debug_str     0x0000000000001f50       0x19 build/src/kernel/main.o
                                        0x26a (size before relaxing)
 .debug_str     0x0000000000001f69       0xb9 build/src/kernel/tcb.o
                                       0x12f1 (size before relaxing)
 .debug_str     0x0000000000002022      0x28d build/src/kernel/memoryAllocator.o
                                        0x536 (size before relaxing)
 .debug_str     0x00000000000022af      0x1f1 build/src/kernel/riscv.o
                                       0x1953 (size before relaxing)
 .debug_str     0x00000000000024a0       0x32 build/src/kernel/utility.o
                                        0x294 (size before relaxing)
 .debug_str     0x00000000000024d2       0x68 build/src/kernel/scheduler.o
                                        0x8e2 (size before relaxing)
 .debug_str     0x000000000000253a      0x179 build/src/kernel/consoleUtil.o
                                        0xa13 (size before relaxing)
 .debug_str     0x00000000000026b3       0x4f build/src/kernel/slab.o
                                        0x938 (size before relaxing)
 .debug_str     0x0000000000002702      0x24a build/src/user/syscall_c.o
                                        0x523 (size before relaxing)
 .debug_str     0x000000000000294c       0x18 build/src/user/_semaphore.o
                                        0x2aa (size before relaxing)
 .debug_str     0x0000000000002964       0x15 build/src/user/_thread.o
                                        0x2cd (size before relaxing)
 .debug_str     0x0000000000002979      0x15f build/src/user/tests/buffer_CPP_API.o
                                        0x442 (size before relaxing)
 .debug_str     0x0000000000002ad8      0x838 build/src/user/tests/userMain.o
                                        0xd42 (size before relaxing)
 .debug_str     0x0000000000003310       0x94 build/src/user/tests/buffer.o
                                        0x453 (size before relaxing)
 .debug_str     0x00000000000033a4       0x2e build/src/user/printing.o
                                        0x2e0 (size before relaxing)
 .debug_str     0x00000000000033d2       0x64 build/src/user/userWrappers.o
                                        0x2aa (size before relaxing)
 .debug_str     0x0000000000003436      0x2dc build/src/user/syscall_cpp.o
                                        0x833 (size before relaxing)

.debug_loc      0x0000000000000000     0x7af5
 .debug_loc     0x0000000000000000     0x1171 build/src/kernel/slabAllocator.o
 .debug_loc     0x0000000000001171      0x56c build/src/kernel/system.o
 .debug_loc     0x00000000000016dd      0x8b1 build/src/kernel/buddyAllocator.o
 .debug_loc     0x0000000000001f8e      0x325 build/src/kernel/scb.o
 .debug_loc     0x00000000000022b3      0x293 build/src/kernel/tcb.o
 .debug_loc     0x0000000000002546      0x600 build/src/kernel/memoryAllocator.o
 .debug_loc     0x0000000000002b46     0x17aa build/src/kernel/riscv.o
 .debug_loc     0x00000000000042f0      0x15f build/src/kernel/utility.o
 .debug_loc     0x000000000000444f      0x15c build/src/kernel/scheduler.o
 .debug_loc     0x00000000000045ab      0x456 build/src/kernel/consoleUtil.o
 .debug_loc     0x0000000000004a01      0x31c build/src/kernel/slab.o
 .debug_loc     0x0000000000004d1d      0xbda build/src/user/syscall_c.o
 .debug_loc     0x00000000000058f7       0x39 build/src/user/_semaphore.o
 .debug_loc     0x0000000000005930       0x39 build/src/user/_thread.o
 .debug_loc     0x0000000000005969      0x322 build/src/user/tests/buffer_CPP_API.o
 .debug_loc     0x0000000000005c8b     0x10c4 build/src/user/tests/userMain.o
 .debug_loc     0x0000000000006d4f      0x27e build/src/user/tests/buffer.o
 .debug_loc     0x0000000000006fcd      0x37a build/src/user/printing.o
 .debug_loc     0x0000000000007347       0xbe build/src/user/userWrappers.o
 .debug_loc     0x0000000000007405      0x6f0 build/src/user/syscall_cpp.o

.debug_ranges   0x0000000000000000      0x780
 .debug_ranges  0x0000000000000000      0x190 build/src/kernel/slabAllocator.o
 .debug_ranges  0x0000000000000190       0x90 build/src/kernel/system.o
 .debug_ranges  0x0000000000000220       0xd0 build/src/kernel/buddyAllocator.o
 .debug_ranges  0x00000000000002f0       0x60 build/src/kernel/memoryAllocator.o
 .debug_ranges  0x0000000000000350      0x110 build/src/kernel/riscv.o
 .debug_ranges  0x0000000000000460      0x260 build/src/user/tests/userMain.o
 .debug_ranges  0x00000000000006c0       0xc0 build/src/user/syscall_cpp.o

.comment        0x0000000000000000       0x53
 .comment       0x0000000000000000       0x29 build/src/kernel/slabAllocator.o
                                         0x2a (size before relaxing)
 .comment       0x0000000000000029       0x2a build/src/kernel/system.o
 .comment       0x0000000000000029       0x2a build/src/kernel/buddyAllocator.o
 .comment       0x0000000000000029       0x2a build/src/kernel/scb.o
 .comment       0x0000000000000029       0x2a build/src/kernel/main.o
 .comment       0x0000000000000029       0x2a build/src/kernel/tcb.o
 .comment       0x0000000000000029       0x2a build/src/kernel/memoryAllocator.o
 .comment       0x0000000000000029       0x2a build/src/kernel/riscv.o
 .comment       0x0000000000000029       0x2a build/src/kernel/utility.o
 .comment       0x0000000000000029       0x2a build/src/kernel/scheduler.o
 .comment       0x0000000000000029       0x2a build/src/kernel/consoleUtil.o
 .comment       0x0000000000000029       0x2a build/src/kernel/slab.o
 .comment       0x0000000000000029       0x2a build/src/user/syscall_c.o
 .comment       0x0000000000000029       0x2a build/src/user/_semaphore.o
 .comment       0x0000000000000029       0x2a build/src/user/_thread.o
 .comment       0x0000000000000029       0x2a build/src/user/tests/buffer_CPP_API.o
 .comment       0x0000000000000029       0x2a build/src/user/tests/userMain.o
 .comment       0x0000000000000029       0x2a build/src/user/tests/buffer.o
 .comment       0x0000000000000029       0x2a build/src/user/printing.o
 .comment       0x0000000000000029       0x2a build/src/user/userWrappers.o
 .comment       0x0000000000000029       0x2a build/src/user/syscall_cpp.o
 .comment       0x0000000000000029       0x2a ./lib/hw.lib(start.o)
                                         0x2b (size before relaxing)
 .comment       0x0000000000000053       0x2b ./lib/hw.lib(main.o)
 .comment       0x0000000000000053       0x2b ./lib/hw.lib(proc.o)
 .comment       0x0000000000000053       0x2b ./lib/hw.lib(trap.o)
 .comment       0x0000000000000053       0x2b ./lib/hw.lib(plic.o)
 .comment       0x0000000000000053       0x2b ./lib/hw.lib(support_cpp.o)
 .comment       0x0000000000000053       0x2b ./lib/hw.lib(hw.o)
 .comment       0x0000000000000053       0x2b ./lib/hw.lib(console.o)
 .comment       0x0000000000000053       0x2b ./lib/hw.lib(printf.o)
 .comment       0x0000000000000053       0x2b ./lib/hw.lib(uart.o)
 .comment       0x0000000000000053       0x2b ./lib/hw.lib(kalloc.o)
 .comment       0x0000000000000053       0x2b ./lib/hw.lib(spinlock.o)
 .comment       0x0000000000000053       0x2b ./lib/hw.lib(string.o)

.note.GNU-stack
                0x0000000000000000        0x0
 .note.GNU-stack
                0x0000000000000000        0x0 build/src/kernel/slabAllocator.o
 .note.GNU-stack
                0x0000000000000000        0x0 build/src/kernel/system.o
 .note.GNU-stack
                0x0000000000000000        0x0 build/src/kernel/buddyAllocator.o
 .note.GNU-stack
                0x0000000000000000        0x0 build/src/kernel/scb.o
 .note.GNU-stack
                0x0000000000000000        0x0 build/src/kernel/main.o
 .note.GNU-stack
                0x0000000000000000        0x0 build/src/kernel/tcb.o
 .note.GNU-stack
                0x0000000000000000        0x0 build/src/kernel/memoryAllocator.o
 .note.GNU-stack
                0x0000000000000000        0x0 build/src/kernel/riscv.o
 .note.GNU-stack
                0x0000000000000000        0x0 build/src/kernel/utility.o
 .note.GNU-stack
                0x0000000000000000        0x0 build/src/kernel/scheduler.o
 .note.GNU-stack
                0x0000000000000000        0x0 build/src/kernel/consoleUtil.o
 .note.GNU-stack
                0x0000000000000000        0x0 build/src/kernel/slab.o
 .note.GNU-stack
                0x0000000000000000        0x0 build/src/user/syscall_c.o
 .note.GNU-stack
                0x0000000000000000        0x0 build/src/user/_semaphore.o
 .note.GNU-stack
                0x0000000000000000        0x0 build/src/user/_thread.o
 .note.GNU-stack
                0x0000000000000000        0x0 build/src/user/tests/buffer_CPP_API.o
 .note.GNU-stack
                0x0000000000000000        0x0 build/src/user/tests/userMain.o
 .note.GNU-stack
                0x0000000000000000        0x0 build/src/user/tests/buffer.o
 .note.GNU-stack
                0x0000000000000000        0x0 build/src/user/printing.o
 .note.GNU-stack
                0x0000000000000000        0x0 build/src/user/userWrappers.o
 .note.GNU-stack
                0x0000000000000000        0x0 build/src/user/syscall_cpp.o
 .note.GNU-stack
                0x0000000000000000        0x0 ./lib/hw.lib(start.o)
 .note.GNU-stack
                0x0000000000000000        0x0 ./lib/hw.lib(main.o)
 .note.GNU-stack
                0x0000000000000000        0x0 ./lib/hw.lib(proc.o)
 .note.GNU-stack
                0x0000000000000000        0x0 ./lib/hw.lib(trap.o)
 .note.GNU-stack
                0x0000000000000000        0x0 ./lib/hw.lib(plic.o)
 .note.GNU-stack
                0x0000000000000000        0x0 ./lib/hw.lib(support_cpp.o)
 .note.GNU-stack
                0x0000000000000000        0x0 ./lib/hw.lib(hw.o)
 .note.GNU-stack
                0x0000000000000000        0x0 ./lib/hw.lib(console.o)
 .note.GNU-stack
                0x0000000000000000        0x0 ./lib/hw.lib(printf.o)
 .note.GNU-stack
                0x0000000000000000        0x0 ./lib/hw.lib(uart.o)
 .note.GNU-stack
                0x0000000000000000        0x0 ./lib/hw.lib(kalloc.o)
 .note.GNU-stack
                0x0000000000000000        0x0 ./lib/hw.lib(spinlock.o)
 .note.GNU-stack
                0x0000000000000000        0x0 ./lib/hw.lib(string.o)
