Archive member included to satisfy reference by file (symbol)

./lib/hw.lib(entry.o)         (_entry)
./lib/hw.lib(start.o)         ./lib/hw.lib(entry.o) (start)
./lib/hw.lib(main.o)          ./lib/hw.lib(start.o) (system_main)
./lib/hw.lib(proc.o)          ./lib/hw.lib(main.o) (cpuid)
./lib/hw.lib(trap.o)          ./lib/hw.lib(main.o) (trapinit)
./lib/hw.lib(kernelvec.o)     ./lib/hw.lib(trap.o) (kernelvec)
./lib/hw.lib(plic.o)          ./lib/hw.lib(main.o) (plicinit)
./lib/hw.lib(support_cpp.o)   build/src/kernel/console_util.o (_Unwind_Resume)
./lib/hw.lib(hw.o)            build/src/kernel/riscv.o (CONSOLE_RX_DATA)
./lib/hw.lib(console.o)       ./lib/hw.lib(main.o) (consoleinit)
./lib/hw.lib(printf.o)        ./lib/hw.lib(main.o) (panic)
./lib/hw.lib(uart.o)          ./lib/hw.lib(console.o) (uartinit)
./lib/hw.lib(kalloc.o)        ./lib/hw.lib(main.o) (kinit)
./lib/hw.lib(spinlock.o)      ./lib/hw.lib(trap.o) (initlock)
./lib/hw.lib(string.o)        ./lib/hw.lib(kalloc.o) (__memset)

Discarded input sections

 .group         0x0000000000000000        0xc build/src/kernel/scb.o
 .group         0x0000000000000000        0xc build/src/kernel/tcb.o
 .data.rel.local.DW.ref.__gxx_personality_v0
                0x0000000000000000        0x8 build/src/kernel/tcb.o
 .group         0x0000000000000000        0xc build/src/kernel/console_util.o
 .data.rel.local.DW.ref.__gxx_personality_v0
                0x0000000000000000        0x8 build/src/kernel/console_util.o
 .group         0x0000000000000000        0xc build/src/kernel/riscv.o
 .data.rel.local.DW.ref.__gxx_personality_v0
                0x0000000000000000        0x8 build/src/kernel/riscv.o
 .group         0x0000000000000000        0xc build/src/user/tests/buffer_CPP_API.o
 .data.rel.local.DW.ref.__gxx_personality_v0
                0x0000000000000000        0x8 build/src/user/tests/buffer_CPP_API.o
 .group         0x0000000000000000        0xc build/src/user/tests/userMain.o
 .group         0x0000000000000000       0x14 build/src/user/tests/userMain.o
 .group         0x0000000000000000       0x14 build/src/user/tests/userMain.o
 .group         0x0000000000000000       0x14 build/src/user/tests/userMain.o
 .group         0x0000000000000000       0x14 build/src/user/tests/userMain.o
 .group         0x0000000000000000        0xc build/src/user/tests/userMain.o
 .group         0x0000000000000000        0xc build/src/user/tests/userMain.o
 .group         0x0000000000000000       0x14 build/src/user/tests/userMain.o
 .group         0x0000000000000000        0xc build/src/user/tests/userMain.o
 .group         0x0000000000000000        0xc build/src/user/tests/userMain.o
 .group         0x0000000000000000        0xc build/src/user/tests/userMain.o
 .group         0x0000000000000000        0xc build/src/user/tests/userMain.o
 .group         0x0000000000000000        0xc build/src/user/tests/userMain.o
 .data.rel.local.DW.ref.__gxx_personality_v0
                0x0000000000000000        0x8 build/src/user/tests/userMain.o
 .group         0x0000000000000000        0xc build/src/user/tests/buffer.o
 .data.rel.local.DW.ref.__gxx_personality_v0
                0x0000000000000000        0x8 build/src/user/tests/buffer.o
 .group         0x0000000000000000        0x8 build/src/user/syscall_cpp.o
 .group         0x0000000000000000        0x8 build/src/user/syscall_cpp.o
 .group         0x0000000000000000       0x14 build/src/user/syscall_cpp.o
 .group         0x0000000000000000        0xc build/src/user/syscall_cpp.o
 .group         0x0000000000000000        0xc build/src/user/syscall_cpp.o
 .group         0x0000000000000000        0xc build/src/user/syscall_cpp.o
 .group         0x0000000000000000        0xc build/src/user/syscall_cpp.o
 .data.rel.local.DW.ref.__gxx_personality_v0
                0x0000000000000000        0x8 build/src/user/syscall_cpp.o

Memory Configuration

Name             Origin             Length             Attributes
*default*        0x0000000000000000 0xffffffffffffffff

Linker script and memory map

                0x0000000080000000                . = 0x80000000

.text           0x0000000080000000     0x8000
 *(.entry_os)
 .entry_os      0x0000000080000000       0x24 ./lib/hw.lib(entry.o)
                0x0000000080000000                _entry
                0x0000000080001000                . = ALIGN (0x1000)
 *fill*         0x0000000080000024      0xfdc 
                [!provide]                        PROVIDE (kernelTextStart = .)
 EXCLUDE_FILE(build/src/user/*) *(.text .text.*)
 .text          0x0000000080001000      0x120 build/src/kernel/supervisorTrap.o
                0x0000000080001000                RiscV::supervisorTrap()
 .text          0x0000000080001120       0x14 build/src/kernel/contextSwitch.o
                0x0000000080001120                TCB::contextSwitch(TCB::Context*, TCB::Context*)
 .text          0x0000000080001134      0x534 build/src/kernel/system.o
                0x0000000080001134                memset(void const*, int, int)
                0x0000000080001164                construct(void*)
                0x0000000080001194                check(void*, unsigned long)
                0x00000000800011dc                work(void*)
                0x00000000800013cc                runs(void (*)(void*), data_s*, int)
                0x000000008000144c                test2()
                0x00000000800014c8                ctor(void*)
                0x00000000800014f8                System::System()
                0x00000000800014f8                System::System()
 .text          0x0000000080001668      0x2d0 build/src/kernel/scb.o
                0x0000000080001668                SCB::ctor(void*)
                0x0000000080001688                SCB::dtor(void*)
                0x00000000800016a8                SCB::initialize()
                0x00000000800016f4                SCB::SCB(unsigned long)
                0x00000000800016f4                SCB::SCB(unsigned long)
                0x0000000080001710                SCB::~SCB()
                0x0000000080001710                SCB::~SCB()
                0x0000000080001768                SCB::block()
                0x00000000800017d0                SCB::deblock()
                0x000000008000181c                SCB::wait()
                0x000000008000186c                SCB::signal()
                0x00000000800018a8                SCB::operator new(unsigned long)
                0x00000000800018d8                SCB::operator delete(void*)
                0x000000008000190c                SCB::semaphore_free(void*)
 .text          0x0000000080001938      0x5d4 build/src/kernel/buddy_allocator.o
                0x0000000080001998                Buddy::initialize(void*, unsigned long)
                0x0000000080001aa0                Buddy::compress(unsigned long)
                0x0000000080001ba8                Buddy::insert(void*, unsigned long)
                0x0000000080001c90                Buddy::free(void*, unsigned long)
                0x0000000080001cc0                Buddy::split(Buddy::Block*, int, int)
                0x0000000080001d68                Buddy::alloc(unsigned long)
                0x0000000080001e1c                Buddy::printList()
 .text          0x0000000080001f0c       0x30 build/src/kernel/main.o
                0x0000000080001f0c                main
 .text          0x0000000080001f3c      0x354 build/src/kernel/tcb.o
                0x0000000080001f3c                TCB::ctor(void*)
                0x0000000080001f64                TCB::dtor(void*)
                0x0000000080001f8c                TCB::wrapper(void*)
                0x0000000080001fd0                TCB::TCB(void (*)(void*), void*, unsigned long*, unsigned long)
                0x0000000080001fd0                TCB::TCB(void (*)(void*), void*, unsigned long*, unsigned long)
                0x0000000080002038                TCB::free()
                0x0000000080002064                TCB::~TCB()
                0x0000000080002064                TCB::~TCB()
                0x000000008000208c                TCB::dispatch()
                0x000000008000210c                TCB::operator new(unsigned long)
                0x000000008000213c                TCB::initialize()
                0x0000000080002230                TCB::operator delete(void*)
                0x0000000080002264                TCB::thread_free(void*)
 .text          0x0000000080002290      0x4ac build/src/kernel/memory_allocator.o
                0x0000000080002290                MemoryAllocator::initialize()
                0x0000000080002310                MemoryAllocator::kmalloc(unsigned long)
                0x0000000080002478                MemoryAllocator::insertAndMerge(void*, MemoryAllocator::BlockHeader**)
                0x0000000080002548                MemoryAllocator::kfree(void*)
                0x00000000800025fc                MemoryAllocator::showMemory()
                0x00000000800026fc                MemoryAllocator::memcpy(void*, void*, unsigned long)
 .text          0x000000008000273c      0x490 build/src/kernel/console_util.o
                0x000000008000273c                ConsoleUtil::initialize()
                0x0000000080002820                ConsoleUtil::putInput(char)
                0x00000000800028a0                ConsoleUtil::getInput()
                0x0000000080002910                ConsoleUtil::putOutput(char)
                0x00000000800029a8                ConsoleUtil::getOutput()
                0x0000000080002a18                ConsoleUtil::printString(char const*)
                0x0000000080002a5c                ConsoleUtil::printInt(int, int, int)
                0x0000000080002b38                ConsoleUtil::print(char const*, int, char const*, int)
                0x0000000080002ba4                ConsoleUtil::putcUtilSyscall()
 .text          0x0000000080002bcc     0x1548 build/src/kernel/riscv.o
                0x0000000080002bcc                RiscV::popSppSpie()
                0x0000000080002c24                RiscV::executeThreadDispatchSyscall()
                0x0000000080002c60                RiscV::executePutcSyscall()
                0x0000000080002cb0                RiscV::jumpToDesignatedPrivilegeMode()
                0x0000000080002cf4                RiscV::finalize()
                0x0000000080002da8                RiscV::saveA0toSscratch()
                0x0000000080002de0                RiscV::executeMemAllocSyscall()
                0x0000000080002e18                RiscV::executeMemFreeSyscall()
                0x0000000080002e68                RiscV::executeThreadCreateSyscall()
                0x0000000080002f3c                RiscV::executeThreadAttachBodySyscall()
                0x0000000080003004                RiscV::executeThreadStartSyscall()
                0x000000008000305c                RiscV::executeThreadExitSyscall()
                0x00000000800030b4                RiscV::executeSemOpenSyscall()
                0x0000000080003150                RiscV::executeSemCloseSyscall()
                0x00000000800031b0                RiscV::executeSemWaitSyscall()
                0x0000000080003210                RiscV::executeSemSignalSyscall()
                0x0000000080003258                RiscV::executeTimeSleepSyscall()
                0x00000000800032d0                RiscV::executeGetcSyscall()
                0x0000000080003368                RiscV::executePutcUtilSyscall()
                0x000000008000339c                RiscV::executeThreadFreeSyscall()
                0x0000000080003404                RiscV::executeSemaphoreFreeSyscall()
                0x0000000080003460                RiscV::getPC()
                0x000000008000348c                RiscV::threadCreateUtil(TCB**, void (*)(void*), void*)
                0x0000000080003508                RiscV::threadExitUtil()
                0x0000000080003528                RiscV::threadDispatchUtil()
                0x0000000080003548                RiscV::putcWrapper(void*)
                0x00000000800035d0                RiscV::getPMT()
                0x000000008000361c                RiscV::handlePageFault(void*, unsigned long, unsigned long)
                0x00000000800036fc                RiscV::executeForkSyscall()
                0x0000000080003868                RiscV::handleSupervisorTrap()
                0x0000000080003cc8                RiscV::buildSection(void*, unsigned long, unsigned long, unsigned long)
                0x0000000080003d3c                RiscV::mapConsoleRegisters(void*)
                0x0000000080003dd0                RiscV::buildKernelPMT()
                0x0000000080003f10                RiscV::buildUserPMT()
                0x0000000080004050                RiscV::initialize()
 .text          0x0000000080004114       0x8c build/src/kernel/utility.o
                0x0000000080004114                strcpy(char const*, char*)
                0x0000000080004150                strcat(char*, char const*)
 .text          0x00000000800041a0      0x214 build/src/kernel/scheduler.o
                0x00000000800041a0                Scheduler::initialize()
                0x00000000800041b8                Scheduler::put(TCB*)
                0x0000000080004200                Scheduler::get()
                0x0000000080004234                Scheduler::sleep(TCB*)
                0x000000008000428c                Scheduler::awake()
                0x00000000800042f4                Scheduler::showScheduler()
                0x0000000080004354                Scheduler::showSleeping()
 .text          0x00000000800043b4      0x198 build/src/kernel/slab.o
                0x00000000800043b4                kmem_init(void*, int)
                0x00000000800043dc                kmem_cache_create(char const*, unsigned long, void (*)(void*), void (*)(void*))
                0x0000000080004404                kmem_cache_alloc(Cache*)
                0x000000008000442c                kmem_cache_free(Cache*, void*)
                0x0000000080004454                kmem_cache_destroy(Cache*)
                0x0000000080004484                kmem_cache_info(Cache*)
                0x00000000800044ac                kmem_cache_shrink(Cache*)
                0x00000000800044d4                kmalloc(unsigned long)
                0x00000000800044fc                kfree(void const*)
                0x0000000080004524                kmem_cache_error(Cache*)
 .text          0x000000008000454c      0xebc build/src/kernel/slab_allocator.o
                0x000000008000454c                SlabAllocator::shrinkCache(Cache*)
                0x00000000800045b4                SlabAllocator::printSlab(Slab*)
                0x00000000800046f0                SlabAllocator::printCache(Cache*)
                0x00000000800048d0                SlabAllocator::insertIntoList(Slab*&, Slab*)
                0x0000000080004900                SlabAllocator::allocateSlab(Cache*)
                0x0000000080004a1c                SlabAllocator::removeFromList(Slab*&, Slab*)
                0x0000000080004a70                SlabAllocator::move(Slab*&, Slab*&, Slab*)
                0x0000000080004ac4                SlabAllocator::allocateSlot(Slab*)
                0x0000000080004bbc                SlabAllocator::allocateObject(Cache*)
                0x0000000080004d4c                SlabAllocator::allocateBuffer(unsigned long)
                0x0000000080004dec                SlabAllocator::createCache(char const*, unsigned long, void (*)(void*), void (*)(void*))
                0x0000000080004ef8                SlabAllocator::initialize(void*, unsigned long)
                0x000000008000502c                SlabAllocator::freeSlot(Slab*, unsigned long)
                0x0000000080005148                SlabAllocator::freeObject(Cache*, void const*)
                0x000000008000523c                SlabAllocator::freeBuffer(void const*)
                0x00000000800052a8                SlabAllocator::deleteCache(Cache*&)
                0x0000000080005384                SlabAllocator::cacheErrorHandler(Cache*)
 .text          0x0000000080005408        0x0 ./lib/hw.lib(entry.o)
 .text          0x0000000080005408      0x18c ./lib/hw.lib(start.o)
                0x0000000080005408                start
                0x0000000080005508                timerinit
 .text          0x0000000080005594       0xd8 ./lib/hw.lib(main.o)
                0x0000000080005594                system_main
 .text          0x000000008000566c      0x100 ./lib/hw.lib(proc.o)
                0x000000008000566c                cpuid
                0x000000008000568c                mycpu
                0x00000000800056bc                userinit
                0x00000000800056d8                either_copyout
                0x0000000080005724                either_copyin
 .text          0x000000008000576c      0x32c ./lib/hw.lib(trap.o)
                0x000000008000576c                trapinit
                0x0000000080005798                trapinithart
                0x00000000800057bc                usertrap
                0x00000000800057d4                usertrapret
                0x00000000800057ec                kerneltrap
                0x0000000080005934                clockintr
                0x000000008000598c                devintr
 *fill*         0x0000000080005a98        0x8 
 .text          0x0000000080005aa0      0x150 ./lib/hw.lib(kernelvec.o)
                0x0000000080005aa0                kernelvec
                0x0000000080005bb0                timervec
 .text          0x0000000080005bf0       0xf0 ./lib/hw.lib(plic.o)
                0x0000000080005bf0                plicinit
                0x0000000080005c18                plicinithart
                0x0000000080005c64                plic_claim
                0x0000000080005c9c                plic_complete
 .text          0x0000000080005ce0        0x0 ./lib/hw.lib(support_cpp.o)
 .text          0x0000000080005ce0        0x0 ./lib/hw.lib(hw.o)
 .text          0x0000000080005ce0      0x36c ./lib/hw.lib(console.o)
                0x0000000080005ce0                consolewrite
                0x0000000080005d84                consoleread
                0x0000000080005ec4                consputc
                0x0000000080005f14                consoleintr
                0x0000000080005fa8                consoleinit
                0x000000008000600c                console_read
                0x000000008000602c                console_write
 .text          0x000000008000604c      0x738 ./lib/hw.lib(printf.o)
                0x000000008000604c                panic
                0x00000000800060a8                __printf
                0x000000008000673c                printfinit
 .text          0x0000000080006784      0x344 ./lib/hw.lib(uart.o)
                0x0000000080006784                uartinit
                0x00000000800067c8                uartputc
                0x00000000800068c0                uartputc_sync
                0x0000000080006904                uartstart
                0x0000000080006978                uartgetc
                0x00000000800069b0                uartintr
 .text          0x0000000080006ac8      0x290 ./lib/hw.lib(kalloc.o)
                0x0000000080006ac8                kinit
                0x0000000080006ba0                freerange
                0x0000000080006c80                kfree
                0x0000000080006d00                kalloc
 .text          0x0000000080006d58      0x3e0 ./lib/hw.lib(spinlock.o)
                0x0000000080006d58                initlock
                0x0000000080006d7c                acquire
                0x0000000080006e48                release
                0x0000000080006f10                holding
                0x0000000080006f5c                push_off
                0x0000000080006fd0                pop_off
                0x000000008000704c                push_on
                0x00000000800070c0                pop_on
 .text          0x0000000080007138      0x394 ./lib/hw.lib(string.o)
                0x0000000080007138                __memset
                0x0000000080007354                __memmove
                0x0000000080008000                . = ALIGN (0x1000)
 *fill*         0x00000000800074cc      0xb34 
                0x0000000080008000                PROVIDE (kernelTextEnd = .)

.rodata         0x0000000080008000      0x7af
                0x0000000080008000                . = ALIGN (0x10)
                [!provide]                        PROVIDE (kernelDataStart = .)
 EXCLUDE_FILE(build/src/user/*) *(.srodata .srodata.*)
 .srodata       0x0000000080008000       0x18 ./lib/hw.lib(hw.o)
                0x0000000080008000                CONSOLE_RX_DATA
                0x0000000080008008                CONSOLE_TX_DATA
                0x0000000080008010                CONSOLE_STATUS
                0x0000000080008020                . = ALIGN (0x10)
 *fill*         0x0000000080008018        0x8 
 EXCLUDE_FILE(build/src/user/*) *(.rodata .rodata.*)
 .rodata.str1.8
                0x0000000080008020       0x55 build/src/kernel/system.o
 *fill*         0x0000000080008075        0x3 
 .rodata.str1.8
                0x0000000080008078        0xa build/src/kernel/scb.o
 *fill*         0x0000000080008082        0x6 
 .rodata.str1.8
                0x0000000080008088        0x3 build/src/kernel/buddy_allocator.o
                                         0x12 (size before relaxing)
 *fill*         0x000000008000808b        0x5 
 .rodata.str1.8
                0x0000000080008090        0xa build/src/kernel/tcb.o
 *fill*         0x000000008000809a        0x6 
 .rodata.str1.8
                0x00000000800080a0       0x82 build/src/kernel/memory_allocator.o
 *fill*         0x0000000080008122        0x6 
 .rodata.str1.8
                0x0000000080008128       0x11 build/src/kernel/console_util.o
 *fill*         0x0000000080008139        0x7 
 .rodata.str1.8
                0x0000000080008140       0x6b build/src/kernel/riscv.o
                                         0x73 (size before relaxing)
 *fill*         0x00000000800081ab        0x1 
 .rodata        0x00000000800081ac      0x188 build/src/kernel/riscv.o
 .rodata.str1.8
                0x0000000080008334        0x2 build/src/kernel/scheduler.o
 *fill*         0x0000000080008334        0x4 
 .rodata.str1.8
                0x0000000080008338      0x2a4 build/src/kernel/slab_allocator.o
                                        0x2bc (size before relaxing)
 *fill*         0x00000000800085dc        0x4 
 .rodata.str1.8
                0x00000000800085e0       0x51 ./lib/hw.lib(main.o)
                                         0x59 (size before relaxing)
 *fill*         0x0000000080008631        0x7 
 .rodata.str1.8
                0x0000000080008638       0x4b ./lib/hw.lib(proc.o)
 *fill*         0x0000000080008683        0x5 
 .rodata.str1.8
                0x0000000080008688       0x7b ./lib/hw.lib(trap.o)
 *fill*         0x0000000080008703        0x5 
 .rodata.str1.8
                0x0000000080008708        0x5 ./lib/hw.lib(console.o)
 *fill*         0x000000008000870d        0x3 
 .rodata.str1.8
                0x0000000080008710       0x23 ./lib/hw.lib(printf.o)
                                         0x2b (size before relaxing)
 *fill*         0x0000000080008733        0x5 
 .rodata        0x0000000080008738       0x11 ./lib/hw.lib(printf.o)
 *fill*         0x0000000080008749        0x7 
 .rodata.str1.8
                0x0000000080008750        0x6 ./lib/hw.lib(kalloc.o)
 *fill*         0x0000000080008756        0x2 
 .rodata.str1.8
                0x0000000080008758       0x57 ./lib/hw.lib(spinlock.o)

.eh_frame       0x00000000800087b0     0x23f0
 .eh_frame      0x00000000800087b0      0x198 build/src/kernel/system.o
 .eh_frame      0x0000000080008948      0x200 build/src/kernel/scb.o
                                        0x210 (size before relaxing)
 .eh_frame      0x0000000080008b48      0x188 build/src/kernel/buddy_allocator.o
                                        0x198 (size before relaxing)
 .eh_frame      0x0000000080008cd0       0x28 build/src/kernel/main.o
                                         0x40 (size before relaxing)
 .eh_frame      0x0000000080008cf8      0x1c0 build/src/kernel/tcb.o
                                        0x1f0 (size before relaxing)
 .eh_frame      0x0000000080008eb8       0xf8 build/src/kernel/memory_allocator.o
                                        0x108 (size before relaxing)
 .eh_frame      0x0000000080008fb0      0x198 build/src/kernel/console_util.o
                                        0x1c8 (size before relaxing)
 .eh_frame      0x0000000080009148      0x660 build/src/kernel/riscv.o
                                        0x690 (size before relaxing)
 .eh_frame      0x00000000800097a8       0x50 build/src/kernel/utility.o
                                         0x68 (size before relaxing)
 .eh_frame      0x00000000800097f8      0x120 build/src/kernel/scheduler.o
                                        0x130 (size before relaxing)
 .eh_frame      0x0000000080009918      0x190 build/src/kernel/slab.o
                                        0x1a8 (size before relaxing)
 .eh_frame      0x0000000080009aa8      0x348 build/src/kernel/slab_allocator.o
                                        0x358 (size before relaxing)
 .eh_frame      0x0000000080009df0      0x270 build/src/user/syscall_c.o
                                        0x280 (size before relaxing)
 .eh_frame      0x000000008000a060       0x28 build/src/user/_semaphore.o
                                         0x40 (size before relaxing)
 .eh_frame      0x000000008000a088       0x28 build/src/user/_thread.o
                                         0x40 (size before relaxing)
 .eh_frame      0x000000008000a0b0      0x100 build/src/user/tests/buffer_CPP_API.o
                                        0x130 (size before relaxing)
 .eh_frame      0x000000008000a1b0      0x408 build/src/user/tests/userMain.o
                                        0x438 (size before relaxing)
 .eh_frame      0x000000008000a5b8       0xf8 build/src/user/tests/buffer.o
                                        0x128 (size before relaxing)
 .eh_frame      0x000000008000a6b0       0xc0 build/src/user/printing.o
                                         0xd0 (size before relaxing)
 .eh_frame      0x000000008000a770      0x3e0 build/src/user/syscall_cpp.o
                                        0x410 (size before relaxing)
 .eh_frame      0x000000008000ab50       0x50 build/src/user/user_wrappers.o
                                         0x68 (size before relaxing)

.gcc_except_table
                0x000000008000aba0      0x2d1
 .gcc_except_table
                0x000000008000aba0        0x4 build/src/kernel/scb.o
 .gcc_except_table
                0x000000008000aba4        0x4 build/src/kernel/tcb.o
 .gcc_except_table
                0x000000008000aba8       0x5f build/src/kernel/console_util.o
 .gcc_except_table
                0x000000008000ac07       0xc6 build/src/kernel/riscv.o
 .gcc_except_table
                0x000000008000accd       0xa5 build/src/user/tests/buffer_CPP_API.o
 .gcc_except_table
                0x000000008000ad72       0xf3 build/src/user/tests/userMain.o
 .gcc_except_table
                0x000000008000ae65        0x4 build/src/user/tests/buffer.o
 .gcc_except_table
                0x000000008000ae69        0x8 build/src/user/syscall_cpp.o

.gcc_except_table._ZN10ForkThread3runEv
                0x000000008000ae71       0x2b
 .gcc_except_table._ZN10ForkThread3runEv
                0x000000008000ae71       0x2b build/src/user/tests/userMain.o

.rela.dyn       0x000000008000aea0        0x0
 .rela.got      0x000000008000aea0        0x0 build/src/kernel/supervisorTrap.o
 .rela.text     0x000000008000aea0        0x0 build/src/kernel/supervisorTrap.o
 .rela.text._ZN19ConsumerProducerCPP8ConsumerD2Ev
                0x000000008000aea0        0x0 build/src/kernel/supervisorTrap.o
 .rela.text._ZN19ConsumerProducerCPP8ConsumerD0Ev
                0x000000008000aea0        0x0 build/src/kernel/supervisorTrap.o
 .rela.text._ZN19ConsumerProducerCPP16ProducerKeyboradD2Ev
                0x000000008000aea0        0x0 build/src/kernel/supervisorTrap.o
 .rela.text._ZN19ConsumerProducerCPP16ProducerKeyboradD0Ev
                0x000000008000aea0        0x0 build/src/kernel/supervisorTrap.o
 .rela.text._ZN19ConsumerProducerCPP8ProducerD2Ev
                0x000000008000aea0        0x0 build/src/kernel/supervisorTrap.o
 .rela.text._ZN19ConsumerProducerCPP8ProducerD0Ev
                0x000000008000aea0        0x0 build/src/kernel/supervisorTrap.o
 .rela.text._ZN10ForkThreadD2Ev
                0x000000008000aea0        0x0 build/src/kernel/supervisorTrap.o
 .rela.text._ZN10ForkThreadD0Ev
                0x000000008000aea0        0x0 build/src/kernel/supervisorTrap.o
 .rela.text._ZN10ForkThread3runEv
                0x000000008000aea0        0x0 build/src/kernel/supervisorTrap.o
 .rela.data.rel.ro.local._ZTVN19ConsumerProducerCPP16ProducerKeyboradE
                0x000000008000aea0        0x0 build/src/kernel/supervisorTrap.o
 .rela.data.rel.ro.local._ZTVN19ConsumerProducerCPP8ProducerE
                0x000000008000aea0        0x0 build/src/kernel/supervisorTrap.o
 .rela.data.rel.ro.local._ZTVN19ConsumerProducerCPP8ConsumerE
                0x000000008000aea0        0x0 build/src/kernel/supervisorTrap.o
 .rela.data.rel.ro.local._ZTV10ForkThread
                0x000000008000aea0        0x0 build/src/kernel/supervisorTrap.o
 .rela.text._ZN14PeriodicThreadD2Ev
                0x000000008000aea0        0x0 build/src/kernel/supervisorTrap.o
 .rela.text._ZN14PeriodicThreadD0Ev
                0x000000008000aea0        0x0 build/src/kernel/supervisorTrap.o
 .rela.data.rel.ro.local._ZTV14PeriodicThread
                0x000000008000aea0        0x0 build/src/kernel/supervisorTrap.o
 .rela.data.rel.ro.local._ZTV6Thread
                0x000000008000aea0        0x0 build/src/kernel/supervisorTrap.o
 .rela.sdata    0x000000008000aea0        0x0 build/src/kernel/supervisorTrap.o

.data           0x000000008000aea0       0xb8
                0x000000008000aea0                . = ALIGN (0x10)
 EXCLUDE_FILE(build/src/user/*) *(.sdata .sdata.*)
 .sdata         0x000000008000aea0       0x10 ./lib/hw.lib(hw.o)
                0x000000008000aea0                HEAP_END_ADDR
                0x000000008000aea8                HEAP_START_ADDR
                0x000000008000aeb0                . = ALIGN (0x10)
 EXCLUDE_FILE(build/src/user/*) *(.data .data.*)
 .data          0x000000008000aeb0        0x0 build/src/kernel/supervisorTrap.o
 .data          0x000000008000aeb0        0x0 build/src/kernel/contextSwitch.o
 .data          0x000000008000aeb0        0x0 build/src/kernel/system.o
 .data.rel.ro.local
                0x000000008000aeb0       0x28 build/src/kernel/system.o
 .data          0x000000008000aed8        0x0 build/src/kernel/scb.o
 .data.rel.local.DW.ref.__gxx_personality_v0
                0x000000008000aed8        0x8 build/src/kernel/scb.o
                0x000000008000aed8                DW.ref.__gxx_personality_v0
 .data          0x000000008000aee0        0x8 build/src/kernel/buddy_allocator.o
                0x000000008000aee0                Buddy::BLOCKS_AVAILABLE
 .data          0x000000008000aee8        0x0 build/src/kernel/main.o
 .data          0x000000008000aee8        0x0 build/src/kernel/tcb.o
 .data          0x000000008000aee8        0x0 build/src/kernel/memory_allocator.o
 .data          0x000000008000aee8        0x8 build/src/kernel/console_util.o
                0x000000008000aee8                ConsoleUtil::bufferSize
 .data          0x000000008000aef0        0x0 build/src/kernel/riscv.o
 .data          0x000000008000aef0        0x0 build/src/kernel/utility.o
 .data          0x000000008000aef0        0x0 build/src/kernel/scheduler.o
 .data          0x000000008000aef0        0x0 build/src/kernel/slab.o
 .data          0x000000008000aef0        0x0 build/src/kernel/slab_allocator.o
 .data.rel.local
                0x000000008000aef0       0x68 build/src/kernel/slab_allocator.o
                0x000000008000aef0                SlabAllocator::names
 .data          0x000000008000af58        0x0 ./lib/hw.lib(entry.o)
 .data          0x000000008000af58        0x0 ./lib/hw.lib(start.o)
 .data          0x000000008000af58        0x0 ./lib/hw.lib(main.o)
 .data          0x000000008000af58        0x0 ./lib/hw.lib(proc.o)
 .data          0x000000008000af58        0x0 ./lib/hw.lib(trap.o)
 .data          0x000000008000af58        0x0 ./lib/hw.lib(kernelvec.o)
 .data          0x000000008000af58        0x0 ./lib/hw.lib(plic.o)
 .data          0x000000008000af58        0x0 ./lib/hw.lib(support_cpp.o)
 .data          0x000000008000af58        0x0 ./lib/hw.lib(hw.o)
 .data          0x000000008000af58        0x0 ./lib/hw.lib(console.o)
 .data          0x000000008000af58        0x0 ./lib/hw.lib(printf.o)
 .data          0x000000008000af58        0x0 ./lib/hw.lib(uart.o)
 .data          0x000000008000af58        0x0 ./lib/hw.lib(kalloc.o)
 .data          0x000000008000af58        0x0 ./lib/hw.lib(spinlock.o)
 .data          0x000000008000af58        0x0 ./lib/hw.lib(string.o)

.got            0x000000008000af58       0xe8
 .got           0x000000008000af58       0xe8 build/src/kernel/supervisorTrap.o
                0x000000008000af58                _GLOBAL_OFFSET_TABLE_

.got.plt        0x000000008000b040       0x10
 .got.plt       0x000000008000b040       0x10 build/src/kernel/supervisorTrap.o

.init_array     0x000000008000b050        0x8
 .init_array    0x000000008000b050        0x8 build/src/kernel/buddy_allocator.o

.bss            0x000000008000b060     0x1fa0
                0x000000008000b060                . = ALIGN (0x10)
 EXCLUDE_FILE(build/src/user/*) *(.sbss .sbss.*)
 .sbss          0x000000008000b060        0x4 ./lib/hw.lib(main.o)
 .sbss          0x000000008000b064        0x4 ./lib/hw.lib(trap.o)
                0x000000008000b064                ticks
 .sbss          0x000000008000b068        0x4 ./lib/hw.lib(printf.o)
                0x000000008000b068                panicked
 *fill*         0x000000008000b06c        0x4 
 .sbss          0x000000008000b070       0x10 ./lib/hw.lib(uart.o)
                0x000000008000b070                uart_tx_r
                0x000000008000b078                uart_tx_w
 .sbss          0x000000008000b080        0x8 ./lib/hw.lib(kalloc.o)
                0x000000008000b080                kmem
                0x000000008000b090                . = ALIGN (0x10)
 *fill*         0x000000008000b088        0x8 
 EXCLUDE_FILE(build/src/user/*) *(.bss .bss.*)
 .bss           0x000000008000b090        0x0 build/src/kernel/supervisorTrap.o
 .bss           0x000000008000b090        0x0 build/src/kernel/contextSwitch.o
 .bss           0x000000008000b090        0x1 build/src/kernel/system.o
                0x000000008000b090                System::initialized
 *fill*         0x000000008000b091        0x7 
 .bss           0x000000008000b098        0x8 build/src/kernel/scb.o
                0x000000008000b098                SCB::scbCache
 .bss           0x000000008000b0a0       0xe0 build/src/kernel/buddy_allocator.o
                0x000000008000b0a0                Buddy::BUDDY_START_ADDR
                0x000000008000b0a8                Buddy::BUDDY_META_DATA_ADDR
                0x000000008000b0b0                Buddy::tail
                0x000000008000b118                Buddy::head
 .bss           0x000000008000b180        0x0 build/src/kernel/main.o
 .bss           0x000000008000b180       0x30 build/src/kernel/tcb.o
                0x000000008000b180                TCB::running
                0x000000008000b188                TCB::tcbCache
                0x000000008000b190                TCB::putcThread
                0x000000008000b198                TCB::timeSliceCounter
                0x000000008000b1a0                TCB::currentSP
                0x000000008000b1a8                TCB::currentPC
 .bss           0x000000008000b1b0       0x21 build/src/kernel/memory_allocator.o
                0x000000008000b1b0                MemoryAllocator::freeMemTail
                0x000000008000b1b8                MemoryAllocator::freeMemHead
                0x000000008000b1c0                MemoryAllocator::allocMemTail
                0x000000008000b1c8                MemoryAllocator::allocMemHead
                0x000000008000b1d0                MemoryAllocator::initialized
 *fill*         0x000000008000b1d1        0x7 
 .bss           0x000000008000b1d8       0x50 build/src/kernel/console_util.o
                0x000000008000b1d8                ConsoleUtil::inputSem
                0x000000008000b1e0                ConsoleUtil::outputSem
                0x000000008000b1e8                ConsoleUtil::inputBuffer
                0x000000008000b1f0                ConsoleUtil::outputBuffer
                0x000000008000b1f8                ConsoleUtil::inputTail
                0x000000008000b200                ConsoleUtil::inputHead
                0x000000008000b208                ConsoleUtil::pendingPutc
                0x000000008000b210                ConsoleUtil::outputTail
                0x000000008000b218                ConsoleUtil::outputHead
                0x000000008000b220                ConsoleUtil::pendingGetc
 .bss           0x000000008000b228       0x21 build/src/kernel/riscv.o
                0x000000008000b228                RiscV::userMainFinished
                0x000000008000b230                RiscV::globalTime
                0x000000008000b238                RiscV::kPMT
                0x000000008000b240                RiscV::uPMT
                0x000000008000b248                RiscV::initialized
 .bss           0x000000008000b249        0x0 build/src/kernel/utility.o
 *fill*         0x000000008000b249        0x7 
 .bss           0x000000008000b250       0x18 build/src/kernel/scheduler.o
                0x000000008000b250                Scheduler::readyHead
                0x000000008000b258                Scheduler::readyTail
                0x000000008000b260                Scheduler::sleepingHead
 .bss           0x000000008000b268        0x0 build/src/kernel/slab.o
 .bss           0x000000008000b268       0x78 build/src/kernel/slab_allocator.o
                0x000000008000b268                SlabAllocator::largeSlabCache
                0x000000008000b270                SlabAllocator::sizeN
                0x000000008000b2d8                SlabAllocator::cache
 .bss           0x000000008000b2e0        0x0 ./lib/hw.lib(entry.o)
 .bss           0x000000008000b2e0     0x1030 ./lib/hw.lib(start.o)
                0x000000008000b2e0                timer_scratch
                0x000000008000b310                stack0
 .bss           0x000000008000c310        0x0 ./lib/hw.lib(main.o)
 .bss           0x000000008000c310       0x80 ./lib/hw.lib(proc.o)
                0x000000008000c310                cpus
 .bss           0x000000008000c390       0x18 ./lib/hw.lib(trap.o)
                0x000000008000c390                tickslock
 .bss           0x000000008000c3a8        0x0 ./lib/hw.lib(kernelvec.o)
 .bss           0x000000008000c3a8        0x0 ./lib/hw.lib(plic.o)
 .bss           0x000000008000c3a8       0x10 ./lib/hw.lib(support_cpp.o)
                0x000000008000c3a8                _Unwind_Resume
                0x000000008000c3b0                __gxx_personality_v0
 .bss           0x000000008000c3b8        0x0 ./lib/hw.lib(hw.o)
 .bss           0x000000008000c3b8      0x148 ./lib/hw.lib(console.o)
                0x000000008000c3b8                cons
                0x000000008000c460                devsw
 .bss           0x000000008000c500       0x20 ./lib/hw.lib(printf.o)
 .bss           0x000000008000c520       0x20 ./lib/hw.lib(uart.o)
                0x000000008000c520                uart_tx_buf
 .bss           0x000000008000c540        0x0 ./lib/hw.lib(kalloc.o)
 .bss           0x000000008000c540        0x0 ./lib/hw.lib(spinlock.o)
 .bss           0x000000008000c540        0x0 ./lib/hw.lib(string.o)
                0x000000008000d000                . = ALIGN (0x1000)
 *fill*         0x000000008000c540      0xac0 
                [!provide]                        PROVIDE (kernelDataEnd = .)

.user           0x000000008000d000     0x4000
                0x000000008000d000                . = ALIGN (0x1000)
                0x000000008000d000                PROVIDE (userTextStart = .)
 *(.text .text.*)
 .text          0x000000008000d000       0x20 build/src/user/lock.o
                0x000000008000d000                copy_and_swap
 .text          0x000000008000d020      0x37c build/src/user/syscall_c.o
                0x000000008000d020                mem_alloc(unsigned long)
                0x000000008000d050                mem_free(void*)
                0x000000008000d07c                thread_create(_thread**, void (*)(void*), void*)
                0x000000008000d108                thread_exit()
                0x000000008000d130                thread_dispatch()
                0x000000008000d150                thread_attach_body(_thread**, void (*)(void*), void*)
                0x000000008000d1e4                thread_start(_thread*)
                0x000000008000d21c                sem_open(_semaphore**, unsigned int)
                0x000000008000d254                sem_close(_semaphore*)
                0x000000008000d280                sem_wait(_semaphore*)
                0x000000008000d2ac                sem_signal(_semaphore*)
                0x000000008000d2d8                time_sleep(unsigned long)
                0x000000008000d304                getc()
                0x000000008000d32c                putc(char)
                0x000000008000d350                fork()
                0x000000008000d378                tcb_free(void*)
 .text          0x000000008000d39c       0x28 build/src/user/_semaphore.o
                0x000000008000d39c                _semaphore::operator delete(void*)
 .text          0x000000008000d3c4       0x28 build/src/user/_thread.o
                0x000000008000d3c4                _thread::operator delete(void*)
 .text          0x000000008000d3ec      0x408 build/src/user/tests/buffer_CPP_API.o
                0x000000008000d3ec                BufferCPP::BufferCPP(int)
                0x000000008000d3ec                BufferCPP::BufferCPP(int)
                0x000000008000d550                BufferCPP::put(int)
                0x000000008000d5e0                BufferCPP::get()
                0x000000008000d66c                BufferCPP::getCnt()
                0x000000008000d6f4                BufferCPP::~BufferCPP()
                0x000000008000d6f4                BufferCPP::~BufferCPP()
 .text          0x000000008000d7f4      0xb50 build/src/user/tests/userMain.o
                0x000000008000d7f4                workerBodyA(void*)
                0x000000008000d8c0                workerBodyB(void*)
                0x000000008000d994                fibonacci(unsigned long)
                0x000000008000da08                workerBodyC(void*)
                0x000000008000db88                workerBodyD(void*)
                0x000000008000dcd0                Threads_C_API_test()
                0x000000008000ddfc                ConsumerProducerCPP::testConsumerProducer()
                0x000000008000e254                testUser()
                0x000000008000e314                userMain()
 .text._ZN19ConsumerProducerCPP8Consumer3runEv
                0x000000008000e344       0xd0 build/src/user/tests/userMain.o
                0x000000008000e344                ConsumerProducerCPP::Consumer::run()
 .text._ZN19ConsumerProducerCPP8ConsumerD2Ev
                0x000000008000e414       0x34 build/src/user/tests/userMain.o
                0x000000008000e414                ConsumerProducerCPP::Consumer::~Consumer()
                0x000000008000e414                ConsumerProducerCPP::Consumer::~Consumer()
 .text._ZN19ConsumerProducerCPP8ConsumerD0Ev
                0x000000008000e448       0x4c build/src/user/tests/userMain.o
                0x000000008000e448                ConsumerProducerCPP::Consumer::~Consumer()
 .text._ZN19ConsumerProducerCPP16ProducerKeyboradD2Ev
                0x000000008000e494       0x34 build/src/user/tests/userMain.o
                0x000000008000e494                ConsumerProducerCPP::ProducerKeyborad::~ProducerKeyborad()
                0x000000008000e494                ConsumerProducerCPP::ProducerKeyborad::~ProducerKeyborad()
 .text._ZN19ConsumerProducerCPP16ProducerKeyboradD0Ev
                0x000000008000e4c8       0x4c build/src/user/tests/userMain.o
                0x000000008000e4c8                ConsumerProducerCPP::ProducerKeyborad::~ProducerKeyborad()
 .text._ZN19ConsumerProducerCPP8ProducerD2Ev
                0x000000008000e514       0x34 build/src/user/tests/userMain.o
                0x000000008000e514                ConsumerProducerCPP::Producer::~Producer()
                0x000000008000e514                ConsumerProducerCPP::Producer::~Producer()
 .text._ZN19ConsumerProducerCPP8ProducerD0Ev
                0x000000008000e548       0x4c build/src/user/tests/userMain.o
                0x000000008000e548                ConsumerProducerCPP::Producer::~Producer()
 .text._ZN10ForkThreadD2Ev
                0x000000008000e594       0x34 build/src/user/tests/userMain.o
                0x000000008000e594                ForkThread::~ForkThread()
                0x000000008000e594                ForkThread::~ForkThread()
 .text._ZN10ForkThreadD0Ev
                0x000000008000e5c8       0x4c build/src/user/tests/userMain.o
                0x000000008000e5c8                ForkThread::~ForkThread()
 .text._ZN19ConsumerProducerCPP16ProducerKeyborad3runEv
                0x000000008000e614       0x84 build/src/user/tests/userMain.o
                0x000000008000e614                ConsumerProducerCPP::ProducerKeyborad::run()
 .text._ZN19ConsumerProducerCPP8Producer3runEv
                0x000000008000e698       0x94 build/src/user/tests/userMain.o
                0x000000008000e698                ConsumerProducerCPP::Producer::run()
 .text._ZN10ForkThread3runEv
                0x000000008000e72c      0x220 build/src/user/tests/userMain.o
                0x000000008000e72c                ForkThread::run()
 .text          0x000000008000e94c      0x320 build/src/user/tests/buffer.o
                0x000000008000e94c                Buffer::Buffer(int)
                0x000000008000e94c                Buffer::Buffer(int)
                0x000000008000e9e8                Buffer::put(int)
                0x000000008000ea78                Buffer::get()
                0x000000008000eb04                Buffer::getCnt()
                0x000000008000eb8c                Buffer::~Buffer()
                0x000000008000eb8c                Buffer::~Buffer()
 .text          0x000000008000ec6c      0x2ac build/src/user/printing.o
                0x000000008000ec6c                printString(char const*)
                0x000000008000ece8                getString(char*, int)
                0x000000008000edb4                stringToInt(char const*)
                0x000000008000ee04                printInt(int, int, int)
 .text          0x000000008000ef18      0x460 build/src/user/syscall_cpp.o
                0x000000008000ef18                Thread::wrapper(void*)
                0x000000008000ef44                Semaphore::~Semaphore()
                0x000000008000ef44                Semaphore::~Semaphore()
                0x000000008000ef7c                Thread::~Thread()
                0x000000008000ef7c                Thread::~Thread()
                0x000000008000efbc                operator new(unsigned long)
                0x000000008000efe4                operator new[](unsigned long)
                0x000000008000f00c                operator delete(void*)
                0x000000008000f034                Semaphore::~Semaphore()
                0x000000008000f074                Thread::~Thread()
                0x000000008000f0b4                Semaphore::Semaphore(unsigned int)
                0x000000008000f0b4                Semaphore::Semaphore(unsigned int)
                0x000000008000f0ec                Semaphore::wait()
                0x000000008000f118                Semaphore::signal()
                0x000000008000f144                Thread::Thread(void (*)(void*), void*)
                0x000000008000f144                Thread::Thread(void (*)(void*), void*)
                0x000000008000f198                Thread::Thread()
                0x000000008000f198                Thread::Thread()
                0x000000008000f1f8                Thread::sleep(unsigned long)
                0x000000008000f220                PeriodicThread::wrapper(void*)
                0x000000008000f260                Thread::dispatch()
                0x000000008000f288                Thread::start()
                0x000000008000f2b4                PeriodicThread::PeriodicThread(unsigned long)
                0x000000008000f2b4                PeriodicThread::PeriodicThread(unsigned long)
                0x000000008000f328                Console::getc()
                0x000000008000f350                Console::putc(char)
 .text._ZN6Thread3runEv
                0x000000008000f378       0x18 build/src/user/syscall_cpp.o
                0x000000008000f378                Thread::run()
 .text._ZN14PeriodicThread18periodicActivationEv
                0x000000008000f390       0x18 build/src/user/syscall_cpp.o
                0x000000008000f390                PeriodicThread::periodicActivation()
 .text._ZN14PeriodicThreadD2Ev
                0x000000008000f3a8       0x34 build/src/user/syscall_cpp.o
                0x000000008000f3a8                PeriodicThread::~PeriodicThread()
                0x000000008000f3a8                PeriodicThread::~PeriodicThread()
 .text._ZN14PeriodicThreadD0Ev
                0x000000008000f3dc       0x4c build/src/user/syscall_cpp.o
                0x000000008000f3dc                PeriodicThread::~PeriodicThread()
 .text          0x000000008000f428       0x5c build/src/user/user_wrappers.o
                0x000000008000f428                bodyWrapper(void (*)(void*), void*)
                0x000000008000f45c                userMainWrapper(void*)
                0x0000000080010000                . = ALIGN (0x1000)
 *fill*         0x000000008000f484      0xb7c 
                [!provide]                        PROVIDE (userTextEnd = .)
                0x0000000080010000                PROVIDE (userDataStart = .)
 *(.srodata .srodata.*)
 *(.rodata .rodata.*)
 .rodata.str1.8
                0x0000000080010000       0x11 build/src/user/tests/buffer_CPP_API.o
 *fill*         0x0000000080010011        0x7 
 .rodata.str1.8
                0x0000000080010018      0x1f4 build/src/user/tests/userMain.o
                                        0x1fc (size before relaxing)
 *fill*         0x000000008001020c        0x4 
 .rodata._ZN10ForkThread3runEv.str1.8
                0x0000000080010210       0x2d build/src/user/tests/userMain.o
 .rodata.str1.8
                0x000000008001023d       0x11 build/src/user/tests/buffer.o
 *(.sdata .sdata.*)
 *(.data .data.*)
 .data          0x000000008001023d        0x0 build/src/user/lock.o
 .data          0x000000008001023d        0x0 build/src/user/syscall_c.o
 .data          0x000000008001023d        0x0 build/src/user/_semaphore.o
 .data          0x000000008001023d        0x0 build/src/user/_thread.o
 .data          0x000000008001023d        0x0 build/src/user/tests/buffer_CPP_API.o
 .data          0x000000008001023d        0x0 build/src/user/tests/userMain.o
 *fill*         0x000000008001023d        0x3 
 .data.rel.ro.local._ZTVN19ConsumerProducerCPP16ProducerKeyboradE
                0x0000000080010240       0x28 build/src/user/tests/userMain.o
                0x0000000080010240                vtable for ConsumerProducerCPP::ProducerKeyborad
 .data.rel.ro.local._ZTVN19ConsumerProducerCPP8ProducerE
                0x0000000080010268       0x28 build/src/user/tests/userMain.o
                0x0000000080010268                vtable for ConsumerProducerCPP::Producer
 .data.rel.ro.local._ZTVN19ConsumerProducerCPP8ConsumerE
                0x0000000080010290       0x28 build/src/user/tests/userMain.o
                0x0000000080010290                vtable for ConsumerProducerCPP::Consumer
 .data.rel.ro.local._ZTV10ForkThread
                0x00000000800102b8       0x28 build/src/user/tests/userMain.o
                0x00000000800102b8                vtable for ForkThread
 .data          0x00000000800102e0        0x0 build/src/user/tests/buffer.o
 .data          0x00000000800102e0       0x11 build/src/user/printing.o
                0x00000000800102e0                digits
 .data          0x00000000800102f1        0x0 build/src/user/syscall_cpp.o
 *fill*         0x00000000800102f1        0x7 
 .data.rel.ro.local._ZTV14PeriodicThread
                0x00000000800102f8       0x30 build/src/user/syscall_cpp.o
                0x00000000800102f8                vtable for PeriodicThread
 .data.rel.ro.local._ZTV9Semaphore
                0x0000000080010328       0x20 build/src/user/syscall_cpp.o
                0x0000000080010328                vtable for Semaphore
 .data.rel.ro.local._ZTV6Thread
                0x0000000080010348       0x28 build/src/user/syscall_cpp.o
                0x0000000080010348                vtable for Thread
 .data          0x0000000080010370        0x0 build/src/user/user_wrappers.o
 *(.sbss .sbss.*)
 *(.bss .bss.*)
 .bss           0x0000000080010370        0x0 build/src/user/lock.o
 .bss           0x0000000080010370        0x0 build/src/user/syscall_c.o
 .bss           0x0000000080010370        0x0 build/src/user/_semaphore.o
 .bss           0x0000000080010370        0x0 build/src/user/_thread.o
 .bss           0x0000000080010370        0x0 build/src/user/tests/buffer_CPP_API.o
 .bss           0x0000000080010370       0x18 build/src/user/tests/userMain.o
                0x0000000080010370                finishedA
                0x0000000080010371                finishedB
                0x0000000080010374                ConsumerProducerCPP::threadEnd
                0x0000000080010378                finishedC
                0x0000000080010379                finishedD
                0x0000000080010380                ConsumerProducerCPP::waitForAll
 .bss           0x0000000080010388        0x0 build/src/user/tests/buffer.o
 .bss           0x0000000080010388        0x8 build/src/user/printing.o
                0x0000000080010388                lockPrint
 .bss           0x0000000080010390        0x0 build/src/user/syscall_cpp.o
 .bss           0x0000000080010390        0x0 build/src/user/user_wrappers.o
                0x0000000080011000                . = ALIGN (0x1000)
 *fill*         0x0000000080010390      0xc70 
                0x0000000080011000                PROVIDE (userDataEnd = .)
                0x0000000080011000                PROVIDE (end = .)
LOAD build/src/kernel/supervisorTrap.o
LOAD build/src/kernel/contextSwitch.o
LOAD build/src/user/lock.o
LOAD build/src/kernel/system.o
LOAD build/src/kernel/scb.o
LOAD build/src/kernel/buddy_allocator.o
LOAD build/src/kernel/main.o
LOAD build/src/kernel/tcb.o
LOAD build/src/kernel/memory_allocator.o
LOAD build/src/kernel/console_util.o
LOAD build/src/kernel/riscv.o
LOAD build/src/kernel/utility.o
LOAD build/src/kernel/scheduler.o
LOAD build/src/kernel/slab.o
LOAD build/src/kernel/slab_allocator.o
LOAD build/src/user/syscall_c.o
LOAD build/src/user/_semaphore.o
LOAD build/src/user/_thread.o
LOAD build/src/user/tests/buffer_CPP_API.o
LOAD build/src/user/tests/userMain.o
LOAD build/src/user/tests/buffer.o
LOAD build/src/user/printing.o
LOAD build/src/user/syscall_cpp.o
LOAD build/src/user/user_wrappers.o
LOAD ./lib/hw.lib
LOAD ./lib/hw.lib
OUTPUT(kernel elf64-littleriscv)

.debug_line     0x0000000000000000     0xa2d8
 .debug_line    0x0000000000000000       0x74 build/src/kernel/supervisorTrap.o
 .debug_line    0x0000000000000074       0x65 build/src/kernel/contextSwitch.o
 .debug_line    0x00000000000000d9       0x6c build/src/user/lock.o
 .debug_line    0x0000000000000145      0x7d6 build/src/kernel/system.o
 .debug_line    0x000000000000091b      0x4c3 build/src/kernel/scb.o
 .debug_line    0x0000000000000dde      0x8e9 build/src/kernel/buddy_allocator.o
 .debug_line    0x00000000000016c7       0xb4 build/src/kernel/main.o
 .debug_line    0x000000000000177b      0x4fb build/src/kernel/tcb.o
 .debug_line    0x0000000000001c76      0xa2a build/src/kernel/memory_allocator.o
 .debug_line    0x00000000000026a0      0x63f build/src/kernel/console_util.o
 .debug_line    0x0000000000002cdf     0x2260 build/src/kernel/riscv.o
 .debug_line    0x0000000000004f3f      0x185 build/src/kernel/utility.o
 .debug_line    0x00000000000050c4      0x42e build/src/kernel/scheduler.o
 .debug_line    0x00000000000054f2      0x21b build/src/kernel/slab.o
 .debug_line    0x000000000000570d     0x192e build/src/kernel/slab_allocator.o
 .debug_line    0x000000000000703b      0x843 build/src/user/syscall_c.o
 .debug_line    0x000000000000787e       0xc6 build/src/user/_semaphore.o
 .debug_line    0x0000000000007944       0xe9 build/src/user/_thread.o
 .debug_line    0x0000000000007a2d      0x5ab build/src/user/tests/buffer_CPP_API.o
 .debug_line    0x0000000000007fd8     0x14b0 build/src/user/tests/userMain.o
 .debug_line    0x0000000000009488      0x4b8 build/src/user/tests/buffer.o
 .debug_line    0x0000000000009940      0x3b4 build/src/user/printing.o
 .debug_line    0x0000000000009cf4      0x4dc build/src/user/syscall_cpp.o
 .debug_line    0x000000000000a1d0      0x108 build/src/user/user_wrappers.o

.debug_info     0x0000000000000000    0x10126
 .debug_info    0x0000000000000000       0x2e build/src/kernel/supervisorTrap.o
 .debug_info    0x000000000000002e       0x2e build/src/kernel/contextSwitch.o
 .debug_info    0x000000000000005c       0x2e build/src/user/lock.o
 .debug_info    0x000000000000008a     0x1764 build/src/kernel/system.o
 .debug_info    0x00000000000017ee      0xbd9 build/src/kernel/scb.o
 .debug_info    0x00000000000023c7      0x9ec build/src/kernel/buddy_allocator.o
 .debug_info    0x0000000000002db3      0x1a3 build/src/kernel/main.o
 .debug_info    0x0000000000002f56      0xfb8 build/src/kernel/tcb.o
 .debug_info    0x0000000000003f0e      0x693 build/src/kernel/memory_allocator.o
 .debug_info    0x00000000000045a1      0xd72 build/src/kernel/console_util.o
 .debug_info    0x0000000000005313     0x2e69 build/src/kernel/riscv.o
 .debug_info    0x000000000000817c      0x209 build/src/kernel/utility.o
 .debug_info    0x0000000000008385      0xa1c build/src/kernel/scheduler.o
 .debug_info    0x0000000000008da1      0x8fc build/src/kernel/slab.o
 .debug_info    0x000000000000969d     0x1a77 build/src/kernel/slab_allocator.o
 .debug_info    0x000000000000b114      0x79e build/src/user/syscall_c.o
 .debug_info    0x000000000000b8b2      0x1c2 build/src/user/_semaphore.o
 .debug_info    0x000000000000ba74      0x228 build/src/user/_thread.o
 .debug_info    0x000000000000bc9c      0x751 build/src/user/tests/buffer_CPP_API.o
 .debug_info    0x000000000000c3ed     0x21b4 build/src/user/tests/userMain.o
 .debug_info    0x000000000000e5a1      0x6ae build/src/user/tests/buffer.o
 .debug_info    0x000000000000ec4f      0x432 build/src/user/printing.o
 .debug_info    0x000000000000f081      0xed3 build/src/user/syscall_cpp.o
 .debug_info    0x000000000000ff54      0x1d2 build/src/user/user_wrappers.o

.debug_abbrev   0x0000000000000000     0x3a2d
 .debug_abbrev  0x0000000000000000       0x14 build/src/kernel/supervisorTrap.o
 .debug_abbrev  0x0000000000000014       0x14 build/src/kernel/contextSwitch.o
 .debug_abbrev  0x0000000000000028       0x14 build/src/user/lock.o
 .debug_abbrev  0x000000000000003c      0x42e build/src/kernel/system.o
 .debug_abbrev  0x000000000000046a      0x3ac build/src/kernel/scb.o
 .debug_abbrev  0x0000000000000816      0x324 build/src/kernel/buddy_allocator.o
 .debug_abbrev  0x0000000000000b3a       0xc6 build/src/kernel/main.o
 .debug_abbrev  0x0000000000000c00      0x3ac build/src/kernel/tcb.o
 .debug_abbrev  0x0000000000000fac      0x265 build/src/kernel/memory_allocator.o
 .debug_abbrev  0x0000000000001211      0x311 build/src/kernel/console_util.o
 .debug_abbrev  0x0000000000001522      0x5a8 build/src/kernel/riscv.o
 .debug_abbrev  0x0000000000001aca       0xf1 build/src/kernel/utility.o
 .debug_abbrev  0x0000000000001bbb      0x30f build/src/kernel/scheduler.o
 .debug_abbrev  0x0000000000001eca      0x1fb build/src/kernel/slab.o
 .debug_abbrev  0x00000000000020c5      0x43b build/src/kernel/slab_allocator.o
 .debug_abbrev  0x0000000000002500      0x205 build/src/user/syscall_c.o
 .debug_abbrev  0x0000000000002705      0x128 build/src/user/_semaphore.o
 .debug_abbrev  0x000000000000282d      0x145 build/src/user/_thread.o
 .debug_abbrev  0x0000000000002972      0x2a2 build/src/user/tests/buffer_CPP_API.o
 .debug_abbrev  0x0000000000002c14      0x49e build/src/user/tests/userMain.o
 .debug_abbrev  0x00000000000030b2      0x279 build/src/user/tests/buffer.o
 .debug_abbrev  0x000000000000332b      0x168 build/src/user/printing.o
 .debug_abbrev  0x0000000000003493      0x4a8 build/src/user/syscall_cpp.o
 .debug_abbrev  0x000000000000393b       0xf2 build/src/user/user_wrappers.o

.debug_aranges  0x0000000000000000      0x580
 .debug_aranges
                0x0000000000000000       0x30 build/src/kernel/supervisorTrap.o
 .debug_aranges
                0x0000000000000030       0x30 build/src/kernel/contextSwitch.o
 .debug_aranges
                0x0000000000000060       0x30 build/src/user/lock.o
 .debug_aranges
                0x0000000000000090       0x30 build/src/kernel/system.o
 .debug_aranges
                0x00000000000000c0       0x30 build/src/kernel/scb.o
 .debug_aranges
                0x00000000000000f0       0x30 build/src/kernel/buddy_allocator.o
 .debug_aranges
                0x0000000000000120       0x30 build/src/kernel/main.o
 .debug_aranges
                0x0000000000000150       0x30 build/src/kernel/tcb.o
 .debug_aranges
                0x0000000000000180       0x30 build/src/kernel/memory_allocator.o
 .debug_aranges
                0x00000000000001b0       0x30 build/src/kernel/console_util.o
 .debug_aranges
                0x00000000000001e0       0x30 build/src/kernel/riscv.o
 .debug_aranges
                0x0000000000000210       0x30 build/src/kernel/utility.o
 .debug_aranges
                0x0000000000000240       0x30 build/src/kernel/scheduler.o
 .debug_aranges
                0x0000000000000270       0x30 build/src/kernel/slab.o
 .debug_aranges
                0x00000000000002a0       0x30 build/src/kernel/slab_allocator.o
 .debug_aranges
                0x00000000000002d0       0x30 build/src/user/syscall_c.o
 .debug_aranges
                0x0000000000000300       0x30 build/src/user/_semaphore.o
 .debug_aranges
                0x0000000000000330       0x30 build/src/user/_thread.o
 .debug_aranges
                0x0000000000000360       0x30 build/src/user/tests/buffer_CPP_API.o
 .debug_aranges
                0x0000000000000390       0xf0 build/src/user/tests/userMain.o
 .debug_aranges
                0x0000000000000480       0x30 build/src/user/tests/buffer.o
 .debug_aranges
                0x00000000000004b0       0x30 build/src/user/printing.o
 .debug_aranges
                0x00000000000004e0       0x70 build/src/user/syscall_cpp.o
 .debug_aranges
                0x0000000000000550       0x30 build/src/user/user_wrappers.o

.debug_str      0x0000000000000000     0x37fa
 .debug_str     0x0000000000000000       0x59 build/src/kernel/supervisorTrap.o
 .debug_str     0x0000000000000059       0x1b build/src/kernel/contextSwitch.o
                                         0x58 (size before relaxing)
 .debug_str     0x0000000000000074       0x10 build/src/user/lock.o
                                         0x4d (size before relaxing)
 .debug_str     0x0000000000000084     0x19a6 build/src/kernel/system.o
                                       0x1a3d (size before relaxing)
 .debug_str     0x0000000000001a2a      0x249 build/src/kernel/scb.o
                                        0x877 (size before relaxing)
 .debug_str     0x0000000000001c73      0x299 build/src/kernel/buddy_allocator.o
                                        0x734 (size before relaxing)
 .debug_str     0x0000000000001f0c       0x19 build/src/kernel/main.o
                                        0x26a (size before relaxing)
 .debug_str     0x0000000000001f25       0xb9 build/src/kernel/tcb.o
                                       0x136e (size before relaxing)
 .debug_str     0x0000000000001fde      0x28e build/src/kernel/memory_allocator.o
                                        0x537 (size before relaxing)
 .debug_str     0x000000000000226c      0x1a1 build/src/kernel/console_util.o
                                        0xa1c (size before relaxing)
 .debug_str     0x000000000000240d      0x1c7 build/src/kernel/riscv.o
                                       0x19cd (size before relaxing)
 .debug_str     0x00000000000025d4       0x48 build/src/kernel/utility.o
                                        0x294 (size before relaxing)
 .debug_str     0x000000000000261c       0x68 build/src/kernel/scheduler.o
                                        0x8ea (size before relaxing)
 .debug_str     0x0000000000002684       0x82 build/src/kernel/slab.o
                                        0x9ad (size before relaxing)
 .debug_str     0x0000000000002706       0xe3 build/src/kernel/slab_allocator.o
                                        0xc53 (size before relaxing)
 .debug_str     0x00000000000027e9      0x24a build/src/user/syscall_c.o
                                        0x523 (size before relaxing)
 .debug_str     0x0000000000002a33       0x18 build/src/user/_semaphore.o
                                        0x2aa (size before relaxing)
 .debug_str     0x0000000000002a4b       0x15 build/src/user/_thread.o
                                        0x2cd (size before relaxing)
 .debug_str     0x0000000000002a60      0x15f build/src/user/tests/buffer_CPP_API.o
                                        0x442 (size before relaxing)
 .debug_str     0x0000000000002bbf      0x838 build/src/user/tests/userMain.o
                                        0xd80 (size before relaxing)
 .debug_str     0x00000000000033f7       0x94 build/src/user/tests/buffer.o
                                        0x453 (size before relaxing)
 .debug_str     0x000000000000348b       0x2e build/src/user/printing.o
                                        0x2e0 (size before relaxing)
 .debug_str     0x00000000000034b9      0x2dc build/src/user/syscall_cpp.o
                                        0x833 (size before relaxing)
 .debug_str     0x0000000000003795       0x65 build/src/user/user_wrappers.o
                                        0x2ab (size before relaxing)

.debug_loc      0x0000000000000000     0x7acd
 .debug_loc     0x0000000000000000      0x500 build/src/kernel/system.o
 .debug_loc     0x0000000000000500      0x325 build/src/kernel/scb.o
 .debug_loc     0x0000000000000825      0x8b1 build/src/kernel/buddy_allocator.o
 .debug_loc     0x00000000000010d6      0x293 build/src/kernel/tcb.o
 .debug_loc     0x0000000000001369      0x600 build/src/kernel/memory_allocator.o
 .debug_loc     0x0000000000001969      0x456 build/src/kernel/console_util.o
 .debug_loc     0x0000000000001dbf     0x1789 build/src/kernel/riscv.o
 .debug_loc     0x0000000000003548      0x15f build/src/kernel/utility.o
 .debug_loc     0x00000000000036a7      0x15c build/src/kernel/scheduler.o
 .debug_loc     0x0000000000003803      0x355 build/src/kernel/slab.o
 .debug_loc     0x0000000000003b58     0x1189 build/src/kernel/slab_allocator.o
 .debug_loc     0x0000000000004ce1      0xbee build/src/user/syscall_c.o
 .debug_loc     0x00000000000058cf       0x39 build/src/user/_semaphore.o
 .debug_loc     0x0000000000005908       0x39 build/src/user/_thread.o
 .debug_loc     0x0000000000005941      0x322 build/src/user/tests/buffer_CPP_API.o
 .debug_loc     0x0000000000005c63     0x10c4 build/src/user/tests/userMain.o
 .debug_loc     0x0000000000006d27      0x27e build/src/user/tests/buffer.o
 .debug_loc     0x0000000000006fa5      0x37a build/src/user/printing.o
 .debug_loc     0x000000000000731f      0x6f0 build/src/user/syscall_cpp.o
 .debug_loc     0x0000000000007a0f       0xbe build/src/user/user_wrappers.o

.debug_ranges   0x0000000000000000      0x750
 .debug_ranges  0x0000000000000000       0x60 build/src/kernel/system.o
 .debug_ranges  0x0000000000000060       0xd0 build/src/kernel/buddy_allocator.o
 .debug_ranges  0x0000000000000130       0x60 build/src/kernel/memory_allocator.o
 .debug_ranges  0x0000000000000190      0x110 build/src/kernel/riscv.o
 .debug_ranges  0x00000000000002a0      0x190 build/src/kernel/slab_allocator.o
 .debug_ranges  0x0000000000000430      0x260 build/src/user/tests/userMain.o
 .debug_ranges  0x0000000000000690       0xc0 build/src/user/syscall_cpp.o

.comment        0x0000000000000000       0x53
 .comment       0x0000000000000000       0x29 build/src/kernel/system.o
                                         0x2a (size before relaxing)
 .comment       0x0000000000000029       0x2a build/src/kernel/scb.o
 .comment       0x0000000000000029       0x2a build/src/kernel/buddy_allocator.o
 .comment       0x0000000000000029       0x2a build/src/kernel/main.o
 .comment       0x0000000000000029       0x2a build/src/kernel/tcb.o
 .comment       0x0000000000000029       0x2a build/src/kernel/memory_allocator.o
 .comment       0x0000000000000029       0x2a build/src/kernel/console_util.o
 .comment       0x0000000000000029       0x2a build/src/kernel/riscv.o
 .comment       0x0000000000000029       0x2a build/src/kernel/utility.o
 .comment       0x0000000000000029       0x2a build/src/kernel/scheduler.o
 .comment       0x0000000000000029       0x2a build/src/kernel/slab.o
 .comment       0x0000000000000029       0x2a build/src/kernel/slab_allocator.o
 .comment       0x0000000000000029       0x2a build/src/user/syscall_c.o
 .comment       0x0000000000000029       0x2a build/src/user/_semaphore.o
 .comment       0x0000000000000029       0x2a build/src/user/_thread.o
 .comment       0x0000000000000029       0x2a build/src/user/tests/buffer_CPP_API.o
 .comment       0x0000000000000029       0x2a build/src/user/tests/userMain.o
 .comment       0x0000000000000029       0x2a build/src/user/tests/buffer.o
 .comment       0x0000000000000029       0x2a build/src/user/printing.o
 .comment       0x0000000000000029       0x2a build/src/user/syscall_cpp.o
 .comment       0x0000000000000029       0x2a build/src/user/user_wrappers.o
 .comment       0x0000000000000029       0x2a ./lib/hw.lib(start.o)
                                         0x2b (size before relaxing)
 .comment       0x0000000000000053       0x2b ./lib/hw.lib(main.o)
 .comment       0x0000000000000053       0x2b ./lib/hw.lib(proc.o)
 .comment       0x0000000000000053       0x2b ./lib/hw.lib(trap.o)
 .comment       0x0000000000000053       0x2b ./lib/hw.lib(plic.o)
 .comment       0x0000000000000053       0x2b ./lib/hw.lib(support_cpp.o)
 .comment       0x0000000000000053       0x2b ./lib/hw.lib(hw.o)
 .comment       0x0000000000000053       0x2b ./lib/hw.lib(console.o)
 .comment       0x0000000000000053       0x2b ./lib/hw.lib(printf.o)
 .comment       0x0000000000000053       0x2b ./lib/hw.lib(uart.o)
 .comment       0x0000000000000053       0x2b ./lib/hw.lib(kalloc.o)
 .comment       0x0000000000000053       0x2b ./lib/hw.lib(spinlock.o)
 .comment       0x0000000000000053       0x2b ./lib/hw.lib(string.o)

.note.GNU-stack
                0x0000000000000000        0x0
 .note.GNU-stack
                0x0000000000000000        0x0 build/src/kernel/system.o
 .note.GNU-stack
                0x0000000000000000        0x0 build/src/kernel/scb.o
 .note.GNU-stack
                0x0000000000000000        0x0 build/src/kernel/buddy_allocator.o
 .note.GNU-stack
                0x0000000000000000        0x0 build/src/kernel/main.o
 .note.GNU-stack
                0x0000000000000000        0x0 build/src/kernel/tcb.o
 .note.GNU-stack
                0x0000000000000000        0x0 build/src/kernel/memory_allocator.o
 .note.GNU-stack
                0x0000000000000000        0x0 build/src/kernel/console_util.o
 .note.GNU-stack
                0x0000000000000000        0x0 build/src/kernel/riscv.o
 .note.GNU-stack
                0x0000000000000000        0x0 build/src/kernel/utility.o
 .note.GNU-stack
                0x0000000000000000        0x0 build/src/kernel/scheduler.o
 .note.GNU-stack
                0x0000000000000000        0x0 build/src/kernel/slab.o
 .note.GNU-stack
                0x0000000000000000        0x0 build/src/kernel/slab_allocator.o
 .note.GNU-stack
                0x0000000000000000        0x0 build/src/user/syscall_c.o
 .note.GNU-stack
                0x0000000000000000        0x0 build/src/user/_semaphore.o
 .note.GNU-stack
                0x0000000000000000        0x0 build/src/user/_thread.o
 .note.GNU-stack
                0x0000000000000000        0x0 build/src/user/tests/buffer_CPP_API.o
 .note.GNU-stack
                0x0000000000000000        0x0 build/src/user/tests/userMain.o
 .note.GNU-stack
                0x0000000000000000        0x0 build/src/user/tests/buffer.o
 .note.GNU-stack
                0x0000000000000000        0x0 build/src/user/printing.o
 .note.GNU-stack
                0x0000000000000000        0x0 build/src/user/syscall_cpp.o
 .note.GNU-stack
                0x0000000000000000        0x0 build/src/user/user_wrappers.o
 .note.GNU-stack
                0x0000000000000000        0x0 ./lib/hw.lib(start.o)
 .note.GNU-stack
                0x0000000000000000        0x0 ./lib/hw.lib(main.o)
 .note.GNU-stack
                0x0000000000000000        0x0 ./lib/hw.lib(proc.o)
 .note.GNU-stack
                0x0000000000000000        0x0 ./lib/hw.lib(trap.o)
 .note.GNU-stack
                0x0000000000000000        0x0 ./lib/hw.lib(plic.o)
 .note.GNU-stack
                0x0000000000000000        0x0 ./lib/hw.lib(support_cpp.o)
 .note.GNU-stack
                0x0000000000000000        0x0 ./lib/hw.lib(hw.o)
 .note.GNU-stack
                0x0000000000000000        0x0 ./lib/hw.lib(console.o)
 .note.GNU-stack
                0x0000000000000000        0x0 ./lib/hw.lib(printf.o)
 .note.GNU-stack
                0x0000000000000000        0x0 ./lib/hw.lib(uart.o)
 .note.GNU-stack
                0x0000000000000000        0x0 ./lib/hw.lib(kalloc.o)
 .note.GNU-stack
                0x0000000000000000        0x0 ./lib/hw.lib(spinlock.o)
 .note.GNU-stack
                0x0000000000000000        0x0 ./lib/hw.lib(string.o)
